A01 CANDIDATE_READY
A02 CANDIDATE_READY
A03 CANDIDATE_READY
A04 CANDIDATE_READY
A05 CANDIDATE_READY
A06 CANDIDATE_READY
A07 CANDIDATE_READY
A08 CANDIDATE_READY
A09 CANDIDATE_READY
A10 CANDIDATE_READY
A11 CANDIDATE_READY
A12 CANDIDATE_READY
A13 CANDIDATE_READY
B01 CANDIDATE_READY
B02 CANDIDATE_READY
B03 CANDIDATE_READY
B04 CANDIDATE_READY
B05 CANDIDATE_READY
B06 CANDIDATE_READY
B07 CANDIDATE_READY
B08 CANDIDATE_READY
B09 CANDIDATE_READY
B10 CANDIDATE_READY
B11 CANDIDATE_READY
B12 CANDIDATE_READY
C01 CANDIDATE_READY
C02 CANDIDATE_READY
C03 CANDIDATE_READY
Traceback (most recent call last):
  File "/Users/lyuhongwang/Developer/SEC_metrics/docs/evidence/issue28_continuous/ordinary-paramount-current-36-cli-20260929/cold.py", line 92, in <module>
    assert result['reason_code'] == expected_row['result_reason']
           ^^^^^^^^^^^^^^^^^^^^^^^^^^^^^^^^^^^^^^^^^^^^^^^^^^^^^^
AssertionError
