A01 CANDIDATE_READY
A02 CANDIDATE_READY
A03 CANDIDATE_READY
A04 CANDIDATE_READY
A05 CANDIDATE_READY
A06 CANDIDATE_READY
A07 CANDIDATE_READY
A08 CANDIDATE_READY
A09 CANDIDATE_READY
A10 CANDIDATE_READY
A11 CANDIDATE_READY
A12 CANDIDATE_READY
A13 CANDIDATE_READY
B01 CANDIDATE_READY
B02 CANDIDATE_READY
B03 CANDIDATE_READY
B04 CANDIDATE_READY
B05 CANDIDATE_READY
B06 CANDIDATE_READY
B07 CANDIDATE_READY
B08 CANDIDATE_READY
B09 CANDIDATE_READY
B10 CANDIDATE_READY
B11 CANDIDATE_READY
B12 CANDIDATE_READY
C01 CANDIDATE_READY
C02 CANDIDATE_READY
C03 CANDIDATE_READY
C04 CANDIDATE_WITHHELD
D01 CANDIDATE_READY
D02 CANDIDATE_READY
E01 CANDIDATE_READY
E02 CANDIDATE_READY
E03 CANDIDATE_READY
E04 CANDIDATE_READY
E05 CANDIDATE_READY
{"metric_count": 36, "originals_unchanged": true, "status": "UPDATES_PARTIAL", "status_counts": {"CANDIDATE_READY": 35, "CANDIDATE_WITHHELD": 1}}
