{
  "elapsed_seconds": 39.054709082935005,
  "status": "EXPORTED",
  "company_id": "jpmorgan_chase",
  "output_root": "/Users/lyuhongwang/.local/state/sec_metrics/issue28-development-evidence/company-main-jpm-d01-output-20261006",
  "native_candidates": [
    {
      "metric_id": "D01",
      "period": {
        "fiscal_year": 2025,
        "period_start": "2025-01-01",
        "period_end": "2025-12-31"
      },
      "attempt_id": "c4411f4e83934c82a24a9fa09de7c02c",
      "run_id": "run:ordinary-integrated:48d7de39ca42cca2d171021582b4d0727b53b08aac966e93b86a5081b1ed20f6",
      "requirement_id": "issue_54_v1",
      "requirement_closure_hash": "sha256:030ea3bf7fcdb19c035f1359a048de3800ab5076ee2f7684066196dc73e6b5f7",
      "native_path": "native/D01/c4411f4e83934c82a24a9fa09de7c02c",
      "result_validity": "REPLAY_VERIFIED_CONTENT_NOT_ACCEPTED"
    }
  ],
  "failed_candidates": [],
  "bytes": 85410402
}
