{
  "elapsed_seconds": 2.2624810840934515,
  "status": "RUNTIME_INSTALLED",
  "runtime_root": "/Users/lyuhongwang/.local/state/sec_metrics/issue28-development-evidence/company-main-integrated-runtime-20261006",
  "requirement_id": "issue_54_v1",
  "dispatch_files": [
    "scripts/vnext/requirement_profile.py",
    "scripts/vnext/run_store.py",
    "scripts/vnext/normal_run_v3.py",
    "scripts/vnext/ordinary_source_authority.py",
    "scripts/vnext/records.py",
    "scripts/vnext/normal_zero_ai_results.py"
  ],
  "authority_hash": "sha256:ddc22579890f3186d2da833daed410d493afce133611f07eee91b1d350a926ee",
  "sec_originals_installed": false,
  "new_business_calls": [
    0,
    0,
    0
  ],
  "production_authorized": false
}
