Traceback (most recent call last):
  File "/Users/lyuhongwang/Developer/SEC_metrics/scripts/vnext/requirements.py", line 2028, in load_requirement_snapshot
    return load_profile_requirement_snapshot(
           ^^^^^^^^^^^^^^^^^^^^^^^^^^^^^^^^^^
  File "/Users/lyuhongwang/Developer/SEC_metrics/scripts/vnext/requirement_profile.py", line 77, in load_profile_requirement_snapshot
    return engine.load_profile_requirement_snapshot(
           ^^^^^^^^^^^^^^^^^^^^^^^^^^^^^^^^^^^^^^^^^
  File "/Users/lyuhongwang/Developer/SEC_metrics/scripts/vnext/requirement_profile_v14.py", line 65, in load_profile_requirement_snapshot
    need(set(baseline["new_rule_files"]) == set(policy["rule_paths"]),
  File "/Users/lyuhongwang/Developer/SEC_metrics/scripts/vnext/requirement_profile_v14.py", line 18, in need
    raise v1.RequirementProfileError(reason)
vnext.requirement_profile_v1.RequirementProfileError: Normal successor rule set differs

The above exception was the direct cause of the following exception:

Traceback (most recent call last):
  File "/Users/lyuhongwang/Developer/SEC_metrics/docs/evidence/issue28_continuous/collab-e01-layout-successor-20261003/rebind.py", line 59, in <module>
    parent_req=load_requirement_snapshot(snapshot_dir=PARENT)
               ^^^^^^^^^^^^^^^^^^^^^^^^^^^^^^^^^^^^^^^^^^^^^^
  File "/Users/lyuhongwang/Developer/SEC_metrics/scripts/vnext/requirements.py", line 2033, in load_requirement_snapshot
    raise RequirementError(str(error)) from error
vnext.requirements.RequirementError: Normal successor rule set differs
