RECORDED 0001
RECORDED 0002
RECORDED 0003
RECORDED 0004
RECORDED 0005
RECORDED 0006
RECORDED 0007
RECORDED 0008
RECORDED 0009
RECORDED 0010
Traceback (most recent call last):
  File "/Users/lyuhongwang/Developer/SEC_metrics/docs/evidence/issue28_continuous/failures-112-114-repair/paramount_lossless_material.py", line 43, in <module>
    (base/'summary.json').write_text(json.dumps(report,indent=2)+'\n');(evidence/'paramount-lossless-summary.json').write_text(json.dumps(report,indent=2)+'\n');print(json.dumps(report),flush=True)
                                      ^^^^^^^^^^^^^^^^^^^^^
  File "/Users/lyuhongwang/Developer/SEC_metrics/scripts/vnext/native_unit_index.py", line 151, in evidence_json_bytes
    return _bytes(value) + b'\n'
           ~~~~~~^^^^^^^
  File "/Users/lyuhongwang/Developer/SEC_metrics/scripts/vnext/r6_semantic_source.py", line 35, in _bytes
    return json.dumps(exact_json_value(value),ensure_ascii=False,sort_keys=True,separators=(',',':')).encode('utf-8')
                      ~~~~~~~~~~~~~~~~^^^^^^^
  File "/Users/lyuhongwang/Developer/SEC_metrics/scripts/vnext/normal_annual_input_v2.py", line 23, in exact_json_value
    canonical_json_bytes(value=value)
    ~~~~~~~~~~~~~~~~~~~~^^^^^^^^^^^^^
  File "/Users/lyuhongwang/Developer/SEC_metrics/scripts/vnext/canonical.py", line 415, in canonical_json_bytes
    normalized = _canonicalize(value=value, path=(), set_paths=set_paths)
  File "/Users/lyuhongwang/Developer/SEC_metrics/scripts/vnext/canonical.py", line 365, in _canonicalize
    output[key] = _canonicalize(
                  ~~~~~~~~~~~~~^
        value=item, path=path + (key,), set_paths=set_paths,
        ^^^^^^^^^^^^^^^^^^^^^^^^^^^^^^^^^^^^^^^^^^^^^^^^^^^^
    )
    ^
  File "/Users/lyuhongwang/Developer/SEC_metrics/scripts/vnext/canonical.py", line 350, in _canonicalize
    raise CanonicalError("Binary float is forbidden; use Decimal")
vnext.canonical.CanonicalError: Binary float is forbidden; use Decimal
