A01 PUBLISHED TRAIT_NOT_APPLICABLE
A02 PUBLISHED TRAIT_NOT_APPLICABLE
A03 PUBLISHED TRAIT_NOT_APPLICABLE
A04 PUBLISHED TRAIT_NOT_APPLICABLE
A05 PUBLISHED TRAIT_NOT_APPLICABLE
A06 PUBLISHED TRAIT_NOT_APPLICABLE
A07 PUBLISHED TRAIT_NOT_APPLICABLE
A08 PUBLISHED TRAIT_NOT_APPLICABLE
A09 PUBLISHED TRAIT_NOT_APPLICABLE
A10 PUBLISHED TRAIT_NOT_APPLICABLE
A11 PUBLISHED TRAIT_NOT_APPLICABLE
A12 PUBLISHED TRAIT_NOT_APPLICABLE
A13 PUBLISHED TRAIT_NOT_APPLICABLE
B01 PUBLISHED PASS
B02 PUBLISHED PASS
B03 PUBLISHED PASS
B04 PUBLISHED PASS
B05 PUBLISHED PASS
B06 WITHHELD B06_SOURCE_RELATIONSHIP_UNRESOLVED
B07 PUBLISHED PASS
B08 PUBLISHED PASS
B09 PUBLISHED PASS
B10 PUBLISHED TRAIT_NOT_APPLICABLE
B11 PUBLISHED TRAIT_NOT_APPLICABLE
B12 PUBLISHED TRAIT_NOT_APPLICABLE
C01 PUBLISHED PASS
C02 PUBLISHED PASS
C03 PUBLISHED PASS
C04 PUBLISHED PASS
D01 PUBLISHED PASS
D02 PUBLISHED PASS
E01 PUBLISHED PASS
E02 PUBLISHED PASS
E03 PUBLISHED PASS
E04 PUBLISHED PASS
E05 PUBLISHED PASS
{"calls": [0, 0, 0], "reason_counts": {"B06_SOURCE_RELATIONSHIP_UNRESOLVED": 1, "PASS": 19, "TRAIT_NOT_APPLICABLE": 16}, "replayed": 36}
