{
  "company_id": "marriott_international",
  "complete_native_chain_paths": [
    {
      "anchor_is_owned": true,
      "anchor_reference": [
        7,
        "NATIVE_FACT",
        454
      ],
      "segments": [
        {
          "element_id": "f-444-1",
          "relative_character_range": null,
          "root_reference": [
            12,
            "NATIVE_SUPPLEMENT",
            0
          ]
        }
      ]
    },
    {
      "anchor_is_owned": true,
      "anchor_reference": [
        7,
        "NATIVE_FACT",
        480
      ],
      "segments": [
        {
          "element_id": "f-470-1",
          "relative_character_range": null,
          "root_reference": [
            12,
            "NATIVE_SUPPLEMENT",
            1
          ]
        }
      ]
    },
    {
      "anchor_is_owned": true,
      "anchor_reference": [
        7,
        "NATIVE_FACT",
        507
      ],
      "segments": [
        {
          "element_id": "f-497-1",
          "relative_character_range": null,
          "root_reference": [
            12,
            "NATIVE_SUPPLEMENT",
            2
          ]
        },
        {
          "element_id": "f-497-2",
          "relative_character_range": null,
          "root_reference": [
            12,
            "NATIVE_SUPPLEMENT",
            3
          ]
        },
        {
          "element_id": "f-497-3",
          "relative_character_range": null,
          "root_reference": [
            13,
            "NATIVE_SUPPLEMENT",
            0
          ]
        }
      ]
    }
  ],
  "native_context_references": [
    [
      7,
      "NATIVE_FACT",
      449
    ],
    [
      7,
      "NATIVE_FACT",
      450
    ],
    [
      7,
      "NATIVE_FACT",
      451
    ],
    [
      7,
      "NATIVE_FACT",
      452
    ],
    [
      7,
      "NATIVE_FACT",
      453
    ],
    [
      7,
      "NATIVE_FACT",
      454
    ],
    [
      7,
      "NATIVE_FACT",
      455
    ],
    [
      7,
      "NATIVE_FACT",
      456
    ],
    [
      7,
      "NATIVE_FACT",
      457
    ],
    [
      7,
      "NATIVE_FACT",
      458
    ],
    [
      7,
      "NATIVE_FACT",
      459
    ],
    [
      7,
      "NATIVE_FACT",
      460
    ],
    [
      7,
      "NATIVE_FACT",
      461
    ],
    [
      7,
      "NATIVE_FACT",
      462
    ],
    [
      7,
      "NATIVE_FACT",
      463
    ],
    [
      7,
      "NATIVE_FACT",
      464
    ],
    [
      7,
      "NATIVE_FACT",
      465
    ],
    [
      7,
      "NATIVE_FACT",
      466
    ],
    [
      7,
      "NATIVE_FACT",
      467
    ],
    [
      7,
      "NATIVE_FACT",
      468
    ],
    [
      7,
      "NATIVE_FACT",
      469
    ],
    [
      7,
      "NATIVE_FACT",
      470
    ],
    [
      7,
      "NATIVE_FACT",
      471
    ],
    [
      7,
      "NATIVE_FACT",
      472
    ],
    [
      7,
      "NATIVE_FACT",
      473
    ],
    [
      7,
      "NATIVE_FACT",
      474
    ],
    [
      7,
      "NATIVE_FACT",
      475
    ],
    [
      7,
      "NATIVE_FACT",
      476
    ],
    [
      7,
      "NATIVE_FACT",
      477
    ],
    [
      7,
      "NATIVE_FACT",
      478
    ],
    [
      7,
      "NATIVE_FACT",
      479
    ],
    [
      7,
      "NATIVE_FACT",
      480
    ],
    [
      7,
      "NATIVE_FACT",
      481
    ],
    [
      7,
      "NATIVE_FACT",
      482
    ],
    [
      7,
      "NATIVE_FACT",
      483
    ],
    [
      7,
      "NATIVE_FACT",
      484
    ],
    [
      7,
      "NATIVE_FACT",
      485
    ],
    [
      7,
      "NATIVE_FACT",
      486
    ],
    [
      7,
      "NATIVE_FACT",
      487
    ],
    [
      7,
      "NATIVE_FACT",
      488
    ],
    [
      7,
      "NATIVE_FACT",
      489
    ],
    [
      7,
      "NATIVE_FACT",
      490
    ],
    [
      7,
      "NATIVE_FACT",
      491
    ],
    [
      7,
      "NATIVE_FACT",
      492
    ],
    [
      7,
      "NATIVE_FACT",
      493
    ],
    [
      7,
      "NATIVE_FACT",
      494
    ],
    [
      7,
      "NATIVE_FACT",
      495
    ],
    [
      7,
      "NATIVE_FACT",
      496
    ],
    [
      7,
      "NATIVE_FACT",
      497
    ],
    [
      7,
      "NATIVE_FACT",
      498
    ],
    [
      7,
      "NATIVE_FACT",
      499
    ],
    [
      7,
      "NATIVE_FACT",
      500
    ],
    [
      7,
      "NATIVE_FACT",
      501
    ],
    [
      7,
      "NATIVE_FACT",
      502
    ],
    [
      7,
      "NATIVE_FACT",
      503
    ],
    [
      7,
      "NATIVE_FACT",
      504
    ],
    [
      7,
      "NATIVE_FACT",
      505
    ],
    [
      7,
      "NATIVE_FACT",
      506
    ],
    [
      7,
      "NATIVE_FACT",
      507
    ],
    [
      7,
      "NATIVE_FACT",
      509
    ],
    [
      7,
      "NATIVE_FACT",
      510
    ],
    [
      7,
      "NATIVE_FACT",
      511
    ],
    [
      7,
      "NATIVE_FACT",
      512
    ],
    [
      7,
      "NATIVE_FACT",
      513
    ],
    [
      12,
      "NATIVE_SUPPLEMENT",
      0
    ],
    [
      12,
      "NATIVE_SUPPLEMENT",
      1
    ],
    [
      12,
      "NATIVE_SUPPLEMENT",
      2
    ],
    [
      12,
      "NATIVE_SUPPLEMENT",
      3
    ],
    [
      13,
      "NATIVE_SUPPLEMENT",
      0
    ]
  ],
  "original_document": {
    "document_id": "sha256:3049902433699b3e3464003cd18ad336428717f46e7efdabbdb0bdb423153d45",
    "filing": {
      "acceptanceDateTime": "2026-02-10T18:35:55.000Z",
      "accessionNumber": "0001048286-26-000007",
      "act": "34",
      "core_type": "XBRL",
      "fileNumber": "001-13881",
      "filingDate": "2026-02-10",
      "filmNumber": "26614897",
      "form": "10-K",
      "isInlineXBRL": 1,
      "isXBRL": 1,
      "isXBRLNumeric": null,
      "items": "",
      "primaryDocDescription": "10-K",
      "primaryDocument": "mar-20251231.htm",
      "reportDate": "2025-12-31",
      "size": 12393244
    },
    "raw_blob": {
      "byte_length": 2048661,
      "media_type": "text/html",
      "raw_asset_id": "sha256:c372495ac4ad3e62399040675f490315db137e17cd9a9a4a8c10cb1d09312547",
      "record_type": "RAW_BLOB",
      "storage_uri": "evidence/request_attempts/c3/c372495ac4ad3e62399040675f490315db137e17cd9a9a4a8c10cb1d09312547/mar-20251231.htm"
    },
    "registrant_name_binding": {
      "accepted_source_names": [
        "MARRIOTT INTERNATIONAL INC /MD/",
        "MARRIOTT INTERNATIONAL, INC."
      ],
      "cover_caption": {
        "block_index": 12,
        "document_id": "sha256:3049902433699b3e3464003cd18ad336428717f46e7efdabbdb0bdb423153d45",
        "labels": [
          "EXACT_NAME_OF_REGISTRANT_LABEL"
        ],
        "raw_asset_id": "sha256:c372495ac4ad3e62399040675f490315db137e17cd9a9a4a8c10cb1d09312547",
        "raw_end_byte": 136473,
        "raw_span_sha256": "83c9ba74048e5a956ba8180409324361523cafc335d3b988dae1124b8086a332",
        "raw_start_byte": 136419,
        "section_id": "ANNUAL_COVER",
        "source_reference_id": "sha256:40127921b5837f721fb7ec41028d9eeeefb0855d09261b0fef4a1985f5298d4b",
        "text": "(Exact name of registrant as specified in its charter)"
      },
      "cover_name": {
        "block_index": 11,
        "document_id": "sha256:3049902433699b3e3464003cd18ad336428717f46e7efdabbdb0bdb423153d45",
        "labels": [
          "EXPLICIT_REGISTRANT_CHARTER_NAME"
        ],
        "raw_asset_id": "sha256:c372495ac4ad3e62399040675f490315db137e17cd9a9a4a8c10cb1d09312547",
        "raw_end_byte": 136264,
        "raw_span_sha256": "67dbf625b33e878a070ab52aeafcbd82d7596710ff367865a58c8495f27a03ff",
        "raw_start_byte": 136236,
        "section_id": "ANNUAL_COVER",
        "source_reference_id": "sha256:40127921b5837f721fb7ec41028d9eeeefb0855d09261b0fef4a1985f5298d4b",
        "text": "MARRIOTT INTERNATIONAL, INC."
      },
      "dei_facts": [
        {
          "context": {
            "context_ref": "c-1",
            "dimensions": {},
            "entity_identifier": "0001048286",
            "period_end": "2025-12-31",
            "period_start": "2025-01-01",
            "typed_dimension_count": 0
          },
          "fact": {
            "context_ref": "c-1",
            "ordinal": 4,
            "qualified_name": "dei:EntityRegistrantName",
            "scale": "0",
            "sign": "",
            "tag": "ix:nonnumeric",
            "text": "MARRIOTT INTERNATIONAL INC /MD/",
            "unit_ref": ""
          },
          "namespace": "http://xbrl.sec.gov/dei/2025"
        }
      ],
      "invalid_dei_contexts": [],
      "relation": {
        "marker_jurisdiction_meaning_asserted": false,
        "relation": "SAME_SUBSTANTIVE_WORDS_AND_TERMINAL_LEGAL_FORM",
        "removed_dei_terminal_marker": "/MD/",
        "terminal_legal_form": "incorporated"
      },
      "status": "SAME_SOURCE_COVER_AND_CURRENT_DEI_NAME_BOUND"
    },
    "source_reference": {
      "accession": "0001048286-26-000007",
      "company_id": "marriott_international",
      "document_name": "mar-20251231.htm",
      "raw_asset_id": "sha256:c372495ac4ad3e62399040675f490315db137e17cd9a9a4a8c10cb1d09312547",
      "record_type": "SOURCE_REFERENCE",
      "request_attempt_id": "request:attempt:2d3b0843e4cabff7e0ac9849b5fa8daa76be74f67c6f21fd3a7bf063a0ec9ac1",
      "source_reference_id": "sha256:40127921b5837f721fb7ec41028d9eeeefb0855d09261b0fef4a1985f5298d4b",
      "source_role": "target_primary",
      "source_url": "https://www.sec.gov/Archives/edgar/data/1048286/000104828626000007/mar-20251231.htm"
    }
  },
  "original_unit_descriptors": [
    {
      "document_id": "sha256:3049902433699b3e3464003cd18ad336428717f46e7efdabbdb0bdb423153d45",
      "kind": "VISIBLE_TEXT",
      "payload_bytes": 148850,
      "payload_sha256": "5c3284a1a81ccb31c6ab2436a8b2adb97eec03e534ba78fdb59253d49cb5d0cb",
      "unit_id": "sha256:c602ecc69500ffb50c421970157577cb6e31c757c5bbb45f15ae8dc5e7fc7fc1"
    },
    {
      "document_id": "sha256:3049902433699b3e3464003cd18ad336428717f46e7efdabbdb0bdb423153d45",
      "kind": "VISIBLE_TEXT",
      "payload_bytes": 149954,
      "payload_sha256": "c58238fa586fda95379a4e4a22764ef308e83c2ba9f4994bae54841b0489628d",
      "unit_id": "sha256:0b7d5050acebf57cf6a05ac75c5728bf05e4f1e357d694150ecf4527f989acfc"
    },
    {
      "document_id": "sha256:3049902433699b3e3464003cd18ad336428717f46e7efdabbdb0bdb423153d45",
      "kind": "VISIBLE_TEXT",
      "payload_bytes": 149862,
      "payload_sha256": "4e1006460cc94a442dd26eb9a048ea04be3142847598f293e7fb1cc645841e3f",
      "unit_id": "sha256:8e212b892ba6fb1608d3248532e622160f3e2349e2b477dd0b8f82372ad6da1c"
    },
    {
      "document_id": "sha256:3049902433699b3e3464003cd18ad336428717f46e7efdabbdb0bdb423153d45",
      "kind": "VISIBLE_TEXT",
      "payload_bytes": 149924,
      "payload_sha256": "4d17ffb733da2be73b4c0b747057b7b387f65342e53a861a702a9869e257fd48",
      "unit_id": "sha256:99502d9018e934545c8936a7b69c62e3bea7a4d8112359818b309b54b95fcd58"
    },
    {
      "document_id": "sha256:3049902433699b3e3464003cd18ad336428717f46e7efdabbdb0bdb423153d45",
      "kind": "VISIBLE_TEXT",
      "payload_bytes": 54674,
      "payload_sha256": "64d029fb281674e737fb09d3853a2ae8350c152ced42b3b5e3e9eb3e73b1ffe9",
      "unit_id": "sha256:26eb8d47590552f5545a76e257dd0a54f4ed161142810120aa07bdd528675c7e"
    },
    {
      "document_id": "sha256:3049902433699b3e3464003cd18ad336428717f46e7efdabbdb0bdb423153d45",
      "kind": "NATIVE_FACTS",
      "payload_bytes": 149859,
      "payload_sha256": "0e68865bc39e6c47414718e71ed4fd1e34342b753665182d38fdb83ee918cb28",
      "unit_id": "sha256:045315d7c3b48a73cf5ada70e5cdb85a5d5d6c617e477f697bd435788be17157"
    },
    {
      "document_id": "sha256:3049902433699b3e3464003cd18ad336428717f46e7efdabbdb0bdb423153d45",
      "kind": "NATIVE_FACTS",
      "payload_bytes": 149014,
      "payload_sha256": "d70078119dd4f4a7a5173b0a79e2c6a138ea4bcc8a8c67ad9aa4565910253425",
      "unit_id": "sha256:3345ce064f9231ae17b6b0133c01f16d4bc21ed1866bd7c9e1bf22fa7760d5b9"
    },
    {
      "document_id": "sha256:3049902433699b3e3464003cd18ad336428717f46e7efdabbdb0bdb423153d45",
      "kind": "NATIVE_FACTS",
      "payload_bytes": 149515,
      "payload_sha256": "9e48267fc053317b4e63a82b8931232a1fad433484c1706b9074316637eb4264",
      "unit_id": "sha256:c54e0429db2d3eb364dbd0c69e432e81c9941e495ab069f713fee32ec16b7666"
    },
    {
      "document_id": "sha256:3049902433699b3e3464003cd18ad336428717f46e7efdabbdb0bdb423153d45",
      "kind": "NATIVE_FACTS",
      "payload_bytes": 149773,
      "payload_sha256": "b8f51df3991790b3e0adf4e9342c18597330ec246886cfe445299f09bc352fd6",
      "unit_id": "sha256:734d6521a7c143c93d94125039f289bb10301651fcadafd74dcdf7b7acbc31d6"
    },
    {
      "document_id": "sha256:3049902433699b3e3464003cd18ad336428717f46e7efdabbdb0bdb423153d45",
      "kind": "NATIVE_FACTS",
      "payload_bytes": 149762,
      "payload_sha256": "9e8b0d51ce5b71d714945b3f71b24eb5ff9c7a8400f1d1a946be19e5a2c1c1af",
      "unit_id": "sha256:c6ef86dacec03f8ee48100d4312e724e5e72141b27239dc125b49c622ae86500"
    },
    {
      "document_id": "sha256:3049902433699b3e3464003cd18ad336428717f46e7efdabbdb0bdb423153d45",
      "kind": "NATIVE_FACTS",
      "payload_bytes": 147774,
      "payload_sha256": "1f99393c74802b5ec20b20022f5bd9f3bb3dfefed7e32e2dab87be41cca57541",
      "unit_id": "sha256:e8e52e77f5b27911e433d8b17ce0a5e9ae6b2fafd6e211de7788a78f12997c8c"
    },
    {
      "document_id": "sha256:3049902433699b3e3464003cd18ad336428717f46e7efdabbdb0bdb423153d45",
      "kind": "NATIVE_SUPPLEMENTS",
      "payload_bytes": 142783,
      "payload_sha256": "2bce0fc657698a3528924fccbc76dd04be8c5ac31b9776564b8a2b25d2da0d64",
      "unit_id": "sha256:c8f38993e4ae474d4a0b261497638a5cc3adf551270689cef192022c19a58736"
    },
    {
      "document_id": "sha256:3049902433699b3e3464003cd18ad336428717f46e7efdabbdb0bdb423153d45",
      "kind": "NATIVE_SUPPLEMENTS",
      "payload_bytes": 135794,
      "payload_sha256": "97dae85d30335101c168c98a9f2b51abe555c13ea6083a060fd1f1f3468a903b",
      "unit_id": "sha256:4af0523b4e303de27c96f37785073b9f027b973ede4855205d487cea14f7087b"
    },
    {
      "document_id": "sha256:3049902433699b3e3464003cd18ad336428717f46e7efdabbdb0bdb423153d45",
      "kind": "NATIVE_SUPPLEMENTS",
      "payload_bytes": 131558,
      "payload_sha256": "1950adf5d917819ad533c42079a720e148342bbda1ec21bc63295494e2b3e3d8",
      "unit_id": "sha256:8518e7a54266404c6d85a17f1a3057ac9cb95add1ff07b3079ae26d7c9f3bcb0"
    },
    {
      "document_id": "sha256:3049902433699b3e3464003cd18ad336428717f46e7efdabbdb0bdb423153d45",
      "kind": "NATIVE_SUPPLEMENTS",
      "payload_bytes": 138738,
      "payload_sha256": "76ea4a5ebece6209ba957eb1c9d53a547aa89ccf82d09d76dfb827322382550f",
      "unit_id": "sha256:63366ffe097dbfd068a8b491df8d159a8e3113b8a80f49898c317d596a5ca963"
    },
    {
      "document_id": "sha256:3049902433699b3e3464003cd18ad336428717f46e7efdabbdb0bdb423153d45",
      "kind": "NATIVE_SUPPLEMENTS",
      "payload_bytes": 94847,
      "payload_sha256": "e0f19e21134ef2a64f6b4b931b492dfff9d9d39a661040f84a6c2ed2cffad63c",
      "unit_id": "sha256:4f09dc3894af46541d905226c85e0c8dd6fb00e99aae2a0862a928a7b907929d"
    },
    {
      "document_id": "sha256:3049902433699b3e3464003cd18ad336428717f46e7efdabbdb0bdb423153d45",
      "kind": "NATIVE_SUPPLEMENTS",
      "payload_bytes": 147420,
      "payload_sha256": "7f668db34be59f66dd2b08a843cde69ce4fff2135303ef1eb35093ac24a6ffcb",
      "unit_id": "sha256:b9c8510355033183a1c2881d9b2c5eaf71fb1d5b78af737e1ccfbbc744369da6"
    }
  ],
  "owned_references": [
    [
      7,
      "NATIVE_FACT",
      449
    ],
    [
      7,
      "NATIVE_FACT",
      450
    ],
    [
      7,
      "NATIVE_FACT",
      451
    ],
    [
      7,
      "NATIVE_FACT",
      452
    ],
    [
      7,
      "NATIVE_FACT",
      453
    ],
    [
      7,
      "NATIVE_FACT",
      454
    ],
    [
      12,
      "NATIVE_SUPPLEMENT",
      0
    ],
    [
      7,
      "NATIVE_FACT",
      456
    ],
    [
      7,
      "NATIVE_FACT",
      457
    ],
    [
      7,
      "NATIVE_FACT",
      458
    ],
    [
      7,
      "NATIVE_FACT",
      459
    ],
    [
      7,
      "NATIVE_FACT",
      460
    ],
    [
      7,
      "NATIVE_FACT",
      461
    ],
    [
      7,
      "NATIVE_FACT",
      462
    ],
    [
      7,
      "NATIVE_FACT",
      463
    ],
    [
      7,
      "NATIVE_FACT",
      464
    ],
    [
      7,
      "NATIVE_FACT",
      465
    ],
    [
      7,
      "NATIVE_FACT",
      466
    ],
    [
      7,
      "NATIVE_FACT",
      467
    ],
    [
      7,
      "NATIVE_FACT",
      468
    ],
    [
      7,
      "NATIVE_FACT",
      469
    ],
    [
      7,
      "NATIVE_FACT",
      470
    ],
    [
      7,
      "NATIVE_FACT",
      471
    ],
    [
      7,
      "NATIVE_FACT",
      472
    ],
    [
      7,
      "NATIVE_FACT",
      473
    ],
    [
      7,
      "NATIVE_FACT",
      474
    ],
    [
      7,
      "NATIVE_FACT",
      475
    ],
    [
      7,
      "NATIVE_FACT",
      476
    ],
    [
      7,
      "NATIVE_FACT",
      477
    ],
    [
      7,
      "NATIVE_FACT",
      478
    ],
    [
      7,
      "NATIVE_FACT",
      479
    ],
    [
      7,
      "NATIVE_FACT",
      455
    ],
    [
      7,
      "NATIVE_FACT",
      480
    ],
    [
      12,
      "NATIVE_SUPPLEMENT",
      1
    ],
    [
      7,
      "NATIVE_FACT",
      481
    ],
    [
      7,
      "NATIVE_FACT",
      482
    ],
    [
      7,
      "NATIVE_FACT",
      483
    ],
    [
      7,
      "NATIVE_FACT",
      484
    ],
    [
      7,
      "NATIVE_FACT",
      486
    ],
    [
      7,
      "NATIVE_FACT",
      487
    ],
    [
      7,
      "NATIVE_FACT",
      488
    ],
    [
      7,
      "NATIVE_FACT",
      489
    ],
    [
      7,
      "NATIVE_FACT",
      490
    ],
    [
      7,
      "NATIVE_FACT",
      491
    ],
    [
      7,
      "NATIVE_FACT",
      492
    ],
    [
      7,
      "NATIVE_FACT",
      493
    ],
    [
      7,
      "NATIVE_FACT",
      494
    ],
    [
      7,
      "NATIVE_FACT",
      485
    ],
    [
      7,
      "NATIVE_FACT",
      496
    ],
    [
      7,
      "NATIVE_FACT",
      497
    ],
    [
      7,
      "NATIVE_FACT",
      498
    ],
    [
      7,
      "NATIVE_FACT",
      499
    ],
    [
      7,
      "NATIVE_FACT",
      500
    ],
    [
      7,
      "NATIVE_FACT",
      501
    ],
    [
      7,
      "NATIVE_FACT",
      502
    ],
    [
      7,
      "NATIVE_FACT",
      503
    ],
    [
      7,
      "NATIVE_FACT",
      504
    ],
    [
      7,
      "NATIVE_FACT",
      505
    ],
    [
      7,
      "NATIVE_FACT",
      495
    ],
    [
      7,
      "NATIVE_FACT",
      506
    ],
    [
      7,
      "NATIVE_FACT",
      507
    ],
    [
      12,
      "NATIVE_SUPPLEMENT",
      2
    ],
    [
      12,
      "NATIVE_SUPPLEMENT",
      3
    ],
    [
      13,
      "NATIVE_SUPPLEMENT",
      0
    ],
    [
      7,
      "NATIVE_FACT",
      509
    ],
    [
      7,
      "NATIVE_FACT",
      510
    ],
    [
      7,
      "NATIVE_FACT",
      511
    ],
    [
      7,
      "NATIVE_FACT",
      512
    ],
    [
      7,
      "NATIVE_FACT",
      513
    ]
  ],
  "semantic_acceptance": false,
  "source_id": "sha256:f49af1b29cbc3c0a86e7ee6c51b4f8ea6f39c6b3abfa82b09b86f96531e7a8e8",
  "source_sha256": "5c4aae9c6a1f671d348b0e41c3eefb526a3710a4c9d463f77f7e39d54f909b5b",
  "visible_context_columns": [
    "unit_position",
    "block_index",
    "text",
    "html_quotation_context"
  ]
}
{
  "contexts": {
    "c-1": {
      "namespace_environment_id": "sha256:2063b97c2889de88d2c8e0474ee1aeaabd277301b092cfc8b232678f06a6d87c",
      "raw_xml": "<xbrli:context id=\"c-1\"><xbrli:entity><xbrli:identifier scheme=\"http://www.sec.gov/CIK\">0001048286</xbrli:identifier></xbrli:entity><xbrli:period><xbrli:startDate>2025-01-01</xbrli:startDate><xbrli:endDate>2025-12-31</xbrli:endDate></xbrli:period></xbrli:context>"
    },
    "c-22": {
      "namespace_environment_id": "sha256:2063b97c2889de88d2c8e0474ee1aeaabd277301b092cfc8b232678f06a6d87c",
      "raw_xml": "<xbrli:context id=\"c-22\"><xbrli:entity><xbrli:identifier scheme=\"http://www.sec.gov/CIK\">0001048286</xbrli:identifier></xbrli:entity><xbrli:period><xbrli:startDate>2024-01-01</xbrli:startDate><xbrli:endDate>2024-12-31</xbrli:endDate></xbrli:period></xbrli:context>"
    },
    "c-23": {
      "namespace_environment_id": "sha256:2063b97c2889de88d2c8e0474ee1aeaabd277301b092cfc8b232678f06a6d87c",
      "raw_xml": "<xbrli:context id=\"c-23\"><xbrli:entity><xbrli:identifier scheme=\"http://www.sec.gov/CIK\">0001048286</xbrli:identifier></xbrli:entity><xbrli:period><xbrli:startDate>2023-01-01</xbrli:startDate><xbrli:endDate>2023-12-31</xbrli:endDate></xbrli:period></xbrli:context>"
    },
    "c-24": {
      "namespace_environment_id": "sha256:2063b97c2889de88d2c8e0474ee1aeaabd277301b092cfc8b232678f06a6d87c",
      "raw_xml": "<xbrli:context id=\"c-24\"><xbrli:entity><xbrli:identifier scheme=\"http://www.sec.gov/CIK\">0001048286</xbrli:identifier></xbrli:entity><xbrli:period><xbrli:instant>2025-12-31</xbrli:instant></xbrli:period></xbrli:context>"
    },
    "c-25": {
      "namespace_environment_id": "sha256:2063b97c2889de88d2c8e0474ee1aeaabd277301b092cfc8b232678f06a6d87c",
      "raw_xml": "<xbrli:context id=\"c-25\"><xbrli:entity><xbrli:identifier scheme=\"http://www.sec.gov/CIK\">0001048286</xbrli:identifier></xbrli:entity><xbrli:period><xbrli:instant>2024-12-31</xbrli:instant></xbrli:period></xbrli:context>"
    },
    "c-37": {
      "namespace_environment_id": "sha256:2063b97c2889de88d2c8e0474ee1aeaabd277301b092cfc8b232678f06a6d87c",
      "raw_xml": "<xbrli:context id=\"c-37\"><xbrli:entity><xbrli:identifier scheme=\"http://www.sec.gov/CIK\">0001048286</xbrli:identifier></xbrli:entity><xbrli:period><xbrli:instant>2023-12-31</xbrli:instant></xbrli:period></xbrli:context>"
    },
    "c-38": {
      "namespace_environment_id": "sha256:2063b97c2889de88d2c8e0474ee1aeaabd277301b092cfc8b232678f06a6d87c",
      "raw_xml": "<xbrli:context id=\"c-38\"><xbrli:entity><xbrli:identifier scheme=\"http://www.sec.gov/CIK\">0001048286</xbrli:identifier></xbrli:entity><xbrli:period><xbrli:instant>2022-12-31</xbrli:instant></xbrli:period></xbrli:context>"
    },
    "c-77": {
      "namespace_environment_id": "sha256:2063b97c2889de88d2c8e0474ee1aeaabd277301b092cfc8b232678f06a6d87c",
      "raw_xml": "<xbrli:context id=\"c-77\"><xbrli:entity><xbrli:identifier scheme=\"http://www.sec.gov/CIK\">0001048286</xbrli:identifier><xbrli:segment><xbrldi:explicitMember dimension=\"us-gaap:ValuationTechniqueAxis\">us-gaap:ValuationTechniqueDiscountedCashFlowMember</xbrldi:explicitMember><xbrldi:explicitMember dimension=\"us-gaap:MeasurementInputTypeAxis\">us-gaap:MeasurementInputDiscountRateMember</xbrldi:explicitMember></xbrli:segment></xbrli:entity><xbrli:period><xbrli:instant>2025-12-31</xbrli:instant></xbrli:period></xbrli:context>"
    },
    "c-78": {
      "namespace_environment_id": "sha256:2063b97c2889de88d2c8e0474ee1aeaabd277301b092cfc8b232678f06a6d87c",
      "raw_xml": "<xbrli:context id=\"c-78\"><xbrli:entity><xbrli:identifier scheme=\"http://www.sec.gov/CIK\">0001048286</xbrli:identifier><xbrli:segment><xbrldi:explicitMember dimension=\"us-gaap:AssetAcquisitionAxis\">mar:CitizenMBrandMember</xbrldi:explicitMember></xbrli:segment></xbrli:entity><xbrli:period><xbrli:startDate>2025-07-01</xbrli:startDate><xbrli:endDate>2025-09-30</xbrli:endDate></xbrli:period></xbrli:context>"
    },
    "c-79": {
      "namespace_environment_id": "sha256:2063b97c2889de88d2c8e0474ee1aeaabd277301b092cfc8b232678f06a6d87c",
      "raw_xml": "<xbrli:context id=\"c-79\"><xbrli:entity><xbrli:identifier scheme=\"http://www.sec.gov/CIK\">0001048286</xbrli:identifier><xbrli:segment><xbrldi:explicitMember dimension=\"us-gaap:AssetAcquisitionAxis\">mar:CitizenMBrandMember</xbrldi:explicitMember></xbrli:segment></xbrli:entity><xbrli:period><xbrli:instant>2025-09-30</xbrli:instant></xbrli:period></xbrli:context>"
    },
    "c-80": {
      "namespace_environment_id": "sha256:2063b97c2889de88d2c8e0474ee1aeaabd277301b092cfc8b232678f06a6d87c",
      "raw_xml": "<xbrli:context id=\"c-80\"><xbrli:entity><xbrli:identifier scheme=\"http://www.sec.gov/CIK\">0001048286</xbrli:identifier><xbrli:segment><xbrldi:explicitMember dimension=\"us-gaap:AssetAcquisitionAxis\">mar:CitizenMBrandMember</xbrldi:explicitMember></xbrli:segment></xbrli:entity><xbrli:period><xbrli:instant>2025-12-31</xbrli:instant></xbrli:period></xbrli:context>"
    },
    "c-81": {
      "namespace_environment_id": "sha256:2063b97c2889de88d2c8e0474ee1aeaabd277301b092cfc8b232678f06a6d87c",
      "raw_xml": "<xbrli:context id=\"c-81\"><xbrli:entity><xbrli:identifier scheme=\"http://www.sec.gov/CIK\">0001048286</xbrli:identifier><xbrli:segment><xbrldi:explicitMember dimension=\"us-gaap:AwardTypeAxis\">us-gaap:RestrictedStockUnitsRSUMember</xbrldi:explicitMember></xbrli:segment></xbrli:entity><xbrli:period><xbrli:startDate>2025-01-01</xbrli:startDate><xbrli:endDate>2025-12-31</xbrli:endDate></xbrli:period></xbrli:context>"
    },
    "c-82": {
      "namespace_environment_id": "sha256:2063b97c2889de88d2c8e0474ee1aeaabd277301b092cfc8b232678f06a6d87c",
      "raw_xml": "<xbrli:context id=\"c-82\"><xbrli:entity><xbrli:identifier scheme=\"http://www.sec.gov/CIK\">0001048286</xbrli:identifier><xbrli:segment><xbrldi:explicitMember dimension=\"us-gaap:AwardTypeAxis\">us-gaap:RestrictedStockUnitsRSUMember</xbrldi:explicitMember></xbrli:segment></xbrli:entity><xbrli:period><xbrli:instant>2025-12-31</xbrli:instant></xbrli:period></xbrli:context>"
    },
    "c-83": {
      "namespace_environment_id": "sha256:2063b97c2889de88d2c8e0474ee1aeaabd277301b092cfc8b232678f06a6d87c",
      "raw_xml": "<xbrli:context id=\"c-83\"><xbrli:entity><xbrli:identifier scheme=\"http://www.sec.gov/CIK\">0001048286</xbrli:identifier><xbrli:segment><xbrldi:explicitMember dimension=\"us-gaap:AwardTypeAxis\">us-gaap:RestrictedStockUnitsRSUMember</xbrldi:explicitMember></xbrli:segment></xbrli:entity><xbrli:period><xbrli:startDate>2024-01-01</xbrli:startDate><xbrli:endDate>2024-12-31</xbrli:endDate></xbrli:period></xbrli:context>"
    },
    "c-84": {
      "namespace_environment_id": "sha256:2063b97c2889de88d2c8e0474ee1aeaabd277301b092cfc8b232678f06a6d87c",
      "raw_xml": "<xbrli:context id=\"c-84\"><xbrli:entity><xbrli:identifier scheme=\"http://www.sec.gov/CIK\">0001048286</xbrli:identifier><xbrli:segment><xbrldi:explicitMember dimension=\"us-gaap:AwardTypeAxis\">us-gaap:RestrictedStockUnitsRSUMember</xbrldi:explicitMember></xbrli:segment></xbrli:entity><xbrli:period><xbrli:startDate>2023-01-01</xbrli:startDate><xbrli:endDate>2023-12-31</xbrli:endDate></xbrli:period></xbrli:context>"
    },
    "c-85": {
      "namespace_environment_id": "sha256:2063b97c2889de88d2c8e0474ee1aeaabd277301b092cfc8b232678f06a6d87c",
      "raw_xml": "<xbrli:context id=\"c-85\"><xbrli:entity><xbrli:identifier scheme=\"http://www.sec.gov/CIK\">0001048286</xbrli:identifier><xbrli:segment><xbrldi:explicitMember dimension=\"us-gaap:AwardTypeAxis\">us-gaap:RestrictedStockUnitsRSUMember</xbrldi:explicitMember></xbrli:segment></xbrli:entity><xbrli:period><xbrli:instant>2024-12-31</xbrli:instant></xbrli:period></xbrli:context>"
    },
    "c-86": {
      "namespace_environment_id": "sha256:2063b97c2889de88d2c8e0474ee1aeaabd277301b092cfc8b232678f06a6d87c",
      "raw_xml": "<xbrli:context id=\"c-86\"><xbrli:entity><xbrli:identifier scheme=\"http://www.sec.gov/CIK\">0001048286</xbrli:identifier><xbrli:segment><xbrldi:explicitMember dimension=\"us-gaap:IncomeTaxAuthorityAxis\">country:US</xbrldi:explicitMember></xbrli:segment></xbrli:entity><xbrli:period><xbrli:startDate>2025-01-01</xbrli:startDate><xbrli:endDate>2025-12-31</xbrli:endDate></xbrli:period></xbrli:context>"
    },
    "c-87": {
      "namespace_environment_id": "sha256:2063b97c2889de88d2c8e0474ee1aeaabd277301b092cfc8b232678f06a6d87c",
      "raw_xml": "<xbrli:context id=\"c-87\"><xbrli:entity><xbrli:identifier scheme=\"http://www.sec.gov/CIK\">0001048286</xbrli:identifier><xbrli:segment><xbrldi:explicitMember dimension=\"us-gaap:IncomeTaxAuthorityAxis\">country:CA</xbrldi:explicitMember></xbrli:segment></xbrli:entity><xbrli:period><xbrli:startDate>2025-01-01</xbrli:startDate><xbrli:endDate>2025-12-31</xbrli:endDate></xbrli:period></xbrli:context>"
    },
    "c-88": {
      "namespace_environment_id": "sha256:2063b97c2889de88d2c8e0474ee1aeaabd277301b092cfc8b232678f06a6d87c",
      "raw_xml": "<xbrli:context id=\"c-88\"><xbrli:entity><xbrli:identifier scheme=\"http://www.sec.gov/CIK\">0001048286</xbrli:identifier><xbrli:segment><xbrldi:explicitMember dimension=\"us-gaap:IncomeTaxAuthorityAxis\">country:CH</xbrldi:explicitMember></xbrli:segment></xbrli:entity><xbrli:period><xbrli:startDate>2025-01-01</xbrli:startDate><xbrli:endDate>2025-12-31</xbrli:endDate></xbrli:period></xbrli:context>"
    },
    "c-89": {
      "namespace_environment_id": "sha256:2063b97c2889de88d2c8e0474ee1aeaabd277301b092cfc8b232678f06a6d87c",
      "raw_xml": "<xbrli:context id=\"c-89\"><xbrli:entity><xbrli:identifier scheme=\"http://www.sec.gov/CIK\">0001048286</xbrli:identifier><xbrli:segment><xbrldi:explicitMember dimension=\"us-gaap:IncomeTaxAuthorityAxis\">us-gaap:ForeignTaxJurisdictionOtherMember</xbrldi:explicitMember></xbrli:segment></xbrli:entity><xbrli:period><xbrli:startDate>2025-01-01</xbrli:startDate><xbrli:endDate>2025-12-31</xbrli:endDate></xbrli:period></xbrli:context>"
    }
  },
  "namespace_environments": {
    "sha256:2063b97c2889de88d2c8e0474ee1aeaabd277301b092cfc8b232678f06a6d87c": {
      "": "http://www.w3.org/1999/xhtml",
      "country": "http://xbrl.sec.gov/country/2025",
      "cyd": "http://xbrl.sec.gov/cyd/2025",
      "dei": "http://xbrl.sec.gov/dei/2025",
      "ecd": "http://xbrl.sec.gov/ecd/2025",
      "iso4217": "http://www.xbrl.org/2003/iso4217",
      "ix": "http://www.xbrl.org/2013/inlineXBRL",
      "ixt": "http://www.xbrl.org/inlineXBRL/transformation/2020-02-12",
      "ixt-sec": "http://www.sec.gov/inlineXBRL/transformation/2015-08-31",
      "link": "http://www.xbrl.org/2003/linkbase",
      "mar": "http://www.marriott.com/20251231",
      "srt": "http://fasb.org/srt/2025",
      "us-gaap": "http://fasb.org/us-gaap/2025",
      "xbrldi": "http://xbrl.org/2006/xbrldi",
      "xbrli": "http://www.xbrl.org/2003/instance",
      "xlink": "http://www.w3.org/1999/xlink",
      "xsi": "http://www.w3.org/2001/XMLSchema-instance"
    }
  },
  "units": {
    "hotel": {
      "namespace_environment_id": "sha256:2063b97c2889de88d2c8e0474ee1aeaabd277301b092cfc8b232678f06a6d87c",
      "raw_xml": "<xbrli:unit id=\"hotel\"><xbrli:measure>mar:hotel</xbrli:measure></xbrli:unit>"
    },
    "hotelroom": {
      "namespace_environment_id": "sha256:2063b97c2889de88d2c8e0474ee1aeaabd277301b092cfc8b232678f06a6d87c",
      "raw_xml": "<xbrli:unit id=\"hotelroom\"><xbrli:measure>mar:hotelRoom</xbrli:measure></xbrli:unit>"
    },
    "number": {
      "namespace_environment_id": "sha256:2063b97c2889de88d2c8e0474ee1aeaabd277301b092cfc8b232678f06a6d87c",
      "raw_xml": "<xbrli:unit id=\"number\"><xbrli:measure>xbrli:pure</xbrli:measure></xbrli:unit>"
    },
    "shares": {
      "namespace_environment_id": "sha256:2063b97c2889de88d2c8e0474ee1aeaabd277301b092cfc8b232678f06a6d87c",
      "raw_xml": "<xbrli:unit id=\"shares\"><xbrli:measure>xbrli:shares</xbrli:measure></xbrli:unit>"
    },
    "usd": {
      "namespace_environment_id": "sha256:2063b97c2889de88d2c8e0474ee1aeaabd277301b092cfc8b232678f06a6d87c",
      "raw_xml": "<xbrli:unit id=\"usd\"><xbrli:measure>iso4217:USD</xbrli:measure></xbrli:unit>"
    },
    "usdPerShare": {
      "namespace_environment_id": "sha256:2063b97c2889de88d2c8e0474ee1aeaabd277301b092cfc8b232678f06a6d87c",
      "raw_xml": "<xbrli:unit id=\"usdPerShare\"><xbrli:divide><xbrli:unitNumerator><xbrli:measure>iso4217:USD</xbrli:measure></xbrli:unitNumerator><xbrli:unitDenominator><xbrli:measure>xbrli:shares</xbrli:measure></xbrli:unitDenominator></xbrli:divide></xbrli:unit>"
    }
  },
  "xml_style_attributes": {
    "0": "style=\"background-color:#cceeff;border-bottom:3pt double #000000;border-top:1pt solid #000000;padding:2px 0 2px 1pt;text-align:left;vertical-align:bottom\"",
    "1": "style=\"background-color:#cceeff;border-bottom:3pt double #000000;border-top:1pt solid #000000;padding:2px 0;text-align:right;vertical-align:bottom\"",
    "10": "style=\"background-color:#cceeff;border-top:1pt solid #000;padding:2px 0;text-align:right;vertical-align:bottom\"",
    "11": "style=\"background-color:#cceeff;border-top:1pt solid #000;padding:2px 1pt 2px 0;text-align:right;vertical-align:bottom\"",
    "12": "style=\"background-color:#cceeff;border-top:3pt double #000000;padding:0 1pt\"",
    "13": "style=\"background-color:#cceeff;padding:2px 0 2px 1pt;text-align:left;vertical-align:bottom\"",
    "14": "style=\"background-color:#cceeff;padding:2px 0 2px 1pt;text-align:right;vertical-align:bottom\"",
    "15": "style=\"background-color:#cceeff;padding:2px 0;text-align:right;vertical-align:bottom\"",
    "16": "style=\"background-color:#cceeff;padding:2px 1pt 2px 0;text-align:right;vertical-align:bottom\"",
    "17": "style=\"background-color:#cceeff;padding:2px 1pt 2px 19pt;text-align:left;vertical-align:bottom\"",
    "18": "style=\"background-color:#cceeff;padding:2px 1pt 2px 19pt;text-align:left;vertical-align:top\"",
    "19": "style=\"background-color:#cceeff;padding:2px 1pt 2px 7.75pt;text-align:left;vertical-align:middle\"",
    "2": "style=\"background-color:#cceeff;border-bottom:3pt double #000000;border-top:1pt solid #000000;padding:2px 1pt 2px 0;text-align:right;vertical-align:bottom\"",
    "20": "style=\"background-color:#cceeff;padding:2px 1pt;text-align:left;vertical-align:bottom\"",
    "21": "style=\"background-color:#cceeff;padding:2px 1pt;text-align:left;vertical-align:middle\"",
    "22": "style=\"background-color:#cceeff;padding:2px 1pt;text-align:left;vertical-align:top\"",
    "23": "style=\"background-color:#ffffff;border-bottom:3pt double #000000;border-top:1pt solid #000000;padding:2px 0 2px 1pt;text-align:left;vertical-align:bottom\"",
    "24": "style=\"background-color:#ffffff;border-bottom:3pt double #000000;border-top:1pt solid #000000;padding:2px 0 2px 1pt;text-align:right;vertical-align:bottom\"",
    "25": "style=\"background-color:#ffffff;border-bottom:3pt double #000000;border-top:1pt solid #000000;padding:2px 0;text-align:right;vertical-align:bottom\"",
    "26": "style=\"background-color:#ffffff;border-bottom:3pt double #000000;border-top:1pt solid #000000;padding:2px 1pt 2px 0;text-align:right;vertical-align:bottom\"",
    "27": "style=\"background-color:#ffffff;border-bottom:3pt double #000000;border-top:1pt solid #000;padding:2px 0 2px 1pt;text-align:left;vertical-align:bottom\"",
    "28": "style=\"background-color:#ffffff;border-bottom:3pt double #000000;border-top:1pt solid #000;padding:2px 0;text-align:right;vertical-align:bottom\"",
    "29": "style=\"background-color:#ffffff;border-bottom:3pt double #000000;border-top:1pt solid #000;padding:2px 1pt 2px 0;text-align:right;vertical-align:bottom\"",
    "3": "style=\"background-color:#cceeff;border-top:1pt solid #000000;padding:0 1pt\"",
    "30": "style=\"background-color:#ffffff;border-bottom:3pt double #000;border-top:1pt solid #000;padding:2px 0 2px 1pt;text-align:left;vertical-align:bottom\"",
    "31": "style=\"background-color:#ffffff;border-bottom:3pt double #000;border-top:1pt solid #000;padding:2px 0;text-align:right;vertical-align:bottom\"",
    "32": "style=\"background-color:#ffffff;border-bottom:3pt double #000;border-top:1pt solid #000;padding:2px 1pt 2px 0;text-align:right;vertical-align:bottom\"",
    "33": "style=\"background-color:#ffffff;border-top:1pt solid #000000;padding:2px 0 2px 1pt;text-align:left;vertical-align:bottom\"",
    "34": "style=\"background-color:#ffffff;border-top:1pt solid #000000;padding:2px 0 2px 1pt;text-align:right;vertical-align:bottom\"",
    "35": "style=\"background-color:#ffffff;border-top:1pt solid #000000;padding:2px 0;text-align:right;vertical-align:bottom\"",
    "36": "style=\"background-color:#ffffff;border-top:1pt solid #000000;padding:2px 1pt 2px 0;text-align:right;vertical-align:bottom\"",
    "37": "style=\"background-color:#ffffff;padding:2px 0 2px 1pt;text-align:left;vertical-align:bottom\"",
    "38": "style=\"background-color:#ffffff;padding:2px 0 2px 1pt;text-align:right;vertical-align:bottom\"",
    "39": "style=\"background-color:#ffffff;padding:2px 0;text-align:right;vertical-align:bottom\"",
    "4": "style=\"background-color:#cceeff;border-top:1pt solid #000000;padding:2px 0 2px 1pt;text-align:left;vertical-align:bottom\"",
    "40": "style=\"background-color:#ffffff;padding:2px 1pt 2px 0;text-align:right;vertical-align:bottom\"",
    "41": "style=\"background-color:#ffffff;padding:2px 1pt 2px 19pt;text-align:left;vertical-align:bottom\"",
    "42": "style=\"background-color:#ffffff;padding:2px 1pt 2px 19pt;text-align:left;vertical-align:top\"",
    "43": "style=\"background-color:#ffffff;padding:2px 1pt 2px 7.75pt;text-align:left;vertical-align:middle\"",
    "44": "style=\"background-color:#ffffff;padding:2px 1pt 2px 7pt;text-align:left;vertical-align:top\"",
    "45": "style=\"background-color:#ffffff;padding:2px 1pt;text-align:left;vertical-align:bottom\"",
    "46": "style=\"background-color:#ffffff;padding:2px 1pt;text-align:left;vertical-align:middle\"",
    "47": "style=\"background-color:#ffffff;padding:2px 1pt;text-align:left;vertical-align:top\"",
    "48": "style=\"border-collapse:collapse;display:inline-table;margin-bottom:5pt;vertical-align:text-bottom;width:76.900%\"",
    "49": "style=\"border-collapse:collapse;display:inline-table;margin-bottom:5pt;vertical-align:text-bottom;width:99.707%\"",
    "5": "style=\"background-color:#cceeff;border-top:1pt solid #000000;padding:2px 0 2px 1pt;text-align:right;vertical-align:bottom\"",
    "50": "style=\"border-collapse:collapse;display:inline-table;margin-bottom:5pt;vertical-align:text-bottom;width:99.853%\"",
    "51": "style=\"color:#000000;font-family:'Times New Roman',serif;font-size:10pt;font-style:italic;font-weight:400;line-height:120%\"",
    "52": "style=\"color:#000000;font-family:'Times New Roman',serif;font-size:10pt;font-weight:400;line-height:120%\"",
    "53": "style=\"color:#000000;font-family:'Times New Roman',serif;font-size:8pt;font-style:italic;font-weight:400;line-height:100%\"",
    "54": "style=\"color:#000000;font-family:'Times New Roman',serif;font-size:8pt;font-weight:400;line-height:100%\"",
    "55": "style=\"color:#000000;font-family:'Times New Roman',serif;font-size:8pt;font-weight:700;line-height:100%\"",
    "56": "style=\"margin-top:9pt;text-align:center;text-indent:22.5pt\"",
    "57": "style=\"padding:2px 1pt;text-align:center;vertical-align:bottom\"",
    "58": "style=\"padding:2px 1pt;text-align:left;vertical-align:bottom\"",
    "6": "style=\"background-color:#cceeff;border-top:1pt solid #000000;padding:2px 0;text-align:right;vertical-align:bottom\"",
    "7": "style=\"background-color:#cceeff;border-top:1pt solid #000000;padding:2px 1pt 2px 0;text-align:right;vertical-align:bottom\"",
    "8": "style=\"background-color:#cceeff;border-top:1pt solid #000;padding:2px 0 2px 1pt;text-align:left;vertical-align:bottom\"",
    "9": "style=\"background-color:#cceeff;border-top:1pt solid #000;padding:2px 0 2px 1pt;text-align:right;vertical-align:bottom\""
  }
}
