test_amended_target_and_successor_require_explicit_adaptation (tests.vnext.test_historical_statement_cases.HistoricalStatementScopeTest.test_amended_target_and_successor_require_explicit_adaptation) ... ok
test_other_metric_does_not_select_sources (tests.vnext.test_historical_statement_cases.HistoricalStatementScopeTest.test_other_metric_does_not_select_sources) ... ok
test_a_block_outside_its_declared_range_is_refused (tests.vnext.test_historical_filing_inventory_small.ABlockIsHeldToThePriorYearWalksChecks.test_a_block_outside_its_declared_range_is_refused) ... ok
test_a_block_the_index_does_not_declare_is_refused (tests.vnext.test_historical_filing_inventory_small.ABlockIsHeldToThePriorYearWalksChecks.test_a_block_the_index_does_not_declare_is_refused) ... ok
test_a_row_two_blocks_list_is_refused (tests.vnext.test_historical_filing_inventory_small.ABlockIsHeldToThePriorYearWalksChecks.test_a_row_two_blocks_list_is_refused) ... ok
test_a_selection_that_does_not_start_at_the_main_document_is_refused (tests.vnext.test_historical_filing_inventory_small.ABlockIsHeldToThePriorYearWalksChecks.test_a_selection_that_does_not_start_at_the_main_document_is_refused) ... ok
test_another_registrants_block_is_refused (tests.vnext.test_historical_filing_inventory_small.ABlockIsHeldToThePriorYearWalksChecks.test_another_registrants_block_is_refused) ... ok
test_capital_family_preserves_each_existing_metric_factory (tests.vnext.test_history_company_dispatch.HistoryCompanyDispatchTest.test_capital_family_preserves_each_existing_metric_factory) ... ok
test_cli_passes_period_arguments_to_the_same_company_entry (tests.vnext.test_history_company_dispatch.HistoryCompanyDispatchTest.test_cli_passes_period_arguments_to_the_same_company_entry) ... ok
test_completed_withheld_survives_read_after_another_metric_subset (tests.vnext.test_history_company_dispatch.HistoryCompanyDispatchTest.test_completed_withheld_survives_read_after_another_metric_subset)
Constructed history control: a later subset cannot revive old success. ... ok
test_current_mode_keeps_the_existing_public_route (tests.vnext.test_history_company_dispatch.HistoryCompanyDispatchTest.test_current_mode_keeps_the_existing_public_route) ... ok
test_invalid_range_rejects_before_source_or_writes (tests.vnext.test_history_company_dispatch.HistoryCompanyDispatchTest.test_invalid_range_rejects_before_source_or_writes) ... ok
test_liquidity_keeps_the_statement_and_lodging_original_factories (tests.vnext.test_history_company_dispatch.HistoryCompanyDispatchTest.test_liquidity_keeps_the_statement_and_lodging_original_factories) ... ok
test_missing_source_is_explicit_and_does_not_acquire (tests.vnext.test_history_company_dispatch.HistoryCompanyDispatchTest.test_missing_source_is_explicit_and_does_not_acquire) ... ok
test_mixed_lodging_keeps_its_previous_factory_and_tuple (tests.vnext.test_history_company_dispatch.HistoryCompanyDispatchTest.test_mixed_lodging_keeps_its_previous_factory_and_tuple) ... ok
test_range_uses_one_public_company_controller_and_existing_case (tests.vnext.test_history_company_dispatch.HistoryCompanyDispatchTest.test_range_uses_one_public_company_controller_and_existing_case) ... ok
test_statement_pilot_uses_original_per_metric_factories_and_dependencies (tests.vnext.test_history_company_dispatch.HistoryCompanyDispatchTest.test_statement_pilot_uses_original_per_metric_factories_and_dependencies) ... ok
test_unsupported_family_uses_no_fabricated_historical_case (tests.vnext.test_history_company_dispatch.HistoryCompanyDispatchTest.test_unsupported_family_uses_no_fabricated_historical_case) ... ok
test_other_family_does_not_select_sources (tests.vnext.test_historical_liquidity_cases.HistoricalLiquidityScopeTest.test_other_family_does_not_select_sources) ... ok
test_unknown_or_cross_entity_subject_is_rejected_before_calculation (tests.vnext.test_historical_liquidity_cases.HistoricalLiquidityScopeTest.test_unknown_or_cross_entity_subject_is_rejected_before_calculation) ... ok
test_dated_parent_standardized_ratio_keeps_pure_unit (tests.vnext.test_historical_capital_cases.HistoricalCapitalSourceTest.test_dated_parent_standardized_ratio_keeps_pure_unit) ... ok
test_subsidiary_advanced_other_entity_or_period_cannot_be_parent_ratio (tests.vnext.test_historical_capital_cases.HistoricalCapitalSourceTest.test_subsidiary_advanced_other_entity_or_period_cannot_be_parent_ratio) ... ok
test_unknown_taxonomy_does_not_enter_the_dated_release_path (tests.vnext.test_historical_capital_cases.HistoricalCapitalSourceTest.test_unknown_taxonomy_does_not_enter_the_dated_release_path) ... ok
test_usd_and_unformatted_comma_are_not_pure_ratios (tests.vnext.test_historical_capital_cases.HistoricalCapitalSourceTest.test_usd_and_unformatted_comma_are_not_pure_ratios) ... ok
test_year_only_inspection_preserves_the_original_policy_object (tests.vnext.test_historical_capital_cases.HistoricalCapitalSourceTest.test_year_only_inspection_preserves_the_original_policy_object) ... ok

----------------------------------------------------------------------
Ran 25 tests in 0.029s

OK
