WARN `--no-project` was provided, but no project was found
replay_equals_committed_measurement= True
company= enphase_energy source_id= sha256:63ba353bbf5ec678ec52ce21028aa7ee1beead11a684dcae6e70723f86a0396c groups= 6 option_b_max_new_calls= 10
group= 1 refs= 64 scan_input= 155558 assessment_input= 157719 assessment_context= 161815 fit= True
group= 2 refs= 64 scan_input= 186283 assessment_input= 188406 assessment_context= 192502 fit= True
group= 3 refs= 64 scan_input= 170916 assessment_input= 173110 assessment_context= 177206 fit= True
group= 4 refs= 46 scan_input= 185235 assessment_input= 187451 assessment_context= 191547 fit= True
group= 5 refs= 33 scan_input= 122734 assessment_input= 124842 assessment_context= 128938 fit= True
company= ford_motor_company source_id= sha256:5ae42d4aebed1e8720ea77ed71efbb20cb79418301a8ccc7c4fd94922176c396 groups= 11 option_b_max_new_calls= 22
group= 0 refs= 64 scan_input= 185847 assessment_input= 187965 assessment_context= 192061 fit= True
group= 1 refs= 64 scan_input= 170612 assessment_input= 172773 assessment_context= 176869 fit= True
group= 2 refs= 64 scan_input= 159858 assessment_input= 162029 assessment_context= 166125 fit= True
group= 3 refs= 64 scan_input= 184510 assessment_input= 186642 assessment_context= 190738 fit= True
group= 4 refs= 64 scan_input= 183730 assessment_input= 185958 assessment_context= 190054 fit= True
group= 5 refs= 64 scan_input= 152526 assessment_input= 154688 assessment_context= 158784 fit= True
group= 6 refs= 64 scan_input= 151245 assessment_input= 153424 assessment_context= 157520 fit= True
group= 7 refs= 64 scan_input= 180884 assessment_input= 183137 assessment_context= 187233 fit= True
group= 8 refs= 23 scan_input= 189524 assessment_input= 191649 assessment_context= 195745 fit= True
group= 9 refs= 23 scan_input= 192953 assessment_input= 195083 assessment_context= 199179 fit= True
group= 10 refs= 14 scan_input= 84407 assessment_input= 86368 assessment_context= 90464 fit= True
