Traceback (most recent call last):
  File "/Users/lyuhongwang/Developer/SEC_metrics/tests/vnext/test_normal_run_v3_material.py", line 82, in check
    row['details']=action();row['passed']=not reject;row['outcome']='ACCEPTED'
                   ~~~~~~^^
  File "/Users/lyuhongwang/Developer/SEC_metrics/tests/vnext/test_normal_run_v3_material.py", line 176, in changed_primary_binding
    self.replay(data,run)
    ~~~~~~~~~~~^^^^^^^^^^
  File "/Users/lyuhongwang/Developer/SEC_metrics/tests/vnext/test_normal_run_v3_material.py", line 105, in replay
    manifest,records,decisions=run_store._mechanically_replay_open_run(run_dir=run,repo_root=data,require_complete_results=True)
                               ~~~~~~~~~~~~~~~~~~~~~~~~~~~~~~~~~~~~~~~^^^^^^^^^^^^^^^^^^^^^^^^^^^^^^^^^^^^^^^^^^^^^^^^^^^^^^^^^^
  File "/Users/lyuhongwang/Developer/SEC_metrics/scripts/vnext/run_store.py", line 3421, in _mechanically_replay_open_run
    _validate_record_graph(
    ~~~~~~~~~~~~~~~~~~~~~~^
        repo_root=repo_root,
        ^^^^^^^^^^^^^^^^^^^^
    ...<9 lines>...
        r4_replay_context=r4_replay_context,
        ^^^^^^^^^^^^^^^^^^^^^^^^^^^^^^^^^^^^
    )
    ^
  File "/Users/lyuhongwang/Developer/SEC_metrics/scripts/vnext/run_store.py", line 2135, in _validate_record_graph
    ordinary_case = validate_normal_run_authority(repo_root=repo_root,manifest=manifest,
        records=records,compiled_specs=compiled_specs)
  File "/Users/lyuhongwang/Developer/SEC_metrics/scripts/vnext/normal_run_v3.py", line 223, in validate_normal_run_authority
    case = replay_case(data_root=repo_root,manifest=manifest)
  File "/Users/lyuhongwang/Developer/SEC_metrics/scripts/vnext/normal_run_v3.py", line 212, in replay_case
    _need(saved == expected and content_hash(value=expected)[7:] == key,"ORDINARY_INTEGRATED_INPUT_BINDING_CHANGED")
    ~~~~~^^^^^^^^^^^^^^^^^^^^^^^^^^^^^^^^^^^^^^^^^^^^^^^^^^^^^^^^^^^^^^^^^^^^^^^^^^^^^^^^^^^^^^^^^^^^^^^^^^^^^^^^^^^
  File "/Users/lyuhongwang/Developer/SEC_metrics/scripts/vnext/normal_run_v3.py", line 29, in _need
    raise ValueError(reason)
ValueError: ORDINARY_INTEGRATED_INPUT_BINDING_CHANGED
