{"company_id": "marriott_international", "metric_id": "B10", "status": "OPEN_CANDIDATE"}
{"company_id": "marriott_international", "metric_id": "B11", "status": "OPEN_CANDIDATE"}
{"company_id": "southwest_airlines", "metric_id": "B10", "status": "OPEN_CANDIDATE"}
{"company_id": "southwest_airlines", "metric_id": "B11", "status": "OPEN_CANDIDATE"}
{"company_id": "ford_motor_company", "metric_id": "B10", "status": "OPEN_CANDIDATE"}
{"company_id": "ford_motor_company", "metric_id": "B11", "status": "OPEN_CANDIDATE"}
{"company_id": "pfizer", "metric_id": "B10", "status": "OPEN_CANDIDATE"}
{"company_id": "pfizer", "metric_id": "B11", "status": "OPEN_CANDIDATE"}
{"company_id": "jpmorgan_chase", "metric_id": "B10", "status": "OPEN_CANDIDATE"}
{"company_id": "jpmorgan_chase", "metric_id": "B11", "status": "OPEN_CANDIDATE"}
{"company_id": "salesforce", "metric_id": "B10", "status": "OPEN_CANDIDATE"}
{"company_id": "salesforce", "metric_id": "B11", "status": "OPEN_CANDIDATE"}
{"company_id": "lumen_technologies", "metric_id": "B10", "status": "OPEN_CANDIDATE"}
{"company_id": "lumen_technologies", "metric_id": "B11", "status": "OPEN_CANDIDATE"}
{"company_id": "macys", "metric_id": "B10", "status": "OPEN_CANDIDATE"}
{"company_id": "macys", "metric_id": "B11", "status": "OPEN_CANDIDATE"}
{"company_id": "paramount_skydance_paramount_global", "metric_id": "B10", "status": "OPEN_CANDIDATE"}
{"company_id": "paramount_skydance_paramount_global", "metric_id": "B11", "status": "OPEN_CANDIDATE"}
{"company_id": "enphase_energy", "metric_id": "B10", "status": "OPEN_CANDIDATE"}
{"company_id": "enphase_energy", "metric_id": "B11", "status": "OPEN_CANDIDATE"}
