Traceback (most recent call last):
  File "/Users/lyuhongwang/Developer/SEC_metrics/scripts/vnext/requirements.py", line 2028, in load_requirement_snapshot
    return load_profile_requirement_snapshot(
        snapshot_dir=snapshot_dir,
        parent_loader=load_requirement_snapshot,
    )
  File "/Users/lyuhongwang/Developer/SEC_metrics/scripts/vnext/requirement_profile.py", line 77, in load_profile_requirement_snapshot
    return engine.load_profile_requirement_snapshot(
           ~~~~~~~~~~~~~~~~~~~~~~~~~~~~~~~~~~~~~~~~^
        snapshot_dir=snapshot_dir, parent_loader=parent_loader,
        ^^^^^^^^^^^^^^^^^^^^^^^^^^^^^^^^^^^^^^^^^^^^^^^^^^^^^^^
    )
    ^
  File "/Users/lyuhongwang/Developer/SEC_metrics/scripts/vnext/requirement_profile_v15.py", line 52, in load_profile_requirement_snapshot
    need({'sha256':sha256_file(path=path),'size':path.stat().st_size} == binding
    ~~~~^^^^^^^^^^^^^^^^^^^^^^^^^^^^^^^^^^^^^^^^^^^^^^^^^^^^^^^^^^^^^^^^^^^^^^^^
         and sha256_file(path=installed/relative) == binding['sha256'], 'Continuous rule bytes differ: ' + relative)
         ^^^^^^^^^^^^^^^^^^^^^^^^^^^^^^^^^^^^^^^^^^^^^^^^^^^^^^^^^^^^^^^^^^^^^^^^^^^^^^^^^^^^^^^^^^^^^^^^^^^^^^^^^^^
  File "/Users/lyuhongwang/Developer/SEC_metrics/scripts/vnext/requirement_profile_v15.py", line 15, in need
    if not condition:raise v1.RequirementProfileError(reason)
                     ^^^^^^^^^^^^^^^^^^^^^^^^^^^^^^^^^^^^^^^^
vnext.requirement_profile_v1.RequirementProfileError: Continuous rule bytes differ: scripts/vnext/capacity_two_stage.py

The above exception was the direct cause of the following exception:

Traceback (most recent call last):
  File "/Users/lyuhongwang/Developer/SEC_metrics/docs/evidence/issue28_continuous/b13-v7-finite-claim-repair-20260927/rebind_current.py", line 39, in <module>
    prior = load_requirement_snapshot(snapshot_dir=path.parent)
  File "/Users/lyuhongwang/Developer/SEC_metrics/scripts/vnext/requirements.py", line 2033, in load_requirement_snapshot
    raise RequirementError(str(error)) from error
vnext.requirements.RequirementError: Continuous rule bytes differ: scripts/vnext/capacity_two_stage.py
