test_failed_processing_copy_preserves_recorded_capture_for_resume (tests.vnext.test_c04_source_only_install.C04MixedSourceRouteMaterialTest.test_failed_processing_copy_preserves_recorded_capture_for_resume) ... {"event": "vnext.ordinary_update_cycle._config", "seconds": 1.167}
{"event": "vnext.ordinary_refresh_cycle._historical_c04_processing_copies", "seconds": 0.0}
{"event": "vnext.ordinary_refresh_cycle.initialize_source_inputs", "seconds": 0.012}
{"event": "vnext.ordinary_refresh_cycle.discover_saved_source_requirements", "seconds": 2.335}
{"event": "vnext.normal_run_v3.prepare_case", "seconds": 2.998}
{"event": "SecAcquisitionSession.capture", "seconds": 2.457}
{"event": "vnext.ordinary_refresh_cycle.discover_saved_source_requirements", "seconds": 3.645}
{"event": "vnext.ordinary_update_cycle._state", "seconds": 0.0}
{"event": "vnext.normal_run_v3.prepare_case", "seconds": 3.168}
{"event": "vnext.normal_run_v3.prepare_case", "seconds": 3.132}
{"event": "vnext.normal_run_v3.prepare_case", "seconds": 3.176}
{"event": "vnext.normal_run_v3.prepare_case", "seconds": 3.182}
{"event": "vnext.normal_run_v3.prepare_case", "seconds": 3.239}
{"event": "vnext.normal_run_v3.prepare_case", "seconds": 3.232}
{"event": "vnext.normal_run_v3.prepare_case", "seconds": 3.219}
{"event": "vnext.normal_run_v3.prepare_case", "seconds": 3.256}
{"event": "vnext.normal_run_v3.prepare_case", "seconds": 3.206}
{"event": "vnext.normal_run_v3.prepare_case", "seconds": 3.257}
{"event": "vnext.normal_run_v3.prepare_case", "seconds": 3.243}
{"event": "vnext.c04_update_cycle.run_company", "seconds": 54.611}
{"event": "vnext.ordinary_refresh_cycle._historical_c04_processing_copies", "seconds": 0.0}
{"event": "vnext.ordinary_refresh_cycle.initialize_source_inputs", "seconds": 0.021}
{"event": "vnext.ordinary_refresh_cycle.discover_saved_source_requirements", "seconds": 2.986}
{"event": "vnext.normal_run_v3.prepare_case", "seconds": 3.206}
{"event": "vnext.ordinary_update_cycle._state", "seconds": 0.001}
{"event": "vnext.ordinary_refresh_cycle._resume_one_c04_source", "seconds": 7.431}
{"event": "vnext.ordinary_refresh_cycle._historical_c04_processing_copies", "seconds": 0.0}
{"event": "vnext.ordinary_refresh_cycle.initialize_source_inputs", "seconds": 0.013}
{"event": "vnext.ordinary_refresh_cycle.discover_saved_source_requirements", "seconds": 2.935}
{"event": "vnext.normal_run_v3.prepare_case", "seconds": 3.216}
{"event": "vnext.ordinary_update_cycle._state", "seconds": 0.001}
{"event": "vnext.ordinary_update_cycle._config", "seconds": 1.205}
{"event": "vnext.ordinary_processing_source.checkpoint_installation", "seconds": 0.054}
{"event": "vnext.ordinary_processing_source.initialize_source_inputs", "seconds": 1.293}
{"event": "vnext.ordinary_processing_source.checkpoint_installation", "seconds": 0.057}
{"event": "vnext.ordinary_processing_source._check_copy", "seconds": 0.068}
{"event": "vnext.ordinary_processing_source.current_processing_source", "seconds": 1.438}
{"event": "vnext.ordinary_refresh_cycle._resume_one_c04_source", "seconds": 10.017}
{"event": "vnext.ordinary_refresh_cycle.discover_saved_source_requirements", "seconds": 2.945}
{"event": "vnext.normal_run_v3.prepare_case", "seconds": 3.234}
{"event": "vnext.normal_run_v3.prepare_case", "seconds": 3.24}
{"event": "SecAcquisitionSession.capture", "seconds": 3.843}
{"event": "vnext.ordinary_processing_source.checkpoint_installation", "seconds": 0.08}
{"event": "vnext.ordinary_processing_source.initialize_source_inputs", "seconds": 1.044}
{"event": "vnext.ordinary_processing_source.checkpoint_installation", "seconds": 0.083}
{"event": "vnext.ordinary_processing_source._check_copy", "seconds": 0.095}
{"event": "vnext.ordinary_processing_source.current_processing_source", "seconds": 1.242}
{"event": "vnext.ordinary_refresh_cycle.discover_saved_source_requirements", "seconds": 4.501}
{"event": "vnext.ordinary_processing_source.checkpoint_installation", "seconds": 0.08}
{"event": "vnext.ordinary_processing_source.checkpoint_installation", "seconds": 0.081}
{"event": "vnext.ordinary_processing_source._check_copy", "seconds": 0.093}
{"event": "vnext.ordinary_processing_source.verify_processing_source", "seconds": 0.192}
{"event": "vnext.ordinary_update_cycle._config", "seconds": 1.211}
{"event": "vnext.ordinary_update_cycle._state", "seconds": 0.0}
{"event": "vnext.normal_run_v3.prepare_case", "seconds": 0.994}
{"event": "vnext.normal_run_v3.prepare_case", "seconds": 1.001}
{"event": "vnext.normal_run_v3.prepare_case", "seconds": 1.001}
{"event": "vnext.normal_run_v3.prepare_case", "seconds": 1.004}
{"event": "vnext.normal_run_v3.prepare_case", "seconds": 1.009}
{"event": "vnext.normal_run_v3.prepare_case", "seconds": 1.005}
{"event": "vnext.normal_run_v3.prepare_case", "seconds": 1.014}
{"event": "vnext.normal_run_v3.prepare_case", "seconds": 1.019}
{"event": "vnext.normal_run_v3.prepare_case", "seconds": 1.0}
{"event": "vnext.normal_run_v3.prepare_case", "seconds": 1.015}
{"event": "vnext.normal_run_v3.prepare_case", "seconds": 0.998}
{"event": "vnext.ordinary_processing_source.checkpoint_installation", "seconds": 0.089}
{"event": "vnext.ordinary_processing_source.checkpoint_installation", "seconds": 0.086}
{"event": "vnext.ordinary_processing_source._check_copy", "seconds": 0.104}
{"event": "vnext.ordinary_processing_source.verify_processing_source", "seconds": 0.248}
{"event": "vnext.ordinary_refresh_cycle.run_company", "seconds": 32.15}
{"event": "vnext.ordinary_update_cycle._state", "seconds": 0.001}
{"event": "vnext.normal_run_v3.prepare_case", "seconds": 3.292}
{"event": "vnext.normal_run_v3.prepare_case", "seconds": 3.285}
{"event": "vnext.normal_run_v3.prepare_case", "seconds": 3.297}
{"event": "vnext.normal_run_v3.prepare_case", "seconds": 3.298}
{"event": "vnext.normal_run_v3.prepare_case", "seconds": 3.428}
{"event": "vnext.c04_update_cycle.run_company", "seconds": 25.867}
ok

----------------------------------------------------------------------
Ran 1 test in 166.090s

OK
{"event": "whole_test", "seconds": 166.09, "success": true}
