{
  "elapsed_seconds": 2.096749374875799,
  "status": "RUNTIME_INSTALLED",
  "runtime_root": "/Users/lyuhongwang/.local/state/sec_metrics/issue28-development-evidence/company-c02-review-runtime-20261006",
  "requirement_id": "issue_54_v1",
  "dispatch_files": [
    "scripts/vnext/requirement_profile.py",
    "scripts/vnext/run_store.py",
    "scripts/vnext/normal_run_v3.py",
    "scripts/vnext/ordinary_source_authority.py",
    "scripts/vnext/records.py",
    "scripts/vnext/normal_zero_ai_results.py"
  ],
  "authority_hash": "sha256:e2ba15498c3ef7cb12b01151175cf3ad41c7de80465276b7d5f83432583c2710",
  "sec_originals_installed": false,
  "new_business_calls": [
    0,
    0,
    0
  ],
  "production_authorized": false
}
