{
  "elapsed_seconds": 6.073391000041738,
  "record_type": "COMPANY_COMPUTATION_REFERENCES_V1",
  "company_id": "jpmorgan_chase",
  "source_root": "/Users/lyuhongwang/.local/state/sec_metrics/issue28-development-evidence/company-c02-review-new-task-20261006/source",
  "source_checkpoint_id": "sha256:3953c4128d272a0ce5f0d369d673a4ad6cae5d74aef94edefc266b7c5bbf3964",
  "metric_ids": [
    "C02"
  ],
  "period_request": {
    "report_end": "2025-12-31",
    "fiscal_year": null
  },
  "runtime_root": "/Users/lyuhongwang/.local/state/sec_metrics/issue28-development-evidence/company-c02-review-runtime-v2-20261006",
  "metrics": [
    {
      "metric_id": "C02",
      "status": "REVIEW_REQUIRED",
      "development_review_id": "sha256:a12ad90e3db83b2a94e3bda921ea224cec0d7ac3d945b2ada1308ba16891a878",
      "business_metric_completed": false
    }
  ],
  "new_business_calls": {
    "provider": 0,
    "paid": 0,
    "sec": 0
  },
  "production_authorized": false,
  "execution_id": "facb70e5344f49d5b7b2e31167538e0c",
  "recorded_at": "2026-10-06T09:11:02.439521+00:00",
  "review_id": "sha256:a12ad90e3db83b2a94e3bda921ea224cec0d7ac3d945b2ada1308ba16891a878",
  "candidate_hash": "sha256:d1298823a7fd72322d56596103fd8df23cb512d85a2003fe92aeceecc6a693db"
}
