{
  "elapsed_seconds": 2.040969500085339,
  "status": "RUNTIME_INSTALLED",
  "runtime_root": "/Users/lyuhongwang/.local/state/sec_metrics/issue28-development-evidence/company-c02-review-boundary-closed-20261006",
  "requirement_id": "issue_54_v1",
  "dispatch_files": [
    "scripts/vnext/requirement_profile.py",
    "scripts/vnext/run_store.py",
    "scripts/vnext/normal_run_v3.py",
    "scripts/vnext/ordinary_source_authority.py",
    "scripts/vnext/records.py",
    "scripts/vnext/normal_zero_ai_results.py"
  ],
  "authority_hash": "sha256:3ba963ad1110cca6a1bf987a7de09eabd2466b495ebb49b64b974b36f244b9e5",
  "sec_originals_installed": false,
  "new_business_calls": [
    0,
    0,
    0
  ],
  "production_authorized": false
}
