{
  "started_from_fixed_base": "f6ef7886d6630f7675c25cd42e306c373ab05769",
  "completed_at_utc": "2026-10-09T22:34:28.815015+00:00",
  "executed_cases": 6,
  "entries": [
    {
      "case": "base-vs-head: default/V2 Candidate+Evidence exact identity for bold and underline material; selector proposal exact identity",
      "status": "PASS"
    },
    {
      "case": "V3 exact complete header forms excluded; punctuated/ampersand forms and genuine prefix sentence preserved",
      "status": "PASS"
    },
    {
      "case": "V3 header-only section refuses rather than publishing empty risk success",
      "status": "PASS"
    },
    {
      "case": "missing Item1A with newly bound original bytes refuses by coverage gate",
      "status": "PASS"
    },
    {
      "case": "V3 Evidence refuses default/V2 replay plus subject, annual range, accession, raw-byte and unknown-policy changes",
      "status": "PASS"
    },
    {
      "case": "D01 gate refuses factory without selected year, selected year without factory, and boolean year",
      "status": "PASS"
    }
  ]
}
