Static exact-patch inspection; no product edits.
diff --git a/.github/workflows/company-current-records.yml b/.github/workflows/company-current-records.yml
index a9bdb377..588e99b5 100644
--- a/.github/workflows/company-current-records.yml
+++ b/.github/workflows/company-current-records.yml
@@ -31,6 +31,7 @@ name: Company saved-source records
       - 'tests/vnext/test_history_company_dispatch.py'
       - 'tests/vnext/test_historical_geography_cases.py'
       - 'tests/vnext/test_selected_history_result_state.py'
+      - 'tests/vnext/test_d01_explicit_running_headers.py'
       - 'tests/fixtures/lodging_selected_table.html'
       - 'config/**'
       - 'catalog/**'
@@ -66,6 +67,10 @@ jobs:
         env:
           PYTHONDONTWRITEBYTECODE: '1'
         run: python3 tests/required_unittests.py tests.vnext.test_historical_event_cases.HistoricalEventCaseTest tests.vnext.test_historical_event_cases.HistoricalEventHistoryStrategyTest tests.vnext.test_historical_event_cases.HistoricalEventRecordRetentionTest
+      - name: Explicit D01 successor and ordinary factory admission
+        env:
+          PYTHONDONTWRITEBYTECODE: '1'
+        run: python3 tests/required_unittests.py tests.vnext.test_d01_explicit_running_headers
       - name: Existing historical SEC count and recorded capture compatibility
         env:
           PYTHONDONTWRITEBYTECODE: '1'
diff --git a/scripts/vnext/d01_emphasis_results.py b/scripts/vnext/d01_emphasis_results.py
index ae382037..3c4e4dc6 100644
--- a/scripts/vnext/d01_emphasis_results.py
+++ b/scripts/vnext/d01_emphasis_results.py
@@ -19,10 +19,11 @@ from .text_results import (DETERMINISTIC_CANDIDATE_TYPE, DETERMINISTIC_METHOD,
                            _text, text_policy)
 
 POLICY = "D01_EMPHASIS_SOURCE_V2"
+RUNNING_HEADER_POLICY = "D01_EMPHASIS_SOURCE_V3_RUNNING_HEADER"
 
 
 def _successor(*, compiled_spec, d01_emphasis_policy):
-    _need(d01_emphasis_policy in {None, POLICY}, "D01_EMPHASIS_POLICY_INVALID")
+    _need(d01_emphasis_policy in {None, POLICY, RUNNING_HEADER_POLICY}, "D01_EMPHASIS_POLICY_INVALID")
     if d01_emphasis_policy is None:
         return False
     _need(compiled_spec["compiled"]["metric_id"] == "D01"
@@ -94,7 +95,8 @@ def create_deterministic_text_candidate(*, compiled_spec, target, source_referen
         d01_emphasis_policy=d01_emphasis_policy)
     return frozen._derive_deterministic_candidate(
         compiled_spec=compiled_spec, target=target, source_references=source_references,
-        documents=documents, coverages=coverages)
+        documents=documents, coverages=coverages,
+        exclude_combined_part_headers=d01_emphasis_policy == RUNNING_HEADER_POLICY)
 
 
 def verify_deterministic_text_candidate(*, candidate, **source_arguments):
@@ -130,7 +132,8 @@ def build_text_evidence(*, compiled_spec, target, candidate, source_references,
     if candidate["record_type"] == DETERMINISTIC_CANDIDATE_TYPE:
         expected = frozen._derive_deterministic_candidate(
             compiled_spec=compiled_spec, target=target, source_references=source_references,
-            documents=documents, coverages=coverages)
+            documents=documents, coverages=coverages,
+            exclude_combined_part_headers=d01_emphasis_policy == RUNNING_HEADER_POLICY)
         _need(candidate == expected, "DETERMINISTIC_TEXT_CANDIDATE_REPLAY_CHANGED")
     selected = candidate["selected"]
     _need(1 <= len(selected) <= policy["max_items"], "TEXT_CANDIDATE_ITEM_COUNT_INVALID")
diff --git a/scripts/vnext/ordinary_saved_result.py b/scripts/vnext/ordinary_saved_result.py
index 1e6cf8f5..ea763e46 100644
--- a/scripts/vnext/ordinary_saved_result.py
+++ b/scripts/vnext/ordinary_saved_result.py
@@ -19,7 +19,7 @@ from .records import validate_record
 METRIC_IDS = frozenset(installed_ordinary_spec_documents())
 LODGING_METRIC_IDS = frozenset({'B10','B11'})
 SAVED_METRIC_IDS = METRIC_IDS | LODGING_METRIC_IDS
-EXPLICIT_CASE_METRICS = frozenset({'A03','A04','A09','A11','A12','A13'})
+EXPLICIT_CASE_METRICS = frozenset({'A03','A04','A09','A11','A12','A13','D01'})
 
 
 def _program_version(root):
diff --git a/scripts/vnext/risk_signals.py b/scripts/vnext/risk_signals.py
index 9eb3abf2..97f189c2 100644
--- a/scripts/vnext/risk_signals.py
+++ b/scripts/vnext/risk_signals.py
@@ -7,13 +7,15 @@ from .canonical import content_hash
 from .text_coverage import TextCoverageError
 
 
-def risk_factor_headings(*, document: Mapping) -> dict:
+def risk_factor_headings(*, document: Mapping, exclude_combined_part_headers=False) -> dict:
     """Return verbatim emphasized items from the entire located Item 1A.
 
     A source heading is a disclosure, not a finding that the risk has occurred.
     A bold lead sentence is kept separately from its following paragraph. The
     native consumer must reconstruct this document from original source bytes.
     """
+    if type(exclude_combined_part_headers) is not bool:
+        raise TextCoverageError("D01_RUNNING_HEADER_POLICY_INVALID")
     if document.get("text_document_id") != content_hash(value={
             k: v for k, v in document.items() if k != "text_document_id"}):
         raise TextCoverageError("TEXT_DOCUMENT_HASH_CHANGED")
@@ -34,6 +36,8 @@ def risk_factor_headings(*, document: Mapping) -> dict:
             if (block["linked"]
                     or not re.search(r"[A-Za-z]", text)
                     or re.match(r"^(?:item\s*1a\b|part\s+[ivx]+$)", text, re.I)
+                    or (exclude_combined_part_headers
+                        and re.fullmatch(r"parts\s+[ivx]+\s+and\s+[ivx]+", text, re.I))
                     or re.sub(r"\W", "", text).casefold() in normalized_names):
                 continue
             # Page repeats remain inspectable. Only identical title text is
diff --git a/scripts/vnext/text_results.py b/scripts/vnext/text_results.py
index d978b304..5c1792ea 100644
--- a/scripts/vnext/text_results.py
+++ b/scripts/vnext/text_results.py
@@ -211,7 +211,8 @@ def validate_deterministic_candidate_shape(*, candidate):
           and target["scope_key"] == content_hash(value=target["scope"]), "DETERMINISTIC_TEXT_TARGET_INVALID")
 
 
-def _derive_deterministic_candidate(*, compiled_spec, target, source_references, documents, coverages):
+def _derive_deterministic_candidate(*, compiled_spec, target, source_references, documents, coverages,
+                                    exclude_combined_part_headers=False):
     from .risk_signals import risk_factor_headings
     policy = text_policy(compiled_spec)
     _need(compiled_spec["compiled"]["quality_rule"].get("deterministic_text_method") == DETERMINISTIC_METHOD
@@ -220,7 +221,8 @@ def _derive_deterministic_candidate(*, compiled_spec, target, source_references,
     for source in source_references:
         source_id = source["source_reference_id"]
         document = documents[source_id]
-        proposal = risk_factor_headings(document=document)
+        proposal = risk_factor_headings(document=document,
+            exclude_combined_part_headers=exclude_combined_part_headers)
         _need(proposal["status"] == "SOURCE_HEADINGS_READY", "DETERMINISTIC_TEXT_HEADINGS_UNSUPPORTED")
         document_bindings[source_id] = {"document_id": document["text_document_id"],
             "coverage_hash": coverages[source_id]["coverage_hash"], "proposal_id": proposal["proposal_id"]}
diff --git a/tests/vnext/test_d01_explicit_running_headers.py b/tests/vnext/test_d01_explicit_running_headers.py
new file mode 100644
index 00000000..22c863c2
--- /dev/null
+++ b/tests/vnext/test_d01_explicit_running_headers.py
@@ -0,0 +1,112 @@
+"""Explicit D01 successor; constructed originals are not company acceptance."""
+import copy
+import unittest
+from pathlib import Path
+from tempfile import TemporaryDirectory
+from unittest.mock import patch
+
+from tests.vnext.common import REPO_ROOT
+from tests.vnext.test_text_coverage import BODY, annual, binding
+from tests.vnext.test_text_results import source_arguments
+from vnext import d01_emphasis_results as d01
+from vnext import ordinary_saved_result as saved
+from vnext import ordinary_current_update as update
+from vnext.canonical import content_hash
+from vnext.risk_signals import risk_factor_headings
+from vnext.specs import compile_spec_file
+from vnext.text_coverage import build_text_document
+
+
+class ExplicitD01HeaderTest(unittest.TestCase):
+    def args(self, *, additions='<p><b>Parts I and II</b></p>'):
+        body = BODY.replace('<p>A supply constraint could affect production.</p>',
+            '<p><b>Supply constraints may affect production</b>. Actual narrative stays separate.</p>'+additions)
+        args = source_arguments(binding(annual(body)))
+        spec = compile_spec_file(path=REPO_ROOT/'catalog/r6/D01_risk_factor_headings.md', dependency_specs={})
+        scope = spec['compiled']['required_claims']
+        args['compiled_spec'] = spec
+        args['target'].update(scope=scope, scope_key=content_hash(value=scope))
+        return args
+
+    def candidate(self, policy=None, **kwargs):
+        args=self.args(**kwargs)
+        if policy is not None:args['d01_emphasis_policy']=policy
+        return args,d01.create_deterministic_text_candidate(**args)
+
+    def test_explicit_successor_excludes_complete_header_default_and_v2_unchanged(self):
+        oldargs,old=self.candidate()
+        v2args,v2=self.candidate(d01.POLICY)
+        args,new=self.candidate(d01.RUNNING_HEADER_POLICY)
+        self.assertEqual(old,v2)
+        self.assertEqual([c['text'] for c in old['selected'].values()],
+            ['Supply constraints may affect production','Parts I and II'])
+        self.assertEqual([c['text'] for c in new['selected'].values()],['Supply constraints may affect production'])
+        self.assertNotEqual(old['candidate_hash'],new['candidate_hash'])
+        self.assertEqual(d01.verify_deterministic_text_candidate(candidate=new,**args),new)
+        self.assertEqual(d01.verify_deterministic_text_candidate(candidate=old,**oldargs),old)
+        self.assertEqual(d01.verify_deterministic_text_candidate(candidate=v2,**v2args),v2)
+
+    def test_evidence_rebuilds_the_same_explicit_selection_and_rejects_old_candidate(self):
+        args,new=self.candidate(d01.RUNNING_HEADER_POLICY)
+        evidence=d01.build_text_evidence(candidate=new,**args)
+        self.assertTrue(evidence)
+        _,old=self.candidate(d01.POLICY)
+        with self.assertRaisesRegex(ValueError,'CANDIDATE_REPLAY_CHANGED'):
+            d01.build_text_evidence(candidate=old,**args)
+
+    def test_risk_sentence_with_the_same_prefix_is_kept_and_exact_span_preserved(self):
+        title='Parts I and II of the supply chain may be disrupted'
+        args,new=self.candidate(d01.RUNNING_HEADER_POLICY,additions='<p><b>'+title+'</b>. Later explanation.</p>')
+        claim=new['selected']['excerpt_1'];self.assertEqual(claim['text'],title)
+        raw=next(iter(args['raw_bytes_by_id'].values()))
+        self.assertIn(title.encode(),raw[claim['raw_start_byte']:claim['raw_end_byte']])
+
+    def test_underlined_heading_survives_while_repeated_combined_headers_do_not(self):
+        args,new=self.candidate(d01.RUNNING_HEADER_POLICY,additions=
+            '<p><b>Parts I and II</b></p><p><span style="text-decoration:underline">Cybersecurity threats may affect operations</span>. Explanation.</p><p><b>Parts I and II</b></p>')
+        self.assertEqual([c['text'] for c in new['selected'].values()],
+            ['Supply constraints may affect production','Cybersecurity threats may affect operations'])
+        d01.build_text_evidence(candidate=new,**args)
+
+    def test_wrong_entity_period_missing_section_and_changed_raw_still_refuse(self):
+        args,_=self.candidate(d01.RUNNING_HEADER_POLICY)
+        variants=[]
+        changed=copy.deepcopy(args);changed['target']['entity']='54321';variants.append(changed)
+        changed=copy.deepcopy(args);changed['target']['period_end']='2024-12-31';variants.append(changed)
+        changed=copy.deepcopy(args);rawid=next(iter(changed['raw_bytes_by_id']))
+        changed['raw_bytes_by_id'][rawid]=changed['raw_bytes_by_id'][rawid].replace(b'Item 1A. Risk Factors',b'Appendix Risks');variants.append(changed)
+        for changed in variants:
+            with self.subTest(target=changed['target']),self.assertRaises(ValueError):
+                d01.create_deterministic_text_candidate(**changed)
+
+    def test_changed_document_and_non_boolean_policy_are_refused(self):
+        source=binding(annual(BODY));document=build_text_document(**source)
+        document['period_end']='2024-12-31'
+        with self.assertRaisesRegex(ValueError,'HASH_CHANGED'):
+            risk_factor_headings(document=document,exclude_combined_part_headers=True)
+        with self.assertRaisesRegex(ValueError,'POLICY_INVALID'):
+            risk_factor_headings(document=document,exclude_combined_part_headers=1)
+
+    def test_explicit_company_factory_gate_does_not_open_default_d01(self):
+        self.assertIn('D01',saved.EXPLICIT_CASE_METRICS)
+        self.assertNotIn('D01',saved.SAVED_METRIC_IDS)
+        with TemporaryDirectory() as temp:
+            with self.assertRaisesRegex(ValueError,'ROUTE_NOT_IMPLEMENTED'):
+                saved.create_saved_result(source_root=REPO_ROOT,output_root=Path(temp)/'result',company_id='marriott_international',metric_id='D01')
+            with self.assertRaisesRegex(ValueError,'METRIC_UNSUPPORTED'):
+                update.run_once(source_root=REPO_ROOT,state_root=Path(temp)/'state',company_id='marriott_international',metric_id='D01')
+            with self.assertRaisesRegex(ValueError,'METRIC_UNSUPPORTED'):
+                update.run_once(source_root=REPO_ROOT,state_root=Path(temp)/'state',company_id='marriott_international',metric_id='D01',fiscal_year=2024)
+            with patch.object(update,'_configuration',side_effect=RuntimeError('Reached explicit path')):
+                result=update.run_once(source_root=REPO_ROOT,state_root=Path(temp)/'state',company_id='marriott_international',metric_id='D01',fiscal_year=2024,case_factory=lambda **kwargs:None)
+                self.assertEqual(result['reason'],'Reached explicit path')
+
+    def test_unknown_or_wrong_metric_successor_policy_is_rejected(self):
+        args=self.args();args['d01_emphasis_policy']='UNKNOWN'
+        with self.assertRaisesRegex(ValueError,'POLICY_INVALID'):d01.create_deterministic_text_candidate(**args)
+        args['d01_emphasis_policy']=d01.RUNNING_HEADER_POLICY
+        args['compiled_spec']['compiled']['metric_id']='D02'
+        with self.assertRaisesRegex(ValueError,'SPEC_INVALID'):d01.create_deterministic_text_candidate(**args)
+
+
+if __name__=='__main__':unittest.main()

Working-tree diff --check: exit 0
Final status:
?? docs/evidence/issue28_explicit_risk_headings_20261010/independent-review/
