{
  "base": "f6ef7886d6630f7675c25cd42e306c373ab05769",
  "head": "0215ec9d0d8dd7f0bc4f964bc6639aabd4cc29a2",
  "head_is_checked_out": true,
  "files": {
    "scripts/vnext/selected_source_requirements.py": {
      "actual_sha256": "b9aef444c54225ce05b9d8cbd56b2c406966c4535ab91c026e0ab53373ebcb50",
      "tested_sha256": "b9aef444c54225ce05b9d8cbd56b2c406966c4535ab91c026e0ab53373ebcb50",
      "matches_tested_tree": true,
      "matches_commit": true
    },
    "tools/vnext_company.py": {
      "actual_sha256": "b3ec51286dfc6d9c50ba1bfa25f0bf9e74b941e75b5d750020a8ccd300a8a311",
      "tested_sha256": "b3ec51286dfc6d9c50ba1bfa25f0bf9e74b941e75b5d750020a8ccd300a8a311",
      "matches_tested_tree": true,
      "matches_commit": true
    },
    "tests/vnext/test_selected_source_requirements.py": {
      "actual_sha256": "a10920df12fe75780978632cc5682c98953ec11c0b5c00d46d1d6324b3d8e2db",
      "tested_sha256": "a10920df12fe75780978632cc5682c98953ec11c0b5c00d46d1d6324b3d8e2db",
      "matches_tested_tree": true,
      "matches_commit": true
    },
    ".github/workflows/company-current-records.yml": {
      "actual_sha256": "38e2ba020ed2ea3fc176031ac549b1877d84d0990c6c981e48ee8f49a1c5bd17",
      "tested_sha256": "38e2ba020ed2ea3fc176031ac549b1877d84d0990c6c981e48ee8f49a1c5bd17",
      "matches_tested_tree": true,
      "matches_commit": true
    },
    "docs/company_local_run.md": {
      "actual_sha256": "cc41ceaf8ca3921bdc6622c0b07caff13e1a070eef4f2bd948cb50659eabc202",
      "tested_sha256": "cc41ceaf8ca3921bdc6622c0b07caff13e1a070eef4f2bd948cb50659eabc202",
      "matches_tested_tree": true,
      "matches_commit": true
    }
  }
}
