{
  "utc": "2026-10-08T10:03:52.361677+00:00",
  "head": "930a3df29df8dbc8cd519044a23aeb682c09f80c",
  "status": " M docs/evidence/issue28_b06_relations_20261008/independent-unit-scope/conclusion.md\n?? docs/evidence/issue28_b06_relations_20261008/independent-adjacency/\n?? docs/evidence/issue28_b06_relations_20261008/independent-unit-scope/resource-limit-stop-930.log\n",
  "reviewed_bytes_unchanged": {
    "scripts/vnext/industrial_lease_relation.py": true,
    "tests/vnext/test_industrial_lease_relation.py": true,
    "docs/evidence/issue28_b06_relations_20261008/verify_table_unit_scope.py": true
  },
  "reused_artifact_bytes_unchanged": {
    "docs/evidence/issue28_b06_relations_20261008/README.md": true,
    "docs/evidence/issue28_b06_relations_20261008/independent-unit-scope/conclusion.md": true,
    "docs/evidence/issue28_b06_relations_20261008/adjacent-table-unit-before.log": true,
    "docs/evidence/issue28_b06_relations_20261008/adjacent-table-unit-default.log": true,
    "docs/evidence/issue28_b06_relations_20261008/adjacent-table-unit-original.json": true,
    "docs/evidence/issue28_b06_relations_20261008/adjacent-table-unit-after.log": true,
    "docs/evidence/issue28_b06_relations_20261008/adjacent-table-unit-original.log": true,
    "docs/evidence/issue28_b06_relations_20261008/adjacent-table-unit-default.json": true
  },
  "review_finish_utc": "2026-10-08T10:05:40.476488+00:00",
  "spawn_utc": "2026-10-08T09:59:27Z",
  "elapsed_seconds": 373.476488,
  "tool_count_including_this_write": 35,
  "tool_breakdown": {
    "functions.exec": 10,
    "exec_command": 22,
    "clock": 2,
    "write_stdin": 1
  },
  "ordinary_messages_including_final_report": 1,
  "questions": 0,
  "process_messages": 0,
  "spawn": 0,
  "conclusion_sha256": "06a79c3f0191108c8e9aa244f90d23b1cdf2142b35fe8517b68cc2e9126e03fe"
}
