{
  "status": "NOT_COMPLETED_RESOURCE_LIMIT",
  "spawn_utc": "2026-10-08T09:59:27Z",
  "deadline_utc": "2026-10-08T11:29:27Z",
  "stop_utc": "2026-10-08T13:22:50.798291+00:00",
  "elapsed_seconds": 12203.798291,
  "last_clock_utc": "2026-10-08 13:21:45 UTC",
  "tool_count": 52,
  "messages_including_final": 2,
  "new_tests_executed": 0,
  "old_conclusion_prefix_unchanged": true,
  "old_review_logs_unchanged": {
    "docs/evidence/issue28_b06_relations_20261008/independent-adjacency/initial-byte-state.log": true,
    "docs/evidence/issue28_b06_relations_20261008/independent-adjacency/final-byte-verification.log": true,
    "docs/evidence/issue28_b06_relations_20261008/independent-adjacency/unit-tests.log": true,
    "docs/evidence/issue28_b06_relations_20261008/independent-adjacency/saved-unit-scope-control.log": true,
    "docs/evidence/issue28_b06_relations_20261008/independent-adjacency/base-patch-adjacency-controls.log": true
  },
  "conclusion_sha256": "76faf6c20590031743177e49999a1019a303dcc46344b353f4dd5bd772de7906"
}
