[B47] April 6, 2026

[B54] We are proud of the Board’s strong culture—one that values independence, constructive interaction with management, and diversity of thought. Our independent directors meet separately at every regular Board meeting, allowing for candid discussion and effective oversight. Our directors bring a wide range of qualifications, backgrounds, perspectives, and tenure, and we regularly review and refresh committee assignments to best leverage these strengths. Earlier this year, we made several committee changes based on these factors: Ginni Rometty now serves as Chair of the Corporate Governance & Nominating Committee ("CGNC"), Alex Gorsky and Michele Buck have joined CGNC, and Brad Smith and Alicia Boler Davis have joined the Public Responsibility Committee.

[B64] I want to recognize the service of Todd Combs, who resigned from the Board in December 2025 to join the management team as head of the Strategic Investment Group within the Firm’s new Security and Resiliency Initiative. We thank Todd for his years of dedicated service and look forward to continuing to work with him in his new role.

[B307] Board composition reflects an effective mix of executive experience and skills and a balance of experience and fresh perspectives to provide independent oversight

[B308] •Our directors have experience and demonstrated success in executive roles relevant to the Firm’s business and operations and contribute to the Board’s effective oversight of management and its diversity across a range of attributes, executive experience and skills

[B309] •The Board has a well-balanced tenure with a mix of experience and fresh perspectives

[B347] The Board of Directors has nominated the 11 individuals listed below. All are independent other than our CEO. If elected at the annual meeting, all nominees are expected to serve until next year’s annual meeting.

[B365] Michele G. Buck

[B372] Alicia Boler Davis

[B385] Alex Gorsky

[B407] Brad D. Smith

[B477] Our Board of Directors has nominated 11 directors, who, if elected by shareholders at our annual meeting, will be expected to serve until next year’s annual meeting.

[B487] •Nominees have executive experience and skills aligned with the Firm’s business and strategy

[B488] •Ongoing recruitment and refreshment promote a balance of experience and fresh perspective

[B495] •A significant portion of Board oversight responsibilities of key issues is carried out by the principal standing committees, which consist solely of independent Board members

[B527] In the biographical information about our director nominees that follows, the ages indicated are as of May 19, 2026, and the other information is as of the date of this proxy statement. There are no family relationships among the director nominees or between any director nominee and any executive officer.

[B528] On December 8, 2025, JPMorganChase announced that Todd A. Combs had resigned from the Firm's Board of Directors and would join the Firm as the head of the Strategic Investment Group within the Firm’s Security and Resiliency Initiative ("SRI").

[B529] All of the nominees are currently directors of the Firm. Each nominee has agreed to be named in this proxy statement and, if elected, to serve a one-year term expiring at our 2027 annual meeting.

[B530] Directors are expected to attend our annual meetings. All 12 directors serving on our Board at the time of the 2025 annual meeting attended last year's meeting.

[B540] When recruiting and selecting candidates, the Board considers a wide range of attributes, executive experience and skills. Below are brief summaries of the key qualifications of our director nominees. The following page provides a matrix of Board qualifications and attributes.

[B541] All of our nominees possess: independent perspective, integrity, judgment, strong work ethic, strength of conviction, collaborative approach to engagement, inquisitiveness and willingness to appropriately challenge management

[B570] Board qualifications and composition matrix1

[B571] Board qualifications

[B572] 11 Director Nominees:

[B573] Qualifications

[B574] Finance and Accounting

[B575] Financial Services

[B576] International Business Operations

[B577] Leadership of a Large, Complex Organization

[B578] Human Capital Management

[B579] Public Company Governance

[B580] Technology

[B581] Regulated Industries

[B582] Risk Management and Controls

[B583] Sustainability

[B596] 1The information in the Board qualifications and composition matrix was provided by the nominees. The race and ethnicity information is based on U.S. Equal Employment Opportunity race/ethnicity categories.

[B605] Qualification Highlights

[B606] •Public Company Governance: As an experienced board member and executive, brings valuable insight on corporate governance best practices and effective engagement with diverse stakeholders

[B607] •Human Capital Management: Brings a balanced perspective on executive development, succession planning and compensation matters

[B608] •Leadership of a Large, Complex Organization: Experience managing a complex, global business, including setting and executing

[B609] long-term strategic direction

[B610] •Finance and Accounting: Strong financial acumen gained through executive roles

[B627] Stephen B. Burke

[B629] Lead Independent Director since 2021

[B631] Director since: 2004

[B632] Committees:

[B633] Compensation & Management Development Committee (Chair)

[B634] Corporate Governance & Nominating Committee

[B635] Qualification Highlights

[B636] •Risk Management and Controls: Retired risk management executive with deep experience in assessing and managing financial risk

[B637] •Financial Services: Wide-ranging experience in the financial services sector, including with respect to capital markets and consumer financial products

[B638] •Regulated Industries: Significant experience navigating the financial services regulatory landscape and engaging with regulators

[B639] •Human Capital Management: Brings valuable insight on succession planning and senior executive development matters

[B655] Linda B. Bammann

[B658] Director since: 2013

[B659] Committees:

[B660] Risk Committee (Chair)

[B661] Compensation & Management Development Committee

[B670] Qualification Highlights

[B671] •Finance and Accounting: Expertise in strategic financial management as CEO of The Hershey Company and board-level financial oversight

[B672] •Leadership of a Large, Complex Organization: Respected leader of a large, consumer-facing business, setting strategy and direction for long-term sustainable, profitable growth

[B673] •Public Company Governance: Significant experience in corporate governance leadership and with complex stakeholder structures as Chair of The Hershey Company and through other board service

[B674] •Human Capital Management: C-suite and board director experience in succession planning, compensation and organizational matters

[B694] Michele G. Buck

[B697] Director since: 2025

[B698] Committees:

[B700] Corporate Governance & Nominating Committee

[B701] Qualification Highlights

[B702] •Risk Management and Controls: Expertise in risk management and controls matters gained from experience in senior executive roles

[B703] •Technology: Insight into the development and deployment of innovative technology including through her experience leading Amazon’s worldwide network of customer service operations, and robotics and technology

[B704] •Regulated Industries: Strong understanding of regulatory processes and the ability to effectively navigate the regulatory landscape as President of a business in a highly regulated industry

[B705] •International Business Operations: Wide-ranging experience in overseeing businesses with global operations, customers and stakeholders

[B728] Alicia Boler Davis

[B731] Director since: 2023

[B732] Committees:

[B733] Public Responsibility Committee

[B734] Risk Committee

[B743] Qualification Highlights

[B744] •Financial Services: Experienced leader in the financial services industry with deep knowledge of all aspects of the Firm’s business activities, as well as its financial position and condition, corporate governance practices, technology investments and risk management and controls, in addition to the items detailed below

[B745] •Leadership of a Large, Complex Organization: Leadership of JPMorganChase and its predecessors for more than two decades, with a track record of growth, market leadership, focus on the Firm’s clients, advancing economic growth and opportunity and empowering communities

[B746] •Human Capital Management: Unique insight into all aspects of recruitment, retention and development of key talent and succession planning for senior executives

[B747] •Regulated Industries: In-depth experience in responding to an evolving regulatory landscape and cultivating constructive relationships with regulators and government leaders around the world

[B748] •International Business Operations: Executive management of business operations that serve customers and clients in 100+ global markets and across diverse geographic, political and regulatory environments

[B766] James Dimon

[B767] Chairman and Chief Executive Officer of JPMorgan Chase & Co.

[B769] Director since: 2004 and Chairman of the Board since 2006

[B770] Qualification Highlights

[B771] •Finance and Accounting: Deep understanding of financial reporting standards and oversight of enterprise financial condition from experience as CEO of Johnson & Johnson

[B772] •Technology: Expertise in overseeing innovative technologies, AI, information security and privacy issues through executive and board positions

[B773] •International Business Operations: Seasoned executive experience operating in diverse geographic, political and regulatory environments

[B774] •Public Company Governance: Broad governance expertise through public company board service and as former Chair of the Business Roundtable’s Corporate Governance Committee

[B798] Alex Gorsky

[B801] Director since: 2022

[B802] Committees:

[B804] Corporate Governance & Nominating Committee

[B813] Qualification Highlights

[B814] •Financial Services: Co-CEO and President of Ariel Investments, LLC with over three decades of experience in asset management

[B815] •Risk Management and Controls: Deep understanding of risk management developed through C-suite positions at Ariel and current and prior service on public company boards

[B816] •Public Company Governance: Significant corporate governance experience and insights gained from roles at Ariel Investments, LLC and through service on other public company boards

[B817] •Sustainability: A recognized leader in civic and industry associations with focus on financial education and inclusive economic growth

[B833] Mellody Hobson

[B836] Director since: 2018

[B837] Committees:

[B838] Public Responsibility Committee (Chair)

[B839] Risk Committee

[B840] Qualification Highlights

[B841] •Technology: In-depth understanding and experience overseeing innovative technology, AI, information security, data management systems and other technology-related matters as Chairman and CEO of General Dynamics and a former director of Abbott Laboratories

[B842] •Finance and Accounting: Strong background in overseeing strategic objectives from a financial perspective gained through executive leadership roles

[B843] •Leadership of a Large, Complex Organization: Trusted leader with experience in various senior officer positions at a global public company

[B844] •Sustainability: Unique perspective on environmental, safety, and human rights matters gained through leadership roles in the public and private sectors

[B864] Phebe N. Novakovic

[B867] Director since: 2020

[B868] Committees:

[B870] Public Responsibility Committee

[B879] Qualification Highlights

[B880] •Technology: Exceptional leader in the technology sector with deep knowledge of innovative technology, AI, quantum, information security and data management gained through four decades at IBM

[B881] •Public Company Governance: Extensive public company governance experience as Chairman of IBM

[B882] •Human Capital Management: C-suite and director positions at both public and private companies provide comprehensive understanding of human capital management matters

[B883] •International Business Operations: In-depth experience managing international business operations as CEO of IBM and in senior oversight and advisory roles including with respect to international trade and global supply chain matters

[B905] Virginia M. Rometty

[B908] Director since: 2020

[B909] Committees:

[B910] Corporate Governance & Nominating Committee (Chair)

[B911] Compensation & Management Development Committee

[B912] Qualification Highlights

[B913] •Technology: As former CEO of Intuit, brings valuable insight on transformational technology, cybersecurity and data privacy and security

[B914] •Risk Management and Controls: Expertise in navigating complex business and financial risks in an innovative sector

[B915] •Financial Services: Executive leadership focused on data-driven growth and innovation in the financial technology and consumer financial services industry

[B916] •Sustainability: Demonstrated leadership in creating opportunities for inclusive educational and economic development for underserved communities

[B935] Brad D. Smith

[B938] Director since: 2025

[B939] Committees:

[B940] Public Responsibility Committee

[B941] Risk Committee

[B950] Qualification Highlights

[B951] •Finance and Accounting: Distinctive expertise in finance, tax and accountancy from leadership roles in those fields for over three decades prior to his retirement

[B952] •Leadership of a Large, Complex Organization: Led over 270,000 people in over 150 countries as the former CEO of EY

[B953] •Regulated Industries: Comprehensive experience in a highly regulated industry combined with government policy and legislative positions

[B954] •Sustainability: Unique perspective gained through leadership roles at JUST Capital, Council for Inclusive Capitalism and World Economic Forum

[B981] Mark A. Weinberger

[B984] Director since: 2024

[B985] Committees:

[B986] Audit Committee (Chair)

[B996] All of the Firm’s non-management Board members are independent, under both the New York Stock Exchange (“NYSE”) corporate governance listing standards and the Firm’s independence standards as set forth in its Governance Principles.

[B1003] The Board, having reviewed the relevant relationships between the Firm and each non-management director, determined, in accordance with the NYSE’s listing standards and the Firm’s independence standards, that each non-management director (Linda B. Bammann, Michele G. Buck, Stephen B. Burke, Alicia Boler Davis, Alex Gorsky, Mellody Hobson, Phebe N. Novakovic, Virginia M. Rometty, Brad D. Smith, and Mark A. Weinberger) had only immaterial relationships with JPMorganChase and accordingly is independent. Todd A. Combs, who resigned from the Board in December 2025, had only immaterial relationships with JPMorganChase while a member of the Board and accordingly, was an independent director during the term of his service. In 2026, Mr. Combs was hired by the Firm and additional information is provided on page 35.

[B1004] All directors who served on the Audit and Compensation & Management Development Committees of the Board were also determined to meet the additional independence and qualitative criteria of the NYSE listing standards applicable to directors serving on those committees. For more information about the committees of the Board, see pages 23-26.

[B1073] 100% principal standing committee independence

[B1087] The Board’s leadership structure is designed to promote Board effectiveness and to appropriately allocate authority and responsibility between the Board and management. Based on consideration of the factors described on page 22, our Board has determined that combining the roles of Chair and CEO is the most effective leadership structure for the Board at this time. The Board believes the present structure provides the Firm and the Board with strong leadership, appropriate independent oversight of management, continuity of experience that complements ongoing Board refreshment, and the ability to clearly communicate the Firm’s business and strategy to shareholders, clients, employees, regulators and the public.

[B1089] In March 2026, the independent directors conducted their annual review of the Board’s leadership structure. This review was conducted first by the Governance Committee, which considered the factors on page 22, the Firm’s governance practices, which include executive sessions of independent directors as part of each regularly scheduled Board meeting and the directors’ frequent and open interactions with senior management, and the effectiveness of the Lead Independent Director role. Following its review, the Governance Committee recommended that the Board continue its current leadership structure and that Stephen B. Burke be re-appointed as Lead Independent Director. The independent directors of the Board then conducted their own review, again taking into account the factors on page 22, the Governance Committee’s recommendation and Mr. Burke’s strong performance in the Lead Independent Director role over the course of the prior year, and determined to maintain the current leadership structure with Mr. Burke serving as Lead Independent Director.

[B1160] Committees of the Board

[B1161] A significant portion of our Board’s oversight responsibilities is carried out through its five independent, principal standing committees: Audit Committee, CMDC, Governance Committee, Public Responsibility Committee (“PRC”) and Risk Committee. Allocating responsibilities among committees allows more in-depth attention devoted to the Board’s oversight of the business and affairs of the Firm.

[B1173] The Board has determined each member of the Audit Committee (Michele G. Buck, Alex Gorsky, Phebe N. Novakovic and Mark A. Weinberger) to be an audit committee financial expert in accordance with the definition established by the SEC, and that Ms. Bammann, the chair of the Risk Committee, has experience in identifying, assessing and managing risk exposures of large, complex financial firms in accordance with rules issued by the Board of Governors of the Federal Reserve System (“Federal Reserve”).

[B1242] Other standing committees

[B1243] The Board has two additional standing committees:

[B1244] Stock Committee: The committee is responsible for implementing the declaration of dividends, authorizing the issuance of stock, administering the dividend reinvestment plan and implementing share repurchase plans. The committee acts within Board-approved limitations and capital plans.

[B1245] Executive Committee: The committee may exercise all the powers of the Board that lawfully may be delegated, but with the expectation that it will not take material actions absent special circumstances.

[B1247] Specific purpose committees

[B1249] The Board currently has two such committees, the Markets Compliance Committee and the Omnibus Committee. The Markets Compliance Committee provides oversight in connection with certain markets-related matters, including issues related to trading venues and trade surveillance data feeds. The Omnibus Committee reviews matters delegated by the Board.

[B1252] Current board committee membership

[B1253] DirectorAuditCMDCGovernancePRCRisk

[B1254] Specific

[B1255] Purpose1

[B1256] Stephen B. Burke2

[B1258] A

[B1259] Linda B. Bammann

[B1261] B

[B1266] Mellody Hobson

[B1268] A

[B1270] Virginia M. Rometty

[B1272] A

[B1279] 1The Board’s specific purpose committees in 2025 were:

[B1280] A – Markets Compliance Committee

[B1281] B – Omnibus Committee

[B1502] 4Mr. Combs resigned from the Board in December 2025.

[B2551] Based on such review and discussion with management, the Compensation & Management Development Committee recommended to the Board of Directors that the Compensation discussion and analysis be included in this proxy statement and our Annual Report on Form 10-K for the year ended December 31, 2025. This report is provided as of March 17, 2026, by the following independent directors, who comprise the Compensation & Management Development Committee:

[B2552] Stephen B. Burke (Chair)

[B2553] Linda B. Bammann

[B2554] Virginia M. Rometty

[B3409] The Audit Committee of the Board of Directors of JPMorganChase is comprised of four non-management directors. The Board has determined that each member of our committee has no material relationship with the Firm under the Board’s director independence standards and that each member is independent under the listing standards of the NYSE, where the Firm’s securities are listed, and under the SEC’s standards relating to the independence of audit committees. The Board has also determined that each member is financially literate and is an audit committee financial expert as defined by the SEC.

[B3439] March 16, 2026

[B3440] Audit Committee

[B3441] Mark A. Weinberger (Chair)

[B3442] Michele Buck

[B3443] Alex Gorsky

[B3444] Phebe N. Novakovic
