{
  "baseline_sha": "8588ccbbb1c91d81e0fb1a89dff3575214282549",
  "seconds": 8.949636332923546,
  "default_case_identical_to_main": true,
  "default_case_id": "sha256:7a68af48bbdaf52f1f736c442629b8436c9859cc46e3b5dafc1759971edbe57c",
  "selected_case_id": "sha256:a719850604cb1550f2fa671d1f0e81611600a5581bdcc56df6655d5abd7e666a",
  "saved_read_identical": true,
  "saved_bytes": 2394398,
  "record_type": "ORDINARY_B06_SPECIAL_SCOPE_SOURCE_V2",
  "lease_additional_amount": "0",
  "B06_publication": "WITHHELD",
  "B06_value": null,
  "new_calls": [
    0,
    0,
    0
  ],
  "native_run_created": false,
  "UTC": "2026-10-07T22:16:40.308424+00:00",
  "designated_base": "52b570b4cd9be97cb9ff692d1eefddb3c631718d",
  "designated_base_default_patch_default_explicit_False_identical": true,
  "designated_base_case_id": "sha256:7a68af48bbdaf52f1f736c442629b8436c9859cc46e3b5dafc1759971edbe57c",
  "invalid_options": [
    {
      "argument": null,
      "error": "B06_SPECIAL_SCOPE_REPORTED_RELATIONS_OPTION_INVALID"
    },
    {
      "argument": 1,
      "error": "B06_SPECIAL_SCOPE_REPORTED_RELATIONS_OPTION_INVALID"
    },
    {
      "argument": "true",
      "error": "B06_SPECIAL_SCOPE_REPORTED_RELATIONS_OPTION_INVALID"
    }
  ],
  "total_seconds": 17.77113145799376,
  "persistence_path_isolated_random_temp_and_removed": true,
  "script_source_unchanged": true
}
