{
  "UTC": "2026-10-07T22:17:24.115151+00:00",
  "source_original_sha256": "3bbda349b5831cfb9a2686dbdb7d87614bcdbe2d195aa8ecd9b39215945361f9",
  "carrier_ordinal": 2443,
  "carrier_context": "c-696",
  "source_unit_declaration_before_exact_carrier_table": "=\"background-color:#ffffff;padding:2px 1pt 2px 0;text-align:right;vertical-align:bottom\"/> NOTE 18. DEBT AND COMMITMENTS Our debt consists of short-term and long-term secured and unsecured debt securities and secured and unsecured borrowings from banks and other lenders. Debt issuances are placed directly by us or through securities dealers or underwriters and are held by institutional and retail investors. In addition, Ford Credit sponsors securitization programs that provide short-term and long-term asset-backed financing through institutional investors in the U.S. and international capital markets. Debt is reported on our consolidated balance sheets at par value adjusted for unamortized discount or premium, unamortized issuance costs, and adjustments related to designated fair value hedging (see Note 19). Discounts, premiums, and costs directly related to the issuance of debt are capitalized and amortized over the life of the debt or to the put date and are recorded in interest expense using the effective interest method. Gains and losses on the extinguishment of debt are recorded in Other income/(loss), net . 155 FORD MOTOR COMPANY AND SUBSIDIARIES NOTES TO THE FINANCIAL STATEMENTS NOTE 18. DEBT AND COMMITMENTS (Continued) The carrying value of Company debt excluding Ford Credit and Ford Credit debt at December 31 was as follows (in millions):",
  "scale_conflict_original_carrier_tag": "<ix:nonFraction unitRef=\"usd\" contextRef=\"c-696\" decimals=\"-6\" name=\"us-gaap:OtherLoansPayableCurrent\" scale=\"6\" id=\"f-2427\">",
  "precision_controls": [
    {
      "name": "finer_XML_within_rounding",
      "actual": "REPORTED_INCLUDED",
      "error": null
    },
    {
      "name": "finer_XML_outside_rounding",
      "actual": "ERROR",
      "error": "DEBT_REPORTING_PRECISION_CONFLICT"
    },
    {
      "name": "unknown_primary_precision",
      "actual": "ERROR",
      "error": "DEBT_PRECISION_UNKNOWN"
    }
  ]
}
