{
  "elapsed_seconds": 3.0221977499313653,
  "status": "RUNTIME_INSTALLED",
  "runtime_root": "/private/tmp/issue28-docs-native-install-ulql5yi0/runtime",
  "requirement_id": "issue_54_v4",
  "dispatch_files": [
    "scripts/vnext/requirement_profile.py",
    "scripts/vnext/run_store.py",
    "scripts/vnext/normal_run_v3.py",
    "scripts/vnext/ordinary_source_authority.py",
    "scripts/vnext/records.py",
    "scripts/vnext/capacity_run.py",
    "scripts/vnext/ordinary_update_cycle.py",
    "scripts/vnext/normal_zero_ai_results.py",
    "scripts/vnext/normal_source_authority.py",
    "scripts/vnext/continuous_sec_acquisition.py",
    "config/sec_config.json",
    "config/company_empty_source_baseline_v1.json",
    "config/company_empty_source_seed/config/company_registry.csv",
    "config/company_empty_source_seed/evidence/requests_log.csv",
    "config/company_empty_source_seed/evidence/requests_log_manifest.json"
  ],
  "authority_hash": "sha256:da36e061db5a47f2a7ce21705f4560c3bb82c115eac5222462baf4025240d92a",
  "sec_originals_installed": false,
  "new_business_calls": [
    0,
    0,
    0
  ],
  "production_authorized": false
}
