{
  "timestamp_utc": "2026-10-03T14:53:10.246841+00:00",
  "fixed_sha": "07634fe8b6aefa583eaba37353c9446c815f02a8",
  "input_path": "/private/tmp/issue28-d03-complete-context-plan-20261003-checked/2/input.json",
  "input_sha256": "68065b8718f77dbb1f650dbebaae9cb6d388ab010f0c2f63e9b8a06c92b5afdc",
  "request_path": "/private/tmp/issue28-d03-complete-context-plan-20261003-checked/2/request-body.json",
  "request_sha256": "596ef5aa691c7c65c0c10e9ef24656a8fc3bc350b3db81ead74c05773975a7c7",
  "request_user_semantically_equals_input": true,
  "system_prompt_sha256": "b6094f993e40d48e16ce85791a7f9abce7e94ccce9147cf44aa17b5135dc9680",
  "helper_sha256": "74f0056417f6dd0285e5ea5afe79384f4c8d849c1d810e119caaa786d364df11",
  "pack_restore_roundtrip_exact": true,
  "shared_dictionary_roundtrip_exact": true,
  "visible_rows_count": 1965,
  "native_fact_count": 431,
  "responsibility_unit_ids": [
    "sha256:c54e0429db2d3eb364dbd0c69e432e81c9941e495ab069f713fee32ec16b7666",
    "sha256:734d6521a7c143c93d94125039f289bb10301651fcadafd74dcdf7b7acbc31d6"
  ],
  "native_units": [
    {
      "ordinal": 2,
      "unit_id": "sha256:c54e0429db2d3eb364dbd0c69e432e81c9941e495ab069f713fee32ec16b7666",
      "payload_sha256": "9e48267fc053317b4e63a82b8931232a1fad433484c1706b9074316637eb4264",
      "payload_bytes": 149515,
      "verified_serialization": [
        {
          "ensure_ascii": false,
          "sort_keys": false,
          "bytes": 149515
        },
        {
          "ensure_ascii": false,
          "sort_keys": true,
          "bytes": 149515
        }
      ],
      "count": 212,
      "original_fact_ordinals": [
        429,
        430,
        431,
        432,
        433,
        435,
        436,
        437,
        434,
        438,
        439,
        440,
        441,
        442,
        443,
        444,
        445,
        446,
        447,
        448,
        449,
        450,
        451,
        452,
        453,
        454,
        456,
        457,
        458,
        459,
        460,
        461,
        462,
        463,
        464,
        465,
        466,
        467,
        468,
        469,
        470,
        471,
        472,
        473,
        474,
        475,
        476,
        477,
        478,
        479,
        455,
        480,
        481,
        482,
        483,
        484,
        486,
        487,
        488,
        489,
        490,
        491,
        492,
        493,
        494,
        485,
        496,
        497,
        498,
        499,
        500,
        501,
        502,
        503,
        504,
        505,
        495,
        506,
        507,
        509,
        510,
        511,
        512,
        513,
        514,
        515,
        516,
        517,
        508,
        519,
        520,
        521,
        522,
        523,
        524,
        525,
        526,
        527,
        528,
        529,
        530,
        531,
        532,
        533,
        534,
        535,
        536,
        537,
        538,
        539,
        540,
        541,
        542,
        543,
        544,
        545,
        518,
        547,
        548,
        549,
        550,
        551,
        552,
        553,
        554,
        555,
        556,
        557,
        558,
        559,
        546,
        560,
        561,
        562,
        563,
        564,
        565,
        566,
        567,
        569,
        570,
        571,
        572,
        573,
        574,
        575,
        576,
        577,
        578,
        579,
        580,
        581,
        582,
        583,
        584,
        585,
        586,
        587,
        588,
        589,
        590,
        591,
        592,
        593,
        594,
        595,
        596,
        597,
        598,
        599,
        600,
        601,
        602,
        603,
        604,
        568,
        605,
        606,
        607,
        608,
        609,
        610,
        612,
        613,
        614,
        615,
        616,
        617,
        618,
        619,
        620,
        621,
        622,
        623,
        624,
        625,
        626,
        627,
        628,
        629,
        630,
        631,
        632,
        633,
        634,
        635,
        636,
        637,
        638,
        639,
        640,
        641
      ]
    },
    {
      "ordinal": 3,
      "unit_id": "sha256:734d6521a7c143c93d94125039f289bb10301651fcadafd74dcdf7b7acbc31d6",
      "payload_sha256": "b8f51df3991790b3e0adf4e9342c18597330ec246886cfe445299f09bc352fd6",
      "payload_bytes": 149773,
      "verified_serialization": [
        {
          "ensure_ascii": false,
          "sort_keys": false,
          "bytes": 149773
        },
        {
          "ensure_ascii": false,
          "sort_keys": true,
          "bytes": 149773
        }
      ],
      "count": 219,
      "original_fact_ordinals": [
        642,
        643,
        644,
        645,
        646,
        647,
        648,
        649,
        650,
        651,
        652,
        653,
        611,
        655,
        656,
        657,
        658,
        659,
        654,
        660,
        661,
        662,
        663,
        665,
        666,
        667,
        668,
        669,
        670,
        671,
        672,
        664,
        673,
        674,
        675,
        676,
        677,
        678,
        680,
        679,
        681,
        682,
        683,
        685,
        686,
        687,
        688,
        689,
        690,
        691,
        692,
        693,
        694,
        695,
        696,
        684,
        699,
        700,
        701,
        702,
        703,
        704,
        705,
        706,
        707,
        708,
        709,
        710,
        711,
        712,
        713,
        714,
        715,
        716,
        698,
        697,
        718,
        719,
        720,
        721,
        722,
        723,
        724,
        725,
        726,
        727,
        728,
        729,
        717,
        730,
        731,
        732,
        733,
        734,
        735,
        736,
        737,
        738,
        740,
        741,
        742,
        743,
        744,
        745,
        746,
        747,
        748,
        749,
        750,
        751,
        752,
        753,
        754,
        755,
        756,
        757,
        758,
        759,
        760,
        761,
        762,
        763,
        764,
        765,
        766,
        767,
        768,
        769,
        770,
        771,
        772,
        773,
        774,
        775,
        776,
        777,
        778,
        779,
        780,
        781,
        782,
        783,
        784,
        785,
        786,
        787,
        788,
        789,
        790,
        791,
        792,
        793,
        794,
        795,
        796,
        797,
        798,
        799,
        800,
        801,
        802,
        803,
        804,
        805,
        806,
        807,
        808,
        809,
        810,
        811,
        812,
        813,
        814,
        815,
        816,
        817,
        818,
        819,
        820,
        821,
        822,
        823,
        824,
        825,
        826,
        827,
        828,
        829,
        830,
        831,
        832,
        833,
        834,
        835,
        836,
        837,
        838,
        839,
        840,
        841,
        842,
        843,
        844,
        845,
        846,
        847,
        848,
        849,
        850,
        851,
        852,
        853,
        854,
        855,
        856,
        857,
        858,
        859,
        860
      ]
    }
  ],
  "shared_contexts_count": 77,
  "shared_units_count": 8,
  "shared_namespace_count": 1,
  "shared_styles_count": 0,
  "scope": "Assigned native fact units 2 and 3; all visible rows context only; no other native inputs or old answers",
  "continuation_objects_supplied": false,
  "native_continuation_references": [
    {
      "unit_id": "sha256:c54e0429db2d3eb364dbd0c69e432e81c9941e495ab069f713fee32ec16b7666",
      "fact_ordinal": 445,
      "id": "f-435",
      "continuedat": "f-435-1",
      "text": "New Accounting Standards AdoptedAccounting Standards Update (“ASU”) 2023-09 - “Improvements to Income Tax Disclosures” (Topic 740). ASU 2023-09 requires enhanced income tax disclosures, including additional disaggregated information related to the effective tax rate reconciliation, the underlying nature and category of individual reconciling items, and income taxes paid by jurisdictions. We adopted ASU 2023-09 prospectively in the 2025 fourth quarter for the disclosures presented in Note 6."
    },
    {
      "unit_id": "sha256:c54e0429db2d3eb364dbd0c69e432e81c9941e495ab069f713fee32ec16b7666",
      "fact_ordinal": 446,
      "id": "f-436",
      "continuedat": "f-436-1",
      "text": "ACQUISITION"
    },
    {
      "unit_id": "sha256:c54e0429db2d3eb364dbd0c69e432e81c9941e495ab069f713fee32ec16b7666",
      "fact_ordinal": 454,
      "id": "f-444",
      "continuedat": "f-444-1",
      "text": "EARNINGS PER SHARE"
    },
    {
      "unit_id": "sha256:c54e0429db2d3eb364dbd0c69e432e81c9941e495ab069f713fee32ec16b7666",
      "fact_ordinal": 480,
      "id": "f-470",
      "continuedat": "f-470-1",
      "text": "STOCK-BASED COMPENSATION"
    },
    {
      "unit_id": "sha256:c54e0429db2d3eb364dbd0c69e432e81c9941e495ab069f713fee32ec16b7666",
      "fact_ordinal": 507,
      "id": "f-497",
      "continuedat": "f-497-1",
      "text": "INCOME TAXES"
    },
    {
      "unit_id": "sha256:734d6521a7c143c93d94125039f289bb10301651fcadafd74dcdf7b7acbc31d6",
      "fact_ordinal": 662,
      "id": "f-652",
      "continuedat": "f-652-1",
      "text": "COMMITMENTS AND CONTINGENCIES"
    },
    {
      "unit_id": "sha256:734d6521a7c143c93d94125039f289bb10301651fcadafd74dcdf7b7acbc31d6",
      "fact_ordinal": 680,
      "id": "f-670",
      "continuedat": "f-670-1",
      "text": "LEASES"
    },
    {
      "unit_id": "sha256:734d6521a7c143c93d94125039f289bb10301651fcadafd74dcdf7b7acbc31d6",
      "fact_ordinal": 679,
      "id": "f-671",
      "continuedat": "f-671-1",
      "text": "LEASES"
    },
    {
      "unit_id": "sha256:734d6521a7c143c93d94125039f289bb10301651fcadafd74dcdf7b7acbc31d6",
      "fact_ordinal": 684,
      "id": "f-676",
      "continuedat": "f-676-1",
      "text": "The following table details the composition of lease expense and supplemental cash flow information for 2025, 2024, and 2023:(in millions)202520242023Operating lease cost $139 $143 $155 Variable lease cost122 122 128 Operating cash outflows for operating leases152 154 240 Operating lease assets obtained in exchange for lease obligation160 37 25"
    },
    {
      "unit_id": "sha256:734d6521a7c143c93d94125039f289bb10301651fcadafd74dcdf7b7acbc31d6",
      "fact_ordinal": 738,
      "id": "f-736",
      "continuedat": "f-736-1",
      "text": "LONG-TERM DEBT"
    }
  ]
}
