test_consumed_shared_functions_are_actual_declared_processing_dependencies (tests.vnext.test_historical_risk_heading_case.HistoricalRiskHeadingCaseTest.test_consumed_shared_functions_are_actual_declared_processing_dependencies) ... ok
test_every_amendment_must_have_its_own_d01_period_and_subject_property (tests.vnext.test_historical_risk_heading_case.HistoricalRiskHeadingCaseTest.test_every_amendment_must_have_its_own_d01_period_and_subject_property) ... ok
test_explicit_historical_namespace_view_cannot_admit_fake_dei_uri (tests.vnext.test_historical_risk_heading_case.HistoricalRiskHeadingCaseTest.test_explicit_historical_namespace_view_cannot_admit_fake_dei_uri) ... ok
test_original_and_resolved_annual_dates_cannot_diverge (tests.vnext.test_historical_risk_heading_case.HistoricalRiskHeadingCaseTest.test_original_and_resolved_annual_dates_cannot_diverge) ... ok
test_proven_amendment_keeps_full_assessment_and_only_original_heading_evidence (tests.vnext.test_historical_risk_heading_case.HistoricalRiskHeadingCaseTest.test_proven_amendment_keeps_full_assessment_and_only_original_heading_evidence) ... ok
test_scope_from_another_amendment_cannot_replace_the_selected_input (tests.vnext.test_historical_risk_heading_case.HistoricalRiskHeadingCaseTest.test_scope_from_another_amendment_cannot_replace_the_selected_input) ... ok
test_shared_d01_keeps_all_emphasized_excerpts_and_source_locators (tests.vnext.test_historical_risk_heading_case.HistoricalRiskHeadingCaseTest.test_shared_d01_keeps_all_emphasized_excerpts_and_source_locators) ... ok
test_shared_source_identity_error_propagates_before_heading_extraction (tests.vnext.test_historical_risk_heading_case.HistoricalRiskHeadingCaseTest.test_shared_source_identity_error_propagates_before_heading_extraction) ... ok
test_single_successor_source_does_not_combine_other_registrants_or_assert_events (tests.vnext.test_historical_risk_heading_case.HistoricalRiskHeadingCaseTest.test_single_successor_source_does_not_combine_other_registrants_or_assert_events) ... ok
test_suspended_public_route_never_extracts_even_a_structurally_clean_amendment (tests.vnext.test_historical_risk_heading_case.HistoricalRiskHeadingCaseTest.test_suspended_public_route_never_extracts_even_a_structurally_clean_amendment) ... ok
test_unproven_subject_refuses_before_source_extraction (tests.vnext.test_historical_risk_heading_case.HistoricalRiskHeadingCaseTest.test_unproven_subject_refuses_before_source_extraction) ... ok
test_unresolved_amendment_names_dependency_and_never_extracts_original (tests.vnext.test_historical_risk_heading_case.HistoricalRiskHeadingCaseTest.test_unresolved_amendment_names_dependency_and_never_extracts_original) ... ok
test_unsupported_metric_does_not_prepare_an_annual_source (tests.vnext.test_historical_risk_heading_case.HistoricalRiskHeadingCaseTest.test_unsupported_metric_does_not_prepare_an_annual_source) ... ok
test_wrong_original_entity_and_missing_item1a_do_not_create_text (tests.vnext.test_historical_risk_heading_case.HistoricalRiskHeadingCaseTest.test_wrong_original_entity_and_missing_item1a_do_not_create_text) ... ok
test_changed_document_and_non_boolean_policy_are_refused (tests.vnext.test_d01_explicit_running_headers.ExplicitD01HeaderTest.test_changed_document_and_non_boolean_policy_are_refused) ... ok
test_evidence_rebuilds_the_same_explicit_selection_and_rejects_old_candidate (tests.vnext.test_d01_explicit_running_headers.ExplicitD01HeaderTest.test_evidence_rebuilds_the_same_explicit_selection_and_rejects_old_candidate) ... ok
test_explicit_company_factory_gate_does_not_open_default_d01 (tests.vnext.test_d01_explicit_running_headers.ExplicitD01HeaderTest.test_explicit_company_factory_gate_does_not_open_default_d01) ... ok
test_explicit_successor_excludes_complete_header_default_and_v2_unchanged (tests.vnext.test_d01_explicit_running_headers.ExplicitD01HeaderTest.test_explicit_successor_excludes_complete_header_default_and_v2_unchanged) ... ok
test_risk_sentence_with_the_same_prefix_is_kept_and_exact_span_preserved (tests.vnext.test_d01_explicit_running_headers.ExplicitD01HeaderTest.test_risk_sentence_with_the_same_prefix_is_kept_and_exact_span_preserved) ... ok
test_underlined_heading_survives_while_repeated_combined_headers_do_not (tests.vnext.test_d01_explicit_running_headers.ExplicitD01HeaderTest.test_underlined_heading_survives_while_repeated_combined_headers_do_not) ... ok
test_unknown_or_wrong_metric_successor_policy_is_rejected (tests.vnext.test_d01_explicit_running_headers.ExplicitD01HeaderTest.test_unknown_or_wrong_metric_successor_policy_is_rejected) ... ok
test_wrong_entity_period_missing_section_and_changed_raw_still_refuse (tests.vnext.test_d01_explicit_running_headers.ExplicitD01HeaderTest.test_wrong_entity_period_missing_section_and_changed_raw_still_refuse) ... ok
test_appended_named_risk_changes_do_not_become_a_financial_or_event_clearance (tests.vnext.test_risk_heading_amendment_input.RiskHeadingAmendmentInputTest.test_appended_named_risk_changes_do_not_become_a_financial_or_event_clearance) ... ok
test_caution_citation_retains_real_source_blocks_but_is_not_new_item_1a (tests.vnext.test_risk_heading_amendment_input.RiskHeadingAmendmentInputTest.test_caution_citation_retains_real_source_blocks_but_is_not_new_item_1a) ... ok
test_clean_complete_part_iii_addition_admits_only_selected_original_headings (tests.vnext.test_risk_heading_amendment_input.RiskHeadingAmendmentInputTest.test_clean_complete_part_iii_addition_admits_only_selected_original_headings) ... ok
test_correct_citation_cannot_hide_a_second_item_1a_statement (tests.vnext.test_risk_heading_amendment_input.RiskHeadingAmendmentInputTest.test_correct_citation_cannot_hide_a_second_item_1a_statement) ... ok
test_identifier_check_preserves_unrelated_items_exhibits_and_actual_dependencies (tests.vnext.test_risk_heading_amendment_input.RiskHeadingAmendmentInputTest.test_identifier_check_preserves_unrelated_items_exhibits_and_actual_dependencies) ... ok
test_new_item_1a_and_direct_unheaded_risk_reference_are_not_cleared (tests.vnext.test_risk_heading_amendment_input.RiskHeadingAmendmentInputTest.test_new_item_1a_and_direct_unheaded_risk_reference_are_not_cleared) ... ok
test_old_source_scope_default_does_not_gain_d01_or_new_input_credit (tests.vnext.test_risk_heading_amendment_input.RiskHeadingAmendmentInputTest.test_old_source_scope_default_does_not_gain_d01_or_new_input_credit) ... ok
test_original_item_1a_missing_is_a_source_limitation_not_a_guessed_answer (tests.vnext.test_risk_heading_amendment_input.RiskHeadingAmendmentInputTest.test_original_item_1a_missing_is_a_source_limitation_not_a_guessed_answer) ... ok
test_plural_item_list_changes_standalone_and_after_citation_are_unresolved (tests.vnext.test_risk_heading_amendment_input.RiskHeadingAmendmentInputTest.test_plural_item_list_changes_standalone_and_after_citation_are_unresolved) ... ok
test_public_route_keeps_specific_source_issue_distinct_from_suspension (tests.vnext.test_risk_heading_amendment_input.RiskHeadingAmendmentInputTest.test_public_route_keeps_specific_source_issue_distinct_from_suspension) ... ok
test_public_route_withholds_structural_positive_and_known_unclosed_list_variants (tests.vnext.test_risk_heading_amendment_input.RiskHeadingAmendmentInputTest.test_public_route_withholds_structural_positive_and_known_unclosed_list_variants) ... ok
test_running_part_titles_do_not_shift_the_actual_caution_window (tests.vnext.test_risk_heading_amendment_input.RiskHeadingAmendmentInputTest.test_running_part_titles_do_not_shift_the_actual_caution_window) ... ok
test_unknown_note_extra_purpose_subject_date_and_number_remain_withheld (tests.vnext.test_risk_heading_amendment_input.RiskHeadingAmendmentInputTest.test_unknown_note_extra_purpose_subject_date_and_number_remain_withheld) ... ok
test_wrong_filing_reference_and_modified_bytes_fail_before_clearance (tests.vnext.test_risk_heading_amendment_input.RiskHeadingAmendmentInputTest.test_wrong_filing_reference_and_modified_bytes_fail_before_clearance) ... ok
test_average_risk_family_preserves_existing_metric_factories (tests.vnext.test_history_company_dispatch.HistoryCompanyDispatchTest.test_average_risk_family_preserves_existing_metric_factories) ... ok
test_bank_performance_family_uses_original_factories_for_other_families (tests.vnext.test_history_company_dispatch.HistoryCompanyDispatchTest.test_bank_performance_family_uses_original_factories_for_other_families) ... ok
test_bank_scope_family_preserves_existing_metric_factories (tests.vnext.test_history_company_dispatch.HistoryCompanyDispatchTest.test_bank_scope_family_preserves_existing_metric_factories) ... ok
test_capital_family_preserves_each_existing_metric_factory (tests.vnext.test_history_company_dispatch.HistoryCompanyDispatchTest.test_capital_family_preserves_each_existing_metric_factory) ... ok
test_cli_passes_period_arguments_to_the_same_company_entry (tests.vnext.test_history_company_dispatch.HistoryCompanyDispatchTest.test_cli_passes_period_arguments_to_the_same_company_entry) ... ok
test_completed_withheld_survives_read_after_another_metric_subset (tests.vnext.test_history_company_dispatch.HistoryCompanyDispatchTest.test_completed_withheld_survives_read_after_another_metric_subset)
Constructed history control: a later subset cannot revive old success. ... ok
test_current_mode_keeps_the_existing_public_route (tests.vnext.test_history_company_dispatch.HistoryCompanyDispatchTest.test_current_mode_keeps_the_existing_public_route) ... ok
test_event_family_keeps_existing_income_balance_and_hotel_factories (tests.vnext.test_history_company_dispatch.HistoryCompanyDispatchTest.test_event_family_keeps_existing_income_balance_and_hotel_factories) ... ok
test_geography_keeps_existing_factories_and_declares_its_source_dependencies (tests.vnext.test_history_company_dispatch.HistoryCompanyDispatchTest.test_geography_keeps_existing_factories_and_declares_its_source_dependencies) ... ok
test_interest_coverage_adds_only_its_current_annual_case (tests.vnext.test_history_company_dispatch.HistoryCompanyDispatchTest.test_interest_coverage_adds_only_its_current_annual_case) ... ok
test_invalid_range_rejects_before_source_or_writes (tests.vnext.test_history_company_dispatch.HistoryCompanyDispatchTest.test_invalid_range_rejects_before_source_or_writes) ... ok
test_liquidity_keeps_the_statement_and_lodging_original_factories (tests.vnext.test_history_company_dispatch.HistoryCompanyDispatchTest.test_liquidity_keeps_the_statement_and_lodging_original_factories) ... ok
test_missing_source_is_explicit_and_does_not_acquire (tests.vnext.test_history_company_dispatch.HistoryCompanyDispatchTest.test_missing_source_is_explicit_and_does_not_acquire) ... ok
test_mixed_lodging_keeps_its_previous_factory_and_tuple (tests.vnext.test_history_company_dispatch.HistoryCompanyDispatchTest.test_mixed_lodging_keeps_its_previous_factory_and_tuple) ... ok
test_range_uses_one_public_company_controller_and_existing_case (tests.vnext.test_history_company_dispatch.HistoryCompanyDispatchTest.test_range_uses_one_public_company_controller_and_existing_case) ... ok
test_risk_headings_use_shared_company_controller_without_replacing_existing_families (tests.vnext.test_history_company_dispatch.HistoryCompanyDispatchTest.test_risk_headings_use_shared_company_controller_without_replacing_existing_families) ... ok
test_statement_pilot_uses_original_per_metric_factories_and_dependencies (tests.vnext.test_history_company_dispatch.HistoryCompanyDispatchTest.test_statement_pilot_uses_original_per_metric_factories_and_dependencies) ... ok
test_unsupported_family_uses_no_fabricated_historical_case (tests.vnext.test_history_company_dispatch.HistoryCompanyDispatchTest.test_unsupported_family_uses_no_fabricated_historical_case) ... ok
test_actual_selected_year_dependencies_ignore_unused_admission_code (tests.vnext.test_selected_history_result_state.SelectedHistoryResultStateTest.test_actual_selected_year_dependencies_ignore_unused_admission_code)
Constructed state control with the actual processing configuration. ... ok
test_completed_withheld_recovers_pointer_without_recalculation (tests.vnext.test_selected_history_result_state.SelectedHistoryResultStateTest.test_completed_withheld_recovers_pointer_without_recalculation) ... ok
test_current_withheld_replaces_same_year_success_but_retains_old_version (tests.vnext.test_selected_history_result_state.SelectedHistoryResultStateTest.test_current_withheld_replaces_same_year_success_but_retains_old_version) ... ok
test_dependency_source_and_processing_changes_reprocess_withheld_once (tests.vnext.test_selected_history_result_state.SelectedHistoryResultStateTest.test_dependency_source_and_processing_changes_reprocess_withheld_once) ... ok
test_missing_year_and_one_metric_failure_preserve_other_periods (tests.vnext.test_selected_history_result_state.SelectedHistoryResultStateTest.test_missing_year_and_one_metric_failure_preserve_other_periods) ... ok
test_success_and_stable_withheld_reuse_in_distinct_historical_coordinates (tests.vnext.test_selected_history_result_state.SelectedHistoryResultStateTest.test_success_and_stable_withheld_reuse_in_distinct_historical_coordinates) ... ok

----------------------------------------------------------------------
Ran 60 tests in 0.534s

OK
{"allowed_skips": 0, "errors": 0, "failures": 0, "run": 60, "skip_reasons": [], "skipped": 0, "tests": ["tests.vnext.test_historical_risk_heading_case", "tests.vnext.test_d01_explicit_running_headers", "tests.vnext.test_risk_heading_amendment_input", "tests.vnext.test_history_company_dispatch", "tests.vnext.test_selected_history_result_state"]}
