raw 4215813 3b501eec7b59a3dabbe9da4a206a6b3e61469c426650f9c16432c03e66703d06
source sha256:0114280efe81af1abc22343b68cdec547616357097dbe2984902e3617ec92381 COMPLETE_LOCAL_DOCUMENT 5693 2026-03-31 2026-05-15
proposal sha256:a29009517da16527f1936b9cfdb4838daba93cefe46b53b833950505341c8444 99
expected original sha256:0114280efe81af1abc22343b68cdec547616357097dbe2984902e3617ec92381
selected match True 99 99 groups 29 candidate excerpt 29
complete checked True
group partition hash sha256:233218dfe24b20af85a3684f94ca15748084c9110d855eb86b02f6983c687e30 all same True
GROUP 00 source[279:280] selected=[279] context=[] bytes=169126:169168 span=123d0fa2ad5be3c63e67295c9af0c7833a652c4a1af4e172af0b7c853a62a01d ok=True
 TEXT '9 of 10 Director nominees are independent'
GROUP 01 source[453:454] selected=[453] context=[] bytes=264061:264117 span=b2941716bfa0eeb86e2414747e33ed9bd666685660dc2eacef10cb5ea81142c1 ok=True
 TEXT 'Chairman and Chief Executive Officer, Macy’s, Inc.'
GROUP 02 source[508:510] selected=[508, 509] context=[] bytes=300699:301680 span=cb78ba6c2710d72ffbb63ac43e81414717978f3a810869441c23d7b7dd3f9382 ok=True
 TEXT 'In accordance with the recommendation of the Nominating and Corporate Governance (NCG) Committee, the Board has nominated the following individuals for election as directors. Each nominee is currently a member of the Board. If elected, each nominee will serve for a one-year term expiring at our annual meeting of shareholders in 2027 or until his or her successor is duly elected and qualified.\nRichard Clark, Douglas W. Sesler and Tracey Zhen, who have served as directors since 2024, 2024 and 2021, respectively, will not stand for re-election to the Board, and their terms in office will expire at the Annual Meeting. We thank Mr. Clark, Mr. Sesler and Ms. Zhen for their years of service to Macy’s and its shareholders. The Board has approved a decrease in the size of the Board from 13 to ten members effective as of the Annual Meeting.'
GROUP 03 source[521:531] selected=[521, 523, 526, 528, 530] context=[522, 524, 525, 527, 529] bytes=311500:313802 span=79c0e5ca0117a32ad02711e1bd19998f7f8ef9097cd71a448bcd43de26ad7828 ok=True
 TEXT 'Emilie Arel\nPresident, Mitchell & Ness Nostalgia Co.\nIndependent\nAge: 48\nDirector Since: 2022\nCommittees:\n●\nCMD\n●\nNCG'
GROUP 04 source[561:571] selected=[561, 563, 566, 568, 570] context=[562, 564, 565, 567, 569] bytes=331557:333877 span=26ff29a14ceb37ac4c928e84735fc330419dcb18577ba6d52687167c8c310c23 ok=True
 TEXT 'Torrence N. Boone\nVice President, Global Client Partnerships, Google LLC\nIndependent\nAge: 56\nDirector Since: 2019\nCommittees:\n●\nAudit\n●\nNCG'
GROUP 05 source[594:604] selected=[594, 596, 599, 601, 603] context=[595, 597, 598, 600, 602] bytes=350515:352878 span=17030a9f60d9d3a591afa4015ab29faeca94eabe696e345b160bdcb8128cb951 ok=True
 TEXT 'Marie Chandoha\nFormer President and Chief Executive Officer, Charles Schwab Investment Management, Inc.\nIndependent\nAge: 64\nDirector Since: 2022\nCommittees:\n●\nAudit (Chair)\n●\nFinance'
GROUP 06 source[632:642] selected=[632, 634, 637, 639, 641] context=[633, 635, 636, 638, 640] bytes=372157:374485 span=9a9028d3360d2664b92e786295565197cf855e727ef1d8eca930b4ac1bf39acf ok=True
 TEXT 'Robert B. Chavez\nFounder and Chief Executive Officer, Chavez Luxury Advisers, LLC\nIndependent\nAge: 71\nDirector Since: 2025\nCommittee:\n●\nAudit\n●\nCMD'
GROUP 07 source[671:681] selected=[671, 673, 676, 678, 680] context=[672, 674, 675, 677, 679] bytes=396409:398721 span=7217ed067dbb86ca4f33460d4a1ba51394751f9c0f75961085b066456a6d5ca3 ok=True
 TEXT 'Naveen K. Chopra\nChief Financial Officer, Roblox Corporation\nIndependent\nAge: 52\nDirector Since: 2023\nCommittees:\n●\nAudit\n●\nFinance'
GROUP 08 source[704:714] selected=[704, 706, 709, 711, 713] context=[705, 707, 708, 710, 712] bytes=415825:418164 span=6f60110cee9e48985e42f05c09dbbba4da09fbd99900e518c7e7f882e6adfa38 ok=True
 TEXT 'Deirdre P. Connelly\nFormer President, North American Pharmaceuticals, GlaxoSmithKline\nIndependent\nAge: 65\nDirector Since: 2008\nCommittees:\n●\nCMD\n●\nNCG (Chair)'
GROUP 09 source[743:753] selected=[743, 745, 748, 750, 752] context=[744, 746, 747, 749, 751] bytes=436469:438770 span=73fd6656de0b7ae4fc7525da686d583dc9f687b9191408f2a85f507f6111a0ae ok=True
 TEXT 'Jill Granoff\nSenior Advisor, Eurazeo Brands\nIndependent\nAge: 63\nDirector Since: 2022\nCommittees:\n●\nCMD (Chair)\n●\nFinance'
GROUP 10 source[783:793] selected=[783, 785, 788, 790, 792] context=[784, 786, 787, 789, 791] bytes=457011:459345 span=212fea890e903e9f7f80fb4970934b86d09d28b22693cc11bd35b2aa484cd9c3 ok=True
 TEXT 'Richard L. Markee\nFormer Chairman and Chief Executive Officer, Vitamin Shoppe, Inc.\nIndependent\nAge: 72\nDirector Since: 2024\nCommittees:\n●\nFinance\n●\nNCG'
GROUP 11 source[821:822] selected=[821] context=[] bytes=478613:478669 span=b2941716bfa0eeb86e2414747e33ed9bd666685660dc2eacef10cb5ea81142c1 ok=True
 TEXT 'Chairman and Chief Executive Officer, Macy’s, Inc.'
GROUP 12 source[826:827] selected=[826] context=[] bytes=480606:480680 span=2dcbd40c76e75cc5286022a7dccad91f929fc894e3c8a02323e7710d4d6d4a6f ok=True
 TEXT 'Chairman and Chief Executive Officer, Macy’s, Inc. (2024 to Present)'
GROUP 13 source[839:840] selected=[839] context=[] bytes=486571:487318 span=8bb79e2315d7a20cca1844a24d232610ec532fa3041e65eb5051d4a31b21afde ok=True
 TEXT 'Leadership Experience – Mr. Spring has over three decades of experience with Macy’s, Inc. and currently serves as Chairman and Chief Executive Officer of the company. He is a proven, results-oriented leader, who has been instrumental in the development and execution of the company’s transformation as a key member of the executive leadership team. Prior to being appointed Chief Executive Officer of Macy’s, Inc., Mr. Spring served as Chairman and Chief Executive Officer of Bloomingdale’s. Previously, he served as Executive Vice President of Macy’s. Inc. and oversaw Bluemercury.'
GROUP 14 source[849:859] selected=[849, 851, 854, 856, 858] context=[850, 852, 853, 855, 857] bytes=497245:499600 span=62f53f821a47c90ef8904c913fb4698e288845965c59871cf60269b7322238ce ok=True
 TEXT 'Paul C. Varga\nFormer Chairman and Chief Executive Officer, Brown-Forman Corporation\nLead Independent Director\nAge: 62\nDirector Since: 2012\nCommittees:\n●\nCMD\n●\nFinance (Chair)'
GROUP 15 source[912:914] selected=[912, 913] context=[] bytes=535364:537738 span=c6bb269fb94d48f5d56fd1131c88b16ad8d6e3a61c5e697f93679ba09007f67a ok=True
 TEXT 'Our Corporate Governance Principles require that a majority of the Board consist of directors who the Board has determined are independent under the independence standards adopted by the Board, which comply with the listing standards of the New York Stock Exchange (NYSE). Accordingly, the Board has adopted Standards for Director Independence to assist the Board in determining director independence, which require that the Board consist of directors who the Board has determined do not have any material relationship with the Company and who are otherwise independent. The Standards for Director Independence are available on our website at www.macysinc.com/investors/corporate-governance/governance-documents. The NYSE listing standards also include additional independence requirements and considerations for members of the Audit Committee and CMD Committee. Our Board has determined that each of the following directors and director nominees qualifies as independent under NYSE rules and satisfies our Standards for Director Independence: Emilie Arel, Torrence N. Boone, Marie Chandoha, Robert B. Chavez, Naveen K. Chopra, Deirdre P. Connelly, Jill Granoff, Richard L. Markee and Paul C. Varga. Our Board also previously determined that Richard Clark, Douglas W. Sesler and Tracey Zhen, who are currently serving as Non-Employee directors but not standing for re-election at the Annual Meeting, and Sara Levinson, who served as a director during 2025, qualified as independent under NYSE rules and satisfied our Standards for Director Independence. Tony Spring is employed by Macy’s and therefor'
GROUP 16 source[920:924] selected=[920, 923] context=[921, 922] bytes=543410:545264 span=ad08fd88819e18a349b24a6987805a42cede2f6abf8f2be97f443a094b4a912e ok=True
 TEXT 'respect to each non-employee director (Non-Employee Director), the NCG Committee determined that neither the director nor any immediate family member was employed by a company providing goods or services to Macy’s or the amounts involved were below the monetary thresholds set forth in the Standards for Director Independence.\nBoard Leadership Structure\nOur Corporate Governance Principles provide that our Board is free to select its Chairman and the Chief Executive Officer (CEO) in the manner the Board considers to be in the best interests of the Company at any given point in time. These positions may be filled by one individual or by two different individuals. If the Chairman is not an independent director, the Board will designate an independent director to serve as lead independent director pursuant to the Company’s Lead Independent Director Policy.\nOur Chairman and CEO functions historically have been performed by a single individual. Our Board believes this combined leadership model works well. When combined with the current composition of the Board, the use of a lead independent director, and the other elements of our corporate governance structure, the combined Chairman and CEO position strikes an appropriate balance between strong and consistent leadership and independent and effective oversight of our business and affairs.'
GROUP 17 source[927:928] selected=[927] context=[] bytes=547614:547769 span=ac116cb1574b15eaca3634f82639bf3309bf3a47bc5fdff3ebff960572c6a480 ok=True
 TEXT 'Since our Chairman is not an independent director, the Board elected Paul C. Varga to serve as Lead Independent Director. His term will expire in May 2027.'
GROUP 18 source[1038:1040] selected=[1038, 1039] context=[] bytes=618798:620781 span=f63d40643243b4bb6a3415c9e6ed5d848ff8381e341b50a6997d9e81aa9f85cc ok=True
 TEXT 'The Board had the following standing committees throughout fiscal 2025: Audit Committee, CMD Committee, Finance Committee, and NCG Committee. Committee memberships noted below reflect committee composition as of March 19, 2026 and includes members of the Board not standing for re-election at the Annual Meeting of Shareholders.\nAudit Committee'
GROUP 19 source[1043:1053] selected=[1043, 1044, 1045, 1046, 1047, 1048, 1049, 1051, 1052] context=[1050] bytes=622644:625575 span=fb91f665d4d9f3de1881d1cff319356e52170d9a2bc6f2f96285e9bd8366fe8c ok=True
 TEXT 'Members\nMarie Chandoha\nTorrence N. Boone\nRobert B. Chavez\nNaveen K. Chopra\nRichard Clark\nTracey Zhen\nIndependence\nEach member of the committee is independent under our Standards for Director Independence, the NYSE independence standards and applicable SEC rules.\nThe Audit Committee was established in accordance with the applicable requirements of the Exchange Act and the NYSE. The Board has determined that all members are financially literate for purposes of NYSE listing standards, and that Ms. Chandoha qualifies as an “audit committee financial expert” because of her business experience, understanding of generally accepted accounting principles and financial statements, and educational background. See “Report of the Audit Committee” for further information regarding certain reviews and discussions undertaken by the Audit Committee.'
GROUP 20 source[1060:1061] selected=[1060] context=[] bytes=630305:630402 span=5be0b2e93dd3670205a0998e8115f8a2e308437e72a2aa14428b482cb516dd82 ok=True
 TEXT 'Compensation and Management Development Committee'
GROUP 21 source[1064:1073] selected=[1064, 1065, 1066, 1067, 1068, 1069, 1070, 1072] context=[1071] bytes=632276:633962 span=4453e7a82ab3ae666c8a6c8ac546c5a0f6385c541b5001c0a0bed481b8f1e15f ok=True
 TEXT 'Members\nJill Granoff\nEmilie Arel\nRobert B. Chavez\nDeirdre P. Connelly\nDouglas W. Sesler\nPaul C. Varga\nIndependence\nEach member of the committee is independent'
GROUP 22 source[1093:1094] selected=[1093] context=[] bytes=647577:647594 span=e9cf70563a5ed5b5adaf2ef22a20a1e927aef2cffbd89a7e8d666b6db74a57f0 ok=True
 TEXT 'Finance Committee'
GROUP 23 source[1097:1106] selected=[1097, 1098, 1099, 1100, 1101, 1102, 1103, 1105] context=[1104] bytes=649468:651115 span=7d4e8499b8384611f9bf64324000bb34c79d3b9d11bd249256d3115411c615b0 ok=True
 TEXT 'Members\nPaul C. Varga\nMarie Chandoha\nNaveen K. Chopra\nRichard Clark\nJill Granoff\nRichard L. Markee\nIndependence\nEach member of the committee is independent'
GROUP 24 source[1121:1122] selected=[1121] context=[] bytes=659337:659382 span=4a3ee15e5c1100b6a5e9330beaca61a4b2cfa148a1c3fda8c4d93a32ee8ca29c ok=True
 TEXT 'Nominating and Corporate Governance Committee'
GROUP 25 source[1125:1134] selected=[1125, 1126, 1127, 1128, 1129, 1130, 1131, 1133] context=[1132] bytes=661280:662951 span=59eb7750dce8527d6ea7330425d806f2d2adc1d0b6b57421edda713a5bc2bfc3 ok=True
 TEXT 'Members\nDeirdre P. Connelly\nEmilie Arel\nTorrence N. Boone\nRichard L. Markee\nDouglas W. Sesler\nTracey Zhen\nIndependence\nEach member of the committee is independent'
GROUP 26 source[1617:1619] selected=[1617, 1618] context=[] bytes=991434:992234 span=907a2609e3f0a7d3197e8329d0f26f73149f0a87b9caa9983746065929313077 ok=True
 TEXT '(4)Mr. Chavez joined the Board effective April 1, 2025..\n(5)Ms. Levinson retired from the Board effective May 16, 2025.'
GROUP 27 source[1751:1752] selected=[1751] context=[] bytes=1088673:1088868 span=1c8dc9996f607ccb937fc49504faec6f3bf9b04dd41858678825bda65a8a481b ok=True
 TEXT 'The Board has adopted a written Audit Committee charter. All members of the Audit Committee are independent, as defined in Sections 303A.06 and 303A.07 of the NYSE’s listing standards.'
GROUP 28 source[1929:1930] selected=[1929] context=[] bytes=1210166:1211541 span=d29e311c3273f39d01f386ab3b3acbf2d2ef92d121add2cd66efd0b4283897a4 ok=True
 TEXT 'Eligibility. Any person who is selected by the Committee to receive benefits under the Amended and Restated 2024 Plan and who is at that time an officer or other employee of the Company or any of its subsidiaries (including a person who has agreed to commence serving in such capacity within 90 days of the date of grant) is eligible to participate in the Amended and Restated 2024 Plan. In addition, certain persons (including consultants) who provide services to the Company or any of its subsidiaries that are equivalent to those typically provided by an employee (provided that such persons satisfy the Form S-8 definition of “employee”), and non-employee directors of the Company, may also be selected by the Committee to participate in the Amended and Restated 2024 Plan. As of January 31, 2026, the Company and its subsidiaries had approximately 90,134 employees and the Company had 12 non-employee directors. Although the Company may engage certain independent contractors and consultants from time to time, we do not currently expect to grant awards under the Amended and Restated 2024 Plan to such persons. The basis for participation in the Amended and Restated 2024 Plan by eligible persons is the selection of such persons by the Committee (or its authorized delegate) in its discretion.'
INDEPENDENT_PARTITION 5572 complete True hash sha256:233218dfe24b20af85a3684f94ca15748084c9110d855eb86b02f6983c687e30 matches_receipt True
REVIEW_STATUS PENDING
RESULT_VALUE_EXACT_CANDIDATE_JOIN True chars 10004 result_id sha256:d7eaa03ec66abaf95cb885642145ad9f1687e90f7aa26ab1ffe28ff0f50a38ae
RUN_MANIFEST_STATUS OPEN
VALIDATION_STATUS NOT_RUN
REVIEW_DECISION_COUNT 1
