{
  "record_type": "LEGACY_EXIT_PREPARATION_ONLY",
  "production_exit_activated": false,
  "scope": "One disposable Python process; original inventory and existing tombstone/metric-write guards, no source edits or active switch",
  "inventory_sha256": "78d2732a19ac838b00cb878e085bad2976b1dc16f2632438cf38276e64a442a1",
  "pipeline_sha256": "f62bd3dba3a140002d0d4e74912876ff5972d785a4a029f80d5a75dfbb89b438",
  "semantic_producer_count": 116,
  "shared_inventory_rows_retained": 20,
  "target_metric_ids": [
    "A01",
    "A02",
    "A03",
    "A04",
    "A05",
    "A06",
    "A07",
    "A08",
    "A09",
    "A10",
    "A11",
    "A12",
    "A13",
    "B01",
    "B02",
    "B03",
    "B04",
    "B05",
    "B06",
    "B07",
    "B08",
    "B09",
    "B10",
    "B11",
    "B12",
    "B13",
    "C01",
    "C02",
    "C03",
    "C04",
    "D01",
    "D02",
    "D03",
    "D04",
    "E01",
    "E02",
    "E03",
    "E04",
    "E05"
  ],
  "original_existing_retirement_check": {
    "check_id": "legacy_b01_b03_b10_b11_production_paths_retired",
    "severity": "P0",
    "status": "PASS",
    "details": "retired_symbols=22"
  },
  "historical_publication": "publication_24bf8f1654f3b80ecd2e996eb7393c0bcff706de65890e94c19878065f407a59",
  "historical_rows_bytes_unchanged": true,
  "calls": [
    0,
    0,
    0
  ],
  "remaining": [
    "Full current390 native successor coverage",
    "Independent whole production graph validation with old semantics unavailable",
    "Actual successor publication-bound retirement declaration",
    "Separate production authorization and corresponding deployed entry switch"
  ],
  "not_proven": "This isolated export/write-boundary check is not a complete transitive call-graph proof or formal retirement receipt."
}
