CONTEXT UNIT sha256:99502d9018e934545c8936a7b69c62e3bea7a4d8112359818b309b54b95fcd58 rows 1717:1753
CONTEXT UNIT sha256:26eb8d47590552f5545a76e257dd0a54f4ed161142810120aa07bdd528675c7e rows 1753:1965
[1717] PART IV
[1718] Item 15. Exhibits and Financial Statement Schedules.
[1719] LIST OF DOCUMENTS FILED AS PART OF THIS REPORT
[1720] (1) FINANCIAL STATEMENTS
[1721] We include this portion of Item 15 under Part II, Item 8 of this Annual Report on Form 10-K.
[1722] (2) FINANCIAL STATEMENT SCHEDULES
[1723] We include the financial statement schedule information required by the applicable accounting regulations of the SEC in the notes to our financial statements and incorporate that information in this Item 15 by reference.
[1724] 66
[1725] Table of Contents
[1726] (3) EXHIBITS
[1727] Any stockholder who wants a copy of the following Exhibits may obtain one from us upon request at a charge that reflects the reproduction cost of such Exhibits. Requests should be made to the Secretary, Marriott International, Inc., 7750 Wisconsin Avenue, Department 52/862, Bethesda, MD 20814.
[1728] We have not filed as exhibits certain instruments defining the rights of holders of the long-term debt of Marriott or its subsidiary Starwood Hotels & Resorts Worldwide, LLC, pursuant to Item 601(b)(4)(iii) of Regulation S-K promulgated under the Exchange Act, because the amount of debt authorized and outstanding under each such instrument does not exceed 10 percent of the total assets of the Company and its consolidated subsidiaries. The Company agrees to furnish a copy of any such instrument to the SEC upon request.
[1729] Exhibit No.DescriptionIncorporation by Reference (where a report is indicated below, that document has been previously filed with the SEC and the applicable exhibit is incorporated by reference thereto)
[1730] 3.1Restated Certificate of Incorporation.
[1731] Exhibit No. 3.(i) to our Form 8-K filed August 22, 2006 (File No. 001-13881).
[1732] 3.2Amended and Restated Bylaws.
[1733] Exhibit No. 3.1 to our Form 8-K filed August 4, 2023 (File No. 001-13881).
[1734] 4.1Form of Common Stock Certificate.
[1735] Exhibit No. 4.5 to our Form S-3ASR filed December 8, 2005 (File No. 333-130212).
[1736] 4.2Indenture, dated as of November 16, 1998, between the Company and The Bank of New York Mellon, as successor to JPMorgan Chase Bank, N.A., formerly known as The Chase Manhattan Bank.
[1737] Exhibit No. 4.1 to our Form 10-K filed March 16, 1999 (File No. 001-13881).
[1738] 4.3Description of Registrant’s Securities.
[1739] Exhibit No. 4.3 to our Form 10-K filed February 13, 2024 (File No. 001-13881).
[1740] 10.1.1
[1741] U.S. $4,500,000,000 Sixth Amended and Restated Credit Agreement dated as of December 14, 2022 with Bank of America, N.A. as administrative agent and certain banks.
[1742] Exhibit No. 10 to our Form 8-K filed December 15, 2022 (File No. 001-13881).
[1743] 10.1.2
[1744] First Amendment, dated as of May 17, 2024 and effective as of June 4, 2024, to the Sixth Amended and Restated Credit Agreement with Bank of America, N.A. as administrative agent, and certain banks, dated as of December 14, 2022.
[1745] Exhibit No. 10.1 to our Form 10-Q filed July 31, 2024 (File No. 001-13881).
[1746] 10.2
[1747] Amended and Restated License, Services and Development Agreement, dated September 20, 2024 and effective as of January 1, 2024, by and among the Company, Marriott Worldwide Corporation, and Marriott Vacations Worldwide Corporation, and the other signatories thereto.
[1748] Exhibit No. 10.2 to our Form 10-Q filed November 4, 2024 (File No. 001-13881).
[1749] 10.3.1License, Services and Development Agreement entered into on November 17, 2011, among The Ritz-Carlton Hotel Company, L.L.C., Marriott Vacations Worldwide Corporation, and the other signatories thereto.
[1750] Exhibit No. 10.2 to our Form 8-K filed November 21, 2011 (File No. 001-13881).
[1751] 10.3.2First Amendment to License, Services, and Development Agreement for Ritz-Carlton Projects, dated February 26, 2018, among The Ritz-Carlton Hotel Company, L.L.C., Marriott Vacations Worldwide Corporation, and the other signatories thereto.
[1752] Exhibit No. 10.2 to our Form 8-K filed February 27, 2018 (File No. 001-13881).
[1753] 10.4Marriott Bonvoy Affiliation Agreement entered into on November 10, 2021, among the Company, Marriott Rewards, L.L.C., Marriott Vacations Worldwide Corporation and certain of its subsidiaries, Marriott Ownership Resorts, Inc., and the other signatories thereto.
[1754] Exhibit No. 10.4.1 to our Form 10-K filed February 15, 2022 (File No. 001-13881).
[1755] 67
[1756] Table of Contents
[1757] Exhibit No.DescriptionIncorporation by Reference (where a report is indicated below, that document has been previously filed with the SEC and the applicable exhibit is incorporated by reference thereto)
[1758] *10.5.1
[1759] 2023 Marriott International, Inc. Stock and Cash Incentive Plan.
[1760] Exhibit No. 10.1 to our Form 8-K filed May 16, 2023 (File No. 001-13881).
[1761] *10.5.2
[1762] United Kingdom Sub-Plan of the 2023 Marriott International, Inc. Stock and Cash Incentive Plan (December 2023).
[1763] Exhibit No. 10.6.2 to our Form 10-K filed February 13, 2024 (File No. 001-13881).
[1764] *10.6.1
[1765] Marriott International, Inc. Stock and Cash Incentive Plan, as amended through February 13, 2014.
[1766] Exhibit A to our Definitive Proxy Statement filed April 4, 2014 (File No. 001-13881).
[1767] *10.6.2
[1768] Amendment dated August 7, 2014 to the Marriott International, Inc. Stock and Cash Incentive Plan.
[1769] Exhibit No. 10 to our Form 10-Q filed October 29, 2014 (File No. 001-13881).
[1770] *10.6.3
[1771] Amendment dated September 23, 2016 to the Marriott International, Inc. Stock and Cash Incentive Plan.
[1772] Exhibit No. 10.8.2 to our Form 10-K filed February 15, 2018 (File No. 001-13881).
[1773] *10.6.4
[1774] Amendment dated November 10, 2016 to the Marriott International, Inc. Stock and Cash Incentive Plan.
[1775] Exhibit No. 10.22 to our Form 10-K filed February 15, 2018 (File No. 001-13881).
[1776] *10.6.5
[1777] Amendment dated May 5, 2017 to the Marriott International, Inc. Stock and Cash Incentive Plan.
[1778] Exhibit No. 10.8.3 to our Form 10-K filed February 15, 2018 (File No. 001-13881).
[1779] *10.6.6
[1780] Amendment dated February 15, 2019 to the Marriott International, Inc. Stock and Cash Incentive Plan.
[1781] Exhibit No. 10.7.5 to our Form 10-K filed March 1, 2019 (File No. 001-13881).
[1782] *10.6.7
[1783] Amendment dated May 10, 2019 to the Marriott International, Inc. Stock and Cash Incentive Plan.
[1784] Exhibit No. 10.1 to our Form 10-Q filed August 6, 2019 (File No. 001-13881).
[1785] *10.6.8
[1786] Amendment dated May 8, 2020 to the Marriott International, Inc. Stock and Cash Incentive Plan.
[1787] Exhibit No. 10.1 to our Form 10-Q filed August 10, 2020 (File No. 001-13881).
[1788] *10.7.1
[1789] Form of MI Shares Agreement for the Marriott International, Inc. Stock and Cash Incentive Plan (February 2023).
[1790] Exhibit No. 10.1 to our Form 10-Q filed May 2, 2023 (File No. 001-13881).
[1791] *10.7.2
[1792] Form of Restricted Stock Unit Agreement for the 2023 Marriott International, Inc. Stock and Cash Incentive Plan (February 2024).
[1793] Exhibit No. 10.3 to our Form 10-Q filed May 1, 2024 (File No. 001-13881).
[1794] *10.7.3
[1795] Form of Restricted Stock Unit Agreement for the 2023 Marriott International, Inc. Stock and Cash Incentive Plan (February 2025).
[1796] Exhibit No. 10.3 to our Form 10-Q filed May 6, 2025 (File No. 001-13881).
[1797] *10.8.1
[1798] Form of Stock Appreciation Rights Agreement for the Marriott International, Inc. Stock and Cash Incentive Plan (pre-February 2018).
[1799] Exhibit No. 10.12 to our Form 10-K filed February 15, 2018 (File No. 001-13881).
[1800] *10.8.2
[1801] Form of Stock Appreciation Rights Agreement for the Marriott International, Inc. Stock and Cash Incentive Plan (February 2018).
[1802] Exhibit No. 10.7 to our Form 10-Q filed May 10, 2018 (File No. 001-13881).
[1803] *10.8.3
[1804] Form of Stock Appreciation Rights Agreement for the Marriott International, Inc. Stock and Cash Incentive Plan (March 2019).
[1805] Exhibit No. 10.3 to our Form 10-Q filed May 10, 2019 (File No. 001-13881).
[1806] *10.8.4
[1807] Form of Stock Appreciation Rights Agreement for the Marriott International, Inc. Stock and Cash Incentive Plan (February 2021).
[1808] Exhibit No. 10.5 to our Form 10-Q filed May 10, 2021 (File No. 001-13881).
[1809] *10.8.5
[1810] Form of Stock Appreciation Rights Agreement for the Marriott International, Inc. Stock and Cash Incentive Plan (February 2023).
[1811] Exhibit No. 10.3 to our Form 10-Q filed May 2, 2023 (File No. 001-13881).
[1812] *10.8.6
[1813] Form of Stock Appreciation Rights Agreement for the 2023 Marriott International, Inc. Stock and Cash Incentive Plan (February 2024).
[1814] Exhibit No. 10.1 to our Form 10-Q filed May 1, 2024 (File No. 001-13881).
[1815] *10.8.7
[1816] Form of Stock Appreciation Rights Agreement for the 2023 Marriott International, Inc. Stock and Cash Incentive Plan (February 2025).
[1817] Exhibit No. 10.1 to our Form 10-Q filed May 6, 2025 (File No. 001-13881).
[1818] 68
[1819] Table of Contents
[1820] Exhibit No.DescriptionIncorporation by Reference (where a report is indicated below, that document has been previously filed with the SEC and the applicable exhibit is incorporated by reference thereto)
[1821] *10.9.1
[1822] Form of Performance Share Unit Award Agreement for the Marriott International, Inc. Stock and Cash Incentive Plan (February 2023).
[1823] Exhibit No. 10.2 to our Form 10-Q filed May 2, 2023 (File No. 001-13881).
[1824] *10.9.2
[1825] Form of Performance Share Unit Award Agreement for the 2023 Marriott International, Inc. Stock and Cash Incentive Plan (February 2024).
[1826] Exhibit No. 10.2 to our Form 10-Q filed May 1, 2024 (File No. 001-13881).
[1827] *10.9.3
[1828] Form of Performance Share Unit Award Agreement for the 2023 Marriott International, Inc. Stock and Cash Incentive Plan (February 2025).
[1829] Exhibit No. 10.2 to our Form 10-Q filed May 6, 2025 (File No. 001-13881).
[1830] *10.10.1
[1831] Form of Non-Employee Director Deferred Fee Award Agreement for the Marriott International, Inc. Stock and Cash Incentive Plan.
[1832] Exhibit No. 10.2 to our Form 10-Q filed August 2, 2022 (File No. 001-13881).
[1833] *10.10.2
[1834] Form of Non-Employee Director Deferred Share Award Agreement for the Marriott International, Inc. Stock and Cash Incentive Plan.
[1835] Exhibit No. 10.3 to our Form 10-Q filed August 2, 2022 (File No. 001-13881).
[1836] *10.10.3
[1837] Form of Non-Employee Director Deferred Fee Award Agreement for the 2023 Marriott International, Inc. Stock and Cash Incentive Plan.
[1838] Exhibit No. 10.3 to our Form 10-Q filed August 1, 2023 (File No. 001-13881).
[1839] *10.10.4
[1840] Form of Non-Employee Director Deferred Share Award Agreement for the 2023 Marriott International, Inc. Stock and Cash Incentive Plan.
[1841] Exhibit No. 10.2 to our Form 10-Q filed August 1, 2023 (File No. 001-13881).
[1842] *10.10.5
[1843] Form of Non-Employee Director Deferred Fee Award Agreement for the 2023 Marriott International, Inc. Stock and Cash Incentive Plan (May 2025).
[1844] Exhibit No. 10.2 to our Form 10-Q filed August 5, 2025 (File No. 001-13881).
[1845] *10.10.6
[1846] Form of Non-Employee Director Deferred Share Award Agreement for the 2023 Marriott International, Inc. Stock and Cash Incentive Plan (May 2025).
[1847] Exhibit No. 10.1 to our Form 10-Q filed August 5, 2025 (File No. 001-13881).
[1848] *10.11.1
[1849] Form of Non-Employee Director Stock Appreciation Right Agreement for the Marriott International, Inc. Stock and Cash Incentive Plan (Pre-May 2022).
[1850] Exhibit No. 10.12.2 to our Form 10-K filed February 15, 2018 (File No. 001-13881).
[1851] *10.11.2
[1852] Form of Non-Employee Director Stock Appreciation Right Agreement for the Marriott International, Inc. Stock and Cash Incentive Plan (May 2022).
[1853] Exhibit No. 10.4 to our Form 10-Q filed August 2, 2022 (File No. 001-13881).
[1854] *10.11.3
[1855] Form of Non-Employee Director Stock Appreciation Right Agreement for the 2023 Marriott International, Inc. Stock and Cash Incentive Plan.
[1856] Exhibit No. 10.4 to our Form 10-Q filed August 1, 2023 (File No. 001-13881).
[1857] *10.11.4
[1858] Form of Non-Employee Director Stock Appreciation Right Agreement for the 2023 Marriott International, Inc. Stock and Cash Incentive Plan (May 2025).
[1859] Exhibit No. 10.3 to our Form 10-Q filed August 5, 2025 (File No. 001-13881).
[1860] *10.12.1
[1861] Marriott International, Inc. Executive Deferred Compensation Plan, amended and restated as of February 11, 2022.
[1862] Exhibit No. 10.6.1 to our Form 10-K filed February 15, 2022 (File No. 001-13881).
[1863] *10.12.2
[1864] First Amendment to the Marriott International, Inc. Executive Deferred Compensation Plan, effective as of October 31, 2022.
[1865] Exhibit No. 10.7.2 to our Form 10-K filed February 14, 2023 (File No. 001-13881).
[1866] *10.12.3
[1867] Second Amendment to the Marriott International, Inc. Executive Deferred Compensation Plan, effective as of January 1, 2024.
[1868] Exhibit No. 10.15.3 to our Form 10-K filed February 13, 2024 (File No. 001-13881).
[1869] *10.12.4
[1870] Third Amendment to the Marriott International, Inc. Executive Deferred Compensation Plan, effective as of January 1, 2025.
[1871] Exhibit No. 10.1 to our Form 10-Q filed November 4, 2024 (File No. 001-13881).
[1872] *10.12.5
[1873] Fourth Amendment to the Marriott International, Inc. Executive Deferred Compensation Plan, effective as of October 8, 2025.
[1874] Filed with this report.
[1875] 69
[1876] Table of Contents
[1877] Exhibit No.DescriptionIncorporation by Reference (where a report is indicated below, that document has been previously filed with the SEC and the applicable exhibit is incorporated by reference thereto)
[1878] *10.13
[1879] Amended and Restated Aircraft Time Sharing Agreement, effective as of September 14, 2023, between Marriott International Administrative Services, Inc. and Anthony Capuano.
[1880] Exhibit No. 10.2 to our Form 10-Q filed November 2, 2023 (File No. 001-13881).
[1881] 10.14
[1882] Third Amended and Restated Aircraft Time Sharing Agreement, effective as of November 7, 2024, between Marriott International Administrative Services, Inc. and J. Willard Marriott, Jr.
[1883] Exhibit No. 10.17 to our Form 10-K filed February 11, 2025 (File No. 001-13881).
[1884] *10.15
[1885] Aircraft Time Sharing Agreement, effective as of February 9, 2023, between Marriott International Administrative Services, Inc. and David Marriott.
[1886] Exhibit No. 10.16 to our Form 10-K filed February 14, 2023 (File No. 001-13881).
[1887] 19
[1888] Marriott International, Inc. Securities Trading Policy (MIP-11).
[1889] Filed with this report.
[1890] 21
[1891] Subsidiaries of Marriott International, Inc.
[1892] Filed with this report.
[1893] 23
[1894] Consent of Ernst & Young LLP.
[1895] Filed with this report.
[1896] 31.1Certification of Chief Executive Officer Pursuant to Rule 13a-14(a).
[1897] Filed with this report.
[1898] 31.2Certification of Chief Financial Officer Pursuant to Rule 13a-14(a).
[1899] Filed with this report.
[1900] 32Section 1350 Certifications.
[1901] Furnished with this report.
[1902] 97
[1903] Marriott International, Inc. Rule 10D-1 Clawback Policy.
[1904] Exhibit No. 97 to our Form 10-K filed February 13, 2024 (File No. 001-13881).
[1905] 101
[1906] The following financial statements from Marriott International, Inc.’s Annual Report on Form 10-K for the year ended December 31, 2025, formatted in Inline XBRL (Extensible Business Reporting Language): (i) the Consolidated Statements of Income for the year ended December 31, 2025, December 31, 2024, and December 31, 2023; (ii) the Consolidated Balance Sheets at December 31, 2025, and December 31, 2024; (iii) the Consolidated Statements of Cash Flows for the year ended December 31, 2025, December 31, 2024, and December 31, 2023; (iv) the Consolidated Statements of Comprehensive Income for the year ended December 31, 2025, December 31, 2024, and December 31, 2023; (v) the Consolidated Statements of Stockholders’ Deficit for the year ended December 31, 2025, December 31, 2024, and December 31, 2023; and (vi) Notes to Consolidated Financial Statements.
[1907] Submitted electronically with this report.
[1908] 101.INSXBRL Instance Document.Submitted electronically with this report.
[1909] 101.SCHXBRL Taxonomy Extension Schema Document.Submitted electronically with this report.
[1910] 101.CALXBRL Taxonomy Calculation Linkbase Document.Submitted electronically with this report.
[1911] 101.DEFXBRL Taxonomy Extension Definition Linkbase.Submitted electronically with this report.
[1912] 101.LABXBRL Taxonomy Label Linkbase Document.Submitted electronically with this report.
[1913] 101.PREXBRL Taxonomy Presentation Linkbase Document.Submitted electronically with this report.
[1914] 104
[1915] The cover page from Marriott International, Inc.’s Annual Report on Form 10-K for the year ended December 31, 2025, formatted in Inline XBRL (included as Exhibit 101).
[1916] Submitted electronically with this report.
[1917] * Denotes management contract or compensatory plan.
[1918] 70
[1919] Table of Contents
[1920] Item 16. Form 10-K Summary.
[1921] None.
[1922] 71
[1923] Table of Contents
[1924] SIGNATURES
[1925] Pursuant to the requirements of Section 13 or 15(d) of the Exchange Act, we have duly caused this Form 10-K to be signed on our behalf by the undersigned, thereunto duly authorized, on this 10th day of February 2026.
[1926] MARRIOTT INTERNATIONAL, INC.
[1927] By:/s/Anthony G. Capuano
[1928] Anthony G. Capuano
[1929] President and Chief Executive Officer
[1930] Pursuant to the requirements of the Exchange Act, this Form 10-K has been signed by the following persons on our behalf in the capacities indicated and on the date indicated above.
[1931] PRINCIPAL EXECUTIVE OFFICER:
[1932] /s/Anthony G. Capuano
[1933] President, Chief Executive Officer and Director
[1934] Anthony G. Capuano
[1935] PRINCIPAL FINANCIAL OFFICER:
[1936] /s/Kathleen K. ObergChief Financial Officer and Executive Vice President, Development
[1937] Kathleen K. Oberg
[1938] PRINCIPAL ACCOUNTING OFFICER:
[1939] /s/Felitia O. LeeController and Chief Accounting Officer
[1940] Felitia O. Lee
[1941] DIRECTORS:
[1942] /s/David S. Marriott
[1943] /s/Aylwin B. Lewis
[1944] David S. Marriott, Chairman of the Board
[1945] Aylwin B. Lewis, Director
[1946] /s/Isabella D. Goren
[1947] /s/Margaret M. McCarthy
[1948] Isabella D. Goren, Director
[1949] Margaret M. McCarthy, Director
[1950] /s/Deborah Marriott Harrison
[1951] /s/Grant F. Reid
[1952] Deborah Marriott Harrison, Director
[1953] Grant F. Reid, Director
[1954] /s/Frederick A. Henderson
[1955] /s/Horacio D. Rozanski
[1956] Frederick A. Henderson, Director
[1957] Horacio D. Rozanski, Director
[1958] /s/Lauren R. Hobart/s/Susan C. Schwab
[1959] Lauren R. Hobart, DirectorSusan C. Schwab, Director
[1960] /s/Debra L. Lee
[1961] /s/Sean C. Tresvant
[1962] Debra L. Lee, Director
[1963] Sean C. Tresvant, Director
[1964] 72
