CONTEXT UNIT sha256:c602ecc69500ffb50c421970157577cb6e31c757c5bbb45f15ae8dc5e7fc7fc1 rows 0:297
[0] Table of Contents
[1] UNITED STATES
[2] SECURITIES AND EXCHANGE COMMISSION
[3] Washington, D.C. 20549
[4] FORM 10-K
[5] ☒ANNUAL REPORT PURSUANT TO SECTION 13 OR 15(d) OF THE SECURITIES EXCHANGE ACT OF 1934
[6] For the Fiscal Year Ended December 31, 2025
[7] or
[8] ☐TRANSITION REPORT PURSUANT TO SECTION 13 OR 15(d) OF THE SECURITIES EXCHANGE ACT OF 1934
[9] For the transition period from to
[10] Commission File No. 1-13881
[11] MARRIOTT INTERNATIONAL, INC.
[12] (Exact name of registrant as specified in its charter)
[13] Delaware52-2055918
[14] (State or other jurisdiction of incorporation or organization)
[15] (IRS Employer Identification No.)
[16] 7750 Wisconsin AvenueBethesdaMaryland20814
[17] (Address of principal executive offices)
[18] (Zip Code)
[19] (Registrant’s telephone number, including area code) (301) 380-3000
[20] Securities registered pursuant to Section 12(b) of the Act:
[21] Title of Each Class Trading Symbol(s)Name of Each Exchange on Which Registered
[22] Class A Common Stock, $0.01 par value MARNasdaq Global Select Market
[23] Securities registered pursuant to Section 12(g) of the Act: NONE
[24] Indicate by check mark if the registrant is a well-known seasoned issuer, as defined in Rule 405 of the Securities Act. Yes ☒ No o
[25] Indicate by check mark if the registrant is not required to file reports pursuant to Section 13 or Section 15(d) of the Act. Yes o No ☒
[26] Indicate by check mark whether the registrant: (1) has filed all reports required to be filed by Section 13 or 15(d) of the Securities Exchange Act of 1934 during the preceding 12 months (or for such shorter period that the registrant was required to file such reports), and (2) has been subject to such filing requirements for the past 90 days. Yes ☒ No o
[27] Indicate by check mark whether the registrant has submitted electronically every Interactive Data File required to be submitted pursuant to Rule 405 of Regulation S-T (§ 232.405 of this chapter) during the preceding 12 months (or for such shorter period that the registrant was required to submit such files). Yes ☒ No o
[28] Indicate by check mark whether the registrant is a large accelerated filer, an accelerated filer, a non-accelerated filer, a smaller reporting company, or an emerging growth company. See the definitions of “large accelerated filer,” “accelerated filer,” “smaller reporting company,” and “emerging growth company” in Rule 12b-2 of the Exchange Act.
[29] Large accelerated filer☒Accelerated fileroEmerging growth companyo
[30] Non-accelerated fileroSmaller reporting companyo
[31] If an emerging growth company, indicate by check mark if the registrant has elected not to use the extended transition period for complying with any new or revised financial accounting standards provided pursuant to Section 13(a) of the Exchange Act. o
[32] Indicate by check mark whether the registrant has filed a report on and attestation to its management's assessment of the effectiveness of its internal control over financial reporting under Section 404(b) of the Sarbanes-Oxley Act (15 U.S.C. 7262(b)) by the registered public accounting firm that prepared or issued its audit report. ☒
[33] If securities are registered pursuant to Section 12(b) of the Act, indicate by check mark whether the financial statements of the registrant included in the filing reflect the correction of an error to previously issued financial statements. o
[34] Indicate by check mark whether any of those error corrections are restatements that required a recovery analysis of incentive-based compensation received by any of the registrant’s executive officers during the relevant recovery period pursuant to §240.10D-1(b). o
[35] Indicate by check mark whether the registrant is a shell company (as defined in Rule 12b-2 of the Act). Yes ☐ No ☒
[36] The aggregate market value of shares of common stock held by non-affiliates at June 30, 2025, was $61,232,412,426.
[37] There were 264,984,554 shares of Class A Common Stock, par value $0.01 per share, outstanding at January 31, 2026.
[38] DOCUMENTS INCORPORATED BY REFERENCE
[39] Portions of the Proxy Statement prepared for the 2026 Annual Meeting of Stockholders are incorporated by reference into Part III of this report.
[40] Table of Contents
[41] MARRIOTT INTERNATIONAL, INC.
[42] FORM 10-K TABLE OF CONTENTS
[43] FISCAL YEAR ENDED DECEMBER 31, 2025
[44] Page No.
[45] Part I.
[46] Item 1.
[47] Business
[48] 4
[49] Item 1A.
[50] Risk Factors
[51] 10
[52] Item 1B.
[53] Unresolved Staff Comments
[54] 19
[55] Item 1C.
[56] Cybersecurity
[57] 19
[58] Item 2.
[59] Properties
[60] 20
[61] Item 3.
[62] Legal Proceedings
[63] 20
[64] Item 4.
[65] Mine Safety Disclosures
[66] 21
[67] Part II.
[68] Item 5.
[69] Market for Registrant’s Common Equity, Related Stockholder Matters, and Issuer Purchases of Equity Securities
[70] 21
[71] Item 6.
[72] Reserved
[73] 21
[74] Item 7.
[75] Management’s Discussion and Analysis of Financial Condition and Results of Operations
[76] 22
[77] Item 7A.
[78] Quantitative and Qualitative Disclosures About Market Risk
[79] 29
[80] Item 8.
[81] Financial Statements
[82] 30
[83] Item 9.
[84] Changes in and Disagreements with Accountants on Accounting and Financial Disclosure
[85] 60
[86] Item 9A.
[87] Controls and Procedures
[88] 60
[89] Item 9B.
[90] Other Information
[91] 61
[92] Item 9C.
[93] Disclosure Regarding Foreign Jurisdictions that Prevent Inspections
[94] 61
[95] Part III.
[96] Item 10.
[97] Directors, Executive Officers, and Corporate Governance
[98] 62
[99] Item 11.
[100] Executive Compensation
[101] 62
[102] Item 12.
[103] Security Ownership of Certain Beneficial Owners and Management and Related Stockholder Matters
[104] 62
[105] Item 13.
[106] Certain Relationships and Related Transactions, and Director Independence
[107] 62
[108] Item 14.
[109] Principal Accountant Fees and Services
[110] 62
[111] Information About Our Executive Officers
[112] 63
[113] Code of Ethics and Business Conduct Guide
[114] 66
[115] Part IV.
[116] Item 15.
[117] Exhibits and Financial Statement Schedules
[118] 66
[119] Item 16.
[120] Form 10-K Summary
[121] 71
[122] Signatures
[123] 72
[124] 2
[125] Table of Contents
[126] Throughout this report, we refer to Marriott International, Inc., together with its consolidated subsidiaries, as “we,” “us,” “Marriott,” or the “Company.” In order to make this report easier to read, we also refer throughout to (1) our Consolidated Financial Statements as our “Financial Statements,” (2) our Consolidated Statements of Income as our “Income Statements,” (3) our Consolidated Balance Sheets as our “Balance Sheets,” (4) our Consolidated Statements of Cash Flows as our “Statements of Cash Flows,” (5) our properties, brands, or markets in the United States and Canada as “U.S. & Canada,” and (6) our properties, brands, or markets in our Europe, Middle East & Africa, Greater China, Asia Pacific excluding China, and Caribbean & Latin America regions, as “International.” References throughout to numbered “Notes” refer to the Notes to our Financial Statements, unless otherwise stated. In addition, we use the term “hotel owners” throughout this report to refer, collectively, to owners of hotels and other lodging offerings operating in our system pursuant to franchise agreements, management agreements, license agreements or similar arrangements, and we use the term “hotels in our system” to refer to hotels and other lodging offerings operating in our system pursuant to such arrangements, as well as hotels that we own or lease. The terms “hotel owners” and “hotels in our system” exclude Homes & Villas by Marriott BonvoySM (which we also exclude from our property and room count), timeshare, residential, and The Ritz-Carlton Yacht Collection®.
[127] Cautionary Statement
[128] All statements in this report are made as of the date this Form 10-K is filed with the U.S. Securities and Exchange Commission (the “SEC”). We undertake no obligation to publicly update or revise these statements, whether as a result of new information, future events or otherwise. We make forward-looking statements in Management’s Discussion and Analysis of Financial Condition and Results of Operations and elsewhere in this report based on the beliefs and assumptions of our management and on information available to us through the date this Form 10-K is filed with the SEC. Forward-looking statements include information related to our development pipeline; our expectations regarding rooms growth; our expectations regarding our ability to meet our liquidity requirements; our capital expenditures and other investment spending and reimbursement expectations; our expectations regarding future dividends and share repurchases; our expectations regarding our Loyalty Program; our expectations regarding our sustainability and social impact strategies and initiatives; our expectations regarding certain claims, legal proceedings, settlements or resolutions; our expectations regarding additional payments to citizenM Holding BV and certain of its affiliates; and other statements that are preceded by, followed by, or include the words “believes,” “expects,” “anticipates,” “intends,” “plans,” “estimates,” “foresees,” or similar expressions; and similar statements concerning anticipated future events and expectations that are not historical facts.
[129] We caution you that these statements are not guarantees of future performance and are subject to numerous evolving risks and uncertainties that we may not be able to accurately predict or assess, including the risks and uncertainties we describe in Part I, Item 1A, “Risk Factors,” of this report and other factors we describe from time to time in our periodic filings with the SEC.
[130] 3
[131] Table of Contents
[132] PART I
[133] Item 1. Business.
[134] Overview
[135] We are a worldwide franchisor, operator, and licensor of hotel, residential, timeshare, and other lodging properties under a portfolio of compelling brands at different price and service points. Consistent with our focus on franchising, management, and licensing, we own or lease very few of our lodging properties (less than one percent of our system). As of year-end 2025, our system included 9,805 properties (1,779,936 rooms) in 145 countries and territories, and we also had approximately 4,100 properties (nearly 610,000 rooms) in our development pipeline.
[136] We discuss our operations in the following reportable business segments: (1) U.S. & Canada, (2) Europe, Middle East & Africa (“EMEA”), (3) Greater China, and (4) Asia Pacific excluding China (“APEC”). Our Caribbean & Latin America (“CALA”) operating segment does not meet the applicable accounting criteria for separate disclosure as a reportable business segment, and as such, we include its results in “Unallocated corporate and other.” See Note 14 for more information.
[137] Brand Portfolio
[138] We believe that our brand portfolio offers the most compelling range of brands, lodging properties, and other offerings in hospitality. Our brands are categorized by style of offering - Classic and Distinctive. Our Classic brands offer time-honored hospitality for the modern traveler, and our Distinctive brands offer memorable experiences with a unique perspective - each of which we group into four quality tiers: Luxury, Premium, Select, and Midscale. Luxury offers bespoke and superb amenities and services. Premium offers sophisticated and thoughtful amenities and services. Select offers smart and easy amenities and services. Midscale offers limited services and essential amenities at a more affordable price point. Longer stay brands, which are classified under multiple quality tiers, offer amenities suggestive of the comforts of home. The following table shows the portfolio of brands owned, operated, and/or licensed by Marriott for properties open at year-end 2025.
[139] 4
[140] Table of Contents
[141] The following table shows the geographic distribution of properties operating under the brands in our portfolio at year-end 2025:
[142] U.S. & Canada
[143] EuropeMiddle East & Africa
[144] Asia Pacific excluding China
[145] Greater China
[146] Caribbean & Latin AmericaTotal
[147] Luxury
[148] JW Marriott®
[149] Properties361012322317130
[150] Rooms19,5182,9694,58210,2339,0934,49650,891
[151] The Ritz-Carlton®
[152] Properties431217241911126
[153] Rooms13,2302,6204,0594,8215,3482,20132,279
[154] The Luxury Collection®
[155] Properties21451432713132
[156] Rooms10,1086,6142,6807,5124,0401,77032,724
[157] W Hotels®
[158] Properties231361111872
[159] Rooms7,2822,5362,1752,7543,8931,59320,233
[160] St. Regis®
[161] Properties137151015666
[162] Rooms2,6698873,6832,0673,94898714,241
[163] EDITION®
[164] Properties56532122
[165] Rooms1,3799679434966461864,617
[166] Bvlgari
[167] Properties—4122—9
[168] Rooms—328121157201—807
[169] Premium (2)
[170] Marriott® Hotels
[171] Properties3367932617635619
[172] Rooms131,85922,36310,32718,31826,1619,209218,237
[173] Sheraton®
[174] Properties16548335810329436
[175] Rooms63,85413,3619,89917,15635,5978,091147,958
[176] Westin®
[177] Properties137168423216251
[178] Rooms55,5695,1002,14711,88610,7474,53589,984
[179] Autograph Collection®
[180] Properties169962228542362
[181] Rooms38,73713,3993,8905,5731,38113,41976,399
[182] Renaissance® Hotels
[183] Properties9223616349180
[184] Rooms28,6105,5611,7283,93511,7672,47654,077
[185] Le Méridien®
[186] Properties24171936233122
[187] Rooms5,2995,2606,1978,2106,46856231,996
[188] Delta Hotels by Marriott® (Delta Hotels®)
[189] Properties91308—44137
[190] Rooms21,6985,2241,593—1,52975930,803
[191] MGM Collection with Marriott Bonvoy
[192] Properties12—————12
[193] Rooms26,210—————26,210
[194] Tribute Portfolio®
[195] Properties1023611151111186
[196] Rooms19,0804,5132,1911,7942,0911,25030,919
[197] Gaylord® Hotels
[198] Properties7—————7
[199] Rooms11,820—————11,820
[200] Design Hotels®
[201] Properties25127925631223
[202] Rooms2,6938,7287681,48392988715,488
[203] Marriott Executive Apartments®
[204] Properties—3181512250
[205] Rooms—2143,1352,2281,9182407,735
[206] Outdoor Collection by Marriott BonvoySM (3)
[207] Properties32—————32
[208] Rooms1,532—————1,532
[209] Apartments by Marriott BonvoySM
[210] Properties21———25
[211] Rooms38144———231656
[212] 5
[213] Table of Contents
[214] U.S. & CanadaEuropeMiddle East & AfricaAsia Pacific excluding ChinaGreater ChinaCaribbean & Latin AmericaTotal
[215] Select
[216] Courtyard by Marriott® (Courtyard®)
[217] Properties1,08384126763531,362
[218] Rooms149,90115,2312,63513,71216,0918,520206,090
[219] Fairfield by Marriott® (Fairfield®)
[220] Properties1,1911—7794181,381
[221] Rooms113,031222—10,36314,6112,521140,748
[222] Residence Inn by Marriott® (Residence Inn®)
[223] Properties889318——9937
[224] Rooms109,3743,5171,114——1,328115,333
[225] SpringHill Suites by Marriott® (SpringHill Suites®)
[226] Properties579—————579
[227] Rooms68,370—————68,370
[228] Four Points by Sheraton® (Four Points®)
[229] Properties14527295710224384
[230] Rooms20,8484,7886,34013,38223,8373,21372,408
[231] TownePlace Suites by Marriott® (TownePlace Suites®)
[232] Properties571—————571
[233] Rooms57,577—————57,577
[234] Aloft® Hotels
[235] Properties1691113191516243
[236] Rooms24,4081,9112,8504,6763,3942,57739,816
[237] AC Hotels by Marriott®
[238] Properties14288210421267
[239] Rooms23,83111,8442862,5979953,27542,828
[240] Moxy® Hotels
[241] Properties49104115111181
[242] Rooms8,60419,9051603,3071,94412234,042
[243] Element® Hotels
[244] Properties1023737—122
[245] Rooms13,9204891,1895721,398—17,568
[246] Protea Hotels® by Marriott
[247] Properties——65———65
[248] Rooms——7,020———7,020
[249] citizenM®
[250] Properties1619—11—37
[251] Rooms4,3743,938—210267—8,789
[252] Midscale
[253] City Express by MarriottSM
[254] Properties11————147158
[255] Rooms1,129————17,78118,910
[256] Four Points FlexSM by Sheraton
[257] Properties—34416——54
[258] Rooms—4,1062313,469——7,806
[259] Series by MarriottSM (3)
[260] Properties2——37——39
[261] Rooms164——2,597——2,761
[262] StudioResSM
[263] Properties4—————4
[264] Rooms496—————496
[265] Residences
[266] ResidencesProperties72132021216144
[267] Rooms7,5536842,9913,81830290516,253
[268] Subtotal Properties6,3609883977336845459,707
[269] Subtotal Rooms1,065,108167,32384,934157,326188,59693,1341,756,421
[270] Timeshare (1)
[271] Properties95
[272] Rooms22,912
[273] Yacht (1)
[274] Properties3
[275] Rooms603
[276] Total Properties9,805
[277] Total Rooms1,779,936
[278] (1)We exclude geographical data for Timeshare and Yacht as these offerings are captured within “Unallocated corporate and other.”
[279] (2)During 2025, we terminated our licensing agreement with Sonder Holdings Inc.
[280] (3)The Outdoor Collection by Marriott Bonvoy includes properties under both the Premium and Select quality tiers. Series by Marriott includes properties under both the Select and Midscale quality tiers.
[281] Property and room counts presented by brand in the above table include certain hotels in our system that are not yet operating under such brand, but are expected to operate under such brand following the completion of planned renovations.
[282] 6
[283] Table of Contents
[284] Franchised, Licensed, and Other Properties
[285] We have franchise, license, and other arrangements that permit hotel owners and certain other third parties to use many of our lodging brand names and systems.
[286] Under our hotel franchising arrangements, we generally receive an initial application fee and continuing royalty fees, which typically range from four to seven percent of room revenues, plus for certain brands, up to four percent of food and beverage revenues, as well as reimbursement for centralized programs and services, such as our Loyalty Program (as defined below), reservations, and marketing. The terms of these agreements vary, but they are generally for periods of 10 to 25 years.
[287] We also have license and other agreements with third parties for certain offerings, such as for our timeshare properties, MGM Collection with Marriott Bonvoy, Design Hotels, and The Ritz-Carlton Yacht Collection, pursuant to which we receive royalty and certain other fees. For our timeshare properties, we receive royalty fees under license agreements with Marriott Vacations Worldwide Corporation and its affiliates (collectively, “MVW”) for certain brands. The royalty fees we receive from MVW consist of a fixed annual fee, adjusted for inflation, plus certain variable fees based on sales volumes. Certain licensees and other counterparties are also charged for certain systems and centralized programs and services, such as our Loyalty Program, reservations, and marketing.
[288] At year-end 2025, we had 7,644 franchised, licensed, and other properties (1,183,513 rooms and timeshare units).
[289] Company-Operated Properties
[290] At year-end 2025, we had 2,017 company-operated properties (580,170 rooms), which included properties under long-term management agreements with hotel owners and properties that we own and lease.
[291] Terms of our management agreements vary, but we earn a management fee that is typically composed of a base management fee, which is a percentage of the revenues of the hotel, and an incentive management fee, which is based on the profits of the hotel. In many cases (particularly in our U.S. & Canada, Europe, and CALA regions), incentive management fees are subject to a specified owner return. Such agreements are generally for initial periods of 20 to 30 years, with options for us to renew for up to 10 or more additional years. Our lease agreements also vary, but may include fixed annual rentals plus additional rentals based on a specified percentage of annual revenues that exceed a fixed amount. In many jurisdictions, our management agreements may be subordinated to mortgages or other liens securing indebtedness of the hotel owners. Many of our management agreements also permit the hotel owners to terminate the agreement if we do not meet certain performance metrics, financial returns fail to meet defined levels for a period of time, and we have not cured those deficiencies. In certain circumstances, some of our management agreements allow owners to convert company-operated properties to franchised properties under our brands.
[292] For the hotels we operate, we generally are responsible for hiring, training, and supervising the associates needed to operate the hotels. In addition to providing hotel-level operating and administrative services, we also provide centralized programs and services, such as our Loyalty Program, reservations, and marketing, as well as various accounting and data processing services. Under our management agreements, hotel owners are generally responsible for hotel operating costs, including centralized programs and services.
[293] Residential
[294] We use or license certain of our trademarks for the sale of residential real estate, often in conjunction with hotel development. We receive one-time branding fees upon the sale of each branded residential unit by the third-party developers who construct and sell the residences, with limited amounts, if any, of our capital at risk. We often also manage or provide a brand license to the related homeowners’ association and receive continuing fees for that service or license. At year-end 2025, we had 144 branded residential properties (16,253 residential units).
[295] Intellectual Property
[296] We operate in a highly competitive industry and our brand names, trademarks, service marks, trade names, and logos are very important to our business, including the development, sales and marketing of our brands and other hospitality offerings and services. We believe that our brand names and other intellectual property have come to represent outstanding quality, care, service, and value to our guests, the traveling public, and hotel owners. Accordingly, we register and protect our intellectual property where we deem appropriate and otherwise protect against its unauthorized use.
