CONTEXT UNIT sha256:99502d9018e934545c8936a7b69c62e3bea7a4d8112359818b309b54b95fcd58 rows 1614:1717
[1614] Other Related Parties
[1615] We earned gross fee revenues plus reimbursement of certain expenses from franchised and managed properties in which members of the Marriott family hold varying interests. These amounts are not material to our Financial Statements.
[1616] Item 9. Changes in and Disagreements with Accountants on Accounting and Financial Disclosure.
[1617] None.
[1618] Item 9A. Controls and Procedures.
[1619] Disclosure Controls and Procedures
[1620] We evaluated the effectiveness of our disclosure controls and procedures (as such term is defined in Rules 13a-15(e) and 15d-15(e) under the Securities Exchange Act of 1934 (the “Exchange Act”)) as of the end of the period covered by this annual report under the supervision and with the participation of our management, including our Chief Executive Officer and Chief Financial Officer. Management necessarily applied its judgment in assessing the costs and benefits of those controls and procedures, which by their nature, can provide only reasonable assurance about management’s control objectives. You should note that the design of any system of controls is based in part upon certain assumptions about the likelihood of future events,
[1621] 60
[1622] Table of Contents
[1623] and we cannot assure you that any design will succeed in achieving its stated goals under all potential future conditions, regardless of how remote. Based upon this evaluation, our Chief Executive Officer and Chief Financial Officer concluded that our disclosure controls and procedures were effective and operating to provide reasonable assurance that we record, process, summarize, and report the information we are required to disclose in the reports that we file or submit under the Exchange Act within the time periods specified in the rules and forms of the SEC, and to provide reasonable assurance that we accumulate and communicate such information to our management, including our Chief Executive Officer and Chief Financial Officer, as appropriate to allow timely decisions about required disclosure.
[1624] Internal Control Over Financial Reporting
[1625] We have set forth management’s report on internal control over financial reporting and the attestation report of our independent registered public accounting firm on our internal control over financial reporting in Part II, Item 8 of this Form 10-K, and we incorporate those reports here by reference.
[1626] We made no changes in internal control over financial reporting during the 2025 fourth quarter that materially affected, or are reasonably likely to materially affect, our internal control over financial reporting.
[1627] Item 9B. Other Information.
[1628] During the 2025 fourth quarter, no director or Section 16 officer adopted or terminated any Rule 10b5-1 plans or non-Rule 10b5-1 trading arrangements.
[1629] Item 9C. Disclosure Regarding Foreign Jurisdictions that Prevent Inspections.
[1630] Not applicable.
[1631] 61
[1632] Table of Contents
[1633] PART III
[1634] Items 10, 11, 12, 13, 14.
[1635] As described below, we incorporate by reference in this Annual Report on Form 10-K certain information appearing in the Proxy Statement that we will furnish to our stockholders for our 2026 Annual Meeting of Stockholders.
[1636] Item 10. Directors, Executive Officers, and Corporate Governance.
[1637] We incorporate this information by reference to “Nominees to our Board of Directors,” “Board Committees — Audit Committee,” “Transactions with Related Persons,” “Delinquent Section 16(a) Reports,” “Selection of Director Nominees” and “Insider Trading Policies and Procedures” sections of our Proxy Statement. We have included information regarding our executive officers and our Code of Ethics below.
[1638] Item 11. Executive Compensation.
[1639] We incorporate this information by reference to the “Executive and Director Compensation” section of our Proxy Statement.
[1640] Item 12. Security Ownership of Certain Beneficial Owners and Management and Related Stockholder Matters.We incorporate this information by reference to the “Securities Authorized for Issuance Under Equity Compensation Plans” and the “Stock Ownership” sections of our Proxy Statement.
[1641] Item 13. Certain Relationships and Related Transactions, and Director Independence.We incorporate this information by reference to the “Transactions with Related Persons” and “Director Independence” sections of our Proxy Statement.
[1642] Item 14. Principal Accountant Fees and Services.We incorporate this information by reference to the “Independent Registered Public Accounting Firm Fee Disclosure” and the “Pre-Approval of Independent Auditor Fees and Services Policy” sections of our Proxy Statement.
[1643] 62
[1644] Table of Contents
[1645] INFORMATION ABOUT OUR EXECUTIVE OFFICERS
[1646] We include below certain information on our executive officers. This information is as of February 1, 2026, except where indicated.
[1647] Name and TitleAgeBusiness Experience
[1648] Anthony G. (Tony) Capuano
[1649] President and Chief Executive Officer
[1650] 60
[1651] Tony Capuano was appointed Chief Executive Officer (“CEO”) in February 2021 and was additionally designated President in February 2023. Prior to his appointment as CEO, Mr. Capuano was Group President, Global Development, Design and Operations Services, a role he assumed in January 2020. In that role, he was responsible for leading the Company’s global development and design efforts and overseeing the Company’s Global Operations discipline. Mr. Capuano began his Marriott career in 1995 as part of the Market Planning and Feasibility team. Between 1997 and 2005, he led Marriott’s full-service development efforts in the Western U.S. and Canada. From 2005 to 2008, Mr. Capuano served as Senior Vice President of full-service development for North America. In 2008, his responsibilities expanded to include all of U.S. & Canada and Caribbean & Latin America, and he became Executive Vice President and Global Chief Development Officer in 2009. Mr. Capuano earned his bachelor’s degree in Hotel Administration from Cornell University. He is a member of the Cornell Hotel Society, The Cornell School of Hotel Administration Dean’s Advisory Board, the Business Roundtable, and the American Hotel and Lodging Association’s IREFAC Council. Additionally, Mr. Capuano serves on the Board of Directors of McDonald’s Corporation, The Economic Club of Washington, D.C., and Save Venice, a nonprofit organization dedicated to preserving the artistic heritage of Venice, Italy.
[1652] Satyajit (Satya) Anand
[1653] President, Europe, Middle East & Africa
[1654] 61
[1655] Satya Anand has served as President, Europe, Middle East & Africa (EMEA) since October 2020, and was appointed Group President, United States, Canada, and Caribbean & Latin America, effective March 28, 2026. In his role as President, EMEA, Mr. Anand is responsible for developing and managing Marriott’s portfolio in the region. Mr. Anand began his career with Marriott International in 1988 and prior to assuming his role as President, EMEA, he served as Chief Operations Officer, Luxury & Southern Europe and Global Design EMEA from July 2016. Prior to this, Mr. Anand was Marriott’s Chief Financial Officer for Europe for four years and held Area Vice President roles for Western and Central Europe, respectively, as well as various Cluster General Manager, operations and finance positions both on and above property. Mr. Anand holds a bachelor’s degree in Accounting from Bangalore’s MES College of Commerce and completed his Diploma in Hotel and Tourism Management from the Institute of Tourism & Hotel Management in Semmering, Austria.
[1656] Benjamin T. (Ty) Breland
[1657] Chief Human Resources Officer and Executive Vice President, Global Operations Services
[1658] 50
[1659] Ty Breland was appointed Executive Vice President and Chief Human Resources Officer in October 2021 and was additionally designated Executive Vice President of Global Operations Services in March 2025. Prior to his appointment in 2021, Mr. Breland served as Global HR Officer for Talent Development & Organizational Capability, a role he assumed in 2016. In that role, Mr. Breland had executive oversight for talent management, including leadership development, organizational capability, and change management. Mr. Breland also oversaw The Ritz-Carlton Leadership Center and served as the senior Human Resources leader for the Company’s Global Development, Design & Operations Services disciplines. Mr. Breland joined Marriott in 2004 as a member of the Company’s Talent Management and Analytics group and held a variety of other senior human resources leadership positions, including Global HR Integration Officer, responsible for the Human Resources integration for Marriott’s merger with Starwood Hotels & Resorts. From 2011 to 2015, Mr. Breland served as Regional Vice President of Human Resources for the Eastern Region of the U.S. Mr. Breland earned his Bachelor of Science in Psychology and Ph.D. in Industrial/Organizational Psychology from Virginia Tech, where he is a board member for the Virginia Tech Hospitality Business School.
[1660] 63
[1661] Table of Contents
[1662] Name and TitleAgeBusiness Experience
[1663] William P. (Liam) Brown
[1664] Group President, United States and Canada
[1665] 65
[1666] Liam Brown was appointed Group President, United States and Canada effective January 2021, and is responsible for developing and managing Marriott's portfolio in the region. Prior to this role, Mr. Brown served as the President and Managing Director of Europe from 2018 to 2019, followed by Group President of Europe, Middle East & Africa in 2020. Mr. Brown joined Marriott in 1989 and served as President for Franchising, Owner Services and Managed by Marriott Select Brands, North America from 2012 to 2018. Other key positions previously held by Mr. Brown include Chief Operations Officer for the Americas for Select Service & Extended Stay Lodging and Owner & Franchise Services, as well as Senior Vice President and Executive Vice President of Development for Marriott’s Select Service & Extended Stay lodging products. Mr. Brown currently serves as Chair of the Board of Directors and as a member of the Executive Committee of the American Hotel and Lodging Association. He holds a Hotel Diploma and Business Degree from the Dublin Institute of Technology, Trinity College and earned his Master of Business Administration from the Robert H. Smith School of Management at the University of Maryland. On January 9, 2026, Marriott announced that Mr. Brown will step down from his role as Group President, United States and Canada effective March 28, 2026, and will retire from the Company effective June 30, 2026.
[1667] David S. (Shawn) Hill
[1668] Executive Vice President and Chief Development Officer
[1669] 55
[1670] Shawn Hill was appointed Executive Vice President and Chief Development Officer effective January 1, 2026, and is responsible for leading the Company’s global development efforts. Prior to this role, beginning in January 2022, Mr. Hill served as Chief Development Officer for Marriott’s Asia Pacific excluding China region, based in Singapore, where he was responsible for overseeing the growth of the Company’s lodging portfolio in the region. Mr. Hill also served as Senior Vice President – Hotel Development, Asia Pacific, from 2013 through December 2021. He joined Marriott in 1997 and held positions of increasing responsibility in accounting, finance, and asset management before relocating to Hong Kong in 2005 to join the Asia Pacific development team. Mr. Hill holds a Bachelor of Science in Accounting from Oral Roberts University and a Master of Business Administration from the University of Maryland.
[1671] Neal Jones
[1672] Chief Operating Officer, Europe & Africa and Global Leader Design Hotels
[1673] 54
[1674] Neal Jones has served as Chief Operating Officer, Europe & Africa and Global Leader Design Hotels since July 2024, and was appointed President, EMEA, effective March 28, 2026. In his current role, Mr. Jones oversees the Company’s performance across Europe and Africa as well as the Company’s Design Hotels portfolio. Other key positions previously held by Mr. Jones include Chief Sales & Marketing Officer for EMEA from January 2020 to July 2024 and for Middle East & Africa from 2013 to January 2020. Mr. Jones joined Marriott in 1995 and previously served in various leadership positions throughout the Company, including Vice President, Global Sales, as well as other sales and marketing positions. He graduated from Hotelschool The Hague in the Netherlands.
[1675] Felitia O. Lee
[1676] Controller and
[1677] Chief Accounting Officer
[1678] 64
[1679] Felitia Lee was appointed Marriott’s Controller and Chief Accounting Officer and principal accounting officer effective August 2020, with responsibility for the global accounting operations of the Company including oversight of financial reporting and analysis, accounting policy, general accounting, consumer and technology accounting, finance and accounting governance, finance shared services, and financial contract compliance. Ms. Lee joined Marriott in May 2020, supporting the management of the Company’s accounting operations. Prior to joining Marriott, Ms. Lee was the Senior Vice President and Controller for Kohl’s Corporation since 2018, and prior to joining Kohl’s Corporation, Ms. Lee held the title of Vice President and Controller of the Pepsi Beverage Company along with a number of other leadership positions with PepsiCo, Inc. She earned her Bachelor of Science in Accounting from Santa Clara University. She is a Certified Public Accountant and a member of the American Institute of Certified Public Accountants.
[1680] 64
[1681] Table of Contents
[1682] Name and TitleAgeBusiness Experience
[1683] Yibing Mao
[1684] President, Greater China
[1685] 62
[1686] Yibing Mao was appointed President, Greater China in February 2023, and is responsible for developing and managing Marriott's portfolio in the region. Ms. Mao joined Marriott in 1996 and held the title of Senior Vice President & Chief Counsel, Asia Pacific from May 2016 until she stepped down in 2020. From 2021 to February 2023, she was a member of the Board of Directors of Las Vegas Sands Corporation. Ms. Mao received a Bachelor of Laws from Jilin University, Master of Law from Peking University, and a J.D. degree from Duke University School of Law.
[1687] Jennifer C. Mason
[1688] Global Officer, Treasurer and Risk Management
[1689] 56
[1690] Jennifer Mason has served as Global Officer, Treasurer and Risk Management since May 2022, and was appointed Executive Vice President and Chief Financial Officer effective immediately following the date on which Marriott files this report with the SEC. As Global Officer, Treasurer and Risk Management, Ms. Mason oversees global capital market activities and hotel financing, financial strategy and capital allocation, financial risk management, global capital transactions and treasury services, and the Company’s risk management function. Prior to her current role, Ms. Mason served as Marriott’s Chief Financial Officer, U.S. & Canada from 2016 to May 2022. Ms. Mason joined Marriott in 1992 and previously served in various leadership positions throughout Marriott, including Senior Vice President of IT Business Partnership and Planning and Senior Vice President of Sales and Marketing Planning Support. Prior to this, she also held several positions of increasing responsibilities in Internal Audit, Corporate Financial Planning & Analysis, Lodging Finance and Business Development. Ms. Mason serves on the Board of Directors of Six Flags Entertainment Corporation. She earned her Bachelor of Science in Commerce from the University of Virginia and her Master of Business Administration from the Wharton School of the University of Pennsylvania.
[1691] Rajeev (Raj) Menon
[1692] President, Asia Pacific excluding China
[1693] 57
[1694] Rajeev Menon was appointed President, Asia Pacific excluding China (APEC) in October 2019, and is responsible for developing and managing Marriott's portfolio in the region. Prior to being appointed President, APEC, Mr. Menon served as the Chief Operating Officer for APEC from March 2015 through September 2019. Mr. Menon joined Marriott International in April 2001 as the General Manager of Renaissance Mumbai Hotel and Convention Center and Marriott Executive Apartments, Mumbai. Mr. Menon is a Board member of the Singapore Hotel Association, US/ASEAN Business Council, and Singapore Tourism Board. He completed his education including Hotel Management in New Delhi and is also a graduate of the Advanced Management Program (AMP Class 194) at Harvard Business School.
[1695] Kathleen K. (Leeny) Oberg
[1696] Chief Financial Officer and Executive Vice President, Development
[1697] 65
[1698] Leeny Oberg was appointed Executive Vice President and Chief Financial Officer effective January 2016 and was additionally designated Executive Vice President, Business Operations in October 2021. In February 2023, Ms. Oberg began leading the Company’s Global Development organization and was appointed Chief Financial Officer and Executive Vice President, Development. Previously, Ms. Oberg was the Chief Financial Officer for The Ritz-Carlton since 2013. Prior to assuming that role, Ms. Oberg served in a range of financial leadership positions with Marriott, including Senior Vice President, Corporate and Development Finance and Senior Vice President, International Project Finance and Asset Management for Europe and the Middle East and Africa. Ms. Oberg first joined Marriott as part of its Investor Relations group in 1999. Ms. Oberg is an active member of the American Hotel and Lodging Association’s IREFAC Council, and she currently serves on the Board of Directors of Adobe Inc. She earned her Bachelor of Science in Commerce, with concentrations in Finance and Management Information Systems, from the University of Virginia, McIntire School of Commerce and received her Master of Business Administration from Stanford University Graduate School of Business. On July 14, 2025, Marriott announced that Ms. Oberg will step down from her role as Chief Financial Officer and Executive Vice President, Development effective immediately following the date on which Marriott files this report with the SEC, and will retire from the Company effective March 31, 2026.
[1699] 65
[1700] Table of Contents
[1701] Name and TitleAgeBusiness Experience
[1702] Drew L. Pinto
[1703] Executive Vice President and Chief Revenue & Technology Officer
[1704] 54
[1705] Drew Pinto was appointed Executive Vice President and Chief Revenue & Technology Officer in February 2023, and is responsible for leading global sales and support channels, revenue management, digital, and information technology strategy for the Company. Since joining the Company in 2004, Mr. Pinto has held various leadership roles, including Global Officer, Global Sales, Distribution, and Revenue Management from January 2021 to February 2023 and Senior Vice President, Distribution & Revenue Strategy from January 2019 to January 2021. Mr. Pinto earned a Bachelor of Arts degree from Yale University and his Master of Business Administration from the University of Michigan Ross School of Business.
[1706] Rena Hozore Reiss
[1707] Executive Vice President and
[1708] General Counsel
[1709] 66
[1710] Rena Hozore Reiss was appointed Executive Vice President and General Counsel effective December 2017. Ms. Reiss previously held the position of Executive Vice President, General Counsel and Corporate Secretary at Hyatt Hotels. Prior to her position with Hyatt, Ms. Reiss was an attorney in Marriott’s law department from 2000 to 2010 building her career in roles with increasing responsibility, ultimately holding the position of Senior Vice President and Associate General Counsel in which she led Marriott’s managed development efforts in the Americas region. Ms. Reiss serves on the Board of Directors of the American Hotel and Lodging Association and of Legal Aid DC. She earned her A.B. from Princeton University and her J.D. from Harvard Law School.
[1711] Peggy F. Roe
[1712] Executive Vice President and Chief Customer Officer
[1713] 54
[1714] Peggy Roe was appointed Executive Vice President and Chief Customer Officer in February 2023, and is responsible for overseeing development and execution of all aspects of Marriott’s global consumer strategy. Since joining Marriott in 2003, Ms. Roe has held various leadership roles focused on growth and innovation. From January 2020 to February 2023, she served as Global Officer, Customer Experience, Loyalty, and New Ventures, and from October 2013 to December 2019, she served as Chief Sales and Marketing Officer, Asia Pacific. She co-founded the Marriott Women in Leadership initiative in Asia Pacific in 2014 and is a board member of the Hong Kong chapter of the Asian University for Women. Ms. Roe serves on the Board of Directors of Simon Property Group, Inc. She is a graduate of the University of Michigan and holds a Master of Business Administration from Harvard Business School.
[1715] CODE OF ETHICS AND BUSINESS CONDUCT GUIDE
[1716] The Company has long maintained and enforced a Code of Ethics that applies to all Marriott associates, including our Chief Executive Officer, Chief Financial Officer, and Principal Accounting Officer, and to each member of the Board. The Code of Ethics is encompassed in our Business Conduct Guide, which is available in the Investor Relations section of our website (Marriott.com/investor) by clicking on “Governance” and then “Documents & Charters.” We intend to post on that website any future changes or amendments to our Code of Ethics, and any waiver of our Code of Ethics that applies to any of our executive officers or a member of our Board within four business days following the date of the amendment or waiver.
