Traceback (most recent call last):
  File "/Users/lyuhongwang/Developer/SEC_metrics/scripts/vnext/run_store.py", line 166, in _read_manifest
    return validate_record(record=payload)
  File "/Users/lyuhongwang/Developer/SEC_metrics/scripts/vnext/records.py", line 1879, in validate_record
    _validate_record_semantics(record_type=semantic_type, record=record)
    ~~~~~~~~~~~~~~~~~~~~~~~~~~^^^^^^^^^^^^^^^^^^^^^^^^^^^^^^^^^^^^^^^^^^
  File "/Users/lyuhongwang/Developer/SEC_metrics/scripts/vnext/records.py", line 1213, in _validate_record_semantics
    validate_run_coordinates(
    ~~~~~~~~~~~~~~~~~~~~~~~~^
        target_period=record["target_period"],
        ^^^^^^^^^^^^^^^^^^^^^^^^^^^^^^^^^^^^^^
        company_traits=record["company_traits"],
        ^^^^^^^^^^^^^^^^^^^^^^^^^^^^^^^^^^^^^^^^
        point_in_time_fiscal_label=record.get("requirement_id") in {"issue_28_v9", "issue_28_v10", "issue_28_v11", "issue_28_v12"},
        ^^^^^^^^^^^^^^^^^^^^^^^^^^^^^^^^^^^^^^^^^^^^^^^^^^^^^^^^^^^^^^^^^^^^^^^^^^^^^^^^^^^^^^^^^^^^^^^^^^^^^^^^^^^^^^^^^^^^^^^^^^^
    )
    ^
  File "/Users/lyuhongwang/Developer/SEC_metrics/scripts/vnext/records.py", line 761, in validate_run_coordinates
    raise RecordError("Run fiscal_year falls outside its exact period")
vnext.records.RecordError: Run fiscal_year falls outside its exact period

The above exception was the direct cause of the following exception:

Traceback (most recent call last):
  File "/Users/lyuhongwang/Developer/SEC_metrics/tests/vnext/test_normal_run_v3_material.py", line 74, in check
    row['details']=action();row['passed']=not reject;row['outcome']='ACCEPTED'
                   ~~~~~~^^
  File "/Users/lyuhongwang/Developer/SEC_metrics/tests/vnext/test_normal_run_v3_material.py", line 60, in <lambda>
    self.check(name,lambda m=metric,n=name,f=mutate:self.attack(m,n,f),reject=True)
                                                    ~~~~~~~~~~~^^^^^^^
  File "/Users/lyuhongwang/Developer/SEC_metrics/tests/vnext/test_normal_run_v3_material.py", line 106, in attack
    self.replay(data,run)
    ~~~~~~~~~~~^^^^^^^^^^
  File "/Users/lyuhongwang/Developer/SEC_metrics/tests/vnext/test_normal_run_v3_material.py", line 84, in replay
    manifest,records,decisions=run_store._mechanically_replay_open_run(run_dir=run,repo_root=data,require_complete_results=True)
                               ~~~~~~~~~~~~~~~~~~~~~~~~~~~~~~~~~~~~~~~^^^^^^^^^^^^^^^^^^^^^^^^^^^^^^^^^^^^^^^^^^^^^^^^^^^^^^^^^^
  File "/Users/lyuhongwang/Developer/SEC_metrics/scripts/vnext/run_store.py", line 3388, in _mechanically_replay_open_run
    manifest = _read_manifest(run_dir=run_dir)
  File "/Users/lyuhongwang/Developer/SEC_metrics/scripts/vnext/run_store.py", line 168, in _read_manifest
    raise RunStoreError("Run manifest record is invalid") from error
vnext.run_store.RunStoreError: Run manifest record is invalid
