test_current_model_configuration_changes_only_request_model (tests.vnext.test_annual_continuity.AnnualModelConfigurationTest.test_current_model_configuration_changes_only_request_model) ... ERROR

======================================================================
ERROR: test_current_model_configuration_changes_only_request_model (tests.vnext.test_annual_continuity.AnnualModelConfigurationTest.test_current_model_configuration_changes_only_request_model)
----------------------------------------------------------------------
Traceback (most recent call last):
  File "/Users/lyuhongwang/Developer/SEC_metrics/tests/vnext/test_annual_continuity.py", line 37, in test_current_model_configuration_changes_only_request_model
    with tempfile.TemporaryDirectory() as directory:
         ~~~~~~~~~~~~~~~~~~~~~~~~~~~^^
  File "/opt/homebrew/Cellar/python@3.14/3.14.7/Frameworks/Python.framework/Versions/3.14/lib/python3.14/tempfile.py", line 907, in __init__
    self.name = mkdtemp(suffix, prefix, dir)
                ~~~~~~~^^^^^^^^^^^^^^^^^^^^^
  File "/opt/homebrew/Cellar/python@3.14/3.14.7/Frameworks/Python.framework/Versions/3.14/lib/python3.14/tempfile.py", line 370, in mkdtemp
    prefix, suffix, dir, output_type = _sanitize_params(prefix, suffix, dir)
                                       ~~~~~~~~~~~~~~~~^^^^^^^^^^^^^^^^^^^^^
  File "/opt/homebrew/Cellar/python@3.14/3.14.7/Frameworks/Python.framework/Versions/3.14/lib/python3.14/tempfile.py", line 127, in _sanitize_params
    dir = gettempdir()
  File "/opt/homebrew/Cellar/python@3.14/3.14.7/Frameworks/Python.framework/Versions/3.14/lib/python3.14/tempfile.py", line 312, in gettempdir
    return _os.fsdecode(_gettempdir())
                        ~~~~~~~~~~~^^
  File "/opt/homebrew/Cellar/python@3.14/3.14.7/Frameworks/Python.framework/Versions/3.14/lib/python3.14/tempfile.py", line 305, in _gettempdir
    tempdir = _get_default_tempdir()
  File "/opt/homebrew/Cellar/python@3.14/3.14.7/Frameworks/Python.framework/Versions/3.14/lib/python3.14/tempfile.py", line 222, in _get_default_tempdir
    raise FileNotFoundError(_errno.ENOENT,
                            "No usable temporary directory found in %s" %
                            dirlist)
FileNotFoundError: [Errno 2] No usable temporary directory found in ['/var/folders/md/_hc45tnd7_l8yzvhmkhm29j40000gn/T/', '/tmp', '/var/tmp', '/usr/tmp', '/Users/lyuhongwang/Developer/SEC_metrics']

----------------------------------------------------------------------
Ran 1 test in 1.298s

FAILED (errors=1)
