{
  "time_utc": "2026-10-04T10:08:25.124746+00:00",
  "head": "4c9e195e631f87e5c83f95c9eba46946d581ccde",
  "reviewed_files": {
    "scripts/vnext/c02_table_model_processing.py": {
      "sha256": "3097ae197ef17660eec4d8ff3a466713a9ccebb7f646f7963c30f41e2c614cdc",
      "worktree_equals_target_commit": true
    },
    "catalog/r6/C02_model_table_development_v1.md": {
      "sha256": "af075025a6ac9a93faf4df8f0b9409560ebc00eb2fc1d8d5a08077d60ed5e414",
      "worktree_equals_target_commit": true
    },
    "tests/vnext/test_c02_table_model_processing.py": {
      "sha256": "2d1b892f530f4a2f2d8d2dbaa7d0e21d1fa27e973b5d33dc2357b98ae0fdb633",
      "worktree_equals_target_commit": true
    },
    "tools/run_fast_tests_v2.py": {
      "sha256": "8420c2959f9f00410f9d1b6bb9ae3ac4fa7b91da44e189831b1d3265aecd6aac",
      "worktree_equals_target_commit": true
    }
  },
  "git_status": [
    " M docs/evidence/issue28_continuous/execution-state.json",
    "?? docs/evidence/issue28_continuous/c02-table-native-processing-20261004/independent-wire-review/"
  ],
  "first_persisted_review_log_utc": "2026-10-04T10:03:59.982447+00:00"
}
