test_changed_host_request_or_unit_cannot_keep_its_old_binding (tests.vnext.test_r6_semantic_review.R6SemanticReviewTest.test_changed_host_request_or_unit_cannot_keep_its_old_binding) ... ok
test_changed_text_or_foreign_source_index_is_rejected (tests.vnext.test_r6_semantic_review.R6SemanticReviewTest.test_changed_text_or_foreign_source_index_is_rejected) ... ok
test_complete_recorded_responses_remain_unqualified_proposals (tests.vnext.test_r6_semantic_review.R6SemanticReviewTest.test_complete_recorded_responses_remain_unqualified_proposals) ... ok
test_conflicting_current_categories_require_joint_interpretation (tests.vnext.test_r6_semantic_review.R6SemanticReviewTest.test_conflicting_current_categories_require_joint_interpretation) ... ok
test_contained_native_xml_is_retained_once_with_exact_child_reconstruction (tests.vnext.test_r6_semantic_review.R6SemanticReviewTest.test_contained_native_xml_is_retained_once_with_exact_child_reconstruction) ... ok
test_current_target_classification_cannot_use_other_entity_or_historical_scope (tests.vnext.test_r6_semantic_review.R6SemanticReviewTest.test_current_target_classification_cannot_use_other_entity_or_historical_scope) ... ok
test_every_visible_block_and_native_fact_is_supplied_without_keyword_selection (tests.vnext.test_r6_semantic_review.R6SemanticReviewTest.test_every_visible_block_and_native_fact_is_supplied_without_keyword_selection) ... ok
test_exact_substring_uses_character_offsets_and_cannot_escape_the_source (tests.vnext.test_r6_semantic_review.R6SemanticReviewTest.test_exact_substring_uses_character_offsets_and_cannot_escape_the_source) ... FAIL
test_invalid_unit_id_type_and_blank_quote_are_schema_failures (tests.vnext.test_r6_semantic_review.R6SemanticReviewTest.test_invalid_unit_id_type_and_blank_quote_are_schema_failures) ... ok
test_known_source_language_cannot_be_hidden_in_a_no_finding_response (tests.vnext.test_r6_semantic_review.R6SemanticReviewTest.test_known_source_language_cannot_be_hidden_in_a_no_finding_response) ... ok
test_missing_request_unit_or_duplicate_review_cannot_create_absence (tests.vnext.test_r6_semantic_review.R6SemanticReviewTest.test_missing_request_unit_or_duplicate_review_cannot_create_absence) ... ok
test_quoted_current_assertion_is_rejected_by_host_owned_source_context (tests.vnext.test_r6_semantic_review.R6SemanticReviewTest.test_quoted_current_assertion_is_rejected_by_host_owned_source_context) ... ok
test_wrong_request_or_duplicate_json_keys_is_not_an_interpretation (tests.vnext.test_r6_semantic_review.R6SemanticReviewTest.test_wrong_request_or_duplicate_json_keys_is_not_an_interpretation) ... ok

======================================================================
FAIL: test_exact_substring_uses_character_offsets_and_cannot_escape_the_source (tests.vnext.test_r6_semantic_review.R6SemanticReviewTest.test_exact_substring_uses_character_offsets_and_cannot_escape_the_source)
----------------------------------------------------------------------
vnext.r6_semantic_review.SemanticReviewError: D04_SOURCE_QUOTE_RANGE_INVALID

During handling of the above exception, another exception occurred:

Traceback (most recent call last):
  File "/Users/lyuhongwang/Developer/SEC_metrics/tests/vnext/test_r6_semantic_review.py", line 99, in test_exact_substring_uses_character_offsets_and_cannot_escape_the_source
    with self.assertRaisesRegex(ValueError,'QUOTE_NOT_UNIQUE'):validate_response(request=request,raw_response=encoded(response))
         ~~~~~~~~~~~~~~~~~~~~~~^^^^^^^^^^^^^^^^^^^^^^^^^^^^^^^
AssertionError: "QUOTE_NOT_UNIQUE" does not match "D04_SOURCE_QUOTE_RANGE_INVALID"

----------------------------------------------------------------------
Ran 13 tests in 57.160s

FAILED (failures=1)
