{
  "elapsed_seconds": 0.8536813331302255,
  "record_type": "COMPANY_COMPUTATION_REFERENCES_V1",
  "company_id": "enphase_energy",
  "source_checkpoint_id": "sha256:908f21105139010713a2b088181451a21dab48591b28504b9419dac6a0ae7ea8",
  "source_root": "/private/tmp/issue28-company-consumer-20261003/state-enphase_energy/source",
  "metric_ids": [
    "D04"
  ],
  "metrics": [
    {
      "metric_id": "D04",
      "status": "AI_PROCESSING_INPUT_REQUIRED",
      "reason": "SEC originals are installed; an independently registered existing assessment or a future authorized AI entry is required.",
      "business_metric_completed": false
    }
  ],
  "compute_seconds": "0.110857",
  "source_installation": {
    "checkpoint_id": "sha256:908f21105139010713a2b088181451a21dab48591b28504b9419dac6a0ae7ea8",
    "company_id": "enphase_energy",
    "package_root": "/private/tmp/issue28-company-consumer-20261003/package-enphase_energy",
    "source_root": "/private/tmp/issue28-company-consumer-20261003/state-enphase_energy/source",
    "status": "INSTALLED"
  },
  "new_business_calls": {
    "provider": 0,
    "paid": 0,
    "sec": 0
  },
  "production_authorized": false
}
