marriott_international 0115 SUCCEEDED
marriott_international 0116 SUCCEEDED
marriott_international 0117 SUCCEEDED
marriott_international 0118 SUCCEEDED
southwest_airlines 0119 SUCCEEDED
southwest_airlines 0120 SUCCEEDED
southwest_airlines 0121 SUCCEEDED
southwest_airlines 0122 SUCCEEDED
southwest_airlines 0123 SUCCEEDED
southwest_airlines 0124 SUCCEEDED
jpmorgan_chase 0125 SUCCEEDED
jpmorgan_chase 0126 SUCCEEDED
jpmorgan_chase 0127 SUCCEEDED
jpmorgan_chase 0128 SUCCEEDED
jpmorgan_chase 0129 SUCCEEDED
jpmorgan_chase 0130 SUCCEEDED
jpmorgan_chase 0131 SUCCEEDED
jpmorgan_chase 0132 SUCCEEDED
jpmorgan_chase 0133 SUCCEEDED
jpmorgan_chase 0134 SUCCEEDED
jpmorgan_chase 0135 SUCCEEDED
jpmorgan_chase 0136 SUCCEEDED
jpmorgan_chase 0137 SUCCEEDED
jpmorgan_chase 0138 SUCCEEDED
jpmorgan_chase 0139 SUCCEEDED
jpmorgan_chase 0140 SUCCEEDED
jpmorgan_chase 0141 SUCCEEDED
jpmorgan_chase 0142 SUCCEEDED
jpmorgan_chase 0143 SUCCEEDED
jpmorgan_chase 0144 SUCCEEDED
jpmorgan_chase 0145 SUCCEEDED
jpmorgan_chase 0146 SUCCEEDED
jpmorgan_chase 0147 SUCCEEDED
jpmorgan_chase 0148 SUCCEEDED
jpmorgan_chase 0149 SUCCEEDED
jpmorgan_chase 0150 SUCCEEDED
jpmorgan_chase 0151 SUCCEEDED
salesforce 0152 SUCCEEDED
salesforce 0153 SUCCEEDED
salesforce 0154 SUCCEEDED
salesforce 0155 SUCCEEDED
salesforce 0156 SUCCEEDED
salesforce CalledProcessError Command '['git', 'ls-files', 'catalog', 'config']' returned non-zero exit status 69.
lumen_technologies 0157 SUCCEEDED
lumen_technologies 0158 SUCCEEDED
lumen_technologies 0159 SUCCEEDED
lumen_technologies 0160 SUCCEEDED
lumen_technologies 0161 SUCCEEDED
lumen_technologies 0162 SUCCEEDED
lumen_technologies 0163 SUCCEEDED
lumen_technologies 0164 SUCCEEDED
lumen_technologies CalledProcessError Command '['git', 'ls-files', 'catalog', 'config']' returned non-zero exit status 69.
macys 0165 SUCCEEDED
macys 0166 SUCCEEDED
macys 0167 SUCCEEDED
macys 0168 SUCCEEDED
macys 0169 SUCCEEDED
macys CalledProcessError Command '['git', 'ls-files', 'catalog', 'config']' returned non-zero exit status 69.
