marriott_international D04 REQUESTS_MEASURED 4 
marriott_international D03 REQUESTS_MEASURED 5 
southwest_airlines D04 REQUESTS_MEASURED 6 
southwest_airlines D03 REQUESTS_MEASURED 9 
ford_motor_company D04 REQUESTS_MEASURED 11 
ford_motor_company B13 REQUESTS_MEASURED 11 
ford_motor_company D03 REQUESTS_MEASURED 15 
pfizer D04 REQUESTS_MEASURED 11 
pfizer D03 REQUESTS_MEASURED 16 
jpmorgan_chase D04 REQUESTS_MEASURED 27 
jpmorgan_chase D03 REQUESTS_MEASURED 38 
salesforce D04 REQUESTS_MEASURED 5 
salesforce D03 REQUESTS_MEASURED 7 
lumen_technologies D04 REQUESTS_MEASURED 8 
lumen_technologies D03 REQUESTS_MEASURED 11 
macys D04 REQUESTS_MEASURED 5 
macys D03 REQUESTS_MEASURED 7 
paramount_skydance_paramount_global D04 REQUESTS_MEASURED 10 
paramount_skydance_paramount_global D03 REQUESTS_MEASURED 14 
enphase_energy D04 REQUESTS_MEASURED 6 
enphase_energy B13 REQUESTS_MEASURED 6 
enphase_energy D03 REQUESTS_MEASURED 8 
