{
  "status": "FAILED_NEGATIVE",
  "return_code": 1,
  "seconds": 0.658,
  "actual_current_source_proof": {
    "accession": "",
    "content_sha256": "750c9c99aa82c68b27f878636c61a86a4a5650f916c896038767366b47091f41",
    "document_name": "CIK0001463101.json",
    "request_attempt_id": "request:attempt:a6a94b904d18b0f9c0e96f0cd5e667bb1b340536b8f1450f612d74583af72d97",
    "request_body_sha256": "750c9c99aa82c68b27f878636c61a86a4a5650f916c896038767366b47091f41",
    "request_body_size": 168172,
    "request_headers_repo_relative_path": "evidence/request_attempts/75/750c9c99aa82c68b27f878636c61a86a4a5650f916c896038767366b47091f41/CIK0001463101.json.85446aa749f07237adc8f19f99c6d71faaf03143d719a390e87528b9db0f6127.headers.json",
    "request_headers_sha256": "85446aa749f07237adc8f19f99c6d71faaf03143d719a390e87528b9db0f6127",
    "request_headers_size": 736,
    "request_locator_kind": "IMMUTABLE_ATTEMPT",
    "request_repo_relative_path": "evidence/request_attempts/75/750c9c99aa82c68b27f878636c61a86a4a5650f916c896038767366b47091f41/CIK0001463101.json",
    "source_url": "https://data.sec.gov/submissions/CIK0001463101.json"
  },
  "tampered_relative_path": "evidence/request_attempts/75/750c9c99aa82c68b27f878636c61a86a4a5650f916c896038767366b47091f41/CIK0001463101.json.85446aa749f07237adc8f19f99c6d71faaf03143d719a390e87528b9db0f6127.headers.json",
  "before_sha256": "85446aa749f07237adc8f19f99c6d71faaf03143d719a390e87528b9db0f6127",
  "after_sha256": "4bab398da9c1a8fcc3c43657d53a41adb51b371f39da279b672b90662dece322",
  "original_bound_header_unchanged": true,
  "original_success_pointer_and_Run_not_written": true,
  "new_calls": [
    0,
    0,
    0
  ]
}
