{
  "elapsed_seconds": 91.18520566704683,
  "record_type": "COMPANY_COMPUTATION_REFERENCES_V1",
  "company_id": "enphase_energy",
  "source_checkpoint_id": "sha256:908f21105139010713a2b088181451a21dab48591b28504b9419dac6a0ae7ea8",
  "source_root": "/private/tmp/issue28-company-consumer-20261003/state-enphase-live-d04/source",
  "metric_ids": [
    "D04"
  ],
  "period_request": {
    "report_end": null,
    "fiscal_year": null
  },
  "metrics": [
    {
      "metric_id": "D04",
      "status": "NO_SOURCE_CONTENT_CHANGE",
      "last_verified_candidate": {
        "attempt_id": "99280892f40340cbb2489e9836a86a2f",
        "current_input_matches": true,
        "processing_id": "sha256:7f49d9ddd34de91cfbd2acf117c2bbf771e83931fd4ccde72d6843960f0a92c7",
        "rows_root": "/private/tmp/issue28-company-consumer-20261003/state-enphase-live-d04/updates/processing/D04/568ab1eb52f4f44721e94a871efe78caf389862213a9c9278201c31b7e67c8d2/attempts/99280892f40340cbb2489e9836a86a2f/rows",
        "runtime_root": "/private/tmp/issue28-company-consumer-20261003/live-processing-program"
      },
      "saved_processing_mode": "LIVE",
      "new_candidate_created": false,
      "business_metric_completed": false
    }
  ],
  "compute_seconds": "90.578546",
  "source_installation": {
    "checkpoint_id": "sha256:908f21105139010713a2b088181451a21dab48591b28504b9419dac6a0ae7ea8",
    "company_id": "enphase_energy",
    "package_root": "/private/tmp/issue28-company-consumer-20261003/source-package-enphase-current-live",
    "source_root": "/private/tmp/issue28-company-consumer-20261003/state-enphase-live-d04/source",
    "status": "INSTALLED"
  },
  "new_business_calls": {
    "provider": 0,
    "paid": 0,
    "sec": 0
  },
  "production_authorized": false,
  "runtime_root": "/private/tmp/issue28-company-consumer-20261003/runtime-303-live-d04",
  "execution_id": "bfcc7307c3044907a6f02603657d17db",
  "recorded_at": "2026-10-03T00:22:50.821858+00:00"
}
