{
  "elapsed_seconds": 2.108537666965276,
  "status": "RUNTIME_INSTALLED",
  "runtime_root": "/private/tmp/issue28-company-consumer-20261003/runtime-303-live-d04",
  "requirement_id": "issue_54_v1",
  "dispatch_files": [
    "scripts/vnext/requirement_profile.py",
    "scripts/vnext/run_store.py",
    "scripts/vnext/normal_run_v3.py",
    "scripts/vnext/ordinary_source_authority.py",
    "scripts/vnext/records.py",
    "scripts/vnext/normal_zero_ai_results.py"
  ],
  "authority_hash": "sha256:7a9b1d7a6263e953dc421e58bbdfe09f26b1021a4a37315f68c7e95ec95afaf9",
  "sec_originals_installed": false,
  "new_business_calls": [
    0,
    0,
    0
  ],
  "production_authorized": false
}
