test_helper_import_does_not_load_release_or_requirement (tests.vnext.test_saved_source_checks.RequestBindingsCompatibilityTest.test_helper_import_does_not_load_release_or_requirement) ... ok
test_original_imports_keep_same_exception_and_helpers (tests.vnext.test_saved_source_checks.RequestBindingsCompatibilityTest.test_original_imports_keep_same_exception_and_helpers) ... ok
test_complete_saved_package_without_git_journal_checks_actual_bytes (tests.vnext.test_saved_source_checks.SavedSourceChecksTest.test_complete_saved_package_without_git_journal_checks_actual_bytes) ... ok
test_corrupted_body_or_headers_are_rejected (tests.vnext.test_saved_source_checks.SavedSourceChecksTest.test_corrupted_body_or_headers_are_rejected) ... ok
test_empty_scope_is_not_complete (tests.vnext.test_saved_source_checks.SavedSourceChecksTest.test_empty_scope_is_not_complete) ... ok
test_later_failed_request_cannot_be_hidden_by_old_success (tests.vnext.test_saved_source_checks.SavedSourceChecksTest.test_later_failed_request_cannot_be_hidden_by_old_success) ... ok
test_missing_or_changed_attempt_identity_is_rejected (tests.vnext.test_saved_source_checks.SavedSourceChecksTest.test_missing_or_changed_attempt_identity_is_rejected) ... ok
test_missing_selected_body_is_rejected (tests.vnext.test_saved_source_checks.SavedSourceChecksTest.test_missing_selected_body_is_rejected) ... ok
test_wrong_filing_or_document_identity_is_rejected (tests.vnext.test_saved_source_checks.SavedSourceChecksTest.test_wrong_filing_or_document_identity_is_rejected) ... ok
test_current_and_history_names_rebuild_only_the_inventory_view (tests.vnext.test_ordinary_storage_identity.OrdinaryStorageIdentityTest.test_current_and_history_names_rebuild_only_the_inventory_view) ... ok
test_logical_name_reuses_the_exact_immutable_request_without_rewriting_it (tests.vnext.test_ordinary_storage_identity.OrdinaryStorageIdentityTest.test_logical_name_reuses_the_exact_immutable_request_without_rewriting_it) ... ok
test_402_unknown_usage_and_unknown_outcome_are_permanent_stops (tests.vnext.test_continuous_call_ledger.ContinuousCallLedgerTest.test_402_unknown_usage_and_unknown_outcome_are_permanent_stops) ... ok
test_changed_bound_native_receipt_is_rejected (tests.vnext.test_continuous_call_ledger.ContinuousCallLedgerTest.test_changed_bound_native_receipt_is_rejected) ... ok
test_competing_process_cannot_enter_held_directory_lock (tests.vnext.test_continuous_call_ledger.ContinuousCallLedgerTest.test_competing_process_cannot_enter_held_directory_lock) ... ok
test_crashed_intent_charged_and_only_affected_channel_stopped (tests.vnext.test_continuous_call_ledger.ContinuousCallLedgerTest.test_crashed_intent_charged_and_only_affected_channel_stopped) ... ok
test_deleted_last_slot_or_deleted_root_cannot_restart_total (tests.vnext.test_continuous_call_ledger.ContinuousCallLedgerTest.test_deleted_last_slot_or_deleted_root_cannot_restart_total) ... ok
test_raw_request_identity_blocks_redraw_despite_new_plan (tests.vnext.test_continuous_call_ledger.ContinuousCallLedgerTest.test_raw_request_identity_blocks_redraw_despite_new_plan) ... ok
test_reopen_and_changed_phase_do_not_reset_exhausted_total (tests.vnext.test_continuous_call_ledger.ContinuousCallLedgerTest.test_reopen_and_changed_phase_do_not_reset_exhausted_total) ... ok
test_test_mode_cannot_be_relabelled_live (tests.vnext.test_continuous_call_ledger.ContinuousCallLedgerTest.test_test_mode_cannot_be_relabelled_live) ... ok
test_real_record_loads_but_limits_model_retry_and_money_cannot_be_changed (tests.vnext.test_continuous_call_policy.ContinuousCallPolicyTest.test_real_record_loads_but_limits_model_retry_and_money_cannot_be_changed) ... ok
test_production_permission_or_edited_comment_is_not_this_approval (tests.vnext.test_continuous_call_policy.ContinuousCallPolicyTest.test_production_permission_or_edited_comment_is_not_this_approval) ... ok
test_missing_or_invalid_usage_is_not_zero_and_actual_cost_is_unavailable (tests.vnext.test_continuous_call_policy.ContinuousCallPolicyTest.test_missing_or_invalid_usage_is_not_zero_and_actual_cost_is_unavailable) ... ok
test_actual_sources_keep_requests_unique_and_do_not_claim_freshness_or_execution (tests.vnext.test_normal_source_requirements.OrdinarySourceRequirementsTest.test_actual_sources_keep_requests_unique_and_do_not_claim_freshness_or_execution) ... ok
test_changed_saved_body_has_no_import_or_complete_graph_credit (tests.vnext.test_normal_source_requirements.OrdinarySourceRequirementsTest.test_changed_saved_body_has_no_import_or_complete_graph_credit) ... ok
test_malformed_directory_wrong_identity_and_unsafe_names_cannot_hide_the_frontier (tests.vnext.test_normal_source_requirements.OrdinarySourceRequirementsTest.test_malformed_directory_wrong_identity_and_unsafe_names_cannot_hide_the_frontier) ... ok
test_missing_index_preserves_an_unknown_instance_frontier (tests.vnext.test_normal_source_requirements.OrdinarySourceRequirementsTest.test_missing_index_preserves_an_unknown_instance_frontier) ... ok
test_missing_primary_is_still_discovered_before_annual_preparation (tests.vnext.test_normal_source_requirements.OrdinarySourceRequirementsTest.test_missing_primary_is_still_discovered_before_annual_preparation) ... ok
test_new_metadata_names_new_primary_without_a_saved_answer_or_body (tests.vnext.test_normal_source_requirements.OrdinarySourceRequirementsTest.test_new_metadata_names_new_primary_without_a_saved_answer_or_body) ... ok
test_real_final_failed_get_is_not_replaced_by_an_older_success (tests.vnext.test_normal_source_requirements.OrdinarySourceRequirementsTest.test_real_final_failed_get_is_not_replaced_by_an_older_success) ... ok
test_real_snapshot_conflict_requires_refresh_without_inventing_a_complete_inventory (tests.vnext.test_normal_source_requirements.OrdinarySourceRequirementsTest.test_real_snapshot_conflict_requires_refresh_without_inventing_a_complete_inventory) ... ok
test_existing_scope_keeps_both_ciks_and_prior_calendar_year (tests.vnext.test_normal_source_requirements.RegisteredEventSourceRequirementsTest.test_existing_scope_keeps_both_ciks_and_prior_calendar_year) ... ok
test_foreign_metadata_cannot_declare_event_originals (tests.vnext.test_normal_source_requirements.RegisteredEventSourceRequirementsTest.test_foreign_metadata_cannot_declare_event_originals) ... ok
test_missing_predecessor_metadata_cannot_shrink_scope_to_current_registrant (tests.vnext.test_normal_source_requirements.RegisteredEventSourceRequirementsTest.test_missing_predecessor_metadata_cannot_shrink_scope_to_current_registrant) ... ok
test_exact_alternative_retains_missing_fact_and_has_no_metric_credit (tests.vnext.test_prior_html_dependency.PriorHtmlDependencyTest.test_exact_alternative_retains_missing_fact_and_has_no_metric_credit) ... ok
test_failed_original_is_not_revived_by_xml (tests.vnext.test_prior_html_dependency.PriorHtmlDependencyTest.test_failed_original_is_not_revived_by_xml) ... ok
test_metadata_refresh_remains_required_and_failed_urls_never_retry (tests.vnext.test_prior_html_dependency.PriorHtmlDependencyTest.test_metadata_refresh_remains_required_and_failed_urls_never_retry) ... ok
test_missing_native_input_and_saved_primary_race_stay_pending (tests.vnext.test_prior_html_dependency.PriorHtmlDependencyTest.test_missing_native_input_and_saved_primary_race_stay_pending) ... ok
test_missing_or_conflicting_auditor_stays_pending (tests.vnext.test_prior_html_dependency.PriorHtmlDependencyTest.test_missing_or_conflicting_auditor_stays_pending) ... ok
test_missing_or_unverified_xml_and_index_stay_pending (tests.vnext.test_prior_html_dependency.PriorHtmlDependencyTest.test_missing_or_unverified_xml_and_index_stay_pending) ... ok
test_native_parser_rejection_does_not_form_a_disclosure_limit (tests.vnext.test_prior_html_dependency.PriorHtmlDependencyTest.test_native_parser_rejection_does_not_form_a_disclosure_limit) ... ok
test_other_html_role_still_requires_original (tests.vnext.test_prior_html_dependency.PriorHtmlDependencyTest.test_other_html_role_still_requires_original) ... ok
test_role_difference_is_allowed_but_source_or_attempt_change_is_not (tests.vnext.test_prior_html_dependency.PriorHtmlDependencyTest.test_role_difference_is_allowed_but_source_or_attempt_change_is_not) ... ok
test_subject_and_nonadjacent_prior_stay_pending (tests.vnext.test_prior_html_dependency.PriorHtmlDependencyTest.test_subject_and_nonadjacent_prior_stay_pending) ... ok
test_actual_specific_activity_continuation_is_not_entity_viability (tests.vnext.test_d04_native_assessment.D04NativeProtocolTest.test_actual_specific_activity_continuation_is_not_entity_viability) ... ok
test_assertion_scope_variants_not_sentence_keyword_exceptions (tests.vnext.test_d04_native_assessment.D04NativeProtocolTest.test_assertion_scope_variants_not_sentence_keyword_exceptions) ... ok
test_bound_other_entity_conditional_and_alleviation_relations (tests.vnext.test_d04_native_assessment.D04NativeProtocolTest.test_bound_other_entity_conditional_and_alleviation_relations) ... ok
test_clean_opinion_cyber_and_valuation_are_not_going_concern_assertions (tests.vnext.test_d04_native_assessment.D04NativeProtocolTest.test_clean_opinion_cyber_and_valuation_are_not_going_concern_assertions) ... ok
test_complete_response_contract_is_source_bound_and_cannot_drop_units (tests.vnext.test_d04_native_assessment.D04NativeProtocolTest.test_complete_response_contract_is_source_bound_and_cannot_drop_units) ... ok
test_coordinated_historical_and_current_assertions_both_required (tests.vnext.test_d04_native_assessment.D04NativeProtocolTest.test_coordinated_historical_and_current_assertions_both_required) ... ok
test_historical_doubt_and_current_no_doubt_keep_separate_axes (tests.vnext.test_d04_native_assessment.D04NativeProtocolTest.test_historical_doubt_and_current_no_doubt_keep_separate_axes) ... ok
test_nearby_words_and_future_alleviation_do_not_prove_the_relation (tests.vnext.test_d04_native_assessment.D04NativeProtocolTest.test_nearby_words_and_future_alleviation_do_not_prove_the_relation) ... ok
test_quoted_current_claim_and_missing_candidate_are_rejected (tests.vnext.test_d04_native_assessment.D04NativeProtocolTest.test_quoted_current_claim_and_missing_candidate_are_rejected) ... ok
test_reference_positions_and_original_diagnostic_source_cannot_upgrade (tests.vnext.test_d04_native_assessment.D04NativeProtocolTest.test_reference_positions_and_original_diagnostic_source_cannot_upgrade) ... ok
test_review_counterexamples_bind_modifiers_to_their_own_assertions (tests.vnext.test_d04_native_assessment.D04NativeProtocolTest.test_review_counterexamples_bind_modifiers_to_their_own_assertions) ... ok
test_source_polarity_and_exclusion_cannot_be_changed_by_labels (tests.vnext.test_d04_native_assessment.D04NativeProtocolTest.test_source_polarity_and_exclusion_cannot_be_changed_by_labels) ... ok
test_specific_activity_overlapping_conditional_category_and_mixed_doubt (tests.vnext.test_d04_native_assessment.D04NativeProtocolTest.test_specific_activity_overlapping_conditional_category_and_mixed_doubt) ... ok
test_uncertain_related_content_is_retained_and_cannot_become_absence (tests.vnext.test_d04_native_assessment.D04NativeProtocolTest.test_uncertain_related_content_is_retained_and_cannot_become_absence) ... ok
test_undefined_native_going_concern_flag_cannot_be_erased (tests.vnext.test_d04_native_assessment.D04NativeProtocolTest.test_undefined_native_going_concern_flag_cannot_be_erased) ... ok
test_actual_current_and_historical_statements_and_genuine_absence (tests.vnext.test_d04_native_assessment.D04NativeTextRecordsTest.test_actual_current_and_historical_statements_and_genuine_absence) ... ok
test_native_acceptor_rejects_same_reference_with_wrong_classification (tests.vnext.test_d04_native_assessment.D04NativeTextRecordsTest.test_native_acceptor_rejects_same_reference_with_wrong_classification) ... ok
test_resigned_false_exclusion_cannot_reach_review_or_public_absence (tests.vnext.test_d04_native_assessment.D04NativeTextRecordsTest.test_resigned_false_exclusion_cannot_reach_review_or_public_absence) ... ok
test_review_counterexamples_native_acceptance_results_and_public_rows (tests.vnext.test_d04_native_assessment.D04NativeTextRecordsTest.test_review_counterexamples_native_acceptance_results_and_public_rows) ... ok
test_all_base_preserves_legacy_no_variant_field (tests.vnext.test_native_request_variants.NativeRequestVariantsTest.test_all_base_preserves_legacy_no_variant_field) ... ok
test_missing_duplicate_reordered_and_cross_source_requests_are_rejected (tests.vnext.test_native_request_variants.NativeRequestVariantsTest.test_missing_duplicate_reordered_and_cross_source_requests_are_rejected) ... ok
test_mixed_collection_registration_and_text_coverage_keep_original_success (tests.vnext.test_native_request_variants.NativeRequestVariantsTest.test_mixed_collection_registration_and_text_coverage_keep_original_success) ... ok

----------------------------------------------------------------------
Ran 65 tests in 23.661s

OK
{"allowed_skips": 0, "errors": 0, "failures": 0, "run": 65, "skip_reasons": [], "skipped": 0, "tests": ["tests.vnext.test_saved_source_checks", "tests.vnext.test_ordinary_storage_identity", "tests.vnext.test_continuous_call_ledger", "tests.vnext.test_continuous_call_policy.ContinuousCallPolicyTest.test_real_record_loads_but_limits_model_retry_and_money_cannot_be_changed", "tests.vnext.test_continuous_call_policy.ContinuousCallPolicyTest.test_production_permission_or_edited_comment_is_not_this_approval", "tests.vnext.test_continuous_call_policy.ContinuousCallPolicyTest.test_missing_or_invalid_usage_is_not_zero_and_actual_cost_is_unavailable", "tests.vnext.test_normal_source_requirements", "tests.vnext.test_prior_html_dependency", "tests.vnext.test_d04_native_assessment", "tests.vnext.test_native_request_variants"]}
