test_amendment_precedes_same_year_original_and_conflict_never_falls_back (tests.vnext.test_governance_signals.AuditorSignalsTest.test_amendment_precedes_same_year_original_and_conflict_never_falls_back) ... ok
test_deleted_event_and_required_history_shard_cannot_make_zero (tests.vnext.test_governance_signals.AuditorSignalsTest.test_deleted_event_and_required_history_shard_cannot_make_zero) ... ok
test_different_bound_names_are_positive_without_absence_claim (tests.vnext.test_governance_signals.AuditorSignalsTest.test_different_bound_names_are_positive_without_absence_claim) ... ok
test_equal_year_end_names_do_not_hide_intervening_item_4_01 (tests.vnext.test_governance_signals.AuditorSignalsTest.test_equal_year_end_names_do_not_hide_intervening_item_4_01) ... ok
test_missing_prior_never_becomes_no_change (tests.vnext.test_governance_signals.AuditorSignalsTest.test_missing_prior_never_becomes_no_change) ... ok
test_rebound_inventory_identity_and_history_dates_cannot_grant_zero (tests.vnext.test_governance_signals.AuditorSignalsTest.test_rebound_inventory_identity_and_history_dates_cannot_grant_zero) ... ok
test_same_cik_prior_period_target_order_and_raw_byte_tamper (tests.vnext.test_governance_signals.AuditorSignalsTest.test_same_cik_prior_period_target_order_and_raw_byte_tamper) ... ok
test_unchanged_requires_both_names_and_complete_event_source_set (tests.vnext.test_governance_signals.AuditorSignalsTest.test_unchanged_requires_both_names_and_complete_event_source_set) ... ok
test_original_annual_alias_needs_matching_proof_and_same_cik_url (tests.vnext.test_c04_registration_successor.C04RegistrationSuccessorTest.test_original_annual_alias_needs_matching_proof_and_same_cik_url) ... ok
test_registration_event_outside_history_index_cannot_be_omitted_before_zero (tests.vnext.test_c04_registration_successor.C04RegistrationSuccessorTest.test_registration_event_outside_history_index_cannot_be_omitted_before_zero) ... ok
test_rejects_unapproved_form_subset_and_wrong_metric (tests.vnext.test_c04_registration_successor.C04RegistrationSuccessorTest.test_rejects_unapproved_form_subset_and_wrong_metric) ... ok
test_saved_marriott_default_identity_and_explicit_successor (tests.vnext.test_c04_registration_successor.C04RegistrationSuccessorTest.test_saved_marriott_default_identity_and_explicit_successor) ... ok
test_amended_8k_keeps_its_form_and_cannot_be_deleted_before_zero (tests.vnext.test_normal_governance_input.AuditorV2InputTest.test_amended_8k_keeps_its_form_and_cannot_be_deleted_before_zero) ... ok
test_v2_preserves_ordered_current_and_prior_amendments_without_changing_v1 (tests.vnext.test_normal_governance_input.AuditorV2InputTest.test_v2_preserves_ordered_current_and_prior_amendments_without_changing_v1) ... ok
test_actual_legacy_attempt_is_pinned_without_inventing_id (tests.vnext.test_normal_governance_input.NormalGovernanceBoundaryTest.test_actual_legacy_attempt_is_pinned_without_inventing_id) ... ok
test_imported_registry_cannot_relabel_a_different_subject (tests.vnext.test_normal_governance_input.NormalGovernanceBoundaryTest.test_imported_registry_cannot_relabel_a_different_subject) ... ok
test_later_failed_get_never_falls_back_to_success (tests.vnext.test_normal_governance_input.NormalGovernanceBoundaryTest.test_later_failed_get_never_falls_back_to_success) ... ok
test_preparation_reads_original_proofs_without_derived_inventories (tests.vnext.test_normal_governance_input.NormalGovernanceBoundaryTest.test_preparation_reads_original_proofs_without_derived_inventories) ... ok
test_current_amendment_prior_proxy_and_amended_event_are_distinct (tests.vnext.test_normal_governance_input.NormalGovernanceMetadataTest.test_current_amendment_prior_proxy_and_amended_event_are_distinct) ... ok
test_metadata_cik_history_range_and_columns_fail_closed (tests.vnext.test_normal_governance_input.NormalGovernanceMetadataTest.test_metadata_cik_history_range_and_columns_fail_closed) ... ok
test_missing_relevant_history_or_overlapping_accession_is_not_ignored (tests.vnext.test_normal_governance_input.NormalGovernanceMetadataTest.test_missing_relevant_history_or_overlapping_accession_is_not_ignored) ... ok
test_missing_same_subject_prior_does_not_borrow_predecessor (tests.vnext.test_normal_governance_input.NormalGovernanceMetadataTest.test_missing_same_subject_prior_does_not_borrow_predecessor) ... ok
test_new_period_without_ordinary_cannot_choose_previous_success (tests.vnext.test_normal_governance_input.NormalGovernanceMetadataTest.test_new_period_without_ordinary_cannot_choose_previous_success) ... ok
test_prior_in_newly_loaded_history_is_selected_by_report_period (tests.vnext.test_normal_governance_input.NormalGovernanceMetadataTest.test_prior_in_newly_loaded_history_is_selected_by_report_period) ... ok
test_same_day_amendments_need_real_acceptance_time (tests.vnext.test_normal_governance_input.NormalGovernanceMetadataTest.test_same_day_amendments_need_real_acceptance_time) ... ok
test_saved_shard_range_conflict_is_a_coverage_gap_not_no_events (tests.vnext.test_normal_governance_input.NormalGovernanceMetadataTest.test_saved_shard_range_conflict_is_a_coverage_gap_not_no_events) ... ok

----------------------------------------------------------------------
Ran 26 tests in 7.768s

OK
{"allowed_skips": 0, "errors": 0, "failures": 0, "run": 26, "skip_reasons": [], "skipped": 0, "tests": ["tests.vnext.test_governance_signals.AuditorSignalsTest", "tests.vnext.test_c04_registration_successor", "tests.vnext.test_normal_governance_input"]}
