{
  "status": "UPDATES_INCOMPLETE",
  "metrics": [
    {
      "metric_id": "B01",
      "status": "UPDATE_BLOCKED",
      "error_type": "RequirementError",
      "reason": "Normal candidate rule bytes differ: scripts/vnext/normal_source_authority.py"
    },
    {
      "metric_id": "B06",
      "status": "UPDATE_BLOCKED",
      "error_type": "RequirementError",
      "reason": "Normal candidate rule bytes differ: scripts/vnext/normal_source_authority.py"
    },
    {
      "metric_id": "B08",
      "status": "UPDATE_BLOCKED",
      "error_type": "RequirementError",
      "reason": "Normal candidate rule bytes differ: scripts/vnext/normal_source_authority.py"
    }
  ]
}
