{
  "status": "PASS_MARRIOTT_CURRENT_C04_SOURCE_RESPONSIBILITY",
  "source_requirements": 29,
  "c04_source_proofs": 29,
  "not_in_c04": [],
  "next_pending": [
    {
      "source_url": "https://data.sec.gov/submissions/CIK0001048286.json",
      "roles": [
        "sec_submissions_inventory"
      ],
      "in_c04_source_proofs": true
    },
    {
      "source_url": "https://data.sec.gov/api/xbrl/companyfacts/CIK0001048286.json",
      "roles": [
        "companyfacts"
      ],
      "in_c04_source_proofs": true
    }
  ],
  "real_calls": [
    0,
    0,
    0
  ]
}
