test_an_alias_in_another_item_does_not_make_the_item_carry_it (tests.vnext.test_e01_eight_o_one_reading.EachFilingSpecificStepTest.test_an_alias_in_another_item_does_not_make_the_item_carry_it) ... ok
test_pfizer_heads_its_item_results_of_other_events (tests.vnext.test_e01_eight_o_one_reading.EachFilingSpecificStepTest.test_pfizer_heads_its_item_results_of_other_events)
The first extraction looked for 'Other Events' and read this item as ... ok
test_the_item_ends_before_item_9_01 (tests.vnext.test_e01_eight_o_one_reading.EachFilingSpecificStepTest.test_the_item_ends_before_item_9_01) ... ok
test_each_item_re_derives_from_the_saved_bytes (tests.vnext.test_e01_eight_o_one_reading.TheCommittedReadingSaysWhatTheFilingsSayTest.test_each_item_re_derives_from_the_saved_bytes) ... ok
test_every_judgement_is_about_a_filing_a_window_holds (tests.vnext.test_e01_eight_o_one_reading.TheCommittedReadingSaysWhatTheFilingsSayTest.test_every_judgement_is_about_a_filing_a_window_holds) ... ok
test_every_withheld_window_is_one_this_reading_also_sees_an_alias_in (tests.vnext.test_e01_eight_o_one_reading.TheCommittedReadingSaysWhatTheFilingsSayTest.test_every_withheld_window_is_one_this_reading_also_sees_an_alias_in) ... ok
test_the_identity_was_recorded_when_the_reading_was_made (tests.vnext.test_e01_eight_o_one_reading.TheCommittedReadingSaysWhatTheFilingsSayTest.test_the_identity_was_recorded_when_the_reading_was_made) ... ok
test_the_verdicts (tests.vnext.test_e01_eight_o_one_reading.TheCommittedReadingSaysWhatTheFilingsSayTest.test_the_verdicts) ... ok
test_it_imports_none_of_the_route_s_event_modules (tests.vnext.test_e01_eight_o_one_reading.TheReaderIsNotTheRouteTest.test_it_imports_none_of_the_route_s_event_modules) ... ok
test_accepted_where_no_reading_moves_the_count (tests.vnext.test_e01_eight_o_one_reading.TheRegisterTakesE01FromThisReadingOnlyTest.test_accepted_where_no_reading_moves_the_count) ... ok
test_pfizer_s_defect_withdraws_the_published_zero_and_releases_only_the_repair (tests.vnext.test_e01_eight_o_one_reading.TheRegisterTakesE01FromThisReadingOnlyTest.test_pfizer_s_defect_withdraws_the_published_zero_and_releases_only_the_repair) ... ok
test_an_unjudged_item_makes_the_reading_incomplete_whatever_the_counts (tests.vnext.test_e01_eight_o_one_reading.TheVerdictDoesNotRestOnTheOpenDecisionTest.test_an_unjudged_item_makes_the_reading_incomplete_whatever_the_counts) ... ok
test_counts_are_in_the_route_s_unit (tests.vnext.test_e01_eight_o_one_reading.TheVerdictDoesNotRestOnTheOpenDecisionTest.test_counts_are_in_the_route_s_unit)
One per matched item: a filing with a 1.01 and an admitted 8.01 counts twice. ... ok
test_match_only_when_every_reading_gives_the_published_count (tests.vnext.test_e01_eight_o_one_reading.TheVerdictDoesNotRestOnTheOpenDecisionTest.test_match_only_when_every_reading_gives_the_published_count) ... ok
test_the_judged_reading_needs_the_alias_as_well (tests.vnext.test_e01_eight_o_one_reading.TheVerdictDoesNotRestOnTheOpenDecisionTest.test_the_judged_reading_needs_the_alias_as_well) ... ok
test_confirmed_value_requires_exact_two_direction_coverage (tests.vnext.test_paid_e01_reading.PaidE01ReadingTest.test_confirmed_value_requires_exact_two_direction_coverage) ... ok
test_missing_reference_or_changed_text_refuses (tests.vnext.test_paid_e01_reading.PaidE01ReadingTest.test_missing_reference_or_changed_text_refuses) ... ok
test_model_disagreement_cannot_be_granted_by_equal_count (tests.vnext.test_paid_e01_reading.PaidE01ReadingTest.test_model_disagreement_cannot_be_granted_by_equal_count) ... ok
test_rejected_paid_contract_never_grants (tests.vnext.test_paid_e01_reading.PaidE01ReadingTest.test_rejected_paid_contract_never_grants) ... ok
test_unknown_original_never_becomes_zero (tests.vnext.test_paid_e01_reading.PaidE01ReadingTest.test_unknown_original_never_becomes_zero) ... ok
test_a_result_under_another_spec_is_a_second_acceptance (tests.vnext.test_acceptance_identity.ASecondReadingOfOneFactConfirmsItTest.test_a_result_under_another_spec_is_a_second_acceptance)
D01's v1 and v2 results of one filing: the same lines, two identities. ... ok
test_another_spec_does_not_excuse_another_value_or_filing (tests.vnext.test_acceptance_identity.ASecondReadingOfOneFactConfirmsItTest.test_another_spec_does_not_excuse_another_value_or_filing) ... ok
test_another_value_of_another_result_still_stops_outside_c02 (tests.vnext.test_acceptance_identity.ASecondReadingOfOneFactConfirmsItTest.test_another_value_of_another_result_still_stops_outside_c02)
Equality metrics: two results with two values at one coordinate disagree. ... ok
test_one_c02_result_cannot_carry_two_values (tests.vnext.test_acceptance_identity.ASecondReadingOfOneFactConfirmsItTest.test_one_c02_result_cannot_carry_two_values) ... ok
test_readings_that_disagree_on_one_coordinate_stop_the_build (tests.vnext.test_acceptance_identity.ASecondReadingOfOneFactConfirmsItTest.test_readings_that_disagree_on_one_coordinate_stop_the_build) ... ok
test_the_same_fact_read_twice_is_one_acceptance_with_a_witness (tests.vnext.test_acceptance_identity.ASecondReadingOfOneFactConfirmsItTest.test_the_same_fact_read_twice_is_one_acceptance_with_a_witness) ... ok
test_two_c02_results_each_passing_its_reading_are_two_acceptances (tests.vnext.test_acceptance_identity.ASecondReadingOfOneFactConfirmsItTest.test_two_c02_results_each_passing_its_reading_are_two_acceptances)
C02 accepts by membership, so two selections of one filing can both pass. ... ok
test_two_c02_values_with_another_filing_still_stop (tests.vnext.test_acceptance_identity.ASecondReadingOfOneFactConfirmsItTest.test_two_c02_values_with_another_filing_still_stop) ... ok
test_a_fully_hashed_table_grants (tests.vnext.test_acceptance_identity.EveryCitedReadingIsHashedTest.test_a_fully_hashed_table_grants) ... ok
test_a_missing_empty_or_silent_table_does_not_skip_the_check (tests.vnext.test_acceptance_identity.EveryCitedReadingIsHashedTest.test_a_missing_empty_or_silent_table_does_not_skip_the_check) ... ok
test_a_reading_that_contributes_nothing_is_a_legal_table_entry (tests.vnext.test_acceptance_identity.EveryCitedReadingIsHashedTest.test_a_reading_that_contributes_nothing_is_a_legal_table_entry)
A completed reading that accepted nothing updates the table normally. ... ok
test_the_position_says_which_failure_it_was (tests.vnext.test_acceptance_identity.EveryCitedReadingIsHashedTest.test_the_position_says_which_failure_it_was)
Not granting, and not about this result, are different findings. ... ok
test_unreadable_changed_and_unhashed_are_three_states (tests.vnext.test_acceptance_identity.EveryCitedReadingIsHashedTest.test_unreadable_changed_and_unhashed_are_three_states) ... ok
test_a_list_entry_without_a_version_is_refused_at_load (tests.vnext.test_acceptance_identity.ReleasesNameEachVersionTest.test_a_list_entry_without_a_version_is_refused_at_load) ... ok
test_a_list_releases_each_named_version_and_no_other (tests.vnext.test_acceptance_identity.ReleasesNameEachVersionTest.test_a_list_releases_each_named_version_and_no_other) ... ok
test_a_recorded_identity_is_never_moved_by_a_batch_that_differs (tests.vnext.test_acceptance_identity.TheBindingIsCheckedAgainstTheReadingTest.test_a_recorded_identity_is_never_moved_by_a_batch_that_differs)
The binder must not become the back-fill it replaces. ... ok
test_each_disagreement_refuses_by_name (tests.vnext.test_acceptance_identity.TheBindingIsCheckedAgainstTheReadingTest.test_each_disagreement_refuses_by_name) ... ok
test_the_control_binds_with_the_checks_it_ran (tests.vnext.test_acceptance_identity.TheBindingIsCheckedAgainstTheReadingTest.test_the_control_binds_with_the_checks_it_ran) ... ok
test_two_different_results_for_one_coordinate_are_not_chosen_between (tests.vnext.test_acceptance_identity.TheBindingIsCheckedAgainstTheReadingTest.test_two_different_results_for_one_coordinate_are_not_chosen_between)
Directory order was the old selector; now it is an ambiguity. ... ok
test_a_result_without_a_trace_binds_no_filing (tests.vnext.test_acceptance_identity.TheReceiptNamesWhatTheResultWasComputedFromTest.test_a_result_without_a_trace_binds_no_filing)
Nothing is guessed: no links, no filings - and no acceptance can bind. ... ok
test_filings_come_from_the_result_s_own_links_and_skip_inventories (tests.vnext.test_acceptance_identity.TheReceiptNamesWhatTheResultWasComputedFromTest.test_filings_come_from_the_result_s_own_links_and_skip_inventories) ... ok
test_a_result_that_moved_is_not_granted_by_regenerating (tests.vnext.test_acceptance_identity.TheRegisterReadsNoRunTest.test_a_result_that_moved_is_not_granted_by_regenerating)
The reviewer's case, end to end on this repository's register. ... ok
test_an_accepted_position_without_an_identity_is_refused (tests.vnext.test_acceptance_identity.TheRegisterReadsNoRunTest.test_an_accepted_position_without_an_identity_is_refused)
A reading that concluded MATCH and recorded no identity cannot grant. ... ok
test_the_committed_register_is_what_the_readings_build (tests.vnext.test_acceptance_identity.TheRegisterReadsNoRunTest.test_the_committed_register_is_what_the_readings_build)
Regenerating changes nothing while the readings do not change. ... ok
test_the_register_is_built_with_every_run_reader_disabled (tests.vnext.test_acceptance_identity.TheRegisterReadsNoRunTest.test_the_register_is_built_with_every_run_reader_disabled)
Disabled at every binding, not at the defining module. ... ok

----------------------------------------------------------------------
Ran 45 tests in 4.315s

OK
