test_default_wire_bytes_and_context_identity_are_preserved (tests.vnext.test_request_limits.RequestLimitsTest.test_default_wire_bytes_and_context_identity_are_preserved) ... ok
test_digest_records_resource_change_without_inventing_call_permission (tests.vnext.test_request_limits.RequestLimitsTest.test_digest_records_resource_change_without_inventing_call_permission) ... ok
test_explicit_8192_reaches_wire_measurement_and_usage_validation (tests.vnext.test_request_limits.RequestLimitsTest.test_explicit_8192_reaches_wire_measurement_and_usage_validation) ... ok
test_grouper_uses_same_limit_without_dropping_units (tests.vnext.test_request_limits.RequestLimitsTest.test_grouper_uses_same_limit_without_dropping_units) ... ok
test_output_reserve_total_context_payload_and_invalid_types_are_distinct (tests.vnext.test_request_limits.RequestLimitsTest.test_output_reserve_total_context_payload_and_invalid_types_are_distinct) ... ok
test_saved_envelope_changes_only_output_parameter_and_preserves_source_strings (tests.vnext.test_request_limits.RequestLimitsTest.test_saved_envelope_changes_only_output_parameter_and_preserves_source_strings) ... ok
test_unknown_usage_cost_and_legacy_check_behavior_stay_explicit (tests.vnext.test_request_limits.RequestLimitsTest.test_unknown_usage_cost_and_legacy_check_behavior_stay_explicit) ... ok
test_real_transport_configuration_change_is_detected (tests.vnext.test_current_request_runtime.CurrentConfigurationTest.test_real_transport_configuration_change_is_detected) ... ok
test_retired_proof_fields_are_not_current_processing_dependencies (tests.vnext.test_current_request_runtime.CurrentConfigurationTest.test_retired_proof_fields_are_not_current_processing_dependencies) ... ok
test_402_keeps_original_error_and_stops_after_one_http (tests.vnext.test_current_request_runtime.CurrentRequestRuntimeTest.test_402_keeps_original_error_and_stops_after_one_http) ... ok
test_exhausted_allowance_and_unapproved_purpose_never_reach_http (tests.vnext.test_current_request_runtime.CurrentRequestRuntimeTest.test_exhausted_allowance_and_unapproved_purpose_never_reach_http) ... ok
test_interrupted_claim_is_not_reused_or_automatically_retried (tests.vnext.test_current_request_runtime.CurrentRequestRuntimeTest.test_interrupted_claim_is_not_reused_or_automatically_retried) ... ok
test_nondefault_limits_are_actual_object_and_http_configuration_only (tests.vnext.test_current_request_runtime.CurrentRequestRuntimeTest.test_nondefault_limits_are_actual_object_and_http_configuration_only) ... ok
test_real_preparation_transport_usage_save_and_restart_read (tests.vnext.test_current_request_runtime.CurrentRequestRuntimeTest.test_real_preparation_transport_usage_save_and_restart_read) ... ok
test_recorded_http_cannot_relabel_a_live_execution (tests.vnext.test_current_request_runtime.CurrentRequestRuntimeTest.test_recorded_http_cannot_relabel_a_live_execution) ... ok
test_recorded_ledger_without_recorded_http_never_claims_or_sends (tests.vnext.test_current_request_runtime.CurrentRequestRuntimeTest.test_recorded_ledger_without_recorded_http_never_claims_or_sends) ... ok
test_same_request_is_not_paid_twice_after_restart (tests.vnext.test_current_request_runtime.CurrentRequestRuntimeTest.test_same_request_is_not_paid_twice_after_restart) ... ok
test_source_byte_change_rejects_before_claim (tests.vnext.test_current_request_runtime.CurrentRequestRuntimeTest.test_source_byte_change_rejects_before_claim) ... ok
test_timeout_is_unknown_counted_and_stops_without_retry (tests.vnext.test_current_request_runtime.CurrentRequestRuntimeTest.test_timeout_is_unknown_counted_and_stops_without_retry) ... ok
test_truncated_response_is_failed_without_relabel_or_retry (tests.vnext.test_current_request_runtime.CurrentRequestRuntimeTest.test_truncated_response_is_failed_without_relabel_or_retry) ... ok
test_unknown_usage_is_null_counted_and_stops_without_retry (tests.vnext.test_current_request_runtime.CurrentRequestRuntimeTest.test_unknown_usage_is_null_counted_and_stops_without_retry) ... ok
test_written_terminal_gap_reconciles_without_another_http_or_count (tests.vnext.test_current_request_runtime.CurrentRequestRuntimeTest.test_written_terminal_gap_reconciles_without_another_http_or_count) ... ok
test_real_variant_selection_keeps_body_and_transport_limits (tests.vnext.test_current_request_runtime.CurrentVariantLimitsTest.test_real_variant_selection_keeps_body_and_transport_limits) ... ok
test_current_native_candidate_evidence_saves_and_reads_without_a_metric_result (tests.vnext.test_current_request_runtime.NativeCurrentRequestTest.test_current_native_candidate_evidence_saves_and_reads_without_a_metric_result) ... ok
test_402_unknown_usage_and_unknown_outcome_are_permanent_stops (tests.vnext.test_continuous_call_ledger.ContinuousCallLedgerTest.test_402_unknown_usage_and_unknown_outcome_are_permanent_stops) ... ok
test_changed_bound_native_receipt_is_rejected (tests.vnext.test_continuous_call_ledger.ContinuousCallLedgerTest.test_changed_bound_native_receipt_is_rejected) ... ok
test_competing_process_cannot_enter_held_directory_lock (tests.vnext.test_continuous_call_ledger.ContinuousCallLedgerTest.test_competing_process_cannot_enter_held_directory_lock) ... ok
test_crashed_intent_charged_and_only_affected_channel_stopped (tests.vnext.test_continuous_call_ledger.ContinuousCallLedgerTest.test_crashed_intent_charged_and_only_affected_channel_stopped) ... ok
test_deleted_last_slot_or_deleted_root_cannot_restart_total (tests.vnext.test_continuous_call_ledger.ContinuousCallLedgerTest.test_deleted_last_slot_or_deleted_root_cannot_restart_total) ... ok
test_raw_request_identity_blocks_redraw_despite_new_plan (tests.vnext.test_continuous_call_ledger.ContinuousCallLedgerTest.test_raw_request_identity_blocks_redraw_despite_new_plan) ... ok
test_reopen_and_changed_phase_do_not_reset_exhausted_total (tests.vnext.test_continuous_call_ledger.ContinuousCallLedgerTest.test_reopen_and_changed_phase_do_not_reset_exhausted_total) ... ok
test_test_mode_cannot_be_relabelled_live (tests.vnext.test_continuous_call_ledger.ContinuousCallLedgerTest.test_test_mode_cannot_be_relabelled_live) ... ok
test_default_wire_bytes_and_context_identity_are_preserved (tests.vnext.test_development_request_limits.DevelopmentRequestLimitsTest.test_default_wire_bytes_and_context_identity_are_preserved) ... ok
test_digest_records_resource_change_without_inventing_call_permission (tests.vnext.test_development_request_limits.DevelopmentRequestLimitsTest.test_digest_records_resource_change_without_inventing_call_permission) ... ok
test_explicit_8192_reaches_wire_measurement_and_usage_validation (tests.vnext.test_development_request_limits.DevelopmentRequestLimitsTest.test_explicit_8192_reaches_wire_measurement_and_usage_validation) ... ok
test_grouper_uses_same_limit_without_dropping_units (tests.vnext.test_development_request_limits.DevelopmentRequestLimitsTest.test_grouper_uses_same_limit_without_dropping_units) ... ok
test_output_reserve_total_context_payload_and_invalid_types_are_distinct (tests.vnext.test_development_request_limits.DevelopmentRequestLimitsTest.test_output_reserve_total_context_payload_and_invalid_types_are_distinct) ... ok
test_saved_envelope_changes_only_output_parameter_and_preserves_source_strings (tests.vnext.test_development_request_limits.DevelopmentRequestLimitsTest.test_saved_envelope_changes_only_output_parameter_and_preserves_source_strings) ... ok
test_unknown_usage_cost_and_legacy_check_behavior_stay_explicit (tests.vnext.test_development_request_limits.DevelopmentRequestLimitsTest.test_unknown_usage_cost_and_legacy_check_behavior_stay_explicit) ... ok
test_complete_payload_boundary_and_rejection_before_tokenization (tests.vnext.test_development_request_preparation.DevelopmentRequestPreparationTest.test_complete_payload_boundary_and_rejection_before_tokenization) ... ok
test_default_matches_actual_saved_wire_digest_and_main_measurement (tests.vnext.test_development_request_preparation.DevelopmentRequestPreparationTest.test_default_matches_actual_saved_wire_digest_and_main_measurement) ... ok
test_input_plus_output_reserve_inclusive_boundary_and_rejection (tests.vnext.test_development_request_preparation.DevelopmentRequestPreparationTest.test_input_plus_output_reserve_inclusive_boundary_and_rejection) ... ok
test_missing_reference_cannot_fall_back_to_a_development_acceptance (tests.vnext.test_development_request_preparation.DevelopmentRequestPreparationTest.test_missing_reference_cannot_fall_back_to_a_development_acceptance) ... ok
test_nondefault_keeps_all_source_unicode_prompt_and_response_protocol (tests.vnext.test_development_request_preparation.DevelopmentRequestPreparationTest.test_nondefault_keeps_all_source_unicode_prompt_and_response_protocol) ... ok
test_same_explicit_limits_build_and_measure_exactly_once (tests.vnext.test_development_request_preparation.DevelopmentRequestPreparationTest.test_same_explicit_limits_build_and_measure_exactly_once) ... ok
test_wrong_configuration_rejects_before_building_wire (tests.vnext.test_development_request_preparation.DevelopmentRequestPreparationTest.test_wrong_configuration_rejects_before_building_wire) ... ok

----------------------------------------------------------------------
Ran 46 tests in 78.218s

OK
{"allowed_skips": 0, "errors": 0, "failures": 0, "run": 46, "skip_reasons": [], "skipped": 0, "tests": ["tests.vnext.test_request_limits", "tests.vnext.test_current_request_runtime", "tests.vnext.test_continuous_call_ledger", "tests.vnext.test_development_request_limits", "tests.vnext.test_development_request_preparation"]}
