{"company_id": "marriott_international", "metric_id": "C03", "status": "FROZEN_CANDIDATE"}
{"company_id": "marriott_international", "metric_id": "C04", "status": "FROZEN_CANDIDATE"}
{"company_id": "southwest_airlines", "metric_id": "C03", "status": "FROZEN_CANDIDATE"}
{"company_id": "southwest_airlines", "metric_id": "C04", "status": "FROZEN_CANDIDATE"}
{"company_id": "ford_motor_company", "metric_id": "C03", "status": "FROZEN_CANDIDATE"}
{"company_id": "ford_motor_company", "metric_id": "C04", "status": "FROZEN_CANDIDATE"}
{"company_id": "pfizer", "metric_id": "C03", "status": "FROZEN_CANDIDATE"}
{"company_id": "pfizer", "metric_id": "C04", "status": "FROZEN_CANDIDATE"}
{"company_id": "jpmorgan_chase", "metric_id": "C03", "status": "FROZEN_CANDIDATE"}
{"company_id": "jpmorgan_chase", "metric_id": "C04", "status": "WITHHELD_CANDIDATE"}
{"company_id": "salesforce", "metric_id": "C03", "status": "FROZEN_CANDIDATE"}
{"company_id": "salesforce", "metric_id": "C04", "status": "WITHHELD_CANDIDATE"}
{"company_id": "lumen_technologies", "metric_id": "C03", "status": "FROZEN_CANDIDATE"}
{"company_id": "lumen_technologies", "metric_id": "C04", "status": "FROZEN_CANDIDATE"}
{"company_id": "macys", "metric_id": "C03", "status": "FROZEN_CANDIDATE"}
{"company_id": "macys", "metric_id": "C04", "status": "FROZEN_CANDIDATE"}
{"company_id": "paramount_skydance_paramount_global", "metric_id": "C03", "status": "FROZEN_CANDIDATE"}
{"company_id": "paramount_skydance_paramount_global", "metric_id": "C04", "status": "WITHHELD_CANDIDATE"}
{"company_id": "enphase_energy", "metric_id": "C03", "status": "FROZEN_CANDIDATE"}
{"company_id": "enphase_energy", "metric_id": "C04", "status": "FROZEN_CANDIDATE"}
