history-before-native UPDATES_INCOMPLETE
material-failure FAILED
material-summary FAILED
Traceback (most recent call last):
  File "/tmp/sec_metrics_issue28_continuous/native-refresh-execution/run_material.py", line 25, in <module>
    result=ensure_native_update(source_root=source,company_id='enphase_energy',metric_id='D04',ledger=ledger,max_provider_requests=2,recorded_wire_factory=wire);save('native-execution',result);assert result['status']=='NATIVE_INPUT_REGISTERED',result
  File "/tmp/sec_metrics_issue28_continuous/native-refresh-execution/after/scripts/vnext/capacity_update_input.py", line 150, in ensure_native_update
    selected=prepare_registered_update(source_root=source_root,company_id=company_id,metric_id=metric_id,
        options=options,ledger=ledger,allow_incomplete=True)
  File "/tmp/sec_metrics_issue28_continuous/native-refresh-execution/after/scripts/vnext/capacity_update_input.py", line 89, in prepare_registered_update
    current_prepared=prepare_requests(company_id=company_id,metric_id=metric_id,native=metric_id=='D04',
        reference_context=True,complete_response_contract=options['complete_response_contract'],
        source_root=source_root,source_ledger=ledger)
  File "/Users/lyuhongwang/Developer/SEC_metrics/scripts/vnext/continuous_semantic_calls.py", line 287, in prepare_requests
    source = prepare_d04_semantic_source(repo_root=data_root,company_id=company_id,ordinary_registered=data_root!=ROOT)
  File "/tmp/sec_metrics_issue28_continuous/native-source-runtime-policy/after/scripts/vnext/r6_semantic_source.py", line 184, in prepare_d04_semantic_source
    source=prepare_ordinary_going_concern_source(repo_root=repo_root,company_id=company_id,ordinary_registered=ordinary_registered)
  File "/Users/lyuhongwang/Developer/SEC_metrics/scripts/vnext/going_concern_source.py", line 331, in prepare_ordinary_going_concern_source
    prepared = prepare_saved_annual_input(repo_root=root, company_id=company_id)
  File "/Users/lyuhongwang/Developer/SEC_metrics/scripts/vnext/normal_annual_input.py", line 214, in prepare_saved_annual_input
    _need(_cik(strict_json_loads(text=facts["raw"].decode("utf-8"))["cik"]) == cik,
               ~~~~~~~~~~~~~~~~~^^^^^^^^^^^^^^^^^^^^^^^^^^^^^^^^^^^
  File "/Users/lyuhongwang/Developer/SEC_metrics/scripts/vnext/canonical.py", line 175, in strict_json_loads
    value = json.loads(
        text,
    ...<3 lines>...
        parse_constant=lambda token: _reject_constant(value=token),
    )
  File "/opt/homebrew/Cellar/python@3.14/3.14.7/Frameworks/Python.framework/Versions/3.14/lib/python3.14/json/__init__.py", line 365, in loads
    return cls(**kw).decode(s)
           ~~~~~~~~~~~~~~~~^^^
  File "/opt/homebrew/Cellar/python@3.14/3.14.7/Frameworks/Python.framework/Versions/3.14/lib/python3.14/json/decoder.py", line 345, in decode
    obj, end = self.raw_decode(s, idx=_w(s, 0).end())
               ~~~~~~~~~~~~~~~^^^^^^^^^^^^^^^^^^^^^^^
  File "/opt/homebrew/Cellar/python@3.14/3.14.7/Frameworks/Python.framework/Versions/3.14/lib/python3.14/json/decoder.py", line 361, in raw_decode
    obj, end = self.scan_once(s, idx)
               ~~~~~~~~~~~~~~^^^^^^^^
  File "/Users/lyuhongwang/Developer/SEC_metrics/scripts/vnext/canonical.py", line 178, in <lambda>
    parse_float=lambda token: _parse_json_decimal(value=token),
                              ~~~~~~~~~~~~~~~~~~~^^^^^^^^^^^^^
  File "/Users/lyuhongwang/Developer/SEC_metrics/scripts/vnext/canonical.py", line 98, in _parse_json_decimal
    return parse_decimal(value=value)
  File "/Users/lyuhongwang/Developer/SEC_metrics/scripts/vnext/canonical.py", line 241, in parse_decimal
    raise CanonicalError(
        "Decimal must use fixed-point notation: {}".format(value)
    )
vnext.canonical.CanonicalError: Decimal must use fixed-point notation: 1e-05
