{"facts":[
{"kind":"board_size","statement":"The Board currently has seven directors in three classes: Class I has two, Class II three and Class III two; terms are three years.","source_blocks":[381],"stated_time":"CURRENT_IN_FILING"},
{"kind":"board_membership","statement":"Current directors are Steven J. Gomo, Benjamin Kortlang, Richard Mora, Jamie Haenggi, Joseph Malchow, Thurman John Rodgers and Badrinarayanan Kothandaraman.","source_blocks":[495,398,399,411,412,423,424,437,447,448,461,462,473,474],"stated_time":"CURRENT_IN_FILING"},
{"kind":"board_size","statement":"The company reports six non-employee directors at the Record Date, March 19, 2026.","source_blocks":[2047,2329],"stated_time":"2026-03-19"},
{"kind":"board_independence","statement":"The Board determined that Gomo, Kortlang, Malchow, Mora, Rodgers and Haenggi are independent under SEC rules and Nasdaq standards: six of seven directors.","source_blocks":[381,495,398,399,411,412,423,424,447,448,461,462,473,474],"stated_time":"CURRENT_IN_FILING"},
{"kind":"board_independence","statement":"The Board determined that Kothandaraman is not Nasdaq-independent because he is Enphase's president and CEO.","source_blocks":[437,495],"stated_time":"CURRENT_IN_FILING"},
{"kind":"board_leadership","statement":"The Chairman and CEO roles are separate. Steven J. Gomo is independent Board Chair and Lead Independent Director.","source_blocks":[461,462,463,454,506],"stated_time":"CURRENT_IN_FILING"},
{"kind":"committee_structure","statement":"The three standing committees are Audit, Compensation, and Nominating and Corporate Governance.","source_blocks":[531],"stated_time":"CURRENT_IN_FILING"},
{"kind":"committee_structure","statement":"The Board also established a Strategic Committee.","source_blocks":[531,604],"stated_time":"CURRENT_IN_FILING"},
{"kind":"committee_membership","statement":"All directors participate on the Strategic Committee; management participates from time to time.","source_blocks":[531],"stated_time":"CURRENT_IN_FILING"},
{"kind":"committee_structure","statement":"The Board has a pricing committee related to its authorized common-stock repurchase program.","source_blocks":[405],"stated_time":"CURRENT_IN_FILING"},
{"kind":"committee_membership","statement":"Benjamin Kortlang serves on the Board's pricing committee.","source_blocks":[405,411,412],"stated_time":"CURRENT_IN_FILING"},
{"kind":"committee_structure","statement":"The Audit Committee established a subcommittee focused on cybersecurity risk management and IT security.","source_blocks":[512],"stated_time":"CURRENT_IN_FILING"},
{"kind":"committee_structure","statement":"The Board explicitly states it has no standing risk management committee.","source_blocks":[511],"stated_time":"CURRENT_IN_FILING"},
{"kind":"committee_membership","statement":"The Audit Committee comprises Steven J. Gomo (chair), Benjamin Kortlang and Richard Mora as of March 20, 2026.","source_blocks":[546,2210,2215,2216,2217],"stated_time":"2026-03-20"},
{"kind":"committee_independence","statement":"The Board determined that all Audit Committee members are independent under Nasdaq Rule 5605(c)(2)(A)(i) and (ii).","source_blocks":[546,547,2210],"stated_time":"CURRENT_IN_FILING"},
{"kind":"committee_independence","statement":"The dated Audit Committee report affirms each member's Nasdaq/SEC independence and compliance with the Corporate Governance Guidelines' committee-independence standards.","source_blocks":[2210],"stated_time":"2026-03-20"},
{"kind":"member_qualification","statement":"The Board determined that every Audit Committee member can read and understand fundamental financial statements under applicable requirements.","source_blocks":[546,548,2210],"stated_time":"CURRENT_IN_FILING"},
{"kind":"member_qualification","statement":"The Board determined that Steven J. Gomo and Richard Mora each qualify as an SEC-defined audit committee financial expert.","source_blocks":[548,461,462,423,424],"stated_time":"CURRENT_IN_FILING"},
{"kind":"committee_membership","statement":"The current Compensation Committee has two members: Thurman John Rodgers (chair) and Richard Mora.","source_blocks":[558,1393,1394,1395],"stated_time":"CURRENT_IN_FILING"},
{"kind":"committee_membership","statement":"Rodgers and Mora served on the Compensation Committee throughout the fiscal year ended December 31, 2025.","source_blocks":[679,1393,1394,1395],"stated_time":"fiscal year ended 2025-12-31"},
{"kind":"committee_independence","statement":"All Compensation Committee members have been and are independent under Nasdaq Rules 5605(a)(2) and 5605(d)(2).","source_blocks":[558,1393,1394,1395,2028],"stated_time":"CURRENT_IN_FILING"},
{"kind":"committee_independence","statement":"No Compensation Committee member has ever been an Enphase officer or employee.","source_blocks":[679,1393,1394,1395],"stated_time":"CURRENT_IN_FILING"},
{"kind":"committee_membership","statement":"Current biographies identify Haenggi, Kortlang (chair), Malchow and Rodgers on the Nominating and Corporate Governance Committee.","source_blocks":[398,399,401,405,411,412,447,448,450,473,474,477],"stated_time":"CURRENT_IN_FILING"},
{"kind":"committee_membership","statement":"The Nominating and Corporate Governance Committee comprised Kortlang, Malchow, Rodgers and Haenggi during 2025, with Malchow appointed January 23.","source_blocks":[565,644,398,399,411,412,447,448,473,474],"stated_time":"2025; Malchow effective 2025-01-23"},
{"kind":"committee_independence","statement":"All Nominating and Corporate Governance Committee members are independent under Nasdaq Rule 5605(a)(2).","source_blocks":[565,398,399,411,412,447,448,473,474],"stated_time":"CURRENT_IN_FILING"},
{"kind":"membership_change","statement":"The Board appointed Joseph Malchow as the fourth Nominating and Corporate Governance Committee member on January 23, 2025.","source_blocks":[565,644,447,448],"stated_time":"2025-01-23"},
{"kind":"membership_change","statement":"Rodgers was elected at the 2025 Annual Meeting under plurality voting despite lacking a majority; the other directors unanimously approved his retention.","source_blocks":[502,473,474],"stated_time":"2025 Annual Meeting"},
{"kind":"board_membership","statement":"Current Class II directors Jamie Haenggi, Benjamin Kortlang and Richard Mora are nominated for reelection to terms ending at the 2029 Annual Meeting.","source_blocks":[381,383,390],"stated_time":"CURRENT_IN_FILING"},
{"kind":"board_membership","statement":"Jamie Haenggi has served as an Enphase director since August 2020.","source_blocks":[398,399,400],"stated_time":"2020-08"},
{"kind":"board_membership","statement":"Benjamin Kortlang has served as an Enphase director since May 2010.","source_blocks":[411,412,413],"stated_time":"2010-05"},
{"kind":"board_membership","statement":"Richard Mora has served as an Enphase director since February 2014.","source_blocks":[423,424,425],"stated_time":"2014-02"},
{"kind":"board_membership","statement":"Joseph Malchow has served as an Enphase director since February 2020.","source_blocks":[447,448,449],"stated_time":"2020-02"},
{"kind":"board_membership","statement":"Steven J. Gomo has served as an Enphase director since March 2011.","source_blocks":[461,462,464],"stated_time":"2011-03"},
{"kind":"board_membership","statement":"Thurman John Rodgers has served as an Enphase director since January 2017.","source_blocks":[473,474,475],"stated_time":"2017-01"},
{"kind":"member_qualification","statement":"The filing assesses Jamie Haenggi's consumer/commercial sales, marketing and customer-experience expertise as bringing a valuable Board perspective.","source_blocks":[391,392,398,399,400],"stated_time":"CURRENT_IN_FILING"},
{"kind":"member_qualification","statement":"The filing assesses Benjamin Kortlang's alternative-energy venture investing and business experience as contributing industry, acquisition and business-building perspectives.","source_blocks":[403,404,411,412,413],"stated_time":"CURRENT_IN_FILING"},
{"kind":"member_qualification","statement":"The filing assesses Richard Mora's process/productivity expertise and emerging-company, international-operation, risk-management and team-building experience as valuable to the Board.","source_blocks":[416,417,423,424,425],"stated_time":"CURRENT_IN_FILING"},
{"kind":"member_qualification","statement":"The filing assesses Badrinarayanan Kothandaraman's Cypress and Enphase experience as bringing technical, operational, strategy and leadership strengths to the Board.","source_blocks":[430,431,437],"stated_time":"CURRENT_IN_FILING"},
{"kind":"member_qualification","statement":"The filing assesses Joseph Malchow's entrepreneurial/investment experience and infrastructure, software-business, data-security and machine-learning expertise as Board contributions.","source_blocks":[440,441,447,448,449],"stated_time":"CURRENT_IN_FILING"},
{"kind":"member_qualification","statement":"The filing assesses Steven J. Gomo's CFO and director experience as valuable financial/business expertise and contributions to Board leadership and financial/auditing matters.","source_blocks":[453,454,461,462],"stated_time":"CURRENT_IN_FILING"},
{"kind":"member_qualification","statement":"The filing assesses Thurman John Rodgers' public-company CEO, technologist and director experience as contributing to the Board and the company's strategic vision.","source_blocks":[466,467,473,474,475],"stated_time":"CURRENT_IN_FILING"}
],"unresolved":[
{"source_blocks":[432,433,437,439],"reason":"Kothandaraman's career narrative places his Board appointment in September 2017, but his biography label says Director since April 2017. His commencement month remains unresolved."},
{"source_blocks":[405,411,412],"reason":"The pricing committee and Kortlang's participation are explicit; the supplied statements do not establish its complete roster or chair. No absence is inferred."},
{"source_blocks":[512],"reason":"The Audit Committee's cybersecurity-focused subcommittee exists, but the supplied statements do not establish its members or chair."},
{"source_blocks":[531],"reason":"All directors participate on the Strategic Committee; its chair and whether occasional management participants are formal members remain unestablished."}
]}
