{
  "checked_utc": "2026-10-02T15:05:43.151776+00:00",
  "patch_sha": "df0f455ffcff35836cd70d8ea3bd9a9c2706f743",
  "verified_equivalence_records": 13,
  "files": [
    {
      "path": "scripts/vnext/e01_header_document_guard_28_v1.py",
      "git_identity": {
        "sha256": "d7de1604aa8cb39f0a238ebaaed713de91e3ad552fb7c181f15747ecab6a9867",
        "size": 3528
      },
      "worktree_equals_git": true,
      "reported_identity_equals_git": true,
      "installed_equal_companies": {
        "enphase_energy": true,
        "pfizer": true
      }
    },
    {
      "path": "scripts/vnext/ordinary_e01_item_text_input_v2.py",
      "git_identity": {
        "sha256": "0d43c01f117160631a7dc5ce237474fea52cf2243b4bdae4257bfdb443e49c4e",
        "size": 11269
      },
      "worktree_equals_git": true,
      "reported_identity_equals_git": true,
      "installed_equal_companies": {
        "enphase_energy": true,
        "pfizer": true
      }
    },
    {
      "path": "tests/vnext/test_e01_header_document_guard.py",
      "git_identity": {
        "sha256": "c1a280009a92473333df568a52866d01b7c507b611ffdece4baabf9d0aedf213",
        "size": 6391
      },
      "worktree_equals_git": true,
      "reported_identity_equals_git": true,
      "installed_equal_companies": {}
    },
    {
      "path": "requirements/issue_28_v13/CONTRACT.md",
      "git_identity": {
        "sha256": "5e3232baf304e70256328084b00c36545031b06dd3e956b5b3983862a2b4d374",
        "size": 1211
      },
      "worktree_equals_git": true,
      "reported_identity_equals_git": true,
      "installed_equal_companies": {
        "enphase_energy": true,
        "pfizer": true
      }
    },
    {
      "path": "requirements/issue_28_v13/baseline_manifest.json",
      "git_identity": {
        "sha256": "5dcfcc7010aeab6237fa3314d67ed6ae98eafa5a123cf6100b5299c7815778ec",
        "size": 81784
      },
      "worktree_equals_git": true,
      "reported_identity_equals_git": true,
      "installed_equal_companies": {
        "enphase_energy": true,
        "pfizer": true
      }
    },
    {
      "path": "requirements/issue_28_v13/decision_register.json",
      "git_identity": {
        "sha256": "83ee3d4f2bfe6c204ce82793b452f9a381b973bce6b31b43ec607c30b8219d97",
        "size": 9524
      },
      "worktree_equals_git": true,
      "reported_identity_equals_git": true,
      "installed_equal_companies": {
        "enphase_energy": true,
        "pfizer": true
      }
    },
    {
      "path": "requirements/issue_28_v13/invariant_profile.json",
      "git_identity": {
        "sha256": "f44bdccf99970b67798c7f7f8db25c27c9e1452358823823e82f7039fd42d3aa",
        "size": 416
      },
      "worktree_equals_git": true,
      "reported_identity_equals_git": true,
      "installed_equal_companies": {
        "enphase_energy": true,
        "pfizer": true
      }
    },
    {
      "path": "requirements/issue_28_v13/transfer_manifest.json",
      "git_identity": {
        "sha256": "e373d84a8311d084028b9dc3457530dc6de9ac6cf2a17292eb8c0d0258795a06",
        "size": 311
      },
      "worktree_equals_git": true,
      "reported_identity_equals_git": true,
      "installed_equal_companies": {
        "enphase_energy": true,
        "pfizer": true
      }
    },
    {
      "path": "requirements/issue_28_v14/CONTRACT.md",
      "git_identity": {
        "sha256": "8f7f0365e7b8db15323bee994fa070759b2b819ee4402ff0e1217e4e20b0d9b2",
        "size": 1605
      },
      "worktree_equals_git": true,
      "reported_identity_equals_git": true,
      "installed_equal_companies": {}
    },
    {
      "path": "requirements/issue_28_v14/baseline_manifest.json",
      "git_identity": {
        "sha256": "4e624aabbe610253f5d35312738ab6bf6aaf48f7743ecc962b4097fe98e3718b",
        "size": 94563
      },
      "worktree_equals_git": true,
      "reported_identity_equals_git": true,
      "installed_equal_companies": {}
    },
    {
      "path": "requirements/issue_28_v14/decision_register.json",
      "git_identity": {
        "sha256": "c83648909944ce5ede842d7ae1e6d31ac8320f368eef3b7c2876c13bffb22109",
        "size": 11100
      },
      "worktree_equals_git": true,
      "reported_identity_equals_git": true,
      "installed_equal_companies": {}
    },
    {
      "path": "requirements/issue_28_v14/invariant_profile.json",
      "git_identity": {
        "sha256": "4d0537c352c05ccdc1449285c8bc130c4362683a74a29440783cabf0df79169d",
        "size": 418
      },
      "worktree_equals_git": true,
      "reported_identity_equals_git": true,
      "installed_equal_companies": {}
    },
    {
      "path": "requirements/issue_28_v14/transfer_manifest.json",
      "git_identity": {
        "sha256": "5d5183078a0beecb25589a7d09e01b354c07ff21db1c44d15ee3d8f67b6f3340",
        "size": 520
      },
      "worktree_equals_git": true,
      "reported_identity_equals_git": true,
      "installed_equal_companies": {}
    },
    {
      "path": "scripts/vnext/e01_item_text_28_v1.py",
      "worktree_equals_git": true,
      "equals_parent": true,
      "sha256": "6d55c88f53278ce2d6a5027965e7e787a306292d7978880cd1b66ff41d9001c7"
    },
    {
      "path": "scripts/vnext/deterministic_router.py",
      "worktree_equals_git": true,
      "equals_parent": true,
      "sha256": "4b2867c017f1f770e1a61b8c435114c69eb0c793298d17147a11615698d9aa7c"
    },
    {
      "path": "scripts/vnext/canonical.py",
      "worktree_equals_git": true,
      "equals_parent": true,
      "sha256": "7eec279a9bf09150ba2ee5886b7ec6a43192c5299d91cceb1f04d510044462aa"
    },
    {
      "path": "scripts/vnext/ordinary_e01_item_text_input.py",
      "worktree_equals_git": true,
      "equals_parent": true,
      "sha256": "a97750590a1a528fe297802e64d4e86c4da6ccb386a628df4b3a569fd1ded873"
    }
  ],
  "worktree_status_registered_only": " M docs/evidence/issue28_continuous/execution-state.json\n?? docs/evidence/issue28_continuous/collab-e01-header-guard-20261002/tested-commit-equivalence-repair.json\n",
  "scope": "Byte comparison only; no material replay or installed runtime execution"
}
