{
  "recorded_utc": "2026-10-03T15:23:27.087876+00:00",
  "source_input_sha256": "1f4eff8257d1c289e31c1180a9c67249249274ead900d78311fffd4c3faaa972",
  "request_body_sha256": "a6573132e7f5902d40ebd593da5612d9c28cc9d47fe81edded3f249c14aa2385",
  "source_id": "sha256:f49af1b29cbc3c0a86e7ee6c51b4f8ea6f39c6b3abfa82b09b86f96531e7a8e8",
  "responsibility_unit_ids": [
    "sha256:c6ef86dacec03f8ee48100d4312e724e5e72141b27239dc125b49c622ae86500",
    "sha256:e8e52e77f5b27911e433d8b17ce0a5e9ae6b2fafd6e211de7788a78f12997c8c",
    "sha256:c8f38993e4ae474d4a0b261497638a5cc3adf551270689cef192022c19a58736"
  ],
  "units": [
    {
      "kind": "NATIVE_FACTS",
      "ordinal": 4,
      "unit_id": "sha256:c6ef86dacec03f8ee48100d4312e724e5e72141b27239dc125b49c622ae86500",
      "document_id": "sha256:3049902433699b3e3464003cd18ad336428717f46e7efdabbdb0bdb423153d45",
      "payload_bytes": 149762,
      "expected_payload_bytes": 149762,
      "payload_sha256": "9e8b0d51ce5b71d714945b3f71b24eb5ff9c7a8400f1d1a946be19e5a2c1c1af",
      "expected_payload_sha256": "9e8b0d51ce5b71d714945b3f71b24eb5ff9c7a8400f1d1a946be19e5a2c1c1af",
      "payload_matches": true,
      "items": 182,
      "fact_ordinals": [
        861,
        862,
        863,
        864,
        865,
        866,
        867,
        868,
        869,
        870,
        871,
        872,
        873,
        739,
        874,
        875,
        876,
        877,
        878,
        879,
        880,
        881,
        882,
        883,
        884,
        885,
        886,
        887,
        888,
        889,
        890,
        892,
        893,
        894,
        895,
        896,
        897,
        898,
        891,
        899,
        900,
        901,
        902,
        905,
        906,
        907,
        908,
        909,
        910,
        911,
        912,
        913,
        914,
        915,
        916,
        917,
        918,
        919,
        920,
        904,
        903,
        922,
        923,
        921,
        924,
        925,
        926,
        927,
        928,
        929,
        930,
        931,
        932,
        933,
        934,
        935,
        937,
        938,
        939,
        940,
        941,
        942,
        943,
        944,
        945,
        946,
        947,
        948,
        949,
        950,
        951,
        952,
        953,
        954,
        936,
        955,
        957,
        958,
        959,
        960,
        961,
        962,
        963,
        964,
        965,
        966,
        967,
        968,
        969,
        970,
        956,
        972,
        971,
        973,
        974,
        975,
        976,
        977,
        978,
        979,
        980,
        981,
        982,
        983,
        984,
        985,
        986,
        987,
        988,
        989,
        990,
        991,
        992,
        993,
        994,
        995,
        996,
        997,
        998,
        999,
        1000,
        1001,
        1002,
        1003,
        1005,
        1006,
        1007,
        1008,
        1009,
        1010,
        1011,
        1012,
        1013,
        1014,
        1015,
        1016,
        1017,
        1018,
        1019,
        1020,
        1021,
        1022,
        1023,
        1024,
        1025,
        1026,
        1027,
        1028,
        1004,
        1029,
        1030,
        1032,
        1033,
        1034,
        1035,
        1036,
        1037,
        1038,
        1039,
        1040,
        1041,
        1042
      ]
    },
    {
      "kind": "NATIVE_FACTS",
      "ordinal": 5,
      "unit_id": "sha256:e8e52e77f5b27911e433d8b17ce0a5e9ae6b2fafd6e211de7788a78f12997c8c",
      "document_id": "sha256:3049902433699b3e3464003cd18ad336428717f46e7efdabbdb0bdb423153d45",
      "payload_bytes": 147774,
      "expected_payload_bytes": 147774,
      "payload_sha256": "1f99393c74802b5ec20b20022f5bd9f3bb3dfefed7e32e2dab87be41cca57541",
      "expected_payload_sha256": "1f99393c74802b5ec20b20022f5bd9f3bb3dfefed7e32e2dab87be41cca57541",
      "payload_matches": true,
      "items": 188,
      "fact_ordinals": [
        1043,
        1044,
        1045,
        1046,
        1047,
        1048,
        1049,
        1050,
        1051,
        1052,
        1053,
        1054,
        1055,
        1056,
        1057,
        1058,
        1059,
        1060,
        1061,
        1062,
        1063,
        1064,
        1065,
        1066,
        1067,
        1068,
        1069,
        1070,
        1071,
        1072,
        1073,
        1074,
        1075,
        1076,
        1077,
        1078,
        1079,
        1080,
        1081,
        1082,
        1083,
        1084,
        1085,
        1086,
        1087,
        1088,
        1089,
        1090,
        1091,
        1092,
        1093,
        1094,
        1095,
        1096,
        1097,
        1098,
        1099,
        1100,
        1101,
        1102,
        1103,
        1104,
        1105,
        1106,
        1107,
        1108,
        1109,
        1110,
        1111,
        1112,
        1113,
        1114,
        1115,
        1116,
        1117,
        1118,
        1119,
        1120,
        1121,
        1122,
        1123,
        1124,
        1125,
        1126,
        1127,
        1128,
        1129,
        1130,
        1131,
        1132,
        1133,
        1134,
        1135,
        1136,
        1137,
        1138,
        1139,
        1140,
        1141,
        1142,
        1143,
        1144,
        1145,
        1146,
        1147,
        1148,
        1149,
        1150,
        1151,
        1152,
        1153,
        1154,
        1155,
        1156,
        1157,
        1158,
        1159,
        1160,
        1161,
        1162,
        1163,
        1164,
        1165,
        1166,
        1167,
        1168,
        1169,
        1170,
        1171,
        1172,
        1173,
        1174,
        1175,
        1031,
        1177,
        1178,
        1179,
        1180,
        1181,
        1182,
        1183,
        1184,
        1185,
        1186,
        1187,
        1188,
        1189,
        1190,
        1191,
        1192,
        1193,
        1194,
        1195,
        1196,
        1197,
        1176,
        1198,
        1199,
        1200,
        1201,
        1202,
        1203,
        1204,
        1205,
        1206,
        1207,
        1208,
        1209,
        1210,
        1212,
        1213,
        1214,
        1215,
        1216,
        1217,
        1218,
        1219,
        1220,
        1211,
        1222,
        1221,
        1223,
        1224,
        1226,
        1225,
        1228,
        1227,
        1229
      ]
    },
    {
      "kind": "NATIVE_SUPPLEMENTS",
      "ordinal": 0,
      "unit_id": "sha256:c8f38993e4ae474d4a0b261497638a5cc3adf551270689cef192022c19a58736",
      "document_id": "sha256:3049902433699b3e3464003cd18ad336428717f46e7efdabbdb0bdb423153d45",
      "payload_bytes": 142783,
      "expected_payload_bytes": 142783,
      "payload_sha256": "2bce0fc657698a3528924fccbc76dd04be8c5ac31b9776564b8a2b25d2da0d64",
      "expected_payload_sha256": "2bce0fc657698a3528924fccbc76dd04be8c5ac31b9776564b8a2b25d2da0d64",
      "payload_matches": true,
      "items": 41,
      "object_positions": [
        0,
        1,
        2,
        3,
        4,
        5,
        6,
        7,
        8,
        9,
        10,
        11,
        12,
        13,
        14,
        15,
        16,
        17,
        18,
        19,
        20,
        21,
        22,
        23,
        24,
        25,
        26,
        27,
        28,
        29,
        30,
        31,
        32,
        33,
        34,
        35,
        36,
        37,
        38,
        39,
        40
      ]
    }
  ],
  "visible_rows": 1965
}
