[861,{"contextref":"c-25","decimals":"-6","format":"ixt:num-dot-decimal","id":"f-859","name":"us-gaap:CommercialPaperNoncurrent","scale":"6","unitref":"usd"},"ix:nonfraction","1,582",0]
[862,{"contextref":"c-24","decimals":"-6","format":"ixt:fixed-zero","id":"f-860","name":"us-gaap:LineOfCredit","scale":"6","unitref":"usd"},"ix:nonfraction","—",0]
[863,{"contextref":"c-25","decimals":"-6","format":"ixt:fixed-zero","id":"f-861","name":"us-gaap:LineOfCredit","scale":"6","unitref":"usd"},"ix:nonfraction","—",0]
[864,{"contextref":"c-24","decimals":"-6","id":"f-862","name":"us-gaap:FinanceLeaseLiability","scale":"6","unitref":"usd"},"ix:nonfraction","120",0]
[865,{"contextref":"c-25","decimals":"-6","id":"f-863","name":"us-gaap:FinanceLeaseLiability","scale":"6","unitref":"usd"},"ix:nonfraction","124",0]
[866,{"contextref":"c-24","decimals":"-6","id":"f-864","name":"us-gaap:LongTermDebt","scale":"6","unitref":"usd"},"ix:nonfraction","23",0]
[867,{"contextref":"c-25","decimals":"-6","id":"f-865","name":"us-gaap:LongTermDebt","scale":"6","unitref":"usd"},"ix:nonfraction","55",0]
[868,{"contextref":"c-24","decimals":"-6","format":"ixt:num-dot-decimal","id":"f-866","name":"us-gaap:DebtAndCapitalLeaseObligations","scale":"6","unitref":"usd"},"ix:nonfraction","16,204",0]
[869,{"contextref":"c-25","decimals":"-6","format":"ixt:num-dot-decimal","id":"f-867","name":"us-gaap:DebtAndCapitalLeaseObligations","scale":"6","unitref":"usd"},"ix:nonfraction","14,447",0]
[870,{"contextref":"c-24","decimals":"-6","format":"ixt:num-dot-decimal","id":"f-868","name":"us-gaap:LongTermDebtAndCapitalLeaseObligationsCurrent","scale":"6","unitref":"usd"},"ix:nonfraction","1,209",0]
[871,{"contextref":"c-25","decimals":"-6","format":"ixt:num-dot-decimal","id":"f-869","name":"us-gaap:LongTermDebtAndCapitalLeaseObligationsCurrent","scale":"6","unitref":"usd"},"ix:nonfraction","1,309",0]
[872,{"contextref":"c-24","decimals":"-6","format":"ixt:num-dot-decimal","id":"f-870","name":"us-gaap:LongTermDebtAndCapitalLeaseObligations","scale":"6","unitref":"usd"},"ix:nonfraction","14,995",0]
[873,{"contextref":"c-25","decimals":"-6","format":"ixt:num-dot-decimal","id":"f-871","name":"us-gaap:LongTermDebtAndCapitalLeaseObligations","scale":"6","unitref":"usd"},"ix:nonfraction","13,138",0]
[739,{"contextref":"c-1","escape":"true","id":"f-737","name":"us-gaap:ScheduleOfDebtInstrumentsTextBlock"},"ix:nonnumeric","We provide detail on our long-term debt balances, net of discounts, premiums, and debt issuance costs, in the following table at year-end 2025 and 2024:($ in millions)Interest RateEffective Interest RateFace AmountBalance as of December 31, 2025Balance as of December 31, 2024Senior Notes:Series P Notes, matured October 1, 20253.8 %4.0 %$350 $— $349 Series R Notes, maturing June 15, 20263.1 %3.3 %750 749 749 Series V Notes, matured March 15, 20253.8 %2.8 %318 — 319 Series W Notes, maturing October 1, 20344.5 %4.1 %278 287 287 Series X Notes, maturing April 15, 20284.0 %4.2 %450 448 447 Series AA Notes, maturing December 1, 20284.7 %4.8 %300 299 298 Series EE Notes, matured May 1, 20255.8 %6.0 %600 — 599 Series FF Notes, maturing June 15, 20304.6 %4.8 %1,000 992 991 Series GG Notes, maturing October 15, 20323.5 %3.7 %1,000 990 989 Series HH Notes, maturing April 15, 20312.9 %3.0 %1,100 1,094 1,093 Series II Notes, maturing October 15, 20332.8 %2.8 %700 695 695 Series JJ Notes, maturing October 15, 20275.0 %5.4 %1,000 994 990 Series KK Notes, maturing April 15, 20294.9 %5.3 %800 790 788 Series LL Notes, maturing September 15, 20265.5 %5.9 %450 449 447 Series MM Notes, maturing October 15, 20285.6 %5.9 %700 694 693 Series NN Notes, maturing May 15, 20294.9 %5.3 %500 493 491 Series OO Notes, maturing May 15, 20345.3 %5.6 %1,000 982 980 Series PP Notes, maturing March 15, 20304.8 %5.0 %500 496 495 Series QQ Notes, maturing March 15, 20355.4 %5.5 %1,000 987 986 Series RR Notes, maturing April 15, 2032 5.1 %5.4 %500 493 — Series SS Notes, maturing April 15, 20375.5 %5.7 %1,500 1,475 — Series TT Notes, maturing July 15, 20274.2 %4.5 %400 398 — Series UU Notes, maturing October 15, 20314.5 %4.9 %500 491 — Series VV Notes, maturing October 15, 20355.3 %5.5 %600 588 — Commercial paper1,177 1,582 Credit Facility— — Finance lease obligations120 124 Other23 55 $16,204 $14,447 Less current portion(1,209)(1,309)$14,995 $13,138",0]
[874,{"contextref":"c-24","decimals":"-8","id":"f-872","name":"us-gaap:LineOfCreditFacilityMaximumBorrowingCapacity","scale":"9","unitref":"usd"},"ix:nonfraction","4.5",0]
[875,{"contextref":"c-148","decimals":"-6","format":"ixt:num-dot-decimal","id":"f-873","name":"us-gaap:DebtInstrumentFaceAmount","scale":"6","unitref":"usd"},"ix:nonfraction","400",0]
[876,{"contextref":"c-148","decimals":"5","format":"ixt:num-dot-decimal","id":"f-874","name":"us-gaap:DebtInstrumentInterestRateStatedPercentage","scale":"-2","unitref":"number"},"ix:nonfraction","4.200",0]
[877,{"contextref":"c-149","decimals":"-6","format":"ixt:num-dot-decimal","id":"f-875","name":"us-gaap:DebtInstrumentFaceAmount","scale":"6","unitref":"usd"},"ix:nonfraction","500",0]
[878,{"contextref":"c-149","decimals":"5","format":"ixt:num-dot-decimal","id":"f-876","name":"us-gaap:DebtInstrumentInterestRateStatedPercentage","scale":"-2","unitref":"number"},"ix:nonfraction","4.500",0]
[879,{"contextref":"c-150","decimals":"-6","format":"ixt:num-dot-decimal","id":"f-877","name":"us-gaap:DebtInstrumentFaceAmount","scale":"6","unitref":"usd"},"ix:nonfraction","600",0]
[880,{"contextref":"c-150","decimals":"5","format":"ixt:num-dot-decimal","id":"f-878","name":"us-gaap:DebtInstrumentInterestRateStatedPercentage","scale":"-2","unitref":"number"},"ix:nonfraction","5.250",0]
[881,{"contextref":"c-151","decimals":"-6","format":"ixt:num-dot-decimal","id":"f-879","name":"us-gaap:DerivativeLiabilityNotionalAmount","scale":"6","unitref":"usd"},"ix:nonfraction","500",0]
[882,{"contextref":"c-151","decimals":"4","format":"ixt:num-dot-decimal","id":"f-880","name":"us-gaap:DerivativeBasisSpreadOnVariableRate","scale":"-2","unitref":"number"},"ix:nonfraction","1.44",0]
[883,{"contextref":"c-152","decimals":"-6","id":"f-881","name":"us-gaap:ProceedsFromIssuanceOfSeniorLongTermDebt","scale":"9","unitref":"usd"},"ix:nonfraction","1.477",0]
[884,{"contextref":"c-153","decimals":"-6","format":"ixt:num-dot-decimal","id":"f-882","name":"us-gaap:DebtInstrumentFaceAmount","scale":"6","unitref":"usd"},"ix:nonfraction","500",0]
[885,{"contextref":"c-153","decimals":"5","format":"ixt:num-dot-decimal","id":"f-883","name":"us-gaap:DebtInstrumentInterestRateStatedPercentage","scale":"-2","unitref":"number"},"ix:nonfraction","5.100",0]
[886,{"contextref":"c-154","decimals":"-8","id":"f-884","name":"us-gaap:DebtInstrumentFaceAmount","scale":"9","unitref":"usd"},"ix:nonfraction","1.5",0]
[887,{"contextref":"c-154","decimals":"5","format":"ixt:num-dot-decimal","id":"f-885","name":"us-gaap:DebtInstrumentInterestRateStatedPercentage","scale":"-2","unitref":"number"},"ix:nonfraction","5.500",0]
[888,{"contextref":"c-155","decimals":"-6","format":"ixt:num-dot-decimal","id":"f-886","name":"us-gaap:DerivativeLiabilityNotionalAmount","scale":"6","unitref":"usd"},"ix:nonfraction","700",0]
[889,{"contextref":"c-155","decimals":"4","format":"ixt:num-dot-decimal","id":"f-887","name":"us-gaap:DerivativeBasisSpreadOnVariableRate","scale":"-2","unitref":"number"},"ix:nonfraction","1.49",0]
[890,{"contextref":"c-156","decimals":"-6","id":"f-888","name":"us-gaap:ProceedsFromIssuanceOfSeniorLongTermDebt","scale":"9","unitref":"usd"},"ix:nonfraction","1.960",0]
[892,{"contextref":"c-24","decimals":"-6","format":"ixt:num-dot-decimal","id":"f-890","name":"us-gaap:LongTermDebtMaturitiesRepaymentsOfPrincipalInNextTwelveMonths","scale":"6","unitref":"usd"},"ix:nonfraction","1,209",0]
[893,{"contextref":"c-24","decimals":"-6","format":"ixt:num-dot-decimal","id":"f-891","name":"us-gaap:LongTermDebtMaturitiesRepaymentsOfPrincipalInYearTwo","scale":"6","unitref":"usd"},"ix:nonfraction","2,581",0]
[894,{"contextref":"c-24","decimals":"-6","format":"ixt:num-dot-decimal","id":"f-892","name":"us-gaap:LongTermDebtMaturitiesRepaymentsOfPrincipalInYearThree","scale":"6","unitref":"usd"},"ix:nonfraction","1,454",0]
[895,{"contextref":"c-24","decimals":"-6","format":"ixt:num-dot-decimal","id":"f-893","name":"us-gaap:LongTermDebtMaturitiesRepaymentsOfPrincipalInYearFour","scale":"6","unitref":"usd"},"ix:nonfraction","1,297",0]
[896,{"contextref":"c-24","decimals":"-6","format":"ixt:num-dot-decimal","id":"f-894","name":"us-gaap:LongTermDebtMaturitiesRepaymentsOfPrincipalInYearFive","scale":"6","unitref":"usd"},"ix:nonfraction","1,503",0]
[897,{"contextref":"c-24","decimals":"-6","format":"ixt:num-dot-decimal","id":"f-895","name":"us-gaap:LongTermDebtMaturitiesRepaymentsOfPrincipalAfterYearFive","scale":"6","unitref":"usd"},"ix:nonfraction","8,160",0]
[898,{"contextref":"c-24","decimals":"-6","format":"ixt:num-dot-decimal","id":"f-896","name":"us-gaap:DebtAndCapitalLeaseObligations","scale":"6","unitref":"usd"},"ix:nonfraction","16,204",0]
[891,{"contextref":"c-1","escape":"true","id":"f-889","name":"us-gaap:ScheduleOfMaturitiesOfLongTermDebtTableTextBlock"},"ix:nonnumeric","The following table presents future principal payments, net of discounts, premiums, and debt issuance costs, for our debt at year-end 2025:(in millions)Debt Principal Payments2026$1,209 20272,581 20281,454 20291,297 20301,503 Thereafter8,160 Balance at year-end 2025$16,204",0]
[899,{"contextref":"c-1","decimals":"-6","id":"f-897","name":"us-gaap:InterestPaidNet","scale":"6","unitref":"usd"},"ix:nonfraction","698",0]
[900,{"contextref":"c-22","decimals":"-6","id":"f-898","name":"us-gaap:InterestPaidNet","scale":"6","unitref":"usd"},"ix:nonfraction","599",0]
[901,{"contextref":"c-23","decimals":"-6","id":"f-899","name":"us-gaap:InterestPaidNet","scale":"6","unitref":"usd"},"ix:nonfraction","476",0]
[902,{"contextref":"c-1","continuedat":"f-900-1","escape":"true","id":"f-900","name":"us-gaap:GoodwillAndIntangibleAssetsDisclosureTextBlock"},"ix:nonnumeric","INTANGIBLE ASSETS AND GOODWILL",0]
[905,{"contextref":"c-157","decimals":"-6","format":"ixt:num-dot-decimal","id":"f-903","name":"us-gaap:FiniteLivedIntangibleAssetsGross","scale":"6","unitref":"usd"},"ix:nonfraction","2,899",0]
[906,{"contextref":"c-158","decimals":"-6","format":"ixt:num-dot-decimal","id":"f-904","name":"us-gaap:FiniteLivedIntangibleAssetsGross","scale":"6","unitref":"usd"},"ix:nonfraction","2,538",0]
[907,{"contextref":"c-159","decimals":"-6","format":"ixt:num-dot-decimal","id":"f-905","name":"us-gaap:FiniteLivedIntangibleAssetsGross","scale":"6","unitref":"usd"},"ix:nonfraction","1,964",0]
[908,{"contextref":"c-160","decimals":"-6","format":"ixt:num-dot-decimal","id":"f-906","name":"us-gaap:FiniteLivedIntangibleAssetsGross","scale":"6","unitref":"usd"},"ix:nonfraction","1,918",0]
[909,{"contextref":"c-161","decimals":"-6","format":"ixt:num-dot-decimal","id":"f-907","name":"us-gaap:FiniteLivedIntangibleAssetsGross","scale":"6","unitref":"usd"},"ix:nonfraction","1,932",0]
[910,{"contextref":"c-162","decimals":"-6","id":"f-908","name":"us-gaap:FiniteLivedIntangibleAssetsGross","scale":"6","unitref":"usd"},"ix:nonfraction","792",0]
[911,{"contextref":"c-24","decimals":"-6","format":"ixt:num-dot-decimal","id":"f-909","name":"us-gaap:FiniteLivedIntangibleAssetsGross","scale":"6","unitref":"usd"},"ix:nonfraction","6,795",0]
[912,{"contextref":"c-25","decimals":"-6","format":"ixt:num-dot-decimal","id":"f-910","name":"us-gaap:FiniteLivedIntangibleAssetsGross","scale":"6","unitref":"usd"},"ix:nonfraction","5,248",0]
[913,{"contextref":"c-24","decimals":"-6","format":"ixt:num-dot-decimal","id":"f-911","name":"us-gaap:FiniteLivedIntangibleAssetsAccumulatedAmortization","scale":"6","unitref":"usd"},"ix:nonfraction","2,607",0]
[914,{"contextref":"c-25","decimals":"-6","format":"ixt:num-dot-decimal","id":"f-912","name":"us-gaap:FiniteLivedIntangibleAssetsAccumulatedAmortization","scale":"6","unitref":"usd"},"ix:nonfraction","1,471",0]
[915,{"contextref":"c-24","decimals":"-6","format":"ixt:num-dot-decimal","id":"f-913","name":"us-gaap:FiniteLivedIntangibleAssetsNet","scale":"6","unitref":"usd"},"ix:nonfraction","4,188",0]
[916,{"contextref":"c-25","decimals":"-6","format":"ixt:num-dot-decimal","id":"f-914","name":"us-gaap:FiniteLivedIntangibleAssetsNet","scale":"6","unitref":"usd"},"ix:nonfraction","3,777",0]
[917,{"contextref":"c-163","decimals":"-6","format":"ixt:num-dot-decimal","id":"f-915","name":"us-gaap:IndefiniteLivedIntangibleAssetsExcludingGoodwill","scale":"6","unitref":"usd"},"ix:nonfraction","6,148",0]
[918,{"contextref":"c-164","decimals":"-6","format":"ixt:num-dot-decimal","id":"f-916","name":"us-gaap:IndefiniteLivedIntangibleAssetsExcludingGoodwill","scale":"6","unitref":"usd"},"ix:nonfraction","5,711",0]
[919,{"contextref":"c-24","decimals":"-6","format":"ixt:num-dot-decimal","id":"f-917","name":"us-gaap:IntangibleAssetsNetExcludingGoodwill","scale":"6","unitref":"usd"},"ix:nonfraction","10,336",0]
[920,{"contextref":"c-25","decimals":"-6","format":"ixt:num-dot-decimal","id":"f-918","name":"us-gaap:IntangibleAssetsNetExcludingGoodwill","scale":"6","unitref":"usd"},"ix:nonfraction","9,488",0]
[904,{"contextref":"c-1","escape":"true","id":"f-901","name":"us-gaap:ScheduleOfIndefiniteLivedIntangibleAssetsTableTextBlock"},"ix:nonnumeric","The following table details the composition of our intangible assets at year-end 2025 and 2024: (in millions)At Year-End 2025At Year-End 2024Definite-lived Intangible AssetsCosts incurred to obtain contracts with customers$2,899 $2,538 Acquired contracts and other1,964 1,918 Software1,932 792 6,795 5,248 Accumulated amortization(2,607)(1,471)4,188 3,777 Indefinite-lived Intangible Brand Assets6,148 5,711 $10,336 $9,488",0]
[903,{"contextref":"c-1","escape":"true","id":"f-902","name":"us-gaap:ScheduleOfFiniteLivedIntangibleAssetsTableTextBlock"},"ix:nonnumeric","The following table details the composition of our intangible assets at year-end 2025 and 2024: (in millions)At Year-End 2025At Year-End 2024Definite-lived Intangible AssetsCosts incurred to obtain contracts with customers$2,899 $2,538 Acquired contracts and other1,964 1,918 Software1,932 792 6,795 5,248 Accumulated amortization(2,607)(1,471)4,188 3,777 Indefinite-lived Intangible Brand Assets6,148 5,711 $10,336 $9,488",0]
[922,{"contextref":"c-165","format":"ixt-sec:duryear","id":"f-920","name":"us-gaap:FiniteLivedIntangibleAssetUsefulLife"},"ix:nonnumeric","15",0]
[923,{"contextref":"c-166","format":"ixt-sec:duryear","id":"f-921","name":"us-gaap:FiniteLivedIntangibleAssetUsefulLife"},"ix:nonnumeric","30",0]
[921,{"contextref":"c-1","continuedat":"f-919-1","escape":"true","id":"f-919","name":"us-gaap:IntangibleAssetsFiniteLivedPolicy"},"ix:nonnumeric","We capitalize direct costs that we incur to obtain contracts with customers, which we amortize on a straight-line basis over the initial term of the agreements, generally ranging from 15 to 30 years.",0]
[924,{"contextref":"c-168","format":"ixt-sec:durwordsen","id":"f-923","name":"us-gaap:FiniteLivedIntangibleAssetUsefulLife"},"ix:nonnumeric","seven years",0]
[925,{"contextref":"c-1","decimals":"-6","id":"f-924","name":"us-gaap:AmortizationOfIntangibleAssets","scale":"6","unitref":"usd"},"ix:nonfraction","313",0]
[926,{"contextref":"c-22","decimals":"-6","id":"f-925","name":"us-gaap:AmortizationOfIntangibleAssets","scale":"6","unitref":"usd"},"ix:nonfraction","255",0]
[927,{"contextref":"c-23","decimals":"-6","id":"f-926","name":"us-gaap:AmortizationOfIntangibleAssets","scale":"6","unitref":"usd"},"ix:nonfraction","226",0]
[928,{"contextref":"c-169","decimals":"-6","id":"f-927","name":"us-gaap:AmortizationOfIntangibleAssets","scale":"6","unitref":"usd"},"ix:nonfraction","206",0]
[929,{"contextref":"c-170","decimals":"-6","id":"f-928","name":"us-gaap:AmortizationOfIntangibleAssets","scale":"6","unitref":"usd"},"ix:nonfraction","158",0]
[930,{"contextref":"c-171","decimals":"-6","id":"f-929","name":"us-gaap:AmortizationOfIntangibleAssets","scale":"6","unitref":"usd"},"ix:nonfraction","122",0]
[931,{"contextref":"c-24","decimals":"-6","id":"f-930","name":"us-gaap:FiniteLivedIntangibleAssetsAmortizationExpenseNextTwelveMonths","scale":"6","unitref":"usd"},"ix:nonfraction","308",0]
[932,{"contextref":"c-24","decimals":"-6","id":"f-931","name":"us-gaap:FiniteLivedIntangibleAssetsAmortizationExpenseYearTwo","scale":"6","unitref":"usd"},"ix:nonfraction","272",0]
[933,{"contextref":"c-24","decimals":"-6","id":"f-932","name":"us-gaap:FiniteLivedIntangibleAssetsAmortizationExpenseYearThree","scale":"6","unitref":"usd"},"ix:nonfraction","225",0]
[934,{"contextref":"c-24","decimals":"-6","id":"f-933","name":"us-gaap:FiniteLivedIntangibleAssetsAmortizationExpenseYearFour","scale":"6","unitref":"usd"},"ix:nonfraction","181",0]
[935,{"contextref":"c-24","decimals":"-6","id":"f-934","name":"us-gaap:FiniteLivedIntangibleAssetsAmortizationExpenseYearFive","scale":"6","unitref":"usd"},"ix:nonfraction","131",0]
[937,{"contextref":"c-172","decimals":"-6","format":"ixt:num-dot-decimal","id":"f-936","name":"us-gaap:Goodwill","scale":"6","unitref":"usd"},"ix:nonfraction","5,301",0]
[938,{"contextref":"c-173","decimals":"-6","format":"ixt:num-dot-decimal","id":"f-937","name":"us-gaap:Goodwill","scale":"6","unitref":"usd"},"ix:nonfraction","1,417",0]
[939,{"contextref":"c-174","decimals":"-6","id":"f-938","name":"us-gaap:Goodwill","scale":"6","unitref":"usd"},"ix:nonfraction","979",0]
[940,{"contextref":"c-175","decimals":"-6","id":"f-939","name":"us-gaap:Goodwill","scale":"6","unitref":"usd"},"ix:nonfraction","731",0]
[941,{"contextref":"c-176","decimals":"-6","id":"f-940","name":"us-gaap:Goodwill","scale":"6","unitref":"usd"},"ix:nonfraction","303",0]
[942,{"contextref":"c-25","decimals":"-6","format":"ixt:num-dot-decimal","id":"f-941","name":"us-gaap:Goodwill","scale":"6","unitref":"usd"},"ix:nonfraction","8,731",0]
[943,{"contextref":"c-177","decimals":"-6","id":"f-942","name":"us-gaap:GoodwillForeignCurrencyTranslationGainLoss","scale":"6","unitref":"usd"},"ix:nonfraction","18",0]
[944,{"contextref":"c-178","decimals":"-6","id":"f-943","name":"us-gaap:GoodwillForeignCurrencyTranslationGainLoss","scale":"6","unitref":"usd"},"ix:nonfraction","97",0]
[945,{"contextref":"c-179","decimals":"-6","id":"f-944","name":"us-gaap:GoodwillForeignCurrencyTranslationGainLoss","scale":"6","unitref":"usd"},"ix:nonfraction","30",0]
[946,{"contextref":"c-180","decimals":"-6","id":"f-945","name":"us-gaap:GoodwillForeignCurrencyTranslationGainLoss","scale":"6","unitref":"usd"},"ix:nonfraction","17",0]
[947,{"contextref":"c-181","decimals":"-6","id":"f-946","name":"us-gaap:GoodwillForeignCurrencyTranslationGainLoss","scale":"6","unitref":"usd"},"ix:nonfraction","14",0]
[948,{"contextref":"c-1","decimals":"-6","id":"f-947","name":"us-gaap:GoodwillForeignCurrencyTranslationGainLoss","scale":"6","unitref":"usd"},"ix:nonfraction","176",0]
[949,{"contextref":"c-182","decimals":"-6","format":"ixt:num-dot-decimal","id":"f-948","name":"us-gaap:Goodwill","scale":"6","unitref":"usd"},"ix:nonfraction","5,319",0]
[950,{"contextref":"c-183","decimals":"-6","format":"ixt:num-dot-decimal","id":"f-949","name":"us-gaap:Goodwill","scale":"6","unitref":"usd"},"ix:nonfraction","1,514",0]
[951,{"contextref":"c-184","decimals":"-6","format":"ixt:num-dot-decimal","id":"f-950","name":"us-gaap:Goodwill","scale":"6","unitref":"usd"},"ix:nonfraction","1,009",0]
[952,{"contextref":"c-185","decimals":"-6","id":"f-951","name":"us-gaap:Goodwill","scale":"6","unitref":"usd"},"ix:nonfraction","748",0]
[953,{"contextref":"c-186","decimals":"-6","id":"f-952","name":"us-gaap:Goodwill","scale":"6","unitref":"usd"},"ix:nonfraction","317",0]
[954,{"contextref":"c-24","decimals":"-6","format":"ixt:num-dot-decimal","id":"f-953","name":"us-gaap:Goodwill","scale":"6","unitref":"usd"},"ix:nonfraction","8,907",0]
[936,{"contextref":"c-1","escape":"true","id":"f-935","name":"us-gaap:ScheduleOfGoodwillTextBlock"},"ix:nonnumeric","The following table details the carrying amount of our goodwill at year-end 2025 and 2024:(in millions)U.S. & CanadaEMEAGreater ChinaAPECCALATotal GoodwillBalance at year-end 2024$5,301 $1,417 $979 $731 $303 $8,731 Foreign currency translation18 97 30 17 14 176 Balance at year-end 2025$5,319 $1,514 $1,009 $748 $317 $8,907",0]
[955,{"contextref":"c-1","continuedat":"f-954-1","escape":"true","id":"f-954","name":"us-gaap:PropertyPlantAndEquipmentDisclosureTextBlock"},"ix:nonnumeric","PROPERTY AND EQUIPMENT",0]
[957,{"contextref":"c-187","decimals":"-6","id":"f-956","name":"us-gaap:PropertyPlantAndEquipmentGross","scale":"6","unitref":"usd"},"ix:nonfraction","772",0]
[958,{"contextref":"c-188","decimals":"-6","id":"f-957","name":"us-gaap:PropertyPlantAndEquipmentGross","scale":"6","unitref":"usd"},"ix:nonfraction","768",0]
[959,{"contextref":"c-189","decimals":"-6","format":"ixt:num-dot-decimal","id":"f-958","name":"us-gaap:PropertyPlantAndEquipmentGross","scale":"6","unitref":"usd"},"ix:nonfraction","1,337",0]
[960,{"contextref":"c-190","decimals":"-6","format":"ixt:num-dot-decimal","id":"f-959","name":"us-gaap:PropertyPlantAndEquipmentGross","scale":"6","unitref":"usd"},"ix:nonfraction","1,238",0]
[961,{"contextref":"c-191","decimals":"-6","id":"f-960","name":"us-gaap:PropertyPlantAndEquipmentGross","scale":"6","unitref":"usd"},"ix:nonfraction","643",0]
[962,{"contextref":"c-192","decimals":"-6","id":"f-961","name":"us-gaap:PropertyPlantAndEquipmentGross","scale":"6","unitref":"usd"},"ix:nonfraction","619",0]
[963,{"contextref":"c-193","decimals":"-6","id":"f-962","name":"us-gaap:PropertyPlantAndEquipmentGross","scale":"6","unitref":"usd"},"ix:nonfraction","149",0]
[964,{"contextref":"c-194","decimals":"-6","id":"f-963","name":"us-gaap:PropertyPlantAndEquipmentGross","scale":"6","unitref":"usd"},"ix:nonfraction","89",0]
[965,{"contextref":"c-24","decimals":"-6","format":"ixt:num-dot-decimal","id":"f-964","name":"us-gaap:PropertyPlantAndEquipmentGross","scale":"6","unitref":"usd"},"ix:nonfraction","2,901",0]
[966,{"contextref":"c-25","decimals":"-6","format":"ixt:num-dot-decimal","id":"f-965","name":"us-gaap:PropertyPlantAndEquipmentGross","scale":"6","unitref":"usd"},"ix:nonfraction","2,714",0]
[967,{"contextref":"c-24","decimals":"-6","id":"f-966","name":"us-gaap:AccumulatedDepreciationDepletionAndAmortizationPropertyPlantAndEquipment","scale":"6","unitref":"usd"},"ix:nonfraction","947",0]
[968,{"contextref":"c-25","decimals":"-6","id":"f-967","name":"us-gaap:AccumulatedDepreciationDepletionAndAmortizationPropertyPlantAndEquipment","scale":"6","unitref":"usd"},"ix:nonfraction","881",0]
[969,{"contextref":"c-24","decimals":"-6","format":"ixt:num-dot-decimal","id":"f-968","name":"us-gaap:PropertyPlantAndEquipmentNet","scale":"6","unitref":"usd"},"ix:nonfraction","1,954",0]
[970,{"contextref":"c-25","decimals":"-6","format":"ixt:num-dot-decimal","id":"f-969","name":"us-gaap:PropertyPlantAndEquipmentNet","scale":"6","unitref":"usd"},"ix:nonfraction","1,833",0]
[956,{"contextref":"c-1","escape":"true","id":"f-955","name":"us-gaap:PropertyPlantAndEquipmentTextBlock"},"ix:nonnumeric","The following table presents the composition of our property and equipment balances at year-end 2025 and 2024:(in millions)At Year-End 2025At Year-End 2024Land$772 $768 Buildings and leasehold improvements1,337 1,238 Furniture and equipment643 619 Construction in progress149 89 2,901 2,714 Accumulated depreciation(947)(881)$1,954 $1,833",0]
[972,{"contextref":"c-195","format":"ixt-sec:duryear","id":"f-972","name":"us-gaap:PropertyPlantAndEquipmentUsefulLife"},"ix:nonnumeric","40",0]
[971,{"contextref":"c-1","escape":"true","id":"f-970","name":"us-gaap:PropertyPlantAndEquipmentPolicyTextBlock"},"ix:nonnumeric","We record property and equipment at cost, including interest and real estate taxes we incur during development and construction. We capitalize the cost of improvements that extend the useful life of property and equipment when we incur them. These capitalized costs may include structural costs, equipment, fixtures, floor, and wall coverings. We expense all repair and maintenance costs when we incur them. We compute depreciation using the straight-line method over the estimated useful lives of the assets (generally three to 40 years), and we amortize leasehold improvements over the shorter of the asset life or lease term.",0]
[973,{"contextref":"c-1","decimals":"-6","id":"f-973","name":"us-gaap:Depreciation","scale":"6","unitref":"usd"},"ix:nonfraction","145",0]
[974,{"contextref":"c-22","decimals":"-6","id":"f-974","name":"us-gaap:Depreciation","scale":"6","unitref":"usd"},"ix:nonfraction","128",0]
[975,{"contextref":"c-23","decimals":"-6","id":"f-975","name":"us-gaap:Depreciation","scale":"6","unitref":"usd"},"ix:nonfraction","122",0]
[976,{"contextref":"c-196","decimals":"-6","id":"f-976","name":"us-gaap:Depreciation","scale":"6","unitref":"usd"},"ix:nonfraction","39",0]
[977,{"contextref":"c-197","decimals":"-6","id":"f-977","name":"us-gaap:Depreciation","scale":"6","unitref":"usd"},"ix:nonfraction","42",0]
[978,{"contextref":"c-198","decimals":"-6","id":"f-978","name":"us-gaap:Depreciation","scale":"6","unitref":"usd"},"ix:nonfraction","37",0]
[979,{"contextref":"c-199","decimals":"-6","id":"f-979","name":"us-gaap:PropertyPlantAndEquipmentNet","scale":"6","unitref":"usd"},"ix:nonfraction","677",0]
[980,{"contextref":"c-200","decimals":"-6","id":"f-980","name":"us-gaap:PropertyPlantAndEquipmentNet","scale":"6","unitref":"usd"},"ix:nonfraction","554",0]
[981,{"contextref":"c-1","continuedat":"f-981-1","escape":"true","id":"f-981","name":"us-gaap:FairValueDisclosuresTextBlock"},"ix:nonnumeric","FAIR VALUE OF FINANCIAL INSTRUMENTS",0]
[982,{"contextref":"c-1","continuedat":"f-982-1","escape":"true","id":"f-982","name":"us-gaap:FairValueByBalanceSheetGroupingTextBlock"},"ix:nonnumeric","We present the carrying amounts and the fair values of noncurrent financial assets and liabilities that qualify as financial instruments in the following table:",0]
[983,{"contextref":"c-201","decimals":"-6","id":"f-983","name":"us-gaap:NotesAndLoansReceivableNetNoncurrent","scale":"6","unitref":"usd"},"ix:nonfraction","151",0]
[984,{"contextref":"c-202","decimals":"-6","id":"f-984","name":"us-gaap:NotesAndLoansReceivableNetNoncurrent","scale":"6","unitref":"usd"},"ix:nonfraction","149",0]
[985,{"contextref":"c-203","decimals":"-6","id":"f-985","name":"us-gaap:NotesAndLoansReceivableNetNoncurrent","scale":"6","unitref":"usd"},"ix:nonfraction","136",0]
[986,{"contextref":"c-204","decimals":"-6","id":"f-986","name":"us-gaap:NotesAndLoansReceivableNetNoncurrent","scale":"6","unitref":"usd"},"ix:nonfraction","133",0]
[987,{"contextref":"c-201","decimals":"-6","id":"f-987","name":"mar:FinancialInstrumentsAssetsNoncurrent","scale":"6","unitref":"usd"},"ix:nonfraction","151",0]
[988,{"contextref":"c-202","decimals":"-6","id":"f-988","name":"mar:FinancialInstrumentsAssetsNoncurrent","scale":"6","unitref":"usd"},"ix:nonfraction","149",0]
[989,{"contextref":"c-203","decimals":"-6","id":"f-989","name":"mar:FinancialInstrumentsAssetsNoncurrent","scale":"6","unitref":"usd"},"ix:nonfraction","136",0]
[990,{"contextref":"c-204","decimals":"-6","id":"f-990","name":"mar:FinancialInstrumentsAssetsNoncurrent","scale":"6","unitref":"usd"},"ix:nonfraction","133",0]
[991,{"contextref":"c-201","decimals":"-6","format":"ixt:num-dot-decimal","id":"f-991","name":"us-gaap:SeniorLongTermNotes","scale":"6","unitref":"usd"},"ix:nonfraction","13,686",0]
[992,{"contextref":"c-202","decimals":"-6","format":"ixt:num-dot-decimal","id":"f-992","name":"us-gaap:SeniorLongTermNotes","scale":"6","unitref":"usd"},"ix:nonfraction","13,836",0]
[993,{"contextref":"c-203","decimals":"-6","format":"ixt:num-dot-decimal","id":"f-993","name":"us-gaap:SeniorLongTermNotes","scale":"6","unitref":"usd"},"ix:nonfraction","11,419",0]
[994,{"contextref":"c-204","decimals":"-6","format":"ixt:num-dot-decimal","id":"f-994","name":"us-gaap:SeniorLongTermNotes","scale":"6","unitref":"usd"},"ix:nonfraction","11,083",0]
[995,{"contextref":"c-201","decimals":"-6","format":"ixt:num-dot-decimal","id":"f-995","name":"us-gaap:CommercialPaperNoncurrent","scale":"6","unitref":"usd"},"ix:nonfraction","1,177",0]
[996,{"contextref":"c-202","decimals":"-6","format":"ixt:num-dot-decimal","id":"f-996","name":"us-gaap:CommercialPaperNoncurrent","scale":"6","unitref":"usd"},"ix:nonfraction","1,177",0]
[997,{"contextref":"c-203","decimals":"-6","format":"ixt:num-dot-decimal","id":"f-997","name":"us-gaap:CommercialPaperNoncurrent","scale":"6","unitref":"usd"},"ix:nonfraction","1,582",0]
[998,{"contextref":"c-204","decimals":"-6","format":"ixt:num-dot-decimal","id":"f-998","name":"us-gaap:CommercialPaperNoncurrent","scale":"6","unitref":"usd"},"ix:nonfraction","1,582",0]
[999,{"contextref":"c-201","decimals":"-6","format":"ixt:num-dot-decimal","id":"f-999","name":"mar:FinancialInstrumentsLiabilitiesNoncurrent","scale":"6","unitref":"usd"},"ix:nonfraction","14,863",0]
[1000,{"contextref":"c-202","decimals":"-6","format":"ixt:num-dot-decimal","id":"f-1000","name":"mar:FinancialInstrumentsLiabilitiesNoncurrent","scale":"6","unitref":"usd"},"ix:nonfraction","15,013",0]
[1001,{"contextref":"c-203","decimals":"-6","format":"ixt:num-dot-decimal","id":"f-1001","name":"mar:FinancialInstrumentsLiabilitiesNoncurrent","scale":"6","unitref":"usd"},"ix:nonfraction","13,001",0]
[1002,{"contextref":"c-204","decimals":"-6","format":"ixt:num-dot-decimal","id":"f-1002","name":"mar:FinancialInstrumentsLiabilitiesNoncurrent","scale":"6","unitref":"usd"},"ix:nonfraction","12,665",0]
[1003,{"contextref":"c-1","continuedat":"f-1003-1","escape":"true","id":"f-1003","name":"us-gaap:StockholdersEquityNoteDisclosureTextBlock"},"ix:nonnumeric","ACCUMULATED OTHER COMPREHENSIVE LOSS",0]
[1005,{"contextref":"c-205","decimals":"-6","id":"f-1005","name":"us-gaap:StockholdersEquity","scale":"6","sign":"-","unitref":"usd"},"ix:nonfraction","740",0]
[1006,{"contextref":"c-206","decimals":"-6","id":"f-1006","name":"us-gaap:StockholdersEquity","scale":"6","unitref":"usd"},"ix:nonfraction","11",0]
[1007,{"contextref":"c-43","decimals":"-6","id":"f-1007","name":"us-gaap:StockholdersEquity","scale":"6","sign":"-","unitref":"usd"},"ix:nonfraction","729",0]
[1008,{"contextref":"c-207","decimals":"-6","id":"f-1008","name":"us-gaap:OtherComprehensiveIncomeLossNetOfTaxPortionAttributableToParent","scale":"6","unitref":"usd"},"ix:nonfraction","86",0]
[1009,{"contextref":"c-208","decimals":"-6","id":"f-1009","name":"us-gaap:OtherComprehensiveIncomeLossNetOfTaxPortionAttributableToParent","scale":"6","sign":"-","unitref":"usd"},"ix:nonfraction","4",0]
[1010,{"contextref":"c-23","decimals":"-6","id":"f-1010","name":"us-gaap:OtherComprehensiveIncomeLossNetOfTaxPortionAttributableToParent","scale":"6","unitref":"usd"},"ix:nonfraction","82",0]
[1011,{"contextref":"c-209","decimals":"-6","id":"f-1011","name":"us-gaap:StockholdersEquity","scale":"6","sign":"-","unitref":"usd"},"ix:nonfraction","654",0]
[1012,{"contextref":"c-210","decimals":"-6","id":"f-1012","name":"us-gaap:StockholdersEquity","scale":"6","unitref":"usd"},"ix:nonfraction","7",0]
[1013,{"contextref":"c-53","decimals":"-6","id":"f-1013","name":"us-gaap:StockholdersEquity","scale":"6","sign":"-","unitref":"usd"},"ix:nonfraction","647",0]
[1014,{"contextref":"c-211","decimals":"-6","id":"f-1014","name":"us-gaap:OtherComprehensiveIncomeLossNetOfTaxPortionAttributableToParent","scale":"6","sign":"-","unitref":"usd"},"ix:nonfraction","437",0]
[1015,{"contextref":"c-212","decimals":"-6","id":"f-1015","name":"us-gaap:OtherComprehensiveIncomeLossNetOfTaxPortionAttributableToParent","scale":"6","unitref":"usd"},"ix:nonfraction","21",0]
[1016,{"contextref":"c-22","decimals":"-6","id":"f-1016","name":"us-gaap:OtherComprehensiveIncomeLossNetOfTaxPortionAttributableToParent","scale":"6","sign":"-","unitref":"usd"},"ix:nonfraction","416",0]
[1017,{"contextref":"c-213","decimals":"-6","format":"ixt:num-dot-decimal","id":"f-1017","name":"us-gaap:StockholdersEquity","scale":"6","sign":"-","unitref":"usd"},"ix:nonfraction","1,091",0]
[1018,{"contextref":"c-214","decimals":"-6","id":"f-1018","name":"us-gaap:StockholdersEquity","scale":"6","unitref":"usd"},"ix:nonfraction","28",0]
[1019,{"contextref":"c-63","decimals":"-6","format":"ixt:num-dot-decimal","id":"f-1019","name":"us-gaap:StockholdersEquity","scale":"6","sign":"-","unitref":"usd"},"ix:nonfraction","1,063",0]
[1020,{"contextref":"c-215","decimals":"-6","id":"f-1020","name":"us-gaap:OtherComprehensiveIncomeLossNetOfTaxPortionAttributableToParent","scale":"6","unitref":"usd"},"ix:nonfraction","442",0]
[1021,{"contextref":"c-216","decimals":"-6","id":"f-1021","name":"us-gaap:OtherComprehensiveIncomeLossNetOfTaxPortionAttributableToParent","scale":"6","sign":"-","unitref":"usd"},"ix:nonfraction","21",0]
[1022,{"contextref":"c-1","decimals":"-6","id":"f-1022","name":"us-gaap:OtherComprehensiveIncomeLossNetOfTaxPortionAttributableToParent","scale":"6","unitref":"usd"},"ix:nonfraction","421",0]
[1023,{"contextref":"c-217","decimals":"-6","id":"f-1023","name":"us-gaap:StockholdersEquity","scale":"6","sign":"-","unitref":"usd"},"ix:nonfraction","649",0]
[1024,{"contextref":"c-218","decimals":"-6","id":"f-1024","name":"us-gaap:StockholdersEquity","scale":"6","unitref":"usd"},"ix:nonfraction","7",0]
[1025,{"contextref":"c-73","decimals":"-6","id":"f-1025","name":"us-gaap:StockholdersEquity","scale":"6","sign":"-","unitref":"usd"},"ix:nonfraction","642",0]
[1026,{"contextref":"c-1","decimals":"-6","id":"f-1026","name":"mar:OtherComprehensiveIncomeLossForeignCurrencyTranslationAndTranslationGainLossBeforeReclassificationAndTaxIntraEntityForeignCurrencyTransactionsLongTermInvestmentNature","scale":"6","sign":"-","unitref":"usd"},"ix:nonfraction","71",0]
[1027,{"contextref":"c-22","decimals":"-6","id":"f-1027","name":"mar:OtherComprehensiveIncomeLossForeignCurrencyTranslationAndTranslationGainLossBeforeReclassificationAndTaxIntraEntityForeignCurrencyTransactionsLongTermInvestmentNature","scale":"6","unitref":"usd"},"ix:nonfraction","30",0]
[1028,{"contextref":"c-23","decimals":"-6","id":"f-1028","name":"mar:OtherComprehensiveIncomeLossForeignCurrencyTranslationAndTranslationGainLossBeforeReclassificationAndTaxIntraEntityForeignCurrencyTransactionsLongTermInvestmentNature","scale":"6","sign":"-","unitref":"usd"},"ix:nonfraction","28",0]
[1004,{"contextref":"c-1","escape":"true","id":"f-1004","name":"us-gaap:ScheduleOfAccumulatedOtherComprehensiveIncomeLossTableTextBlock"},"ix:nonnumeric","The following table details the accumulated other comprehensive loss activity for 2025, 2024, and 2023:(in millions)Foreign Currency Translation AdjustmentsOther AdjustmentsAccumulated Other Comprehensive LossBalance at year-end 2022$(740)$11 $(729)Other comprehensive income (loss) (1)86 (4)82 Balance at year-end 2023$(654)$7 $(647)Other comprehensive (loss) income (1)(437)21 (416)Balance at year-end 2024$(1,091)$28 $(1,063)Other comprehensive income (loss) (1)442 (21)421 Balance at year-end 2025$(649)$7 $(642)(1)Other comprehensive income (loss) includes intra-entity foreign currency transactions that are of a long-term investment nature, which resulted in (losses) gains of $(71) million for 2025, $30 million for 2024, and $(28) million for 2023.",0]
[1029,{"contextref":"c-1","continuedat":"f-1029-1","escape":"true","id":"f-1029","name":"us-gaap:SegmentReportingDisclosureTextBlock"},"ix:nonnumeric","BUSINESS SEGMENTS",0]
[1030,{"contextref":"c-1","decimals":"INF","format":"ixt-sec:numwordsen","id":"f-1030","name":"us-gaap:NumberOfReportableSegments","scale":"0","unitref":"segment"},"ix:nonfraction","four",0]
[1032,{"contextref":"c-219","decimals":"-6","format":"ixt:num-dot-decimal","id":"f-1032","name":"mar:RevenuesGrossOfCapitalizedContractCostAmortization","scale":"6","unitref":"usd"},"ix:nonfraction","3,004",0]
[1033,{"contextref":"c-220","decimals":"-6","id":"f-1033","name":"mar:RevenuesGrossOfCapitalizedContractCostAmortization","scale":"6","unitref":"usd"},"ix:nonfraction","640",0]
[1034,{"contextref":"c-221","decimals":"-6","id":"f-1034","name":"mar:RevenuesGrossOfCapitalizedContractCostAmortization","scale":"6","unitref":"usd"},"ix:nonfraction","261",0]
[1035,{"contextref":"c-222","decimals":"-6","id":"f-1035","name":"mar:RevenuesGrossOfCapitalizedContractCostAmortization","scale":"6","unitref":"usd"},"ix:nonfraction","376",0]
[1036,{"contextref":"c-219","decimals":"-6","id":"f-1036","name":"us-gaap:CapitalizedContractCostAmortization","scale":"6","unitref":"usd"},"ix:nonfraction","83",0]
[1037,{"contextref":"c-220","decimals":"-6","id":"f-1037","name":"us-gaap:CapitalizedContractCostAmortization","scale":"6","unitref":"usd"},"ix:nonfraction","19",0]
[1038,{"contextref":"c-221","decimals":"-6","id":"f-1038","name":"us-gaap:CapitalizedContractCostAmortization","scale":"6","unitref":"usd"},"ix:nonfraction","1",0]
[1039,{"contextref":"c-222","decimals":"-6","id":"f-1039","name":"us-gaap:CapitalizedContractCostAmortization","scale":"6","unitref":"usd"},"ix:nonfraction","6",0]
[1040,{"contextref":"c-219","decimals":"-6","format":"ixt:num-dot-decimal","id":"f-1040","name":"us-gaap:Revenues","scale":"6","unitref":"usd"},"ix:nonfraction","2,921",0]
[1041,{"contextref":"c-220","decimals":"-6","id":"f-1041","name":"us-gaap:Revenues","scale":"6","unitref":"usd"},"ix:nonfraction","621",0]
[1042,{"contextref":"c-221","decimals":"-6","id":"f-1042","name":"us-gaap:Revenues","scale":"6","unitref":"usd"},"ix:nonfraction","260",0]
