[1043,{"contextref":"c-222","decimals":"-6","id":"f-1043","name":"us-gaap:Revenues","scale":"6","unitref":"usd"},"ix:nonfraction","370",0]
[1044,{"contextref":"c-223","decimals":"-6","id":"f-1044","name":"us-gaap:Revenues","scale":"6","unitref":"usd"},"ix:nonfraction","528",0]
[1045,{"contextref":"c-224","decimals":"-6","id":"f-1045","name":"us-gaap:Revenues","scale":"6","unitref":"usd"},"ix:nonfraction","592",0]
[1046,{"contextref":"c-225","decimals":"-6","id":"f-1046","name":"us-gaap:Revenues","scale":"6","unitref":"usd"},"ix:nonfraction","26",0]
[1047,{"contextref":"c-226","decimals":"-6","id":"f-1047","name":"us-gaap:Revenues","scale":"6","unitref":"usd"},"ix:nonfraction","162",0]
[1048,{"contextref":"c-227","decimals":"-6","format":"ixt:num-dot-decimal","id":"f-1048","name":"us-gaap:Revenues","scale":"6","unitref":"usd"},"ix:nonfraction","15,900",0]
[1049,{"contextref":"c-228","decimals":"-6","format":"ixt:num-dot-decimal","id":"f-1049","name":"us-gaap:Revenues","scale":"6","unitref":"usd"},"ix:nonfraction","1,194",0]
[1050,{"contextref":"c-229","decimals":"-6","id":"f-1050","name":"us-gaap:Revenues","scale":"6","unitref":"usd"},"ix:nonfraction","304",0]
[1051,{"contextref":"c-230","decimals":"-6","id":"f-1051","name":"us-gaap:Revenues","scale":"6","unitref":"usd"},"ix:nonfraction","541",0]
[1052,{"contextref":"c-231","decimals":"-6","format":"ixt:num-dot-decimal","id":"f-1052","name":"us-gaap:Revenues","scale":"6","unitref":"usd"},"ix:nonfraction","19,349",0]
[1053,{"contextref":"c-232","decimals":"-6","format":"ixt:num-dot-decimal","id":"f-1053","name":"us-gaap:Revenues","scale":"6","unitref":"usd"},"ix:nonfraction","2,407",0]
[1054,{"contextref":"c-233","decimals":"-6","id":"f-1054","name":"us-gaap:Revenues","scale":"6","unitref":"usd"},"ix:nonfraction","590",0]
[1055,{"contextref":"c-234","decimals":"-6","format":"ixt:num-dot-decimal","id":"f-1055","name":"us-gaap:Revenues","scale":"6","unitref":"usd"},"ix:nonfraction","1,073",0]
[1056,{"contextref":"c-223","decimals":"-6","id":"f-1056","name":"us-gaap:CostOfRevenue","scale":"6","unitref":"usd"},"ix:nonfraction","434",0]
[1057,{"contextref":"c-224","decimals":"-6","id":"f-1057","name":"us-gaap:CostOfRevenue","scale":"6","unitref":"usd"},"ix:nonfraction","530",0]
[1058,{"contextref":"c-225","decimals":"-6","id":"f-1058","name":"us-gaap:CostOfRevenue","scale":"6","unitref":"usd"},"ix:nonfraction","28",0]
[1059,{"contextref":"c-226","decimals":"-6","id":"f-1059","name":"us-gaap:CostOfRevenue","scale":"6","unitref":"usd"},"ix:nonfraction","146",0]
[1060,{"contextref":"c-231","decimals":"-6","id":"f-1060","name":"mar:DepreciationAmortizationAndOtherExcludingCapitalizedContractCostAmortization","scale":"6","unitref":"usd"},"ix:nonfraction","108",0]
[1061,{"contextref":"c-232","decimals":"-6","id":"f-1061","name":"mar:DepreciationAmortizationAndOtherExcludingCapitalizedContractCostAmortization","scale":"6","unitref":"usd"},"ix:nonfraction","40",0]
[1062,{"contextref":"c-233","decimals":"-6","id":"f-1062","name":"mar:DepreciationAmortizationAndOtherExcludingCapitalizedContractCostAmortization","scale":"6","unitref":"usd"},"ix:nonfraction","12",0]
[1063,{"contextref":"c-234","decimals":"-6","id":"f-1063","name":"mar:DepreciationAmortizationAndOtherExcludingCapitalizedContractCostAmortization","scale":"6","unitref":"usd"},"ix:nonfraction","9",0]
[1064,{"contextref":"c-231","decimals":"-6","id":"f-1064","name":"us-gaap:GeneralAndAdministrativeExpense","scale":"6","unitref":"usd"},"ix:nonfraction","118",0]
[1065,{"contextref":"c-232","decimals":"-6","id":"f-1065","name":"us-gaap:GeneralAndAdministrativeExpense","scale":"6","unitref":"usd"},"ix:nonfraction","104",0]
[1066,{"contextref":"c-233","decimals":"-6","id":"f-1066","name":"us-gaap:GeneralAndAdministrativeExpense","scale":"6","unitref":"usd"},"ix:nonfraction","52",0]
[1067,{"contextref":"c-234","decimals":"-6","id":"f-1067","name":"us-gaap:GeneralAndAdministrativeExpense","scale":"6","unitref":"usd"},"ix:nonfraction","63",0]
[1068,{"contextref":"c-227","decimals":"-6","format":"ixt:num-dot-decimal","id":"f-1068","name":"us-gaap:CostOfRevenue","scale":"6","unitref":"usd"},"ix:nonfraction","16,015",0]
[1069,{"contextref":"c-228","decimals":"-6","format":"ixt:num-dot-decimal","id":"f-1069","name":"us-gaap:CostOfRevenue","scale":"6","unitref":"usd"},"ix:nonfraction","1,211",0]
[1070,{"contextref":"c-229","decimals":"-6","id":"f-1070","name":"us-gaap:CostOfRevenue","scale":"6","unitref":"usd"},"ix:nonfraction","315",0]
[1071,{"contextref":"c-230","decimals":"-6","id":"f-1071","name":"us-gaap:CostOfRevenue","scale":"6","unitref":"usd"},"ix:nonfraction","552",0]
[1072,{"contextref":"c-231","decimals":"-6","id":"f-1072","name":"us-gaap:SegmentReportingOtherItemAmount","scale":"6","sign":"-","unitref":"usd"},"ix:nonfraction","5",0]
[1073,{"contextref":"c-232","decimals":"-6","id":"f-1073","name":"us-gaap:SegmentReportingOtherItemAmount","scale":"6","sign":"-","unitref":"usd"},"ix:nonfraction","3",0]
[1074,{"contextref":"c-233","decimals":"-6","id":"f-1074","name":"us-gaap:SegmentReportingOtherItemAmount","scale":"6","sign":"-","unitref":"usd"},"ix:nonfraction","2",0]
[1075,{"contextref":"c-234","decimals":"-6","id":"f-1075","name":"us-gaap:SegmentReportingOtherItemAmount","scale":"6","unitref":"usd"},"ix:nonfraction","2",0]
[1076,{"contextref":"c-231","decimals":"-6","format":"ixt:num-dot-decimal","id":"f-1076","name":"us-gaap:OperatingIncomeLoss","scale":"6","unitref":"usd"},"ix:nonfraction","2,679",0]
[1077,{"contextref":"c-232","decimals":"-6","id":"f-1077","name":"us-gaap:OperatingIncomeLoss","scale":"6","unitref":"usd"},"ix:nonfraction","525",0]
[1078,{"contextref":"c-233","decimals":"-6","id":"f-1078","name":"us-gaap:OperatingIncomeLoss","scale":"6","unitref":"usd"},"ix:nonfraction","185",0]
[1079,{"contextref":"c-234","decimals":"-6","id":"f-1079","name":"us-gaap:OperatingIncomeLoss","scale":"6","unitref":"usd"},"ix:nonfraction","301",0]
[1080,{"contextref":"c-235","decimals":"-6","format":"ixt:num-dot-decimal","id":"f-1080","name":"mar:RevenuesGrossOfCapitalizedContractCostAmortization","scale":"6","unitref":"usd"},"ix:nonfraction","2,951",0]
[1081,{"contextref":"c-236","decimals":"-6","id":"f-1081","name":"mar:RevenuesGrossOfCapitalizedContractCostAmortization","scale":"6","unitref":"usd"},"ix:nonfraction","589",0]
[1082,{"contextref":"c-237","decimals":"-6","id":"f-1082","name":"mar:RevenuesGrossOfCapitalizedContractCostAmortization","scale":"6","unitref":"usd"},"ix:nonfraction","250",0]
[1083,{"contextref":"c-238","decimals":"-6","id":"f-1083","name":"mar:RevenuesGrossOfCapitalizedContractCostAmortization","scale":"6","unitref":"usd"},"ix:nonfraction","345",0]
[1084,{"contextref":"c-235","decimals":"-6","id":"f-1084","name":"us-gaap:CapitalizedContractCostAmortization","scale":"6","unitref":"usd"},"ix:nonfraction","76",0]
[1085,{"contextref":"c-236","decimals":"-6","id":"f-1085","name":"us-gaap:CapitalizedContractCostAmortization","scale":"6","unitref":"usd"},"ix:nonfraction","14",0]
[1086,{"contextref":"c-237","decimals":"-6","id":"f-1086","name":"us-gaap:CapitalizedContractCostAmortization","scale":"6","unitref":"usd"},"ix:nonfraction","1",0]
[1087,{"contextref":"c-238","decimals":"-6","id":"f-1087","name":"us-gaap:CapitalizedContractCostAmortization","scale":"6","unitref":"usd"},"ix:nonfraction","5",0]
[1088,{"contextref":"c-235","decimals":"-6","format":"ixt:num-dot-decimal","id":"f-1088","name":"us-gaap:Revenues","scale":"6","unitref":"usd"},"ix:nonfraction","2,875",0]
[1089,{"contextref":"c-236","decimals":"-6","id":"f-1089","name":"us-gaap:Revenues","scale":"6","unitref":"usd"},"ix:nonfraction","575",0]
[1090,{"contextref":"c-237","decimals":"-6","id":"f-1090","name":"us-gaap:Revenues","scale":"6","unitref":"usd"},"ix:nonfraction","249",0]
[1091,{"contextref":"c-238","decimals":"-6","id":"f-1091","name":"us-gaap:Revenues","scale":"6","unitref":"usd"},"ix:nonfraction","340",0]
[1092,{"contextref":"c-239","decimals":"-6","id":"f-1092","name":"us-gaap:Revenues","scale":"6","unitref":"usd"},"ix:nonfraction","437",0]
[1093,{"contextref":"c-240","decimals":"-6","id":"f-1093","name":"us-gaap:Revenues","scale":"6","unitref":"usd"},"ix:nonfraction","595",0]
[1094,{"contextref":"c-241","decimals":"-6","id":"f-1094","name":"us-gaap:Revenues","scale":"6","unitref":"usd"},"ix:nonfraction","27",0]
[1095,{"contextref":"c-242","decimals":"-6","id":"f-1095","name":"us-gaap:Revenues","scale":"6","unitref":"usd"},"ix:nonfraction","141",0]
[1096,{"contextref":"c-243","decimals":"-6","format":"ixt:num-dot-decimal","id":"f-1096","name":"us-gaap:Revenues","scale":"6","unitref":"usd"},"ix:nonfraction","15,300",0]
[1097,{"contextref":"c-244","decimals":"-6","format":"ixt:num-dot-decimal","id":"f-1097","name":"us-gaap:Revenues","scale":"6","unitref":"usd"},"ix:nonfraction","1,236",0]
[1098,{"contextref":"c-245","decimals":"-6","id":"f-1098","name":"us-gaap:Revenues","scale":"6","unitref":"usd"},"ix:nonfraction","306",0]
[1099,{"contextref":"c-246","decimals":"-6","id":"f-1099","name":"us-gaap:Revenues","scale":"6","unitref":"usd"},"ix:nonfraction","495",0]
[1100,{"contextref":"c-247","decimals":"-6","format":"ixt:num-dot-decimal","id":"f-1100","name":"us-gaap:Revenues","scale":"6","unitref":"usd"},"ix:nonfraction","18,612",0]
[1101,{"contextref":"c-248","decimals":"-6","format":"ixt:num-dot-decimal","id":"f-1101","name":"us-gaap:Revenues","scale":"6","unitref":"usd"},"ix:nonfraction","2,406",0]
[1102,{"contextref":"c-249","decimals":"-6","id":"f-1102","name":"us-gaap:Revenues","scale":"6","unitref":"usd"},"ix:nonfraction","582",0]
[1103,{"contextref":"c-250","decimals":"-6","id":"f-1103","name":"us-gaap:Revenues","scale":"6","unitref":"usd"},"ix:nonfraction","976",0]
[1104,{"contextref":"c-239","decimals":"-6","id":"f-1104","name":"us-gaap:CostOfRevenue","scale":"6","unitref":"usd"},"ix:nonfraction","399",0]
[1105,{"contextref":"c-240","decimals":"-6","id":"f-1105","name":"us-gaap:CostOfRevenue","scale":"6","unitref":"usd"},"ix:nonfraction","519",0]
[1106,{"contextref":"c-241","decimals":"-6","id":"f-1106","name":"us-gaap:CostOfRevenue","scale":"6","unitref":"usd"},"ix:nonfraction","24",0]
[1107,{"contextref":"c-242","decimals":"-6","id":"f-1107","name":"us-gaap:CostOfRevenue","scale":"6","unitref":"usd"},"ix:nonfraction","129",0]
[1108,{"contextref":"c-247","decimals":"-6","id":"f-1108","name":"mar:DepreciationAmortizationAndOtherExcludingCapitalizedContractCostAmortization","scale":"6","unitref":"usd"},"ix:nonfraction","84",0]
[1109,{"contextref":"c-248","decimals":"-6","id":"f-1109","name":"mar:DepreciationAmortizationAndOtherExcludingCapitalizedContractCostAmortization","scale":"6","unitref":"usd"},"ix:nonfraction","38",0]
[1110,{"contextref":"c-249","decimals":"-6","id":"f-1110","name":"mar:DepreciationAmortizationAndOtherExcludingCapitalizedContractCostAmortization","scale":"6","unitref":"usd"},"ix:nonfraction","9",0]
[1111,{"contextref":"c-250","decimals":"-6","id":"f-1111","name":"mar:DepreciationAmortizationAndOtherExcludingCapitalizedContractCostAmortization","scale":"6","unitref":"usd"},"ix:nonfraction","8",0]
[1112,{"contextref":"c-247","decimals":"-6","id":"f-1112","name":"us-gaap:GeneralAndAdministrativeExpense","scale":"6","unitref":"usd"},"ix:nonfraction","113",0]
[1113,{"contextref":"c-248","decimals":"-6","id":"f-1113","name":"us-gaap:GeneralAndAdministrativeExpense","scale":"6","unitref":"usd"},"ix:nonfraction","90",0]
[1114,{"contextref":"c-249","decimals":"-6","id":"f-1114","name":"us-gaap:GeneralAndAdministrativeExpense","scale":"6","unitref":"usd"},"ix:nonfraction","45",0]
[1115,{"contextref":"c-250","decimals":"-6","id":"f-1115","name":"us-gaap:GeneralAndAdministrativeExpense","scale":"6","unitref":"usd"},"ix:nonfraction","53",0]
[1116,{"contextref":"c-243","decimals":"-6","format":"ixt:num-dot-decimal","id":"f-1116","name":"us-gaap:CostOfRevenue","scale":"6","unitref":"usd"},"ix:nonfraction","15,381",0]
[1117,{"contextref":"c-244","decimals":"-6","format":"ixt:num-dot-decimal","id":"f-1117","name":"us-gaap:CostOfRevenue","scale":"6","unitref":"usd"},"ix:nonfraction","1,252",0]
[1118,{"contextref":"c-245","decimals":"-6","id":"f-1118","name":"us-gaap:CostOfRevenue","scale":"6","unitref":"usd"},"ix:nonfraction","319",0]
[1119,{"contextref":"c-246","decimals":"-6","id":"f-1119","name":"us-gaap:CostOfRevenue","scale":"6","unitref":"usd"},"ix:nonfraction","510",0]
[1120,{"contextref":"c-247","decimals":"-6","id":"f-1120","name":"us-gaap:SegmentReportingOtherItemAmount","scale":"6","sign":"-","unitref":"usd"},"ix:nonfraction","5",0]
[1121,{"contextref":"c-248","decimals":"-6","id":"f-1121","name":"us-gaap:SegmentReportingOtherItemAmount","scale":"6","sign":"-","unitref":"usd"},"ix:nonfraction","5",0]
[1122,{"contextref":"c-249","decimals":"-6","id":"f-1122","name":"us-gaap:SegmentReportingOtherItemAmount","scale":"6","sign":"-","unitref":"usd"},"ix:nonfraction","1",0]
[1123,{"contextref":"c-250","decimals":"-6","id":"f-1123","name":"us-gaap:SegmentReportingOtherItemAmount","scale":"6","sign":"-","unitref":"usd"},"ix:nonfraction","4",0]
[1124,{"contextref":"c-247","decimals":"-6","format":"ixt:num-dot-decimal","id":"f-1124","name":"us-gaap:OperatingIncomeLoss","scale":"6","unitref":"usd"},"ix:nonfraction","2,640",0]
[1125,{"contextref":"c-248","decimals":"-6","id":"f-1125","name":"us-gaap:OperatingIncomeLoss","scale":"6","unitref":"usd"},"ix:nonfraction","512",0]
[1126,{"contextref":"c-249","decimals":"-6","id":"f-1126","name":"us-gaap:OperatingIncomeLoss","scale":"6","unitref":"usd"},"ix:nonfraction","186",0]
[1127,{"contextref":"c-250","decimals":"-6","id":"f-1127","name":"us-gaap:OperatingIncomeLoss","scale":"6","unitref":"usd"},"ix:nonfraction","280",0]
[1128,{"contextref":"c-251","decimals":"-6","format":"ixt:num-dot-decimal","id":"f-1128","name":"mar:RevenuesGrossOfCapitalizedContractCostAmortization","scale":"6","unitref":"usd"},"ix:nonfraction","2,799",0]
[1129,{"contextref":"c-252","decimals":"-6","id":"f-1129","name":"mar:RevenuesGrossOfCapitalizedContractCostAmortization","scale":"6","unitref":"usd"},"ix:nonfraction","529",0]
[1130,{"contextref":"c-253","decimals":"-6","id":"f-1130","name":"mar:RevenuesGrossOfCapitalizedContractCostAmortization","scale":"6","unitref":"usd"},"ix:nonfraction","265",0]
[1131,{"contextref":"c-254","decimals":"-6","id":"f-1131","name":"mar:RevenuesGrossOfCapitalizedContractCostAmortization","scale":"6","unitref":"usd"},"ix:nonfraction","288",0]
[1132,{"contextref":"c-251","decimals":"-6","id":"f-1132","name":"us-gaap:CapitalizedContractCostAmortization","scale":"6","unitref":"usd"},"ix:nonfraction","65",0]
[1133,{"contextref":"c-252","decimals":"-6","id":"f-1133","name":"us-gaap:CapitalizedContractCostAmortization","scale":"6","unitref":"usd"},"ix:nonfraction","13",0]
[1134,{"contextref":"c-253","decimals":"-6","format":"ixt:fixed-zero","id":"f-1134","name":"us-gaap:CapitalizedContractCostAmortization","scale":"6","unitref":"usd"},"ix:nonfraction","—",0]
[1135,{"contextref":"c-254","decimals":"-6","id":"f-1135","name":"us-gaap:CapitalizedContractCostAmortization","scale":"6","unitref":"usd"},"ix:nonfraction","4",0]
[1136,{"contextref":"c-251","decimals":"-6","format":"ixt:num-dot-decimal","id":"f-1136","name":"us-gaap:Revenues","scale":"6","unitref":"usd"},"ix:nonfraction","2,734",0]
[1137,{"contextref":"c-252","decimals":"-6","id":"f-1137","name":"us-gaap:Revenues","scale":"6","unitref":"usd"},"ix:nonfraction","516",0]
[1138,{"contextref":"c-253","decimals":"-6","id":"f-1138","name":"us-gaap:Revenues","scale":"6","unitref":"usd"},"ix:nonfraction","265",0]
[1139,{"contextref":"c-254","decimals":"-6","id":"f-1139","name":"us-gaap:Revenues","scale":"6","unitref":"usd"},"ix:nonfraction","284",0]
[1140,{"contextref":"c-255","decimals":"-6","id":"f-1140","name":"us-gaap:Revenues","scale":"6","unitref":"usd"},"ix:nonfraction","506",0]
[1141,{"contextref":"c-256","decimals":"-6","id":"f-1141","name":"us-gaap:Revenues","scale":"6","unitref":"usd"},"ix:nonfraction","574",0]
[1142,{"contextref":"c-257","decimals":"-6","id":"f-1142","name":"us-gaap:Revenues","scale":"6","unitref":"usd"},"ix:nonfraction","18",0]
[1143,{"contextref":"c-258","decimals":"-6","id":"f-1143","name":"us-gaap:Revenues","scale":"6","unitref":"usd"},"ix:nonfraction","135",0]
[1144,{"contextref":"c-259","decimals":"-6","format":"ixt:num-dot-decimal","id":"f-1144","name":"us-gaap:Revenues","scale":"6","unitref":"usd"},"ix:nonfraction","14,456",0]
[1145,{"contextref":"c-260","decimals":"-6","format":"ixt:num-dot-decimal","id":"f-1145","name":"us-gaap:Revenues","scale":"6","unitref":"usd"},"ix:nonfraction","1,178",0]
[1146,{"contextref":"c-261","decimals":"-6","id":"f-1146","name":"us-gaap:Revenues","scale":"6","unitref":"usd"},"ix:nonfraction","317",0]
[1147,{"contextref":"c-262","decimals":"-6","id":"f-1147","name":"us-gaap:Revenues","scale":"6","unitref":"usd"},"ix:nonfraction","411",0]
[1148,{"contextref":"c-263","decimals":"-6","format":"ixt:num-dot-decimal","id":"f-1148","name":"us-gaap:Revenues","scale":"6","unitref":"usd"},"ix:nonfraction","17,696",0]
[1149,{"contextref":"c-264","decimals":"-6","format":"ixt:num-dot-decimal","id":"f-1149","name":"us-gaap:Revenues","scale":"6","unitref":"usd"},"ix:nonfraction","2,268",0]
[1150,{"contextref":"c-265","decimals":"-6","id":"f-1150","name":"us-gaap:Revenues","scale":"6","unitref":"usd"},"ix:nonfraction","600",0]
[1151,{"contextref":"c-266","decimals":"-6","id":"f-1151","name":"us-gaap:Revenues","scale":"6","unitref":"usd"},"ix:nonfraction","830",0]
[1152,{"contextref":"c-255","decimals":"-6","id":"f-1152","name":"us-gaap:CostOfRevenue","scale":"6","unitref":"usd"},"ix:nonfraction","380",0]
[1153,{"contextref":"c-256","decimals":"-6","id":"f-1153","name":"us-gaap:CostOfRevenue","scale":"6","unitref":"usd"},"ix:nonfraction","537",0]
[1154,{"contextref":"c-257","decimals":"-6","id":"f-1154","name":"us-gaap:CostOfRevenue","scale":"6","unitref":"usd"},"ix:nonfraction","25",0]
[1155,{"contextref":"c-258","decimals":"-6","id":"f-1155","name":"us-gaap:CostOfRevenue","scale":"6","unitref":"usd"},"ix:nonfraction","130",0]
[1156,{"contextref":"c-263","decimals":"-6","id":"f-1156","name":"mar:DepreciationAmortizationAndOtherExcludingCapitalizedContractCostAmortization","scale":"6","unitref":"usd"},"ix:nonfraction","84",0]
[1157,{"contextref":"c-264","decimals":"-6","id":"f-1157","name":"mar:DepreciationAmortizationAndOtherExcludingCapitalizedContractCostAmortization","scale":"6","unitref":"usd"},"ix:nonfraction","40",0]
[1158,{"contextref":"c-265","decimals":"-6","id":"f-1158","name":"mar:DepreciationAmortizationAndOtherExcludingCapitalizedContractCostAmortization","scale":"6","unitref":"usd"},"ix:nonfraction","10",0]
[1159,{"contextref":"c-266","decimals":"-6","id":"f-1159","name":"mar:DepreciationAmortizationAndOtherExcludingCapitalizedContractCostAmortization","scale":"6","unitref":"usd"},"ix:nonfraction","9",0]
[1160,{"contextref":"c-263","decimals":"-6","id":"f-1160","name":"us-gaap:GeneralAndAdministrativeExpense","scale":"6","unitref":"usd"},"ix:nonfraction","114",0]
[1161,{"contextref":"c-264","decimals":"-6","id":"f-1161","name":"us-gaap:GeneralAndAdministrativeExpense","scale":"6","unitref":"usd"},"ix:nonfraction","84",0]
[1162,{"contextref":"c-265","decimals":"-6","id":"f-1162","name":"us-gaap:GeneralAndAdministrativeExpense","scale":"6","unitref":"usd"},"ix:nonfraction","42",0]
[1163,{"contextref":"c-266","decimals":"-6","id":"f-1163","name":"us-gaap:GeneralAndAdministrativeExpense","scale":"6","unitref":"usd"},"ix:nonfraction","47",0]
[1164,{"contextref":"c-259","decimals":"-6","format":"ixt:num-dot-decimal","id":"f-1164","name":"us-gaap:CostOfRevenue","scale":"6","unitref":"usd"},"ix:nonfraction","14,399",0]
[1165,{"contextref":"c-260","decimals":"-6","format":"ixt:num-dot-decimal","id":"f-1165","name":"us-gaap:CostOfRevenue","scale":"6","unitref":"usd"},"ix:nonfraction","1,168",0]
[1166,{"contextref":"c-261","decimals":"-6","id":"f-1166","name":"us-gaap:CostOfRevenue","scale":"6","unitref":"usd"},"ix:nonfraction","317",0]
[1167,{"contextref":"c-262","decimals":"-6","id":"f-1167","name":"us-gaap:CostOfRevenue","scale":"6","unitref":"usd"},"ix:nonfraction","409",0]
[1168,{"contextref":"c-263","decimals":"-6","id":"f-1168","name":"us-gaap:SegmentReportingOtherItemAmount","scale":"6","sign":"-","unitref":"usd"},"ix:nonfraction","5",0]
[1169,{"contextref":"c-264","decimals":"-6","id":"f-1169","name":"us-gaap:SegmentReportingOtherItemAmount","scale":"6","sign":"-","unitref":"usd"},"ix:nonfraction","2",0]
[1170,{"contextref":"c-265","decimals":"-6","id":"f-1170","name":"us-gaap:SegmentReportingOtherItemAmount","scale":"6","sign":"-","unitref":"usd"},"ix:nonfraction","2",0]
[1171,{"contextref":"c-266","decimals":"-6","id":"f-1171","name":"us-gaap:SegmentReportingOtherItemAmount","scale":"6","sign":"-","unitref":"usd"},"ix:nonfraction","8",0]
[1172,{"contextref":"c-263","decimals":"-6","format":"ixt:num-dot-decimal","id":"f-1172","name":"us-gaap:OperatingIncomeLoss","scale":"6","unitref":"usd"},"ix:nonfraction","2,724",0]
[1173,{"contextref":"c-264","decimals":"-6","id":"f-1173","name":"us-gaap:OperatingIncomeLoss","scale":"6","unitref":"usd"},"ix:nonfraction","441",0]
[1174,{"contextref":"c-265","decimals":"-6","id":"f-1174","name":"us-gaap:OperatingIncomeLoss","scale":"6","unitref":"usd"},"ix:nonfraction","208",0]
[1175,{"contextref":"c-266","decimals":"-6","id":"f-1175","name":"us-gaap:OperatingIncomeLoss","scale":"6","unitref":"usd"},"ix:nonfraction","243",0]
[1031,{"contextref":"c-1","escape":"true","id":"f-1031","name":"us-gaap:ScheduleOfSegmentReportingInformationBySegmentTextBlock"},"ix:nonnumeric","The following tables present our revenues (disaggregated by segment and major revenue stream), segment expenses, and segment profits for each of the last three fiscal years:2025(in millions)U.S. & CanadaEMEAGreater ChinaAPECGross fee revenues$3,004 $640 $261 $376 Contract investment amortization(83)(19)(1)(6)Net fee revenues2,921 621 260 370 Owned, leased, and other revenue528 592 26 162 Cost reimbursement revenue15,900 1,194 304 541 Total reportable segment revenue19,349 2,407 590 1,073 Less:Owned, leased, and other expense434 530 28 146 Depreciation, amortization, and other108 40 12 9 General and administrative118 104 52 63 Reimbursed expenses16,015 1,211 315 552 Other segment items (primarily non-operating income and expenses)(5)(3)(2)2 Total reportable segment profit$2,679 $525 $185 $301 2024(in millions)U.S. & CanadaEMEAGreater ChinaAPECGross fee revenues$2,951 $589 $250 $345 Contract investment amortization(76)(14)(1)(5)Net fee revenues2,875 575 249 340 Owned, leased, and other revenue437 595 27 141 Cost reimbursement revenue15,300 1,236 306 495 Total reportable segment revenue18,612 2,406 582 976 Less:Owned, leased, and other expense399 519 24 129 Depreciation, amortization, and other84 38 9 8 General and administrative113 90 45 53 Reimbursed expenses15,381 1,252 319 510 Other segment items (primarily non-operating income and expenses)(5)(5)(1)(4)Total reportable segment profit$2,640 $512 $186 $280 2023(in millions)U.S. & CanadaEMEAGreater ChinaAPECGross fee revenues$2,799 $529 $265 $288 Contract investment amortization(65)(13)— (4)Net fee revenues2,734 516 265 284 Owned, leased, and other revenue506 574 18 135 Cost reimbursement revenue14,456 1,178 317 411 Total reportable segment revenue17,696 2,268 600 830 Less:Owned, leased, and other expense380 537 25 130 Depreciation, amortization, and other84 40 10 9 General and administrative114 84 42 47 Reimbursed expenses14,399 1,168 317 409 Other segment items (primarily non-operating income and expenses)(5)(2)(2)(8)Total reportable segment profit$2,724 $441 $208 $243",0]
[1177,{"contextref":"c-267","decimals":"-6","format":"ixt:num-dot-decimal","id":"f-1177","name":"us-gaap:Revenues","scale":"6","unitref":"usd"},"ix:nonfraction","23,419",0]
[1178,{"contextref":"c-268","decimals":"-6","format":"ixt:num-dot-decimal","id":"f-1178","name":"us-gaap:Revenues","scale":"6","unitref":"usd"},"ix:nonfraction","22,576",0]
[1179,{"contextref":"c-269","decimals":"-6","format":"ixt:num-dot-decimal","id":"f-1179","name":"us-gaap:Revenues","scale":"6","unitref":"usd"},"ix:nonfraction","21,394",0]
[1180,{"contextref":"c-270","decimals":"-6","format":"ixt:num-dot-decimal","id":"f-1180","name":"us-gaap:Revenues","scale":"6","unitref":"usd"},"ix:nonfraction","2,767",0]
[1181,{"contextref":"c-271","decimals":"-6","format":"ixt:num-dot-decimal","id":"f-1181","name":"us-gaap:Revenues","scale":"6","unitref":"usd"},"ix:nonfraction","2,524",0]
[1182,{"contextref":"c-272","decimals":"-6","format":"ixt:num-dot-decimal","id":"f-1182","name":"us-gaap:Revenues","scale":"6","unitref":"usd"},"ix:nonfraction","2,319",0]
[1183,{"contextref":"c-1","decimals":"-6","format":"ixt:num-dot-decimal","id":"f-1183","name":"us-gaap:Revenues","scale":"6","unitref":"usd"},"ix:nonfraction","26,186",0]
[1184,{"contextref":"c-22","decimals":"-6","format":"ixt:num-dot-decimal","id":"f-1184","name":"us-gaap:Revenues","scale":"6","unitref":"usd"},"ix:nonfraction","25,100",0]
[1185,{"contextref":"c-23","decimals":"-6","format":"ixt:num-dot-decimal","id":"f-1185","name":"us-gaap:Revenues","scale":"6","unitref":"usd"},"ix:nonfraction","23,713",0]
[1186,{"contextref":"c-267","decimals":"-6","format":"ixt:num-dot-decimal","id":"f-1186","name":"mar:IncomeLossBeforeInterestExpenseAndTaxes","scale":"6","unitref":"usd"},"ix:nonfraction","3,690",0]
[1187,{"contextref":"c-268","decimals":"-6","format":"ixt:num-dot-decimal","id":"f-1187","name":"mar:IncomeLossBeforeInterestExpenseAndTaxes","scale":"6","unitref":"usd"},"ix:nonfraction","3,618",0]
[1188,{"contextref":"c-269","decimals":"-6","format":"ixt:num-dot-decimal","id":"f-1188","name":"mar:IncomeLossBeforeInterestExpenseAndTaxes","scale":"6","unitref":"usd"},"ix:nonfraction","3,616",0]
[1189,{"contextref":"c-270","decimals":"-6","id":"f-1189","name":"mar:IncomeLossBeforeInterestExpenseAndTaxes","scale":"6","unitref":"usd"},"ix:nonfraction","471",0]
[1190,{"contextref":"c-271","decimals":"-6","id":"f-1190","name":"mar:IncomeLossBeforeInterestExpenseAndTaxes","scale":"6","unitref":"usd"},"ix:nonfraction","188",0]
[1191,{"contextref":"c-272","decimals":"-6","id":"f-1191","name":"mar:IncomeLossBeforeInterestExpenseAndTaxes","scale":"6","unitref":"usd"},"ix:nonfraction","297",0]
[1192,{"contextref":"c-1","decimals":"-6","id":"f-1192","name":"us-gaap:InterestIncomeExpenseNonoperatingNet","scale":"6","sign":"-","unitref":"usd"},"ix:nonfraction","767",0]
[1193,{"contextref":"c-22","decimals":"-6","id":"f-1193","name":"us-gaap:InterestIncomeExpenseNonoperatingNet","scale":"6","sign":"-","unitref":"usd"},"ix:nonfraction","655",0]
[1194,{"contextref":"c-23","decimals":"-6","id":"f-1194","name":"us-gaap:InterestIncomeExpenseNonoperatingNet","scale":"6","sign":"-","unitref":"usd"},"ix:nonfraction","535",0]
[1195,{"contextref":"c-1","decimals":"-6","format":"ixt:num-dot-decimal","id":"f-1195","name":"us-gaap:IncomeLossFromContinuingOperationsBeforeIncomeTaxesExtraordinaryItemsNoncontrollingInterest","scale":"6","unitref":"usd"},"ix:nonfraction","3,394",0]
[1196,{"contextref":"c-22","decimals":"-6","format":"ixt:num-dot-decimal","id":"f-1196","name":"us-gaap:IncomeLossFromContinuingOperationsBeforeIncomeTaxesExtraordinaryItemsNoncontrollingInterest","scale":"6","unitref":"usd"},"ix:nonfraction","3,151",0]
[1197,{"contextref":"c-23","decimals":"-6","format":"ixt:num-dot-decimal","id":"f-1197","name":"us-gaap:IncomeLossFromContinuingOperationsBeforeIncomeTaxesExtraordinaryItemsNoncontrollingInterest","scale":"6","unitref":"usd"},"ix:nonfraction","3,378",0]
[1176,{"contextref":"c-1","escape":"true","id":"f-1176","name":"us-gaap:ReconciliationOfOperatingProfitLossFromSegmentsToConsolidatedTextBlock"},"ix:nonnumeric","The following table presents reconciliations of our total reportable segment revenue and profit to consolidated revenue and income before income taxes for each of the last three fiscal years:(in millions)202520242023Reconciliation of revenueTotal reportable segment revenue$23,419 $22,576 $21,394 Unallocated corporate and other2,767 2,524 2,319 Consolidated revenue$26,186 $25,100 $23,713 Reconciliation of income before income taxesTotal reportable segment profit$3,690 $3,618 $3,616 Unallocated corporate and other471 188 297 Interest expense, net of interest income(767)(655)(535)Consolidated income before income taxes$3,394 $3,151 $3,378",0]
[1198,{"contextref":"c-273","decimals":"-6","format":"ixt:num-dot-decimal","id":"f-1198","name":"us-gaap:Revenues","scale":"6","unitref":"usd"},"ix:nonfraction","5,672",0]
[1199,{"contextref":"c-274","decimals":"-6","format":"ixt:num-dot-decimal","id":"f-1199","name":"us-gaap:Revenues","scale":"6","unitref":"usd"},"ix:nonfraction","5,512",0]
[1200,{"contextref":"c-275","decimals":"-6","format":"ixt:num-dot-decimal","id":"f-1200","name":"us-gaap:Revenues","scale":"6","unitref":"usd"},"ix:nonfraction","5,160",0]
[1201,{"contextref":"c-276","decimals":"-6","format":"ixt:num-dot-decimal","id":"f-1201","name":"us-gaap:Revenues","scale":"6","unitref":"usd"},"ix:nonfraction","3,077",0]
[1202,{"contextref":"c-277","decimals":"-6","format":"ixt:num-dot-decimal","id":"f-1202","name":"us-gaap:Revenues","scale":"6","unitref":"usd"},"ix:nonfraction","3,018",0]
[1203,{"contextref":"c-278","decimals":"-6","format":"ixt:num-dot-decimal","id":"f-1203","name":"us-gaap:Revenues","scale":"6","unitref":"usd"},"ix:nonfraction","2,806",0]
[1204,{"contextref":"c-273","decimals":"-6","format":"ixt:num-dot-decimal","id":"f-1204","name":"us-gaap:OperatingIncomeLoss","scale":"6","unitref":"usd"},"ix:nonfraction","1,382",0]
[1205,{"contextref":"c-274","decimals":"-6","format":"ixt:num-dot-decimal","id":"f-1205","name":"us-gaap:OperatingIncomeLoss","scale":"6","unitref":"usd"},"ix:nonfraction","1,329",0]
[1206,{"contextref":"c-275","decimals":"-6","format":"ixt:num-dot-decimal","id":"f-1206","name":"us-gaap:OperatingIncomeLoss","scale":"6","unitref":"usd"},"ix:nonfraction","1,258",0]
[1207,{"contextref":"c-279","decimals":"-6","id":"f-1207","name":"us-gaap:OperatingIncomeLoss","scale":"6","sign":"-","unitref":"usd"},"ix:nonfraction","54",0]
[1208,{"contextref":"c-280","decimals":"-6","id":"f-1208","name":"us-gaap:OperatingIncomeLoss","scale":"6","sign":"-","unitref":"usd"},"ix:nonfraction","55",0]
[1209,{"contextref":"c-281","decimals":"-6","id":"f-1209","name":"us-gaap:OperatingIncomeLoss","scale":"6","unitref":"usd"},"ix:nonfraction","23",0]
[1210,{"contextref":"c-1","continuedat":"f-1210-1","escape":"true","id":"f-1210","name":"us-gaap:RelatedPartyTransactionsDisclosureTextBlock"},"ix:nonnumeric","RELATED PARTY TRANSACTIONS",0]
[1212,{"contextref":"c-282","decimals":"-6","id":"f-1212","name":"us-gaap:Revenues","scale":"6","unitref":"usd"},"ix:nonfraction","133",0]
[1213,{"contextref":"c-283","decimals":"-6","id":"f-1213","name":"us-gaap:Revenues","scale":"6","unitref":"usd"},"ix:nonfraction","131",0]
[1214,{"contextref":"c-284","decimals":"-6","id":"f-1214","name":"us-gaap:Revenues","scale":"6","unitref":"usd"},"ix:nonfraction","122",0]
[1215,{"contextref":"c-282","decimals":"-6","id":"f-1215","name":"us-gaap:CostOfRevenue","scale":"6","unitref":"usd"},"ix:nonfraction","138",0]
[1216,{"contextref":"c-283","decimals":"-6","id":"f-1216","name":"us-gaap:CostOfRevenue","scale":"6","unitref":"usd"},"ix:nonfraction","135",0]
[1217,{"contextref":"c-284","decimals":"-6","id":"f-1217","name":"us-gaap:CostOfRevenue","scale":"6","unitref":"usd"},"ix:nonfraction","126",0]
[1218,{"contextref":"c-285","decimals":"-6","id":"f-1218","name":"us-gaap:IncomeLossFromEquityMethodInvestments","scale":"6","unitref":"usd"},"ix:nonfraction","11",0]
[1219,{"contextref":"c-286","decimals":"-6","id":"f-1219","name":"us-gaap:IncomeLossFromEquityMethodInvestments","scale":"6","unitref":"usd"},"ix:nonfraction","8",0]
[1220,{"contextref":"c-287","decimals":"-6","id":"f-1220","name":"us-gaap:IncomeLossFromEquityMethodInvestments","scale":"6","unitref":"usd"},"ix:nonfraction","9",0]
[1211,{"contextref":"c-1","escape":"true","id":"f-1211","name":"mar:IncomeStatementDataResultingFromRelatedPartyTransactionsTableTextBlock"},"ix:nonnumeric","The following table presents Income Statement data resulting from transactions with these related parties. This table does not include our Financial Statement captions with insignificant related party activity.(in millions)202520242023Cost reimbursement revenue$133 $131 $122 Reimbursed expenses(138)(135)(126)Equity in earnings11 8 9",0]
[1222,{"contextref":"c-25","decimals":"-6","id":"f-1222","name":"us-gaap:EquityMethodInvestments","scale":"6","unitref":"usd"},"ix:nonfraction","298",0]
[1221,{"contextref":"c-24","decimals":"-6","id":"f-1221","name":"us-gaap:EquityMethodInvestments","scale":"6","unitref":"usd"},"ix:nonfraction","298",0]
[1223,{"contextref":"c-24","decimals":"-6","id":"f-1223","name":"us-gaap:EquityMethodInvestmentDifferenceBetweenCarryingAmountAndUnderlyingEquity","scale":"6","unitref":"usd"},"ix:nonfraction","216",0]
[1224,{"contextref":"c-25","decimals":"-6","id":"f-1224","name":"us-gaap:EquityMethodInvestmentDifferenceBetweenCarryingAmountAndUnderlyingEquity","scale":"6","unitref":"usd"},"ix:nonfraction","223",0]
[1226,{"contextref":"c-288","format":"ixt:fixed-false","id":"f-1226","name":"ecd:Rule10b51ArrAdoptedFlag"},"ix:nonnumeric","adopted",0]
[1225,{"contextref":"c-288","format":"ixt:fixed-false","id":"f-1225","name":"ecd:NonRule10b51ArrAdoptedFlag"},"ix:nonnumeric","adopted",0]
[1228,{"contextref":"c-288","format":"ixt:fixed-false","id":"f-1228","name":"ecd:Rule10b51ArrTrmntdFlag"},"ix:nonnumeric","terminated",0]
[1227,{"contextref":"c-288","format":"ixt:fixed-false","id":"f-1227","name":"ecd:NonRule10b51ArrTrmntdFlag"},"ix:nonnumeric","terminated",0]
[1229,{"contextref":"c-1","format":"ixt:fixed-true","id":"f-1229","name":"ecd:InsiderTrdPoliciesProcAdoptedFlag"},"ix:nonnumeric","Marriott International, Inc. Securities Trading Policy (MIP-11).",0]
