{
  "head": "e4868eb3206538c4d4b00f799dd3448348e23407",
  "base": "3ecf0017e458e75f65f59c274398b70ef3dc46a9",
  "first_recorded_utc": "2026-10-10T05:06:25Z",
  "last_artifact_tool_utc": "2026-10-10T05:10:35Z",
  "exec_wrappers": 9,
  "nested_tools": 11,
  "other_tools": 0,
  "total_tools": 20,
  "ordinary_messages": 1,
  "tracked_diff_empty": true,
  "staged_diff_empty": true,
  "new_calls": {
    "SEC": 0,
    "provider": 0,
    "paid": 0
  },
  "whole_source_reruns": 0,
  "company_Result_Run_CSV_created": false,
  "untracked_paths": [
    "?? docs/evidence/issue28_single_revenue_line_20261010/independent-bounds-repair/counterexamples.log",
    "?? docs/evidence/issue28_single_revenue_line_20261010/independent-bounds-repair/required-tests.log",
    "?? docs/evidence/issue28_single_revenue_line_20261010/independent-bounds-repair/review-boundary.log",
    "?? docs/evidence/issue28_single_revenue_line_20261010/independent-bounds-repair/source-fragment-and-boundary.log",
    "?? docs/evidence/issue28_single_revenue_line_20261010/independent-bounds-repair/结论.md"
  ],
  "artifact_sha256": {
    "required-tests.log": "dbb836fe9c15d04f0f752c5b39b3212d7ef116e8869ef0214f5f0140829d6f52",
    "结论.md": "d080ab963fc638e973ad245b47bd344a476f3e2e8ec3f815b64a5fa4fc77e637",
    "source-fragment-and-boundary.log": "5e24569a54407fbc59bba463da5444ab551de7711abed24d4b1459ec3f4f6571",
    "counterexamples.log": "2b9330655ee9b99118b6d86cf49d5dcf4c929b9e0afb94546dc4da4eaa8f1c9a"
  }
}
