{"actual_record_comparison": "all_fields_equal_except_execution_seconds", "old_seconds": 17.36386458319612, "repair_seconds": 16.907152749830857, "same_scope_id": "sha256:435dc83ab243023da974a8e35af0630ff15a7cd22c6c2f9bf019eca56403813a", "current_sha_record": "repair recorded on uncommitted source tree; not rerun as whole source here"}
{"document_name": "CIK0000078003.json", "body_size": 145587, "sha256": "16e5e8fd177d0480a8cceef19709915acd7275fc874f9eb7962e1667b0e57c57", "body_and_header_match": true}
{"document_name": "pfe-20221231.htm", "body_size": 6902609, "sha256": "3f7fbed78fb0df432afcb1463bf372283a07eae770503e00cc9190d01e6d9f5e", "body_and_header_match": true}
{"document_name": "CIK0000078003.json", "body_size": 5032767, "sha256": "bd072131f9dcf001f22e843fded5910c2c7fc178e2a739ce0c58b1934e84d566", "body_and_header_match": true}
{"document_name": "index.json", "body_size": 15814, "sha256": "6d7a4218503360263df8b7b1d4adb531b4fdc486452330882542803c74080a27", "body_and_header_match": true}
{"document_name": "pfe-20221231_htm.xml", "body_size": 8785580, "sha256": "cf97c3a8e642864ba7c466f4e8f2a371aaf32c30f474b9734f223294bf2b6acb", "body_and_header_match": true}
{"real_FY2022_private_helper_fragment_passed": true, "scope": "only source-authenticated table bytes; original body not reparsed as complete source", "table_sha256": "4621e030e97f3221e7419852130dac3d06627db51183e3822d0c593242201352", "fragment_size": 89908, "visible_amount": "100,330", "native_fact_text": "100,330", "native_fragment_ordinal": 1, "original_native_ordinal": 80, "column_year": 2022, "row": 3, "column": 16, "company_credit": false}
{"dependency_unchanged": "scripts/vnext/financial_duration.py", "sha256": "d6d51924251fca6a04f8664817a62ace119368c937883027b89c775e22a447df"}
{"dependency_unchanged": "scripts/vnext/financial_structured.py", "sha256": "6e52ac189427ac7aa20b7fd9a91dcb087182703e9a61ee1ac0880d42c83dfe38"}
{"dependency_unchanged": "scripts/vnext/deterministic_router.py", "sha256": "1e5d71233fbfda516bdbefbc2c50ce36dd4f780ab515b26fbfbb69ece825f1c5"}
{"dependency_unchanged": "scripts/vnext/selected_income_source_v1.py", "sha256": "4dfbb72bcc07eb0df98cf98181012fe2a23bc0ce720bd2bf268f08104c178852"}
{"dependency_unchanged": "scripts/vnext/selected_revenue_scope_v1.py", "sha256": "fec4ba263a08e45c0c8d62887a303eddce3641852dad4ad25cd74512d89fe07b"}
{"dependency_unchanged": "scripts/vnext/selected_fiscal_definition_scope_v1.py", "sha256": "51c4c3920c37b2f495237b2bf7955a223d3617e8bda5b4e4bd4f372420189442"}
{"dependency_unchanged": "scripts/vnext/historical_fiscal_labels.py", "sha256": "ae65c584f83ff1a10ddbaaf4e8ed00ed96bf96425a2ed51e79c0901b451b8c64"}
{"dependency_unchanged": "scripts/vnext/canonical.py", "sha256": "7eec279a9bf09150ba2ee5886b7ec6a43192c5299d91cceb1f04d510044462aa"}
{"failure_or_prior_review_preserved": "independent-review/\u7ed3\u8bba.md", "sha256": "f2db5ec88e52aea882663711b17269b27d1be45a7bba4ed6c56ead76c6af09dd"}
{"failure_or_prior_review_preserved": "first-tests.log", "sha256": "dc2f9a207368988bfeb464ce8b94e2ba797aeb1757cb828153ce2987dfa70a77"}
{"failure_or_prior_review_preserved": "repair-date-descriptor-source.log", "sha256": "a7c6258422dccedc012e4d7aab035425bca9549ec6f757ea804b49a953e4e085"}
{"failure_or_prior_review_preserved": "repair-ordinal-mismatch-source.log", "sha256": "bb358b921a0b4c2fe0c3d447dafc9ac960245cb9643d39e5ff805b470f17fc24"}
{"failure_or_prior_review_preserved": "independent-review/copied-v1-current-caller-tests.log", "sha256": "c1a3f2e5d5303b0ac8253674bb77cbc54b2e1e399a2ecc550634e63592eb3537"}
whole_source_reruns=0; new_calls=0/0/0; company_Result_Run_CSV_created=false
