Scope: 0ccf536368c5be71e633f7f15b5a317d02ec8f99 vs de22326da963f83771241c0f6e968ed33b810f70
Review date: 2026-10-02
Status: PASS_GATE_ONLY; PRIOR_NEEDS_FIX_UNCHANGED

git rev-parse HEAD
0ccf536368c5be71e633f7f15b5a317d02ec8f99

git diff --unified=3 de22326 0ccf536 -- scripts/vnext/normal_run_v3.py scripts/vnext/ordinary_update_cycle.py tests/vnext/test_d02_item8_current_material.py
normal_run_v3.py: create_normal_run rejects d02_category; _create_case_run rejects case.input_binding.d02_category_policy.
ordinary_update_cycle.py: run_once rejects d02_category before resolving state roots or entering _locked.
test_d02_item8_current_material.py: new test checks counterexample plus create_normal_run, run_once, and wrapper UPDATE_BLOCKED on fresh state.

Independent SHA-256/size from Git object bytes:
de22326 normal_run_v3.py 33937 4c3cfa3df820fef90c7d9a1c06259d8c242d0c0e01ca4b627f0a966d7c5614ef
0ccf536 normal_run_v3.py 34153 8e9109ef0ae34d507ec93b0dd14fa081e3f8452c1e48efb6b8ed7a4f720d7fa9
de22326 ordinary_update_cycle.py 24795 a77761e71e66b3f31d58d428b400caee45362faf131084872802eed6cfe6bc34
0ccf536 ordinary_update_cycle.py 24947 05a799f910da3f9cb269afea2da80430dbe735949ea088043232f286d4d3d6e0
Current V13 new_rule_files and execution_authority and V14 execution_authority all match the 0ccf536 values.

Structural JSON diff from de22326 to 0ccf536:
requirements/issue_28_v13/baseline_manifest.json: 8 leaves, only two source hashes/sizes in new_rule_files and execution_authority.
requirements/issue_28_v14/baseline_manifest.json: 6 leaves, only two source hashes/sizes in execution_authority plus parent closure and parent baseline hash.
requirements/issue_28_v14/transfer_manifest.json: 1 leaf, parent closure.

PYTHONPATH=.:scripts python3 -m unittest tests.vnext.test_d02_item8_current_material.D02CurrentItem8MaterialTest.test_unresolved_false_exclusion_cannot_create_or_resume_native_credit
Ran 1 test in 0.007s
OK

Read-only validation: load_requirement_snapshot(V13/V14), validate_execution_authority(V13/V14), validate_semantic_rule_bindings(V14), validate_wiring_receipt(V14)
issue_28_v13 sha256:f916646edeb416ccae056b4233b3c600fcc60a890437a6c59fa31ac15ae1e1fa
issue_28_v14 sha256:ccce1faa6c84132271d20f2ba7a8e13f66262cebbe65ff8074b2345df3ee0621
v14 semantic and wiring PASS

Read-only check of earlier Lumen private state after guard-existing evidence:
pointer_hash_matches_guard_existing True
latest_attempt 2424cbc9966e4e0b8ea43f71ee9440f7
successful_attempt f78b9756655c4c309ee24c98bac83876
attempt_dir_count 2

fast-gate.log: status PASSED, 146 selectors, fast-gate.exit 0; no D02 selector listed.
git diff --check de22326 0ccf536 -- scoped paths: exit 0, no output.
Scoped files clean at review time; unrelated execution-state.json had pre-existing working-tree modification and was not touched.
