D02-enphase_energy-2025-12-31 sha256:e2a8c2127637
D02-ford_motor_company-2025-12-31 sha256:40e79bb821b0
D02-lumen_technologies-2025-12-31 sha256:5e6ba3ba06be
D02-macys-2026-01-31 sha256:95432daf4c59
D02-marriott_international-2023-12-31 sha256:df0e5864cc60
D02-marriott_international-2024-12-31 sha256:33ea0f80b92f
D02-marriott_international-2025-12-31 sha256:39524c19ec29
D02-paramount_skydance_paramount_global-2024-12-31 sha256:6781306ba0ec
D02-paramount_skydance_paramount_global-2025-12-31 sha256:17aefe2ce1f1
D02-pfizer-2025-12-31 sha256:f81847d3472c
D02-salesforce-2026-01-31 sha256:a5ab17965b54
D02-southwest_airlines-2025-12-31 sha256:75002feb7f3f
D04-marriott_international-2023-12-31-r1 sha256:55a916ad4477
D04-marriott_international-2023-12-31-r2 sha256:d91c36576d9c
D04-marriott_international-2023-12-31-r3 sha256:adc49b8026b9
D04-marriott_international-2023-12-31-r4 sha256:0f2cadb8118c
D04-marriott_international-2024-12-31-r1 sha256:e863215103cc
D04-marriott_international-2024-12-31-r2 sha256:f762a3f5dc10
D04-marriott_international-2024-12-31-r3 sha256:035b339ef0b7
D04-marriott_international-2024-12-31-r4 sha256:049d0a5c4326
D04-paramount_skydance_paramount_global-2024-12-31-r1 sha256:5eed18a990ab
D04-paramount_skydance_paramount_global-2024-12-31-r2 sha256:a2ade001c794
D04-paramount_skydance_paramount_global-2024-12-31-r3 sha256:4c6375760e55
D04-paramount_skydance_paramount_global-2024-12-31-r4 sha256:a4b09fc4e72c
D04-paramount_skydance_paramount_global-2024-12-31-r5 sha256:6c7f77dfb0d3
D04-paramount_skydance_paramount_global-2024-12-31-r6 sha256:352746682d88
D04-paramount_skydance_paramount_global-2024-12-31-r7 sha256:aafe3604c3f1
D04-paramount_skydance_paramount_global-2024-12-31-r8 sha256:2f553f5aa318
E01-ford_motor_company-2025-12-31 sha256:ba93585478a7
E01-lumen_technologies-2025-12-31 sha256:87c5f4dc3d20
E01-macys-2026-01-31 sha256:15a30b067e8b
E01-marriott_international-2025-12-31 sha256:7e521f10bf6f
E01-paramount_skydance_paramount_global-2024-12-31 sha256:11f9f8deeecc
E01-pfizer-2025-12-31 sha256:01e2446cb97c
E01-southwest_airlines-2025-12-31 sha256:5111af6c7cdf
