test_broken_inline_and_non_context_errors_do_not_enter_sct (tests.vnext.test_historical_compensation_case.HistoricalCompensationAdapterTest.test_broken_inline_and_non_context_errors_do_not_enter_sct) ... ok
test_history_dispatch_preserves_existing_factories_and_dependencies (tests.vnext.test_historical_compensation_case.HistoricalCompensationAdapterTest.test_history_dispatch_preserves_existing_factories_and_dependencies) ... ok
test_selected_proxy_and_annual_identity_remain_distinct (tests.vnext.test_historical_compensation_case.HistoricalCompensationAdapterTest.test_selected_proxy_and_annual_identity_remain_distinct) ... ok
test_source_preparer_retains_annual_primary_for_reporter_and_distinct_proxy (tests.vnext.test_historical_compensation_case.HistoricalCompensationAdapterTest.test_source_preparer_retains_annual_primary_for_reporter_and_distinct_proxy) ... ok
test_untagged_proxy_uses_shared_sct_and_retains_derived_asset (tests.vnext.test_historical_compensation_case.HistoricalCompensationAdapterTest.test_untagged_proxy_uses_shared_sct_and_retains_derived_asset) ... ok
test_wrong_metric_rejects_before_proxy_read (tests.vnext.test_historical_compensation_case.HistoricalCompensationAdapterTest.test_wrong_metric_rejects_before_proxy_read) ... ok
test_amendment_belongs_only_before_the_next_proxy (tests.vnext.test_historical_compensation_case.HistoricalCompensationSelectionTest.test_amendment_belongs_only_before_the_next_proxy) ... ok
test_first_reported_proxy_is_not_replaced_by_later_compensation (tests.vnext.test_historical_compensation_case.HistoricalCompensationSelectionTest.test_first_reported_proxy_is_not_replaced_by_later_compensation) ... ok
test_no_proxy_does_not_become_zero_or_structural_na (tests.vnext.test_historical_compensation_case.HistoricalCompensationSelectionTest.test_no_proxy_does_not_become_zero_or_structural_na) ... ok
test_same_day_requires_acceptance_time_not_accession_rank (tests.vnext.test_historical_compensation_case.HistoricalCompensationSelectionTest.test_same_day_requires_acceptance_time_not_accession_rank) ... ok
test_unproven_history_foreign_reporter_and_different_annual_refuse (tests.vnext.test_historical_compensation_case.HistoricalCompensationSelectionTest.test_unproven_history_foreign_reporter_and_different_annual_refuse) ... ok
test_actual_annual_scope_does_not_change_to_calendar_year (tests.vnext.test_proxy_compensation_source.ProxyCompensationSourceTest.test_actual_annual_scope_does_not_change_to_calendar_year) ... ok
test_cover_and_dated_names_remain_distinct_from_amount (tests.vnext.test_proxy_compensation_source.ProxyCompensationSourceTest.test_cover_and_dated_names_remain_distinct_from_amount) ... ok
test_inline_document_does_not_fallback_to_the_table (tests.vnext.test_proxy_compensation_source.ProxyCompensationSourceTest.test_inline_document_does_not_fallback_to_the_table) ... ok
test_multiple_people_and_subsidiary_ceo_do_not_first_win (tests.vnext.test_proxy_compensation_source.ProxyCompensationSourceTest.test_multiple_people_and_subsidiary_ceo_do_not_first_win) ... ok
test_name_helper_is_a_c02_dependency_not_a_new_global_dependency (tests.vnext.test_proxy_compensation_source.ProxyCompensationSourceTest.test_name_helper_is_a_c02_dependency_not_a_new_global_dependency) ... ok
test_native_total_locator_still_matches_after_trailing_footnote_cell (tests.vnext.test_proxy_compensation_source.ProxyCompensationSourceTest.test_native_total_locator_still_matches_after_trailing_footnote_cell) ... ok
test_nonempty_control_and_native_amount_locator (tests.vnext.test_proxy_compensation_source.ProxyCompensationSourceTest.test_nonempty_control_and_native_amount_locator) ... ok
test_source_subject_target_inventory_and_complete_body_are_checked (tests.vnext.test_proxy_compensation_source.ProxyCompensationSourceTest.test_source_subject_target_inventory_and_complete_body_are_checked) ... ok
test_wrong_sum_currency_title_and_scaling_remain_withheld (tests.vnext.test_proxy_compensation_source.ProxyCompensationSourceTest.test_wrong_sum_currency_title_and_scaling_remain_withheld) ... ok
test_actual_conformed_names_retain_the_existing_words (tests.vnext.test_organization_name_core.OrganizationNameCoreTest.test_actual_conformed_names_retain_the_existing_words) ... ok
test_different_substantive_words_and_original_marker_bounds_remain (tests.vnext.test_organization_name_core.OrganizationNameCoreTest.test_different_substantive_words_and_original_marker_bounds_remain) ... ok
test_existing_c02_module_reexports_one_callable_and_same_policy (tests.vnext.test_organization_name_core.OrganizationNameCoreTest.test_existing_c02_module_reexports_one_callable_and_same_policy) ... ok
test_lightweight_import_does_not_load_board_selector_or_terms (tests.vnext.test_organization_name_core.OrganizationNameCoreTest.test_lightweight_import_does_not_load_board_selector_or_terms) ... ok
test_small_c02_proposal_keeps_original_candidate_and_policy_identity (tests.vnext.test_organization_name_core.OrganizationNameCoreTest.test_small_c02_proposal_keeps_original_candidate_and_policy_identity) ... ok
test_average_risk_family_preserves_existing_metric_factories (tests.vnext.test_history_company_dispatch.HistoryCompanyDispatchTest.test_average_risk_family_preserves_existing_metric_factories) ... ok
test_bank_performance_family_uses_original_factories_for_other_families (tests.vnext.test_history_company_dispatch.HistoryCompanyDispatchTest.test_bank_performance_family_uses_original_factories_for_other_families) ... ok
test_bank_scope_family_preserves_existing_metric_factories (tests.vnext.test_history_company_dispatch.HistoryCompanyDispatchTest.test_bank_scope_family_preserves_existing_metric_factories) ... ok
test_capital_family_preserves_each_existing_metric_factory (tests.vnext.test_history_company_dispatch.HistoryCompanyDispatchTest.test_capital_family_preserves_each_existing_metric_factory) ... ok
test_cli_passes_period_arguments_to_the_same_company_entry (tests.vnext.test_history_company_dispatch.HistoryCompanyDispatchTest.test_cli_passes_period_arguments_to_the_same_company_entry) ... ok
test_completed_withheld_survives_read_after_another_metric_subset (tests.vnext.test_history_company_dispatch.HistoryCompanyDispatchTest.test_completed_withheld_survives_read_after_another_metric_subset)
Constructed history control: a later subset cannot revive old success. ... ok
test_current_mode_keeps_the_existing_public_route (tests.vnext.test_history_company_dispatch.HistoryCompanyDispatchTest.test_current_mode_keeps_the_existing_public_route) ... ok
test_event_family_keeps_existing_income_balance_and_hotel_factories (tests.vnext.test_history_company_dispatch.HistoryCompanyDispatchTest.test_event_family_keeps_existing_income_balance_and_hotel_factories) ... ok
test_geography_keeps_existing_factories_and_declares_its_source_dependencies (tests.vnext.test_history_company_dispatch.HistoryCompanyDispatchTest.test_geography_keeps_existing_factories_and_declares_its_source_dependencies) ... ok
test_interest_coverage_adds_only_its_current_annual_case (tests.vnext.test_history_company_dispatch.HistoryCompanyDispatchTest.test_interest_coverage_adds_only_its_current_annual_case) ... ok
test_invalid_range_rejects_before_source_or_writes (tests.vnext.test_history_company_dispatch.HistoryCompanyDispatchTest.test_invalid_range_rejects_before_source_or_writes) ... ok
test_liquidity_keeps_the_statement_and_lodging_original_factories (tests.vnext.test_history_company_dispatch.HistoryCompanyDispatchTest.test_liquidity_keeps_the_statement_and_lodging_original_factories) ... ok
test_missing_source_is_explicit_and_does_not_acquire (tests.vnext.test_history_company_dispatch.HistoryCompanyDispatchTest.test_missing_source_is_explicit_and_does_not_acquire) ... ok
test_mixed_lodging_keeps_its_previous_factory_and_tuple (tests.vnext.test_history_company_dispatch.HistoryCompanyDispatchTest.test_mixed_lodging_keeps_its_previous_factory_and_tuple) ... ok
test_range_uses_one_public_company_controller_and_existing_case (tests.vnext.test_history_company_dispatch.HistoryCompanyDispatchTest.test_range_uses_one_public_company_controller_and_existing_case) ... ok
test_rpo_uses_native_case_without_changing_statement_or_capital_factories (tests.vnext.test_history_company_dispatch.HistoryCompanyDispatchTest.test_rpo_uses_native_case_without_changing_statement_or_capital_factories) ... ok
test_statement_pilot_uses_original_per_metric_factories_and_dependencies (tests.vnext.test_history_company_dispatch.HistoryCompanyDispatchTest.test_statement_pilot_uses_original_per_metric_factories_and_dependencies) ... ok
test_unsupported_family_uses_no_fabricated_historical_case (tests.vnext.test_history_company_dispatch.HistoryCompanyDispatchTest.test_unsupported_family_uses_no_fabricated_historical_case) ... ok
test_actual_selected_year_dependencies_ignore_unused_admission_code (tests.vnext.test_selected_history_result_state.SelectedHistoryResultStateTest.test_actual_selected_year_dependencies_ignore_unused_admission_code)
Constructed state control with the actual processing configuration. ... ok
test_completed_withheld_recovers_pointer_without_recalculation (tests.vnext.test_selected_history_result_state.SelectedHistoryResultStateTest.test_completed_withheld_recovers_pointer_without_recalculation) ... ok
test_current_withheld_replaces_same_year_success_but_retains_old_version (tests.vnext.test_selected_history_result_state.SelectedHistoryResultStateTest.test_current_withheld_replaces_same_year_success_but_retains_old_version) ... ok
test_dependency_source_and_processing_changes_reprocess_withheld_once (tests.vnext.test_selected_history_result_state.SelectedHistoryResultStateTest.test_dependency_source_and_processing_changes_reprocess_withheld_once) ... ok
test_missing_year_and_one_metric_failure_preserve_other_periods (tests.vnext.test_selected_history_result_state.SelectedHistoryResultStateTest.test_missing_year_and_one_metric_failure_preserve_other_periods) ... ok
test_success_and_stable_withheld_reuse_in_distinct_historical_coordinates (tests.vnext.test_selected_history_result_state.SelectedHistoryResultStateTest.test_success_and_stable_withheld_reuse_in_distinct_historical_coordinates) ... ok

----------------------------------------------------------------------
Ran 49 tests in 0.456s

OK
{"allowed_skips": 0, "errors": 0, "failures": 0, "run": 49, "skip_reasons": [], "skipped": 0, "tests": ["tests.vnext.test_historical_compensation_case", "tests.vnext.test_proxy_compensation_source", "tests.vnext.test_organization_name_core", "tests.vnext.test_history_company_dispatch", "tests.vnext.test_selected_history_result_state"]}
