test_comparison_heading_keeps_scope_unresolved_instead_of_excluding_real_data (tests.vnext.test_capacity_quantity_scope.CapacityQuantityScopeTest.test_comparison_heading_keeps_scope_unresolved_instead_of_excluding_real_data) ... ok
test_equal_or_higher_heading_preserves_independent_actual_section (tests.vnext.test_capacity_quantity_scope.CapacityQuantityScopeTest.test_equal_or_higher_heading_preserves_independent_actual_section) ... ok
test_heading_survives_intervening_blocks_lower_heading_and_emphasis (tests.vnext.test_capacity_quantity_scope.CapacityQuantityScopeTest.test_heading_survives_intervening_blocks_lower_heading_and_emphasis) ... ok
test_legacy_request_is_not_given_new_heading_identity_or_quantity_credit (tests.vnext.test_capacity_quantity_scope.CapacityQuantityScopeTest.test_legacy_request_is_not_given_new_heading_identity_or_quantity_credit) ... ok
test_nonheading_introduction_remains_unresolved_until_new_real_section (tests.vnext.test_capacity_quantity_scope.CapacityQuantityScopeTest.test_nonheading_introduction_remains_unresolved_until_new_real_section) ... ok
test_post_qualification_does_not_erase_later_actual_quantities_in_same_block (tests.vnext.test_capacity_quantity_scope.CapacityQuantityScopeTest.test_post_qualification_does_not_erase_later_actual_quantities_in_same_block) ... ok
test_resealed_heading_range_or_text_cannot_pass_original_rebuild (tests.vnext.test_capacity_quantity_scope.CapacityQuantityScopeTest.test_resealed_heading_range_or_text_cannot_pass_original_rebuild) ... ok
test_same_block_post_qualifier_applies_to_preceding_quantities (tests.vnext.test_capacity_quantity_scope.CapacityQuantityScopeTest.test_same_block_post_qualifier_applies_to_preceding_quantities) ... ok
test_402_unknown_usage_and_unknown_outcome_are_permanent_stops (tests.vnext.test_continuous_call_ledger.ContinuousCallLedgerTest.test_402_unknown_usage_and_unknown_outcome_are_permanent_stops) ... ok
test_changed_bound_native_receipt_is_rejected (tests.vnext.test_continuous_call_ledger.ContinuousCallLedgerTest.test_changed_bound_native_receipt_is_rejected) ... ok
test_competing_process_cannot_enter_held_directory_lock (tests.vnext.test_continuous_call_ledger.ContinuousCallLedgerTest.test_competing_process_cannot_enter_held_directory_lock) ... ok
test_crashed_intent_charged_and_only_affected_channel_stopped (tests.vnext.test_continuous_call_ledger.ContinuousCallLedgerTest.test_crashed_intent_charged_and_only_affected_channel_stopped) ... ok
test_deleted_last_slot_or_deleted_root_cannot_restart_total (tests.vnext.test_continuous_call_ledger.ContinuousCallLedgerTest.test_deleted_last_slot_or_deleted_root_cannot_restart_total) ... ok
test_raw_request_identity_blocks_redraw_despite_new_plan (tests.vnext.test_continuous_call_ledger.ContinuousCallLedgerTest.test_raw_request_identity_blocks_redraw_despite_new_plan) ... ok
test_reopen_and_changed_phase_do_not_reset_exhausted_total (tests.vnext.test_continuous_call_ledger.ContinuousCallLedgerTest.test_reopen_and_changed_phase_do_not_reset_exhausted_total) ... ok
test_test_mode_cannot_be_relabelled_live (tests.vnext.test_continuous_call_ledger.ContinuousCallLedgerTest.test_test_mode_cannot_be_relabelled_live) ... ok
test_all_source_navigation_schema_and_messages_enter_count (tests.vnext.test_continuous_request_context.ContinuousRequestContextTest.test_all_source_navigation_schema_and_messages_enter_count) ... ok
test_b13_and_d03_grouped_responses_still_account_for_each_source_unit (tests.vnext.test_continuous_request_context.ContinuousRequestContextTest.test_b13_and_d03_grouped_responses_still_account_for_each_source_unit) ... ok
test_grouper_preserves_every_unit_and_checks_full_identity (tests.vnext.test_continuous_request_context.ContinuousRequestContextTest.test_grouper_preserves_every_unit_and_checks_full_identity) ... ok
test_missing_engine_is_conservative_and_cannot_regroup (tests.vnext.test_continuous_request_context.ContinuousRequestContextTest.test_missing_engine_is_conservative_and_cannot_regroup) ... ok
test_new_source_format_does_not_relabel_old_requests (tests.vnext.test_continuous_request_context.ContinuousRequestContextTest.test_new_source_format_does_not_relabel_old_requests) ... ok
test_output_reservation_changes_the_real_200000_boundary (tests.vnext.test_continuous_request_context.ContinuousRequestContextTest.test_output_reservation_changes_the_real_200000_boundary) ... ok
test_real_usage_feedback_has_a_separate_context_failure (tests.vnext.test_continuous_request_context.ContinuousRequestContextTest.test_real_usage_feedback_has_a_separate_context_failure) ... ok
test_reference_vectors_include_prompt_envelope_and_output_reserve (tests.vnext.test_continuous_request_context.ContinuousRequestContextTest.test_reference_vectors_include_prompt_envelope_and_output_reserve) ... ok
test_resource_mutation_after_cached_parse_is_rejected (tests.vnext.test_continuous_request_context.ContinuousRequestContextTest.test_resource_mutation_after_cached_parse_is_rejected) ... ok
test_unsupported_service_and_format_are_explicit (tests.vnext.test_continuous_request_context.ContinuousRequestContextTest.test_unsupported_service_and_format_are_explicit) ... ok
test_complete_saved_packages_restore_without_navigation_filter (tests.vnext.test_capacity_semantic_review.CapacitySemanticReviewMaterialTest.test_complete_saved_packages_restore_without_navigation_filter) ... ok
test_original_accepted_tax_credit_response_fails_content_replay (tests.vnext.test_capacity_semantic_review.CapacitySemanticReviewMaterialTest.test_original_accepted_tax_credit_response_fails_content_replay) ... ok
test_clear_capacity_with_no_production_is_a_calculation_limit (tests.vnext.test_capacity_semantic_review.CapacitySemanticReviewTest.test_clear_capacity_with_no_production_is_a_calculation_limit) ... ok
test_complete_source_and_exact_quotes_required (tests.vnext.test_capacity_semantic_review.CapacitySemanticReviewTest.test_complete_source_and_exact_quotes_required) ... ok
test_native_reference_uses_original_ordinal_not_packed_row_position (tests.vnext.test_capacity_semantic_review.CapacitySemanticReviewTest.test_native_reference_uses_original_ordinal_not_packed_row_position) ... ok
test_sales_only_source_cannot_be_labelled_actual_production (tests.vnext.test_capacity_semantic_review.CapacitySemanticReviewTest.test_sales_only_source_cannot_be_labelled_actual_production) ... ok
test_shared_metadata_is_restored_and_conflicts_rejected (tests.vnext.test_capacity_semantic_review.CapacitySemanticReviewTest.test_shared_metadata_is_restored_and_conflicts_rejected) ... ok
test_source_unit_missing_from_declared_census_rejected (tests.vnext.test_capacity_semantic_review.CapacitySemanticReviewTest.test_source_unit_missing_from_declared_census_rejected) ... ok
test_tax_credit_is_not_capacity_or_borrowing_and_mixed_scope_remains (tests.vnext.test_capacity_semantic_review.CapacitySemanticReviewTest.test_tax_credit_is_not_capacity_or_borrowing_and_mixed_scope_remains) ... ok
test_actual_specific_activity_continuation_is_not_entity_viability (tests.vnext.test_d04_native_assessment.D04NativeProtocolTest.test_actual_specific_activity_continuation_is_not_entity_viability) ... ok
test_assertion_scope_variants_not_sentence_keyword_exceptions (tests.vnext.test_d04_native_assessment.D04NativeProtocolTest.test_assertion_scope_variants_not_sentence_keyword_exceptions) ... ok
test_bound_other_entity_conditional_and_alleviation_relations (tests.vnext.test_d04_native_assessment.D04NativeProtocolTest.test_bound_other_entity_conditional_and_alleviation_relations) ... ok
test_clean_opinion_cyber_and_valuation_are_not_going_concern_assertions (tests.vnext.test_d04_native_assessment.D04NativeProtocolTest.test_clean_opinion_cyber_and_valuation_are_not_going_concern_assertions) ... ok
test_complete_response_contract_is_source_bound_and_cannot_drop_units (tests.vnext.test_d04_native_assessment.D04NativeProtocolTest.test_complete_response_contract_is_source_bound_and_cannot_drop_units) ... ok
test_coordinated_historical_and_current_assertions_both_required (tests.vnext.test_d04_native_assessment.D04NativeProtocolTest.test_coordinated_historical_and_current_assertions_both_required) ... ok
test_historical_doubt_and_current_no_doubt_keep_separate_axes (tests.vnext.test_d04_native_assessment.D04NativeProtocolTest.test_historical_doubt_and_current_no_doubt_keep_separate_axes) ... ok
test_nearby_words_and_future_alleviation_do_not_prove_the_relation (tests.vnext.test_d04_native_assessment.D04NativeProtocolTest.test_nearby_words_and_future_alleviation_do_not_prove_the_relation) ... ok
test_quoted_current_claim_and_missing_candidate_are_rejected (tests.vnext.test_d04_native_assessment.D04NativeProtocolTest.test_quoted_current_claim_and_missing_candidate_are_rejected) ... ok
test_reference_positions_and_original_diagnostic_source_cannot_upgrade (tests.vnext.test_d04_native_assessment.D04NativeProtocolTest.test_reference_positions_and_original_diagnostic_source_cannot_upgrade) ... ok
test_review_counterexamples_bind_modifiers_to_their_own_assertions (tests.vnext.test_d04_native_assessment.D04NativeProtocolTest.test_review_counterexamples_bind_modifiers_to_their_own_assertions) ... ok
test_source_polarity_and_exclusion_cannot_be_changed_by_labels (tests.vnext.test_d04_native_assessment.D04NativeProtocolTest.test_source_polarity_and_exclusion_cannot_be_changed_by_labels) ... ok
test_uncertain_related_content_is_retained_and_cannot_become_absence (tests.vnext.test_d04_native_assessment.D04NativeProtocolTest.test_uncertain_related_content_is_retained_and_cannot_become_absence) ... ok
test_undefined_native_going_concern_flag_cannot_be_erased (tests.vnext.test_d04_native_assessment.D04NativeProtocolTest.test_undefined_native_going_concern_flag_cannot_be_erased) ... ok
test_actual_current_and_historical_statements_and_genuine_absence (tests.vnext.test_d04_native_assessment.D04NativeTextRecordsTest.test_actual_current_and_historical_statements_and_genuine_absence) ... ok
test_native_acceptor_rejects_same_reference_with_wrong_classification (tests.vnext.test_d04_native_assessment.D04NativeTextRecordsTest.test_native_acceptor_rejects_same_reference_with_wrong_classification) ... ok
test_resigned_false_exclusion_cannot_reach_review_or_public_absence (tests.vnext.test_d04_native_assessment.D04NativeTextRecordsTest.test_resigned_false_exclusion_cannot_reach_review_or_public_absence) ... ok
test_review_counterexamples_native_acceptance_results_and_public_rows (tests.vnext.test_d04_native_assessment.D04NativeTextRecordsTest.test_review_counterexamples_native_acceptance_results_and_public_rows) ... ok

----------------------------------------------------------------------
Ran 53 tests in 5.348s

OK
enphase_energy.json {'original_units': 29, 'requests': 27, 'original_bytes': 3880332, 'shared_bytes': 2948590}
ford_motor_company.json {'original_units': 52, 'requests': 42, 'original_bytes': 6960659, 'shared_bytes': 5199139}
