test_duplicate_label_does_not_pick_first_candidate (tests.vnext.test_company_fiscal_range.CompanyFiscalRangeTest.test_duplicate_label_does_not_pick_first_candidate) ... ok
test_explicit_issuer_year_is_not_discarded_by_report_end_year (tests.vnext.test_company_fiscal_range.CompanyFiscalRangeTest.test_explicit_issuer_year_is_not_discarded_by_report_end_year) ... ok
test_independent_sentence_does_not_cancel_actual_range_definition (tests.vnext.test_company_fiscal_range.CompanyFiscalRangeTest.test_independent_sentence_does_not_cancel_actual_range_definition) ... ok
test_invalid_five_year_bounds_and_metric_scope_are_rejected (tests.vnext.test_company_fiscal_range.CompanyFiscalRangeTest.test_invalid_five_year_bounds_and_metric_scope_are_rejected) ... ok
test_lazy_factories_share_one_plan_and_preserve_unrelated_producers (tests.vnext.test_company_fiscal_range.CompanyFiscalRangeTest.test_lazy_factories_share_one_plan_and_preserve_unrelated_producers) ... ok
test_lazy_factory_freezes_the_callers_year_scope (tests.vnext.test_company_fiscal_range.CompanyFiscalRangeTest.test_lazy_factory_freezes_the_callers_year_scope) ... ok
test_malformed_metadata_is_a_source_limit_not_a_fiscal_guess (tests.vnext.test_company_fiscal_range.CompanyFiscalRangeTest.test_malformed_metadata_is_a_source_limit_not_a_fiscal_guess) ... ok
test_missing_candidate_cannot_be_silently_excluded_for_label_uniqueness (tests.vnext.test_company_fiscal_range.CompanyFiscalRangeTest.test_missing_candidate_cannot_be_silently_excluded_for_label_uniqueness) ... ok
test_new_run_dispatch_is_lazy_and_declares_actual_range_and_business_dependencies (tests.vnext.test_company_fiscal_range.CompanyFiscalRangeTest.test_new_run_dispatch_is_lazy_and_declares_actual_range_and_business_dependencies) ... ok
test_nonactual_issuer_definitions_do_not_resolve_public_range (tests.vnext.test_company_fiscal_range.CompanyFiscalRangeTest.test_nonactual_issuer_definitions_do_not_resolve_public_range) ... ok
test_originals_resolve_requested_range_and_do_not_claim_metric_acceptance (tests.vnext.test_company_fiscal_range.CompanyFiscalRangeTest.test_originals_resolve_requested_range_and_do_not_claim_metric_acceptance) ... ok
test_public_sources_year_range_runs_actual_discovery_and_invalid_scope_is_early (tests.vnext.test_company_fiscal_range.CompanyFiscalRangeTest.test_public_sources_year_range_runs_actual_discovery_and_invalid_scope_is_early) ... ok
test_unresolved_year_never_calls_business_producer (tests.vnext.test_company_fiscal_range.CompanyFiscalRangeTest.test_unresolved_year_never_calls_business_producer) ... ok
test_amendment_and_successor_keep_the_existing_rejection (tests.vnext.test_historical_statement_cases.HistoricalCurrentAnnualScopeTest.test_amendment_and_successor_keep_the_existing_rejection) ... ok
test_declared_wrong_source_period_cannot_select_a_filing (tests.vnext.test_historical_statement_cases.HistoricalCurrentAnnualScopeTest.test_declared_wrong_source_period_cannot_select_a_filing) ... ok
test_existing_entry_does_not_silently_expand_to_b07 (tests.vnext.test_historical_statement_cases.HistoricalCurrentAnnualScopeTest.test_existing_entry_does_not_silently_expand_to_b07) ... ok
test_prior_year_or_instant_metrics_do_not_enter_the_annual_family (tests.vnext.test_historical_statement_cases.HistoricalCurrentAnnualScopeTest.test_prior_year_or_instant_metrics_do_not_enter_the_annual_family) ... ok
test_fixed_single_line_consumer_keeps_total_and_rejects_appended_cell_amount (tests.vnext.test_historical_statement_cases.HistoricalPairedRevenueAdmissionTest.test_fixed_single_line_consumer_keeps_total_and_rejects_appended_cell_amount) ... ok
test_missing_scope_and_conflicting_original_dates_are_not_complete_revenue (tests.vnext.test_historical_statement_cases.HistoricalPairedRevenueAdmissionTest.test_missing_scope_and_conflicting_original_dates_are_not_complete_revenue) ... ok
test_prior_period_comparisons_stay_for_the_shared_comparability_guard (tests.vnext.test_historical_statement_cases.HistoricalPairedRevenueAdmissionTest.test_prior_period_comparisons_stay_for_the_shared_comparability_guard) ... ok
test_stopped_single_line_does_not_gain_new_scope_while_explicit_total_keeps_working (tests.vnext.test_historical_statement_cases.HistoricalPairedRevenueAdmissionTest.test_stopped_single_line_does_not_gain_new_scope_while_explicit_total_keeps_working) ... ok
test_total_admission_keeps_original_claim_id_and_never_retags_its_locator (tests.vnext.test_historical_statement_cases.HistoricalPairedRevenueAdmissionTest.test_total_admission_keeps_original_claim_id_and_never_retags_its_locator) ... ok
test_wrong_unit_entity_accession_or_amount_cannot_supply_the_original_total (tests.vnext.test_historical_statement_cases.HistoricalPairedRevenueAdmissionTest.test_wrong_unit_entity_accession_or_amount_cannot_supply_the_original_total) ... ok
test_both_original_scopes_reach_the_one_graph_and_daily_summary_is_bounded (tests.vnext.test_historical_statement_cases.HistoricalPairedRevenueCaseTest.test_both_original_scopes_reach_the_one_graph_and_daily_summary_is_bounded) ... ok
test_graph_cannot_select_an_operand_outside_the_admitted_original_claims (tests.vnext.test_historical_statement_cases.HistoricalPairedRevenueCaseTest.test_graph_cannot_select_an_operand_outside_the_admitted_original_claims) ... ok
test_one_unproved_role_withholds_whole_growth_before_graph (tests.vnext.test_historical_statement_cases.HistoricalPairedRevenueCaseTest.test_one_unproved_role_withholds_whole_growth_before_graph) ... ok
test_continuous_company_keeps_original_registry_object (tests.vnext.test_historical_statement_cases.HistoricalPeriodSubjectTest.test_continuous_company_keeps_original_registry_object) ... ok
test_mismatched_reporter_successor_or_cross_entity_does_not_get_override (tests.vnext.test_historical_statement_cases.HistoricalPeriodSubjectTest.test_mismatched_reporter_successor_or_cross_entity_does_not_get_override) ... ok
test_predecessor_context_uses_its_own_cik_without_mutating_registry (tests.vnext.test_historical_statement_cases.HistoricalPeriodSubjectTest.test_predecessor_context_uses_its_own_cik_without_mutating_registry) ... ok
test_successor_context_keeps_its_existing_noncomparability (tests.vnext.test_historical_statement_cases.HistoricalPeriodSubjectTest.test_successor_context_keeps_its_existing_noncomparability) ... ok
test_display_is_bounded_while_complete_scope_evidence_is_retained (tests.vnext.test_historical_statement_cases.HistoricalRevenueScopeConsumerTest.test_display_is_bounded_while_complete_scope_evidence_is_retained) ... ok
test_literal_original_and_resolved_period_must_have_same_dates (tests.vnext.test_historical_statement_cases.HistoricalRevenueScopeConsumerTest.test_literal_original_and_resolved_period_must_have_same_dates) ... ok
test_no_reported_total_retains_the_existing_component_scope_path (tests.vnext.test_historical_statement_cases.HistoricalRevenueScopeConsumerTest.test_no_reported_total_retains_the_existing_component_scope_path) ... ok
test_processing_configuration_includes_shared_scope_dependency (tests.vnext.test_historical_statement_cases.HistoricalRevenueScopeConsumerTest.test_processing_configuration_includes_shared_scope_dependency) ... ok
test_reported_late_date_and_cost_group_qualifiers_are_not_hidden (tests.vnext.test_historical_statement_cases.HistoricalRevenueScopeConsumerTest.test_reported_late_date_and_cost_group_qualifiers_are_not_hidden) ... ok
test_reported_navigation_keeps_source_spans_without_accepting_subject_restrictions (tests.vnext.test_historical_statement_cases.HistoricalRevenueScopeConsumerTest.test_reported_navigation_keeps_source_spans_without_accepting_subject_restrictions) ... ok
test_reported_total_conflict_cannot_fall_back_to_the_old_component (tests.vnext.test_historical_statement_cases.HistoricalRevenueScopeConsumerTest.test_reported_total_conflict_cannot_fall_back_to_the_old_component) ... ok
test_reported_total_is_admitted_before_actual_calculator (tests.vnext.test_historical_statement_cases.HistoricalRevenueScopeConsumerTest.test_reported_total_is_admitted_before_actual_calculator) ... ok
test_source_bound_resolved_label_reaches_the_shared_reader_without_raw_year_rewrite (tests.vnext.test_historical_statement_cases.HistoricalRevenueScopeConsumerTest.test_source_bound_resolved_label_reaches_the_shared_reader_without_raw_year_rewrite) ... ok
test_total_cannot_be_borrowed_from_a_later_filing (tests.vnext.test_historical_statement_cases.HistoricalRevenueScopeConsumerTest.test_total_cannot_be_borrowed_from_a_later_filing) ... ok
test_amended_target_and_successor_require_explicit_adaptation (tests.vnext.test_historical_statement_cases.HistoricalStatementScopeTest.test_amended_target_and_successor_require_explicit_adaptation) ... ok
test_companyfacts_amount_must_match_the_selected_original (tests.vnext.test_historical_statement_cases.HistoricalStatementScopeTest.test_companyfacts_amount_must_match_the_selected_original) ... ok
test_other_metric_does_not_select_sources (tests.vnext.test_historical_statement_cases.HistoricalStatementScopeTest.test_other_metric_does_not_select_sources) ... ok
test_applicable_company_does_not_skip_its_source_requirements (tests.vnext.test_historical_statement_cases.HistoricalStructuralApplicabilityTest.test_applicable_company_does_not_skip_its_source_requirements) ... ok
test_bank_trait_is_na_before_any_amount_selection (tests.vnext.test_historical_statement_cases.HistoricalStructuralApplicabilityTest.test_bank_trait_is_na_before_any_amount_selection) ... ok
test_noncontinuous_rule_cannot_be_replaced_by_current_instant_permission (tests.vnext.test_historical_statement_cases.HistoricalSuccessorComparabilityTest.test_noncontinuous_rule_cannot_be_replaced_by_current_instant_permission) ... ok
test_revenue_still_requires_statement_scope (tests.vnext.test_historical_statement_cases.HistoricalSuccessorComparabilityTest.test_revenue_still_requires_statement_scope) ... ok
test_wrong_subject_or_cross_entity_cannot_use_the_metadata_guard (tests.vnext.test_historical_statement_cases.HistoricalSuccessorComparabilityTest.test_wrong_subject_or_cross_entity_cannot_use_the_metadata_guard) ... ok
test_average_risk_family_preserves_existing_metric_factories (tests.vnext.test_history_company_dispatch.HistoryCompanyDispatchTest.test_average_risk_family_preserves_existing_metric_factories) ... ok
test_bank_performance_family_uses_original_factories_for_other_families (tests.vnext.test_history_company_dispatch.HistoryCompanyDispatchTest.test_bank_performance_family_uses_original_factories_for_other_families) ... ok
test_bank_scope_family_preserves_existing_metric_factories (tests.vnext.test_history_company_dispatch.HistoryCompanyDispatchTest.test_bank_scope_family_preserves_existing_metric_factories) ... ok
test_capital_family_preserves_each_existing_metric_factory (tests.vnext.test_history_company_dispatch.HistoryCompanyDispatchTest.test_capital_family_preserves_each_existing_metric_factory) ... ok
test_cli_passes_period_arguments_to_the_same_company_entry (tests.vnext.test_history_company_dispatch.HistoryCompanyDispatchTest.test_cli_passes_period_arguments_to_the_same_company_entry) ... ok
test_completed_withheld_survives_read_after_another_metric_subset (tests.vnext.test_history_company_dispatch.HistoryCompanyDispatchTest.test_completed_withheld_survives_read_after_another_metric_subset)
Constructed history control: a later subset cannot revive old success. ... ok
test_current_mode_keeps_the_existing_public_route (tests.vnext.test_history_company_dispatch.HistoryCompanyDispatchTest.test_current_mode_keeps_the_existing_public_route) ... ok
test_event_family_keeps_existing_income_balance_and_hotel_factories (tests.vnext.test_history_company_dispatch.HistoryCompanyDispatchTest.test_event_family_keeps_existing_income_balance_and_hotel_factories) ... ok
test_geography_keeps_existing_factories_and_declares_its_source_dependencies (tests.vnext.test_history_company_dispatch.HistoryCompanyDispatchTest.test_geography_keeps_existing_factories_and_declares_its_source_dependencies) ... ok
test_interest_coverage_adds_only_its_current_annual_case (tests.vnext.test_history_company_dispatch.HistoryCompanyDispatchTest.test_interest_coverage_adds_only_its_current_annual_case) ... ok
test_invalid_range_rejects_before_source_or_writes (tests.vnext.test_history_company_dispatch.HistoryCompanyDispatchTest.test_invalid_range_rejects_before_source_or_writes) ... ok
test_liquidity_keeps_the_statement_and_lodging_original_factories (tests.vnext.test_history_company_dispatch.HistoryCompanyDispatchTest.test_liquidity_keeps_the_statement_and_lodging_original_factories) ... ok
test_missing_source_is_explicit_and_does_not_acquire (tests.vnext.test_history_company_dispatch.HistoryCompanyDispatchTest.test_missing_source_is_explicit_and_does_not_acquire) ... ok
test_mixed_lodging_keeps_its_previous_factory_and_tuple (tests.vnext.test_history_company_dispatch.HistoryCompanyDispatchTest.test_mixed_lodging_keeps_its_previous_factory_and_tuple) ... ok
test_range_uses_one_public_company_controller_and_existing_case (tests.vnext.test_history_company_dispatch.HistoryCompanyDispatchTest.test_range_uses_one_public_company_controller_and_existing_case) ... ok
test_rpo_uses_native_case_without_changing_statement_or_capital_factories (tests.vnext.test_history_company_dispatch.HistoryCompanyDispatchTest.test_rpo_uses_native_case_without_changing_statement_or_capital_factories) ... ok
test_statement_pilot_uses_original_per_metric_factories_and_dependencies (tests.vnext.test_history_company_dispatch.HistoryCompanyDispatchTest.test_statement_pilot_uses_original_per_metric_factories_and_dependencies) ... ok
test_unsupported_family_uses_no_fabricated_historical_case (tests.vnext.test_history_company_dispatch.HistoryCompanyDispatchTest.test_unsupported_family_uses_no_fabricated_historical_case) ... ok
test_actual_selected_year_dependencies_ignore_unused_admission_code (tests.vnext.test_selected_history_result_state.SelectedHistoryResultStateTest.test_actual_selected_year_dependencies_ignore_unused_admission_code)
Constructed state control with the actual processing configuration. ... ok
test_completed_withheld_recovers_pointer_without_recalculation (tests.vnext.test_selected_history_result_state.SelectedHistoryResultStateTest.test_completed_withheld_recovers_pointer_without_recalculation) ... ok
test_current_withheld_replaces_same_year_success_but_retains_old_version (tests.vnext.test_selected_history_result_state.SelectedHistoryResultStateTest.test_current_withheld_replaces_same_year_success_but_retains_old_version) ... ok
test_dependency_source_and_processing_changes_reprocess_withheld_once (tests.vnext.test_selected_history_result_state.SelectedHistoryResultStateTest.test_dependency_source_and_processing_changes_reprocess_withheld_once) ... ok
test_missing_year_and_one_metric_failure_preserve_other_periods (tests.vnext.test_selected_history_result_state.SelectedHistoryResultStateTest.test_missing_year_and_one_metric_failure_preserve_other_periods) ... ok
test_success_and_stable_withheld_reuse_in_distinct_historical_coordinates (tests.vnext.test_selected_history_result_state.SelectedHistoryResultStateTest.test_success_and_stable_withheld_reuse_in_distinct_historical_coordinates) ... ok

----------------------------------------------------------------------
Ran 72 tests in 1.672s

OK
{"allowed_skips": 0, "errors": 0, "failures": 0, "run": 72, "skip_reasons": [], "skipped": 0, "tests": ["tests.vnext.test_company_fiscal_range", "tests.vnext.test_historical_statement_cases", "tests.vnext.test_history_company_dispatch", "tests.vnext.test_selected_history_result_state"]}
