test_old_contract_rejected_before_save (tests.vnext.test_explicit_e01_company.E01ContractUpdateTest.test_old_contract_rejected_before_save) ... ok
test_scope_marker_and_successor_note_do_not_change_old_projection (tests.vnext.test_explicit_e01_company.E01ContractUpdateTest.test_scope_marker_and_successor_note_do_not_change_old_projection) ... ok
test_default_e01_remains_closed (tests.vnext.test_explicit_e01_company.ExplicitE01CompanyTest.test_default_e01_remains_closed) ... ok
test_explicit_factory_without_year_cannot_start (tests.vnext.test_explicit_e01_company.ExplicitE01CompanyTest.test_explicit_factory_without_year_cannot_start) ... ok
test_old_item_code_result_still_has_no_current_scope (tests.vnext.test_explicit_e01_company.ExplicitE01CompanyTest.test_old_item_code_result_still_has_no_current_scope) ... ok
test_selected_per_metric_factory_reaches_existing_controller (tests.vnext.test_explicit_e01_company.ExplicitE01CompanyTest.test_selected_per_metric_factory_reaches_existing_controller) ... ok
test_successor_withheld_can_be_read_without_legacy_scope_credit (tests.vnext.test_explicit_e01_company.ExplicitE01CompanyTest.test_successor_withheld_can_be_read_without_legacy_scope_credit) ... ok
test_declared_dependencies_include_the_used_event_and_amendment_rules (tests.vnext.test_historical_e01_company_case.HistoricalE01CompanyCaseTest.test_declared_dependencies_include_the_used_event_and_amendment_rules) ... ok
test_display_summary_keeps_amendment_conclusion_and_full_evidence_separate (tests.vnext.test_historical_e01_company_case.HistoricalE01CompanyCaseTest.test_display_summary_keeps_amendment_conclusion_and_full_evidence_separate) ... ok
test_missing_declared_attachment_has_exact_dependency_and_no_answer_reuse (tests.vnext.test_historical_e01_company_case.HistoricalE01CompanyCaseTest.test_missing_declared_attachment_has_exact_dependency_and_no_answer_reuse) ... ok
test_no_matching_response_is_whole_window_withheld_not_old_item_count (tests.vnext.test_historical_e01_company_case.HistoricalE01CompanyCaseTest.test_no_matching_response_is_whole_window_withheld_not_old_item_count) ... ok
test_saved_attachment_changes_request_contract_but_not_into_model_success (tests.vnext.test_historical_e01_company_case.HistoricalE01CompanyCaseTest.test_saved_attachment_changes_request_contract_but_not_into_model_success) ... ok
test_source_error_is_not_no_candidate_or_zero (tests.vnext.test_historical_e01_company_case.HistoricalE01CompanyCaseTest.test_source_error_is_not_no_candidate_or_zero) ... ok
test_successor_cannot_borrow_the_other_event_familys_wide_window (tests.vnext.test_historical_e01_company_case.HistoricalE01CompanyCaseTest.test_successor_cannot_borrow_the_other_event_familys_wide_window) ... ok
test_wrong_family_refuses_before_source_selection (tests.vnext.test_historical_e01_company_case.HistoricalE01CompanyCaseTest.test_wrong_family_refuses_before_source_selection) ... ok
test_zero_requires_the_successful_complete_candidate_walk (tests.vnext.test_historical_e01_company_case.HistoricalE01ZeroCandidateTest.test_zero_requires_the_successful_complete_candidate_walk) ... ok
test_absent_and_unrelated_declared_sources_do_not_silently_disappear (tests.vnext.test_historical_e01_incorporated_input.IncorporatedE01InputTest.test_absent_and_unrelated_declared_sources_do_not_silently_disappear) ... ok
test_changed_attachment_changes_input_without_changing_parent (tests.vnext.test_historical_e01_incorporated_input.IncorporatedE01InputTest.test_changed_attachment_changes_input_without_changing_parent) ... ok
test_complete_checked_answer_counts_once_without_semantic_credit (tests.vnext.test_historical_e01_incorporated_input.IncorporatedE01InputTest.test_complete_checked_answer_counts_once_without_semantic_credit) ... ok
test_complete_pool_and_parent_texts_are_unchanged (tests.vnext.test_historical_e01_incorporated_input.IncorporatedE01InputTest.test_complete_pool_and_parent_texts_are_unchanged) ... ok
test_each_item_and_field_type_are_checked (tests.vnext.test_historical_e01_incorporated_input.IncorporatedE01InputTest.test_each_item_and_field_type_are_checked) ... ok
test_long_real_quote_reports_length_not_missing_source (tests.vnext.test_historical_e01_incorporated_input.IncorporatedE01InputTest.test_long_real_quote_reports_length_not_missing_source) ... ok
test_old_validator_does_not_accept_successor_output (tests.vnext.test_historical_e01_incorporated_input.IncorporatedE01InputTest.test_old_validator_does_not_accept_successor_output) ... ok
test_one_unresolved_item_withholds_the_complete_window_count (tests.vnext.test_historical_e01_incorporated_input.IncorporatedE01InputTest.test_one_unresolved_item_withholds_the_complete_window_count) ... ok
test_other_items_source_and_invented_quotes_refuse (tests.vnext.test_historical_e01_incorporated_input.IncorporatedE01InputTest.test_other_items_source_and_invented_quotes_refuse) ... ok
test_positive_and_unresolved_decisions_remain_distinct (tests.vnext.test_historical_e01_incorporated_input.IncorporatedE01InputTest.test_positive_and_unresolved_decisions_remain_distinct) ... ok
test_quotes_can_use_the_same_items_separate_attachment (tests.vnext.test_historical_e01_incorporated_input.IncorporatedE01InputTest.test_quotes_can_use_the_same_items_separate_attachment) ... ok
test_a_quote_from_another_item_is_refused (tests.vnext.test_historical_ma_confirmation.TheAnswerIsHeldToItsForm.test_a_quote_from_another_item_is_refused) ... ok
test_a_quote_not_in_the_item_is_refused (tests.vnext.test_historical_ma_confirmation.TheAnswerIsHeldToItsForm.test_a_quote_not_in_the_item_is_refused) ... ok
test_a_quote_too_short_or_too_long_is_refused (tests.vnext.test_historical_ma_confirmation.TheAnswerIsHeldToItsForm.test_a_quote_too_short_or_too_long_is_refused) ... ok
test_a_well_formed_answer_is_read (tests.vnext.test_historical_ma_confirmation.TheAnswerIsHeldToItsForm.test_a_well_formed_answer_is_read) ... ok
test_an_unknown_decision_is_refused (tests.vnext.test_historical_ma_confirmation.TheAnswerIsHeldToItsForm.test_an_unknown_decision_is_refused) ... ok
test_every_item_is_answered_exactly_once (tests.vnext.test_historical_ma_confirmation.TheAnswerIsHeldToItsForm.test_every_item_is_answered_exactly_once) ... ok
test_extra_keys_and_non_json_are_refused (tests.vnext.test_historical_ma_confirmation.TheAnswerIsHeldToItsForm.test_extra_keys_and_non_json_are_refused) ... ok
test_an_item_its_text_does_not_settle_withholds_the_window (tests.vnext.test_historical_ma_confirmation.TheCountIsWhatWasConfirmed.test_an_item_its_text_does_not_settle_withholds_the_window) ... ok
test_the_count_is_the_confirmed_items (tests.vnext.test_historical_ma_confirmation.TheCountIsWhatWasConfirmed.test_the_count_is_the_confirmed_items) ... ok
test_a_changed_text_is_a_different_request (tests.vnext.test_historical_ma_confirmation.TheRequestIsTheItemsTextsAndTheDefinition.test_a_changed_text_is_a_different_request) ... ok
test_a_text_that_is_not_the_one_hashed_is_refused (tests.vnext.test_historical_ma_confirmation.TheRequestIsTheItemsTextsAndTheDefinition.test_a_text_that_is_not_the_one_hashed_is_refused) ... ok
test_no_candidate_is_no_request (tests.vnext.test_historical_ma_confirmation.TheRequestIsTheItemsTextsAndTheDefinition.test_no_candidate_is_no_request) ... ok
test_the_request_holds_each_item_text_bound_by_its_hash (tests.vnext.test_historical_ma_confirmation.TheRequestIsTheItemsTextsAndTheDefinition.test_the_request_holds_each_item_text_bound_by_its_hash) ... ok
test_average_risk_family_preserves_existing_metric_factories (tests.vnext.test_history_company_dispatch.HistoryCompanyDispatchTest.test_average_risk_family_preserves_existing_metric_factories) ... ok
test_bank_performance_family_uses_original_factories_for_other_families (tests.vnext.test_history_company_dispatch.HistoryCompanyDispatchTest.test_bank_performance_family_uses_original_factories_for_other_families) ... ok
test_bank_scope_family_preserves_existing_metric_factories (tests.vnext.test_history_company_dispatch.HistoryCompanyDispatchTest.test_bank_scope_family_preserves_existing_metric_factories) ... ok
test_capital_family_preserves_each_existing_metric_factory (tests.vnext.test_history_company_dispatch.HistoryCompanyDispatchTest.test_capital_family_preserves_each_existing_metric_factory) ... ok
test_cli_passes_period_arguments_to_the_same_company_entry (tests.vnext.test_history_company_dispatch.HistoryCompanyDispatchTest.test_cli_passes_period_arguments_to_the_same_company_entry) ... ok
test_completed_withheld_survives_read_after_another_metric_subset (tests.vnext.test_history_company_dispatch.HistoryCompanyDispatchTest.test_completed_withheld_survives_read_after_another_metric_subset)
Constructed history control: a later subset cannot revive old success. ... ok
test_current_mode_keeps_the_existing_public_route (tests.vnext.test_history_company_dispatch.HistoryCompanyDispatchTest.test_current_mode_keeps_the_existing_public_route) ... ok
test_e01_uses_explicit_content_consumer_and_keeps_old_event_factory (tests.vnext.test_history_company_dispatch.HistoryCompanyDispatchTest.test_e01_uses_explicit_content_consumer_and_keeps_old_event_factory) ... ok
test_event_family_keeps_existing_income_balance_and_hotel_factories (tests.vnext.test_history_company_dispatch.HistoryCompanyDispatchTest.test_event_family_keeps_existing_income_balance_and_hotel_factories) ... ok
test_geography_keeps_existing_factories_and_declares_its_source_dependencies (tests.vnext.test_history_company_dispatch.HistoryCompanyDispatchTest.test_geography_keeps_existing_factories_and_declares_its_source_dependencies) ... ok
test_interest_coverage_adds_only_its_current_annual_case (tests.vnext.test_history_company_dispatch.HistoryCompanyDispatchTest.test_interest_coverage_adds_only_its_current_annual_case) ... ok
test_invalid_range_rejects_before_source_or_writes (tests.vnext.test_history_company_dispatch.HistoryCompanyDispatchTest.test_invalid_range_rejects_before_source_or_writes) ... ok
test_liquidity_keeps_the_statement_and_lodging_original_factories (tests.vnext.test_history_company_dispatch.HistoryCompanyDispatchTest.test_liquidity_keeps_the_statement_and_lodging_original_factories) ... ok
test_missing_source_is_explicit_and_does_not_acquire (tests.vnext.test_history_company_dispatch.HistoryCompanyDispatchTest.test_missing_source_is_explicit_and_does_not_acquire) ... ok
test_mixed_lodging_keeps_its_previous_factory_and_tuple (tests.vnext.test_history_company_dispatch.HistoryCompanyDispatchTest.test_mixed_lodging_keeps_its_previous_factory_and_tuple) ... ok
test_range_uses_one_public_company_controller_and_existing_case (tests.vnext.test_history_company_dispatch.HistoryCompanyDispatchTest.test_range_uses_one_public_company_controller_and_existing_case) ... ok
test_rpo_uses_native_case_without_changing_statement_or_capital_factories (tests.vnext.test_history_company_dispatch.HistoryCompanyDispatchTest.test_rpo_uses_native_case_without_changing_statement_or_capital_factories) ... ok
test_statement_pilot_uses_original_per_metric_factories_and_dependencies (tests.vnext.test_history_company_dispatch.HistoryCompanyDispatchTest.test_statement_pilot_uses_original_per_metric_factories_and_dependencies) ... ok
test_unsupported_family_uses_no_fabricated_historical_case (tests.vnext.test_history_company_dispatch.HistoryCompanyDispatchTest.test_unsupported_family_uses_no_fabricated_historical_case) ... ok
test_actual_selected_year_dependencies_ignore_unused_admission_code (tests.vnext.test_selected_history_result_state.SelectedHistoryResultStateTest.test_actual_selected_year_dependencies_ignore_unused_admission_code)
Constructed state control with the actual processing configuration. ... ok
test_completed_withheld_recovers_pointer_without_recalculation (tests.vnext.test_selected_history_result_state.SelectedHistoryResultStateTest.test_completed_withheld_recovers_pointer_without_recalculation) ... ok
test_current_withheld_replaces_same_year_success_but_retains_old_version (tests.vnext.test_selected_history_result_state.SelectedHistoryResultStateTest.test_current_withheld_replaces_same_year_success_but_retains_old_version) ... ok
test_dependency_source_and_processing_changes_reprocess_withheld_once (tests.vnext.test_selected_history_result_state.SelectedHistoryResultStateTest.test_dependency_source_and_processing_changes_reprocess_withheld_once) ... ok
test_missing_year_and_one_metric_failure_preserve_other_periods (tests.vnext.test_selected_history_result_state.SelectedHistoryResultStateTest.test_missing_year_and_one_metric_failure_preserve_other_periods) ... ok
test_success_and_stable_withheld_reuse_in_distinct_historical_coordinates (tests.vnext.test_selected_history_result_state.SelectedHistoryResultStateTest.test_success_and_stable_withheld_reuse_in_distinct_historical_coordinates) ... ok
test_constructed_withheld_native_trace_keeps_state_without_filled_issuer (tests.vnext.test_reporting_company_projection.CurrentNullableTraceProjectionTest.test_constructed_withheld_native_trace_keeps_state_without_filled_issuer) ... ok
test_current_reported_rpo_with_nullable_trace_keeps_value_and_issuer (tests.vnext.test_reporting_company_projection.CurrentNullableTraceProjectionTest.test_current_reported_rpo_with_nullable_trace_keeps_value_and_issuer) ... ok
test_current_structural_and_both_hotel_numbers_save_with_nullable_trace (tests.vnext.test_reporting_company_projection.CurrentNullableTraceProjectionTest.test_current_structural_and_both_hotel_numbers_save_with_nullable_trace) ... ok
test_combined_or_unproven_subject_policy_does_not_get_single_reporter_view (tests.vnext.test_reporting_company_projection.ReportingCompanyProjectionTest.test_combined_or_unproven_subject_policy_does_not_get_single_reporter_view) ... ok
test_current_reporter_preserves_current_view (tests.vnext.test_reporting_company_projection.ReportingCompanyProjectionTest.test_current_reporter_preserves_current_view) ... ok
test_different_filing_or_bad_entity_does_not_gain_display_identity (tests.vnext.test_reporting_company_projection.ReportingCompanyProjectionTest.test_different_filing_or_bad_entity_does_not_gain_display_identity) ... ok
test_explicit_null_issuer_fields_use_verified_annual_without_modifying_trace (tests.vnext.test_reporting_company_projection.ReportingCompanyProjectionTest.test_explicit_null_issuer_fields_use_verified_annual_without_modifying_trace) ... ok
test_metadata_only_outcome_can_keep_inventory_issuer_without_claiming_amount (tests.vnext.test_reporting_company_projection.ReportingCompanyProjectionTest.test_metadata_only_outcome_can_keep_inventory_issuer_without_claiming_amount) ... ok
test_null_target_requires_matching_source_not_another_registered_issuer (tests.vnext.test_reporting_company_projection.ReportingCompanyProjectionTest.test_null_target_requires_matching_source_not_another_registered_issuer) ... ok
test_nullable_contract_does_not_hide_filled_conflicts_or_missing_fields (tests.vnext.test_reporting_company_projection.ReportingCompanyProjectionTest.test_nullable_contract_does_not_hide_filled_conflicts_or_missing_fields) ... ok
test_predecessor_reporting_cik_changes_only_presentation_view (tests.vnext.test_reporting_company_projection.ReportingCompanyProjectionTest.test_predecessor_reporting_cik_changes_only_presentation_view) ... ok
test_registered_union_still_requires_its_existing_period_proof (tests.vnext.test_reporting_company_projection.ReportingCompanyProjectionTest.test_registered_union_still_requires_its_existing_period_proof) ... ok
test_unregistered_reporter_or_cross_subject_trace_is_rejected (tests.vnext.test_reporting_company_projection.ReportingCompanyProjectionTest.test_unregistered_reporter_or_cross_subject_trace_is_rejected) ... ok
test_valued_historical_event_uses_selected_inventory_and_source_set (tests.vnext.test_reporting_company_projection.ReportingCompanyProjectionTest.test_valued_historical_event_uses_selected_inventory_and_source_set) ... ok
test_another_metric_cannot_borrow_the_quarter_exception (tests.vnext.test_reported_average_period.ReportedAveragePeriodTest.test_another_metric_cannot_borrow_the_quarter_exception) ... ok
test_quarter_stays_quarter_with_annual_filing_group (tests.vnext.test_reported_average_period.ReportedAveragePeriodTest.test_quarter_stays_quarter_with_annual_filing_group) ... ok
test_reference_period_entity_value_and_uncertainty_do_not_disappear (tests.vnext.test_reported_average_period.ReportedAveragePeriodTest.test_reference_period_entity_value_and_uncertainty_do_not_disappear) ... ok
test_year_label_cannot_annualize_the_measurement (tests.vnext.test_reported_average_period.ReportedAveragePeriodTest.test_year_label_cannot_annualize_the_measurement) ... ok
test_complete_nonempty_findings_are_allowed_without_inventing_doubt (tests.vnext.test_current_d04_company.CurrentD04CompanyGateTest.test_complete_nonempty_findings_are_allowed_without_inventing_doubt) ... ok
test_missing_failed_and_conflicting_groups_are_rejected (tests.vnext.test_current_d04_company.CurrentD04CompanyGateTest.test_missing_failed_and_conflicting_groups_are_rejected) ... ok
test_missing_group_cannot_be_complete_even_with_a_stale_true_flag (tests.vnext.test_current_d04_company.CurrentD04CompanyGateTest.test_missing_group_cannot_be_complete_even_with_a_stale_true_flag) ... ok
test_unresolved_or_failed_evidence_is_never_company_credit (tests.vnext.test_current_d04_company.CurrentD04CompanyGateTest.test_unresolved_or_failed_evidence_is_never_company_credit) ... ok
test_source_or_interpretation_change_rechecks_once_then_reuses (tests.vnext.test_current_d04_company.CurrentD04DependencyUpdateTest.test_source_or_interpretation_change_rechecks_once_then_reuses) ... ok

----------------------------------------------------------------------
Ran 88 tests in 10.280s

OK
{"allowed_skips": 0, "errors": 0, "failures": 0, "run": 88, "skip_reasons": [], "skipped": 0, "tests": ["tests.vnext.test_explicit_e01_company", "tests.vnext.test_historical_e01_company_case", "tests.vnext.test_historical_e01_incorporated_input", "tests.vnext.test_historical_ma_confirmation", "tests.vnext.test_history_company_dispatch", "tests.vnext.test_selected_history_result_state", "tests.vnext.test_reporting_company_projection", "tests.vnext.test_reported_average_period", "tests.vnext.test_current_d04_company"]}
