test_explicit_history_check_receives_full_body_and_conflict_is_not_empty_success (tests.vnext.test_selected_event_source_v1.SelectedEventSourceTest.test_explicit_history_check_receives_full_body_and_conflict_is_not_empty_success) ... ok
test_gap_day_block_is_selected_and_validated_using_same_effective_last_day (tests.vnext.test_selected_event_source_v1.SelectedEventSourceTest.test_gap_day_block_is_selected_and_validated_using_same_effective_last_day) ... ok
test_missing_header_and_header_date_conflict_remain_failures (tests.vnext.test_selected_event_source_v1.SelectedEventSourceTest.test_missing_header_and_header_date_conflict_remain_failures) ... ok
test_registered_union_reads_both_issuers_and_rules_from_code_root (tests.vnext.test_selected_event_source_v1.SelectedEventSourceTest.test_registered_union_reads_both_issuers_and_rules_from_code_root) ... ok
test_repeated_legacy_gets_are_bound_but_latest_failure_is_visible (tests.vnext.test_selected_event_source_v1.SelectedEventSourceTest.test_repeated_legacy_gets_are_bound_but_latest_failure_is_visible) ... ok
test_same_blob_key_does_not_hide_a_conflicting_media_record (tests.vnext.test_selected_event_source_v1.SelectedEventSourceTest.test_same_blob_key_does_not_hide_a_conflicting_media_record) ... ok
test_source_only_nonempty_claims_keep_real_requests_and_no_results (tests.vnext.test_selected_event_source_v1.SelectedEventSourceTest.test_source_only_nonempty_claims_keep_real_requests_and_no_results) ... ok
test_wrong_registry_selected_entity_or_window_is_rejected (tests.vnext.test_selected_event_source_v1.SelectedEventSourceTest.test_wrong_registry_selected_entity_or_window_is_rejected) ... ok
test_approved_wide_window_retains_the_original_annual_period (tests.vnext.test_registered_event_projection.RegisteredEventProjectionTest.test_approved_wide_window_retains_the_original_annual_period) ... ok
test_arbitrary_wider_period_or_wrong_label_is_rejected (tests.vnext.test_registered_event_projection.RegisteredEventProjectionTest.test_arbitrary_wider_period_or_wrong_label_is_rejected) ... ok
test_financial_and_unreceived_e01_do_not_receive_wide_period_exception (tests.vnext.test_registered_event_projection.RegisteredEventProjectionTest.test_financial_and_unreceived_e01_do_not_receive_wide_period_exception) ... ok
test_missing_registrant_or_wrong_inventory_cannot_complete_union (tests.vnext.test_registered_event_projection.RegisteredEventProjectionTest.test_missing_registrant_or_wrong_inventory_cannot_complete_union) ... ok
test_wrong_registry_catalog_or_financial_combination_is_rejected (tests.vnext.test_registered_event_projection.RegisteredEventProjectionTest.test_wrong_registry_catalog_or_financial_combination_is_rejected) ... ok
test_old_contract_rejected_before_save (tests.vnext.test_explicit_e01_company.E01ContractUpdateTest.test_old_contract_rejected_before_save) ... ok
test_scope_marker_and_successor_note_do_not_change_old_projection (tests.vnext.test_explicit_e01_company.E01ContractUpdateTest.test_scope_marker_and_successor_note_do_not_change_old_projection) ... ok
test_default_e01_remains_closed (tests.vnext.test_explicit_e01_company.ExplicitE01CompanyTest.test_default_e01_remains_closed) ... ok
test_explicit_factory_without_year_cannot_start (tests.vnext.test_explicit_e01_company.ExplicitE01CompanyTest.test_explicit_factory_without_year_cannot_start) ... ok
test_old_item_code_result_still_has_no_current_scope (tests.vnext.test_explicit_e01_company.ExplicitE01CompanyTest.test_old_item_code_result_still_has_no_current_scope) ... ok
test_selected_per_metric_factory_reaches_existing_controller (tests.vnext.test_explicit_e01_company.ExplicitE01CompanyTest.test_selected_per_metric_factory_reaches_existing_controller) ... ok
test_successor_withheld_can_be_read_without_legacy_scope_credit (tests.vnext.test_explicit_e01_company.ExplicitE01CompanyTest.test_successor_withheld_can_be_read_without_legacy_scope_credit) ... ok
test_declared_dependencies_include_the_used_event_and_amendment_rules (tests.vnext.test_historical_e01_company_case.HistoricalE01CompanyCaseTest.test_declared_dependencies_include_the_used_event_and_amendment_rules) ... ok
test_display_summary_keeps_amendment_conclusion_and_full_evidence_separate (tests.vnext.test_historical_e01_company_case.HistoricalE01CompanyCaseTest.test_display_summary_keeps_amendment_conclusion_and_full_evidence_separate) ... ok
test_missing_declared_attachment_has_exact_dependency_and_no_answer_reuse (tests.vnext.test_historical_e01_company_case.HistoricalE01CompanyCaseTest.test_missing_declared_attachment_has_exact_dependency_and_no_answer_reuse) ... ok
test_no_matching_response_is_whole_window_withheld_not_old_item_count (tests.vnext.test_historical_e01_company_case.HistoricalE01CompanyCaseTest.test_no_matching_response_is_whole_window_withheld_not_old_item_count) ... ok
test_saved_attachment_changes_request_contract_but_not_into_model_success (tests.vnext.test_historical_e01_company_case.HistoricalE01CompanyCaseTest.test_saved_attachment_changes_request_contract_but_not_into_model_success) ... ok
test_source_error_is_not_no_candidate_or_zero (tests.vnext.test_historical_e01_company_case.HistoricalE01CompanyCaseTest.test_source_error_is_not_no_candidate_or_zero) ... ok
test_successor_cannot_borrow_the_other_event_familys_wide_window (tests.vnext.test_historical_e01_company_case.HistoricalE01CompanyCaseTest.test_successor_cannot_borrow_the_other_event_familys_wide_window) ... ok
test_wrong_family_refuses_before_source_selection (tests.vnext.test_historical_e01_company_case.HistoricalE01CompanyCaseTest.test_wrong_family_refuses_before_source_selection) ... ok
test_zero_requires_the_successful_complete_candidate_walk (tests.vnext.test_historical_e01_company_case.HistoricalE01ZeroCandidateTest.test_zero_requires_the_successful_complete_candidate_walk) ... ok
test_absent_and_unrelated_declared_sources_do_not_silently_disappear (tests.vnext.test_historical_e01_incorporated_input.IncorporatedE01InputTest.test_absent_and_unrelated_declared_sources_do_not_silently_disappear) ... ok
test_changed_attachment_changes_input_without_changing_parent (tests.vnext.test_historical_e01_incorporated_input.IncorporatedE01InputTest.test_changed_attachment_changes_input_without_changing_parent) ... ok
test_complete_checked_answer_counts_once_without_semantic_credit (tests.vnext.test_historical_e01_incorporated_input.IncorporatedE01InputTest.test_complete_checked_answer_counts_once_without_semantic_credit) ... ok
test_complete_pool_and_parent_texts_are_unchanged (tests.vnext.test_historical_e01_incorporated_input.IncorporatedE01InputTest.test_complete_pool_and_parent_texts_are_unchanged) ... ok
test_each_item_and_field_type_are_checked (tests.vnext.test_historical_e01_incorporated_input.IncorporatedE01InputTest.test_each_item_and_field_type_are_checked) ... ok
test_long_real_quote_reports_length_not_missing_source (tests.vnext.test_historical_e01_incorporated_input.IncorporatedE01InputTest.test_long_real_quote_reports_length_not_missing_source) ... ok
test_old_validator_does_not_accept_successor_output (tests.vnext.test_historical_e01_incorporated_input.IncorporatedE01InputTest.test_old_validator_does_not_accept_successor_output) ... ok
test_one_unresolved_item_withholds_the_complete_window_count (tests.vnext.test_historical_e01_incorporated_input.IncorporatedE01InputTest.test_one_unresolved_item_withholds_the_complete_window_count) ... ok
test_other_items_source_and_invented_quotes_refuse (tests.vnext.test_historical_e01_incorporated_input.IncorporatedE01InputTest.test_other_items_source_and_invented_quotes_refuse) ... ok
test_positive_and_unresolved_decisions_remain_distinct (tests.vnext.test_historical_e01_incorporated_input.IncorporatedE01InputTest.test_positive_and_unresolved_decisions_remain_distinct) ... ok
test_quotes_can_use_the_same_items_separate_attachment (tests.vnext.test_historical_e01_incorporated_input.IncorporatedE01InputTest.test_quotes_can_use_the_same_items_separate_attachment) ... ok
test_a_quote_from_another_item_is_refused (tests.vnext.test_historical_ma_confirmation.TheAnswerIsHeldToItsForm.test_a_quote_from_another_item_is_refused) ... ok
test_a_quote_not_in_the_item_is_refused (tests.vnext.test_historical_ma_confirmation.TheAnswerIsHeldToItsForm.test_a_quote_not_in_the_item_is_refused) ... ok
test_a_quote_too_short_or_too_long_is_refused (tests.vnext.test_historical_ma_confirmation.TheAnswerIsHeldToItsForm.test_a_quote_too_short_or_too_long_is_refused) ... ok
test_a_well_formed_answer_is_read (tests.vnext.test_historical_ma_confirmation.TheAnswerIsHeldToItsForm.test_a_well_formed_answer_is_read) ... ok
test_an_unknown_decision_is_refused (tests.vnext.test_historical_ma_confirmation.TheAnswerIsHeldToItsForm.test_an_unknown_decision_is_refused) ... ok
test_every_item_is_answered_exactly_once (tests.vnext.test_historical_ma_confirmation.TheAnswerIsHeldToItsForm.test_every_item_is_answered_exactly_once) ... ok
test_extra_keys_and_non_json_are_refused (tests.vnext.test_historical_ma_confirmation.TheAnswerIsHeldToItsForm.test_extra_keys_and_non_json_are_refused) ... ok
test_an_item_its_text_does_not_settle_withholds_the_window (tests.vnext.test_historical_ma_confirmation.TheCountIsWhatWasConfirmed.test_an_item_its_text_does_not_settle_withholds_the_window) ... ok
test_the_count_is_the_confirmed_items (tests.vnext.test_historical_ma_confirmation.TheCountIsWhatWasConfirmed.test_the_count_is_the_confirmed_items) ... ok
test_a_changed_text_is_a_different_request (tests.vnext.test_historical_ma_confirmation.TheRequestIsTheItemsTextsAndTheDefinition.test_a_changed_text_is_a_different_request) ... ok
test_a_text_that_is_not_the_one_hashed_is_refused (tests.vnext.test_historical_ma_confirmation.TheRequestIsTheItemsTextsAndTheDefinition.test_a_text_that_is_not_the_one_hashed_is_refused) ... ok
test_no_candidate_is_no_request (tests.vnext.test_historical_ma_confirmation.TheRequestIsTheItemsTextsAndTheDefinition.test_no_candidate_is_no_request) ... ok
test_the_request_holds_each_item_text_bound_by_its_hash (tests.vnext.test_historical_ma_confirmation.TheRequestIsTheItemsTextsAndTheDefinition.test_the_request_holds_each_item_text_bound_by_its_hash) ... ok

----------------------------------------------------------------------
Ran 53 tests in 0.130s

OK
{"allowed_skips": 0, "errors": 0, "failures": 0, "run": 53, "skip_reasons": [], "skipped": 0, "tests": ["tests.vnext.test_selected_event_source_v1", "tests.vnext.test_registered_event_projection", "tests.vnext.test_explicit_e01_company", "tests.vnext.test_historical_e01_company_case", "tests.vnext.test_historical_e01_incorporated_input", "tests.vnext.test_historical_ma_confirmation"]}
