marriott_international first 0 20.603857999900356
marriott_international repeat 0 1.9202533750794828
marriott_international cold-read 0 0.5330486251041293
southwest_airlines first 0 25.63348608301021
southwest_airlines repeat 0 2.0191515828482807
southwest_airlines cold-read 0 0.52193733304739
ford_motor_company first 0 35.38083745818585
ford_motor_company repeat 0 2.000018500024453
ford_motor_company cold-read 0 0.5517313329037279
pfizer first 0 37.054641583934426
pfizer repeat 0 2.1365204169414937
pfizer cold-read 0 0.5574067500419915
jpmorgan_chase first 0 180.33524624980055
jpmorgan_chase repeat 0 9.27418112498708
jpmorgan_chase cold-read 0 0.5551343329716474
lumen_technologies first 0 27.25114316609688
lumen_technologies repeat 0 1.978340292116627
lumen_technologies cold-read 0 0.5196395420935005
macys first 0 30.423397541977465
macys repeat 0 1.9930352920200676
macys cold-read 0 0.5668040418531746
paramount_skydance_paramount_global first 0 33.81926695792936
paramount_skydance_paramount_global repeat 0 2.33943266607821
paramount_skydance_paramount_global cold-read 0 0.5504865830298513
enphase_energy first 0 24.705109416972846
enphase_energy repeat 0 1.9375967502128333
enphase_energy cold-read 0 0.5284983329474926
