======================================================================
ERROR: test_recorded_capture_failure_isolation_native_http_and_checkpoint_binding (tests.vnext.test_continuous_sec_acquisition.ContinuousSecAcquisitionTest.test_recorded_capture_failure_isolation_native_http_and_checkpoint_binding)
----------------------------------------------------------------------
Traceback (most recent call last):
  File "/Users/lyuhongwang/Developer/SEC_metrics/scripts/vnext/requirements.py", line 823, in load_run_requirement_snapshot
    validate_execution_authority(repo_root=repo_root, requirement=requirement)
    ~~~~~~~~~~~~~~~~~~~~~~~~~~~~^^^^^^^^^^^^^^^^^^^^^^^^^^^^^^^^^^^^^^^^^^^^^^
  File "/Users/lyuhongwang/Developer/SEC_metrics/scripts/vnext/requirement_profile_v1.py", line 2014, in validate_execution_authority
    raise RequirementProfileError(
        "Successor execution authority bytes differ: " + relative
    )
vnext.requirement_profile_v1.RequirementProfileError: Successor execution authority bytes differ: scripts/vnext/continuous_call_ledger.py

The above exception was the direct cause of the following exception:

Traceback (most recent call last):
  File "/Users/lyuhongwang/Developer/SEC_metrics/scripts/vnext/run_store.py", line 1353, in _verify_repository_bindings
    requirement = load_run_requirement_snapshot(
        repo_root=repo_root,
    ...<5 lines>...
        record_type=str(manifest["record_type"]),
    )
  File "/Users/lyuhongwang/Developer/SEC_metrics/scripts/vnext/requirements.py", line 825, in load_run_requirement_snapshot
    raise RequirementError(
        "Run explicit Requirement identity differs"
    ) from error
vnext.requirements.RequirementError: Run explicit Requirement identity differs

The above exception was the direct cause of the following exception:

Traceback (most recent call last):
  File "/Users/lyuhongwang/Developer/SEC_metrics/tests/vnext/test_continuous_sec_acquisition.py", line 112, in test_recorded_capture_failure_isolation_native_http_and_checkpoint_binding
    native=create_normal_run(data_root=native_data,run_dir=native_run,company_id='jpmorgan_chase',metric_id='A08')
  File "/Users/lyuhongwang/Developer/SEC_metrics/scripts/vnext/normal_run_v3.py", line 286, in create_normal_run
    return _create_case_run(data_root=data_root,run_dir=run_dir,company_id=company_id,metric_id=metric_id,
                            case=case,requirement=requirement,freeze=freeze)
  File "/Users/lyuhongwang/Developer/SEC_metrics/scripts/vnext/normal_run_v3.py", line 339, in _create_case_run
    manifest,stored,_ = _mechanically_replay_open_run(run_dir=run_dir,repo_root=data_root,require_complete_results=True)
                        ~~~~~~~~~~~~~~~~~~~~~~~~~~~~~^^^^^^^^^^^^^^^^^^^^^^^^^^^^^^^^^^^^^^^^^^^^^^^^^^^^^^^^^^^^^^^^^^^
  File "/Users/lyuhongwang/Developer/SEC_metrics/scripts/vnext/run_store.py", line 3477, in _mechanically_replay_open_run
    _verify_repository_bindings(
    ~~~~~~~~~~~~~~~~~~~~~~~~~~~^
        repo_root=repo_root,
        ^^^^^^^^^^^^^^^^^^^^
    ...<3 lines>...
        r4_replay_context=r4_replay_context,
        ^^^^^^^^^^^^^^^^^^^^^^^^^^^^^^^^^^^^
    )
    ^
  File "/Users/lyuhongwang/Developer/SEC_metrics/scripts/vnext/run_store.py", line 1363, in _verify_repository_bindings
    raise RunStoreError("Run Requirement Snapshot is invalid") from error
vnext.run_store.RunStoreError: Run Requirement Snapshot is invalid

----------------------------------------------------------------------
Ran 1 test in 57.818s

FAILED (errors=1)
SEC retry exhausted for https://data.sec.gov/submissions/CIK0000019617.json; status=503; error=HTTP Error 503: RECORDED
