Traceback (most recent call last):
  File "/tmp/sec_metrics_issue28_continuous/native-index-independent-review/helper-review.py", line 51, in <module>
    bad=deepcopy(response);bad['units'][0]['unit_index']=value;check(metric,label,r,bad,'REJECTED')
                                                               ~~~~~^^^^^^^^^^^^^^^^^^^^^^^^^^^^^^^
  File "/tmp/sec_metrics_issue28_continuous/native-index-independent-review/helper-review.py", line 33, in check
    raw=canonical_json_bytes(value=response)
  File "/Users/lyuhongwang/Developer/SEC_metrics/scripts/vnext/canonical.py", line 415, in canonical_json_bytes
    normalized = _canonicalize(value=value, path=(), set_paths=set_paths)
  File "/Users/lyuhongwang/Developer/SEC_metrics/scripts/vnext/canonical.py", line 365, in _canonicalize
    output[key] = _canonicalize(
                  ~~~~~~~~~~~~~^
        value=item, path=path + (key,), set_paths=set_paths,
        ^^^^^^^^^^^^^^^^^^^^^^^^^^^^^^^^^^^^^^^^^^^^^^^^^^^^
    )
    ^
  File "/Users/lyuhongwang/Developer/SEC_metrics/scripts/vnext/canonical.py", line 371, in _canonicalize
    _canonicalize(value=item, path=path + ("*",), set_paths=set_paths,)
    ~~~~~~~~~~~~~^^^^^^^^^^^^^^^^^^^^^^^^^^^^^^^^^^^^^^^^^^^^^^^^^^^^^^
  File "/Users/lyuhongwang/Developer/SEC_metrics/scripts/vnext/canonical.py", line 365, in _canonicalize
    output[key] = _canonicalize(
                  ~~~~~~~~~~~~~^
        value=item, path=path + (key,), set_paths=set_paths,
        ^^^^^^^^^^^^^^^^^^^^^^^^^^^^^^^^^^^^^^^^^^^^^^^^^^^^
    )
    ^
  File "/Users/lyuhongwang/Developer/SEC_metrics/scripts/vnext/canonical.py", line 350, in _canonicalize
    raise CanonicalError("Binary float is forbidden; use Decimal")
vnext.canonical.CanonicalError: Binary float is forbidden; use Decimal
