{
  "verified_utc": "2026-10-03T15:58:25.419278+00:00",
  "checks": {
    "response_schema": "PASS",
    "response_write_count": 1,
    "unchanged_response_sha256": "PASS",
    "visible_reading_log_roundtrip": "PASS",
    "visible_rows": 1965,
    "findings": 0,
    "scope_current_involvement": "UNRESOLVED"
  },
  "response_sha256": "4c24f03776778e9b47a588e0f5b445062152f763ae1cea9e0abc587d7e9b9cab",
  "all_output_files": [
    {
      "name": "conclusion.md",
      "bytes": 4502,
      "sha256": "943a10042d9cae42918ec052d1e7c6c219debd168e9dc1289fc5392a2af398c0"
    },
    {
      "name": "execution-reading.log",
      "bytes": 6631,
      "sha256": "20eb54039d3779c2ed2c0f055535b5af7d56af7a32a8ddfe472759c7106b653f"
    },
    {
      "name": "native-object-0-chars-0.log",
      "bytes": 18000,
      "sha256": "80f5e10d61a1ddf25de8b1c35bc3caaa475741db797229b7d5931e24974c4cc5"
    },
    {
      "name": "native-object-0-chars-18000.log",
      "bytes": 18000,
      "sha256": "13c036fe9f9160424e9bb0f2c956bb83d1f6979c8cd08e722804dab228544aef"
    },
    {
      "name": "native-object-0-chars-36000.log",
      "bytes": 14531,
      "sha256": "4ebe7874937bcf270f5ab77c016bf9edf746163be13050f32120b18a00aea368"
    },
    {
      "name": "native-object-1-chars-0.log",
      "bytes": 15172,
      "sha256": "aee828fb465d743e1c52fe521b390429c7128ca131cb70bc61db2667ad077ae2"
    },
    {
      "name": "native-object-2-chars-0.log",
      "bytes": 8439,
      "sha256": "51f0b6ff58217e99f76ca663332dee347d0fb85724d7d2ffbc0f3fa856d851be"
    },
    {
      "name": "native-object-3-chars-0.log",
      "bytes": 461,
      "sha256": "d833fa9fd67157ce653b884792fcf08af08fdf502dda743711dedaaeae02da2e"
    },
    {
      "name": "response.log",
      "bytes": 811,
      "sha256": "4c24f03776778e9b47a588e0f5b445062152f763ae1cea9e0abc587d7e9b9cab"
    },
    {
      "name": "restoration-check.log",
      "bytes": 1865,
      "sha256": "1518ee57d6386d6cd39293520f7fc795d08b46a675589c3a4cf8bbdac348974c"
    },
    {
      "name": "visible-reading-manifest.log",
      "bytes": 3153,
      "sha256": "a9cfcd301d433aa59901cf4bce786b165be7e6030517ca8b3db39b135ffbe008"
    },
    {
      "name": "visible-rows-chunk-00.log",
      "bytes": 24136,
      "sha256": "a4cf2ef30a391fd83b4aba415dccce5c02dd50f87f2cebacee526ae47eb1a47e"
    },
    {
      "name": "visible-rows-chunk-01.log",
      "bytes": 23617,
      "sha256": "851b0a5af27c62c1f09b2bbfc1475ac596bea1a4506c7f8f10c66e477e427f73"
    },
    {
      "name": "visible-rows-chunk-02.log",
      "bytes": 23379,
      "sha256": "58d1c639b7b07d01d22e59b0c2b651713091210fb5c13aad8979c52fe53454f0"
    },
    {
      "name": "visible-rows-chunk-03.log",
      "bytes": 23795,
      "sha256": "8efd9b1ba66223ee52b1a2ee806a0ae3f22868217addbcea8dbce55fab9298cf"
    },
    {
      "name": "visible-rows-chunk-04.log",
      "bytes": 24092,
      "sha256": "8c2a8359181d55ba79f5c9e3d0c04e3363778b1d0e33e287ef366ec17e9cb845"
    },
    {
      "name": "visible-rows-chunk-05.log",
      "bytes": 24053,
      "sha256": "839b07557bd1caa73ef321833bb9a46f973920545084a659d605f6c3eb06fc90"
    },
    {
      "name": "visible-rows-chunk-06.log",
      "bytes": 24098,
      "sha256": "34b41d1d7b53b1b646f6f91c2ec3bc000c764e5d35687fc08cbde06e5472d828"
    },
    {
      "name": "visible-rows-chunk-07.log",
      "bytes": 23562,
      "sha256": "22dd724ace9dfbabde6d4ff5fa9d22f0b388f1a72fae763c4ba427454f45d3a7"
    },
    {
      "name": "visible-rows-chunk-08.log",
      "bytes": 23339,
      "sha256": "caa8717bfa380e7529f7e5bcd9d14305622d5e4baed2c0ad5b9565a33a685455"
    },
    {
      "name": "visible-rows-chunk-09.log",
      "bytes": 23984,
      "sha256": "093aaca38c2c7054752a5b04633f3fd5000e319b3cb6b79641cd1fecc3c0cc9b"
    },
    {
      "name": "visible-rows-chunk-10.log",
      "bytes": 24101,
      "sha256": "2ba401078addaf0f0545f9a169a266c0ca87f9fc830932a185295a9acd88d35f"
    },
    {
      "name": "visible-rows-chunk-11.log",
      "bytes": 24057,
      "sha256": "b2684972df36194aeb4b5b34b8b794f02d28d2a0c5070e97ee2b6fdda73dfc41"
    },
    {
      "name": "visible-rows-chunk-12.log",
      "bytes": 23937,
      "sha256": "7e9c75ff126f895fd5bee75de66a564d8e4af8f2720c950e58e61869b04db58c"
    },
    {
      "name": "visible-rows-chunk-13.log",
      "bytes": 1853,
      "sha256": "006675bbc5a471af19a2d9be0eff2fc38671bbeb6d1855e8937b835acf0a828d"
    }
  ]
}
