522 [522,false,"$185.78 2.3 %69.0 %(0.4)%pts.$269.36 2.9 %"]
523 [523,false,"Europe$236.81 3.1 %72.8 %2.1 %pts.$325.42 0.1 %"]
524 [524,false,"Middle East & Africa$142.33 9.8 %70.4 %2.2 %pts.$202.26 6.3 %"]
525 [525,false,"Greater China$82.87 0.4 %68.5 %0.6 %pts.$121.05 (0.5)%"]
526 [526,false,"Asia Pacific excluding China$130.17 8.0 %71.4 %1.3 %pts.$182.35 6.0 %"]
527 [527,false,"Caribbean & Latin America$196.90 5.5 %66.3 %0.2 %pts.$296.77 5.1 %"]
528 [528,false,"International - All (1)"]
529 [529,false,"$127.93 5.2 %69.9 %1.2 %pts.$183.05 3.4 %"]
530 [530,false,"Worldwide (2)"]
531 [531,false,"$151.41 3.7 %69.5 %0.6 %pts.$217.80 2.9 %"]
532 [532,false,"Comparable Systemwide Properties"]
533 [533,false,"U.S. & Canada"]
534 [534,false,"$132.35 0.7 %69.5 %(0.6)%pts.$190.33 1.5 %"]
535 [535,false,"Europe$160.65 3.3 %71.3 %1.7 %pts.$225.44 0.8 %"]
536 [536,false,"Middle East & Africa$131.32 10.4 %69.7 %2.0 %pts.$188.33 7.2 %"]
537 [537,false,"Greater China$76.53 0.4 %67.0 %0.4 %pts.$114.20 (0.2)%"]
538 [538,false,"Asia Pacific excluding China$133.12 8.4 %72.2 %1.5 %pts.$184.36 6.2 %"]
539 [539,false,"Caribbean & Latin America$126.14 4.3 %63.1 %0.1 %pts.$199.85 4.2 %"]
540 [540,false,"International - All (1)"]
541 [541,false,"$121.75 5.1 %68.9 %1.1 %pts.$176.73 3.4 %"]
542 [542,false,"Worldwide (2)"]
543 [543,false,"$128.80 2.0 %69.3 %— %pts.$185.81 2.1 %"]
544 [544,false,"(1)Includes Europe, Middle East & Africa, Greater China, Asia Pacific excluding China, and Caribbean & Latin America."]
545 [545,false,"(2)Includes U.S. & Canada and International - All."]
546 [546,false,"CONSOLIDATED RESULTS"]
547 [547,false,"The discussion below presents an analysis of our consolidated results of operations for 2025 compared to 2024. Also see the “Business Trends” section above for further discussion. In the 2025 fourth quarter, we reclassified amounts attributable to other expenses previously reported under the “General, administrative, and other” caption to the “Owned, leased, and other expense” caption of our Income Statements. See Note 1 for further information."]
548 [548,false,"Fee Revenues"]
549 [549,false,"($ in millions)"]
550 [550,false,"20252024Change 2025 vs. 2024"]
551 [551,false,"Franchise fees$3,325 $3,113 $212 7 %"]
552 [552,false,"Base management fees1,322 1,288 34 3 %"]
553 [553,false,"Incentive management fees791 769 22 3 %"]
554 [554,false,"Gross fee revenues5,438 5,170 268 5 %"]
555 [555,false,"Contract investment amortization(135)(103)(32)(31)%"]
556 [556,false,"Net fee revenues$5,303 $5,067 $236 5 %"]
557 [557,false,"The increase in franchise fees primarily reflected higher co-branded credit card and other brand-related fees ($105 million) as well as rooms growth ($94 million)."]
558 [558,false,"The increase in base management fees primarily reflected higher RevPAR as well as rooms growth ($25 million)."]
559 [559,false,"The increase in incentive management fees primarily reflected higher profits at managed hotels. In both 2025 and 2024, we earned incentive management fees from 69 percent of our managed hotels worldwide. We earned incentive management fees from 32 percent of our U.S. & Canada managed hotels and 85 percent of our International managed hotels in 2025, compared to 31 percent in U.S. & Canada and 85 percent in International in 2024. In addition, in both 2025 and 2024, 67 percent of our total incentive management fees came from our International managed hotels, primarily in EMEA and APEC."]
560 [560,false,"24"]
561 [561,false,"Table of Contents"]
562 [562,false,"Owned, Leased, and Other"]
563 [563,false,"($ in millions)"]
564 [564,false,"20252024Change 2025 vs. 2024"]
565 [565,false,"Owned, leased, and other revenue$1,679 $1,551 $128 8 %"]
566 [566,false,"Owned, leased, and other expense"]
567 [567,false,"1,461 1,329 132 10 %"]
568 [568,false,"Owned, leased, and other revenue, net of owned, leased, and other expense"]
569 [569,false,"$218 $222 $(4)(2)%"]
570 [570,false,"Owned, leased, and other revenue, net of owned, leased, and other expense, decreased primarily due to expenses related to the termination of our licensing agreement with Sonder Holdings Inc. ($23 million), partially offset by stronger results at our owned and leased properties in the U.S. & Canada, which included the results from the Sheraton Grand Chicago hotel that we acquired in the fourth quarter of the prior year."]
571 [571,false,"Cost Reimbursements"]
572 [572,false,"($ in millions)"]
573 [573,false,"20252024Change 2025 vs. 2024"]
574 [574,false,"Cost reimbursement revenue$19,204 $18,482 $722 4 %"]
575 [575,false,"Reimbursed expenses19,503 18,799 704 4 %"]
576 [576,false,"Cost reimbursements, net$(299)$(317)$18 6 %"]
577 [577,false,"Cost reimbursements, net (cost reimbursement revenue, net of reimbursed expenses) varies due to timing differences between the costs we incur for centralized programs and services and the related reimbursements we receive from hotel owners and certain other counterparties. Over the long term, our centralized programs and services are not designed to impact our economics, either positively or negatively. See Note 2 for more information about the accounting for cost reimbursements, including our Loyalty Program."]
578 [578,false,"The change in cost reimbursements, net primarily reflected higher Loyalty Program revenues, partially offset by higher expenses, net of revenues, for many of our programs and services."]
579 [579,false,"Other Operating Expenses"]
580 [580,false,"($ in millions)"]
581 [581,false,"20252024Change 2025 vs. 2024"]
582 [582,false,"Depreciation, amortization, and other$213 $183 $30 16 %"]
583 [583,false,"General and administrative"]
584 [584,false,"870 945 (75)(8)%"]
585 [585,false,"Restructuring and merger-related (recoveries) charges, and other(2)77 (79)(103)%"]
586 [586,false,"General and administrative expenses decreased primarily due to lower compensation costs ($39 million)."]
587 [587,false,"Restructuring and merger-related (recoveries) charges, and other expenses changed primarily due to insurance recoveries related to the Data Security Incident discussed in Note 7 ($47 million), lower restructuring charges for employee termination benefits ($34 million), and a prior year reserve for a loan commitment related to the Company’s acquisition of Starwood ($30 million)."]
588 [588,false,"Non-Operating Income (Expense)"]
589 [589,false,"($ in millions)"]
590 [590,false,"20252024Change 2025 vs. 2024"]
591 [591,false,"Gains and other income, net$9 $31 $(22)(71)%"]
592 [592,false,"Interest expense(809)(695)(114)(16)%"]
593 [593,false,"Interest income42 40 2 5 %"]
594 [594,false,"Equity in earnings"]
595 [595,false,"11 8 3 38 %"]
596 [596,false,"Interest expense increased primarily due to higher debt balances driven by Senior Notes issuances, net of maturities ($129 million)."]
597 [597,false,"25"]
598 [598,false,"Table of Contents"]
599 [599,false,"Income Taxes"]
600 [600,false,"($ in millions)"]
601 [601,false,"20252024Change 2025 vs. 2024"]
602 [602,false,"Provision for income taxes"]
603 [603,false,"$(793)$(776)$(17)(2)%"]
604 [604,false,"Our tax provision increased primarily due to higher non-U.S. taxes mainly from increased tax rates ($90 million) and higher pre-tax income ($62 million), partially offset by the current year release of tax reserves ($137 million)."]
605 [605,false,"BUSINESS SEGMENTS"]
606 [606,false,"The following discussion presents an analysis of the operating results of our reportable business segments for 2025 compared to 2024. Also see the “Business Trends” section above for further discussion."]
607 [607,false,"($ in millions)"]
608 [608,false,"20252024Change 2025 vs. 2024"]
609 [609,false,"U.S. & Canada"]
610 [610,false,"Segment net fee revenues"]
611 [611,false,"$2,921 $2,875 $46 2 %"]
612 [612,false,"Segment profit2,679 2,640 39 1 %"]
613 [613,false,"EMEA"]
614 [614,false,"Segment net fee revenues"]
615 [615,false,"621 575 46 8 %"]
616 [616,false,"Segment profit525 512 13 3 %"]
617 [617,false,"Greater China"]
618 [618,false,"Segment net fee revenues"]
619 [619,false,"260 249 11 4 %"]
620 [620,false,"Segment profit185 186 (1)(1)%"]
621 [621,false,"APEC"]
622 [622,false,"Segment net fee revenues"]
623 [623,false,"370 340 30 9 %"]
624 [624,false,"Segment profit301 280 21 8 %"]
625 [625,false,"PropertiesRooms"]
626 [626,false,"December 31, 2025December 31, 2024vs. December 31, 2024December 31, 2025December 31, 2024vs. December 31, 2024"]
627 [627,false,"U.S. & Canada"]
628 [628,false,"6,360 6,235 125 2 %1,065,108 1,043,224 21,884 2 %"]
629 [629,false,"EMEA1,385 1,295 90 7 %252,257 234,167 18,090 8 %"]
630 [630,false,"Greater China684 589 95 16 %188,596 172,388 16,208 9 %"]
631 [631,false,"APEC733 629 104 17 %157,326 143,177 14,149 10 %"]
632 [632,false,"In 2025, segment net fee revenues grew in the U.S. & Canada, EMEA, and APEC compared to 2024, primarily driven by rooms growth and higher RevPAR (see the Lodging Statistics and Properties and Rooms tables above for more information)."]
633 [633,false,"Additionally, U.S. & Canada segment profit reflected higher owned, leased, and other revenue, net of owned, leased, and other expense ($56 million), partially offset by lower cost reimbursement revenue, net of reimbursed expenses ($34 million). Owned, leased, and other revenue, net of owned, leased, and other expense increased primarily due to stronger results at our owned and leased properties, which included the results from the Sheraton Grand Chicago hotel that we acquired in the fourth quarter of the prior year."]
634 [634,false,"LIQUIDITY AND CAPITAL RESOURCES"]
635 [635,false,"Our Credit Facility"]
636 [636,false,"We are party to a $4.5 billion multicurrency revolving credit agreement (as amended, the “Credit Facility”). Available borrowings under the Credit Facility support our commercial paper program and general corporate needs. U.S. dollar borrowings under the Credit Facility bear interest at SOFR (the Secured Overnight Financing Rate) plus a spread based on our public debt rating. We also pay quarterly fees on the Credit Facility at a rate based on our public debt rating. We classify outstanding borrowings under the Credit Facility and outstanding commercial paper borrowings (which generally have short-term maturities of 45 days or less) as long-term based on our ability and intent to refinance the outstanding borrowings on a long-term basis. The Credit Facility expires on December 14, 2027."]
637 [637,false,"The Credit Facility contains certain covenants, including a single financial covenant that limits our maximum leverage (consisting of the ratio of Adjusted Total Debt to EBITDA, each as defined in the Credit Facility) to not more than 4.5 to 1.0. Our outstanding public debt does not contain a corresponding financial covenant or a requirement that we maintain certain"]
638 [638,false,"26"]
639 [639,false,"Table of Contents"]
640 [640,false,"financial ratios. We currently satisfy the covenants in our Credit Facility and public debt instruments, including the leverage covenant under the Credit Facility, and do not expect the covenants will restrict our ability to meet our anticipated borrowing and liquidity needs."]
641 [641,false,"We monitor the status of the capital markets and regularly evaluate the effect that changes in capital market conditions may have on our ability to fund our liquidity needs. We believe the Credit Facility, and our access to capital markets, together with cash we expect to generate from operations, remain adequate to meet our liquidity requirements over the next 12 months and thereafter for the foreseeable future."]
642 [642,false,"Commercial Paper"]
643 [643,false,"We issue commercial paper in the U.S. Because we do not have purchase commitments from buyers for our commercial paper, our ability to issue commercial paper is subject to market demand. We do not expect that fluctuations in the demand for commercial paper will affect our liquidity, given our borrowing capacity under the Credit Facility and access to capital markets."]
644 [644,false,"Cash from Operations"]
645 [645,false,"Net cash provided by operating activities increased by $463 million in 2025 compared to 2024. The increase reflected a cash outflow in the prior year of $300 million in the “Restructuring and merger-related (recoveries) charges, and other” caption of our Statements of Cash Flows for the settlement of the guarantee liability associated with the purchase of the Sheraton Grand Chicago."]
646 [646,false,"Our ratio of current assets to current liabilities was 0.4 to 1.0 at both year-end 2025 and year-end 2024. We have significant borrowing capacity under our Credit Facility should we need additional working capital."]
647 [647,false,"Investing Activities Cash Flows"]
648 [648,false,"Capital Expenditures and Other Investments. We made capital and technology expenditures of $604 million in 2025 and $750 million in 2024. Capital and technology expenditures in 2025 decreased by $146 million compared to 2024, primarily due to approximately $200 million of spending related to the Sheraton Grand Chicago capitalized assets in 2024. In 2025, we also had cash outflows of $350 million due to the citizenM brand acquisition, which we discuss in Note 3."]
649 [649,false,"We expect capital expenditures and other investments will total approximately $1.0 billion to $1.1 billion for 2026, including capital and technology expenditures, loan advances, contract acquisition costs, and other investing activities, but excluding any potential property or brand acquisitions, which we cannot forecast with sufficient accuracy and which may be significant. Our anticipated capital and technology expenditures include higher than typical spending on our worldwide technology systems transformation, the overwhelming portion of which we expect to be reimbursed over time, and renovations of hotels in our owned and leased portfolio."]
650 [650,false,"Over time, we have sold lodging properties, both completed and under development, generally subject to long-term management agreements. Our ability to attract third-party purchasers, and their ability to raise the debt and equity capital necessary to acquire such properties, depends in part on the perceived risks in the lodging industry and other constraints inherent in the capital markets. We monitor the status of the capital markets and regularly evaluate the potential impact of changes in capital market conditions on our business operations. We have made, and expect to continue making, selective and opportunistic investments to add units to our lodging business, which may include property acquisitions and renovations, new construction, loans, guarantees, and equity investments. Over time, we seek to minimize capital invested in our business through asset sales subject to long-term management or franchise agreements."]
651 [651,false,"Financing Activities Cash Flows"]
652 [652,false,"Debt. Debt increased by $1,757 million in 2025, to $16,204 million at year-end 2025 from $14,447 million at year-end 2024, primarily due to the issuances of our Series RR Notes and Series SS Notes ($1,960 million) and our Series TT Notes, Series UU Notes, and Series VV Notes ($1,477 million), partially offset by the maturity of our Series P Notes, Series V Notes, and Series EE Notes ($350 million, $318 million, and $600 million, respectively), and net commercial paper repayments ($403 million). See Note 9 for additional information on Senior Notes issuances."]
653 [653,false,"Our long-term financial objectives include maintaining diversified financing sources, optimizing the mix and maturity of our long-term debt, and reducing our working capital. At year-end 2025, including the effect of interest rate swaps, our total long-term debt (current and noncurrent) had a weighted average interest rate of 4.5 percent, a weighted average maturity of approximately 5.4 years, and a ratio of fixed-rate to total long-term debt of 0.9 to 1.0."]
654 [654,false,"27"]
655 [655,false,"Table of Contents"]
656 [656,false,"See the “Our Credit Facility” caption in this “Liquidity and Capital Resources” section for more information on our Credit Facility."]
657 [657,false,"Share Repurchases and Dividends. We repurchased 12.1 million shares of our common stock for $3.3 billion in 2025. Year-to-date through February 6, 2026, we repurchased 1.1 million shares for $350 million. For additional information, see “Market for Registrant’s Common Equity, Related Stockholder Matters, and Issuer Purchases of Equity Securities” in Part II, Item 5."]
658 [658,false,"Our Board declared the following quarterly cash dividends in 2025: (1) $0.63 per share declared on February 13, 2025 and paid on March 31, 2025 to stockholders of record on February 27, 2025; (2) $0.67 per share declared on May 9, 2025 and paid on June 30, 2025 to stockholders of record on May 23, 2025; (3) $0.67 per share declared on August 7, 2025 and paid on September 30, 2025 to stockholders of record on August 21, 2025; and (4) $0.67 per share declared on November 6, 2025 and paid on December 31, 2025 to stockholders of record on November 20, 2025."]
659 [659,false,"We expect to continue to return cash to stockholders through a combination of share repurchases and cash dividends."]
660 [660,false,"Material Cash Requirements"]
661 [661,false,"Our material cash requirements include the following contractual obligations and off-balance sheet arrangements."]
662 [662,false,"•At year-end 2025, we had $16,204 million of debt plus $4,159 million of future interest payments, of which a total of $1,896 million is payable within the next 12 months from year-end 2025. See Note 9 for further information about our long-term debt and Note 8 for further information about our finance leases."]
663 [663,false,"•We enter into operating leases primarily for hotels, offices, and equipment, which are discussed in Note 8."]
664 [664,false,"•The Company had guarantees and letters of credit as of year-end 2025, which are discussed in Note 7. The majority of our remaining guarantee commitments are not expected to be funded within the next 12 months from year-end 2025."]
665 [665,false,"•In connection with the citizenM brand acquisition discussed in Note 3, we may pay earn-out payments up to $110 million to citizenM Holding BV and certain of its affiliates based on the future growth of the brand over a specified, multi-year timeframe. Earn-out payments would not begin until the fourth year following closing of the transaction."]
666 [666,false,"•In the normal course of business, we enter into purchase commitments related to the programs and services that we typically provide to hotel owners, and we incur other obligations to manage the daily operating needs of the hotels that we manage. Since hotel owners are generally responsible for these costs, these obligations are not expected to have a material impact on our net income and cash flow over the long term."]
667 [667,false,"NEW ACCOUNTING STANDARDS"]
668 [668,false,"See Note 2 for information on our anticipated adoption of recently issued accounting standards."]
669 [669,false,"CRITICAL ACCOUNTING POLICIES AND ESTIMATES"]
670 [670,false,"Our preparation of financial statements in accordance with U.S. generally accepted accounting principles (“GAAP”) requires management to make estimates and assumptions that affect reported amounts and related disclosures. Management considers an accounting policy and estimate to be critical if: (1) we must make assumptions that were uncertain when the estimate was made; and (2) changes in the estimate, or selection of a different estimate methodology could have a material effect on our consolidated results of operations or financial condition."]
671 [671,false,"While we believe that our estimates, assumptions, and judgments are reasonable, they are based on information available when the estimate or assumption was made. Actual results may differ significantly. Additionally, changes in our assumptions, estimates or assessments due to unforeseen events or otherwise could have a material impact on our financial position or results of operations."]
672 [672,false,"See Note 2 for further information related to our critical accounting policies and estimates, which are as follows:"]
673 [673,false,"Loyalty Program, including how we estimate the breakage of hotel points, credit card points, and free night certificates, the volume of points and free night certificates that will be issued under our co-branded credit card agreements, the amount of consideration to which we will be entitled under our co-branded credit card agreements, and the stand-alone selling prices of goods and services provided under our co-branded credit card agreements. Changes in these estimates could result in material changes to our liability for guest loyalty program and Loyalty Program"]
674 [674,false,"28"]
675 [675,false,"Table of Contents"]
676 [676,false,"revenue. Based on the conditions existing at December 31, 2025 and holding other factors constant, a one percent decrease in our estimate of the breakage of points could result in an increase in the liability for guest loyalty program of approximately $50 million. The breakage impact may vary significantly depending on the specific Loyalty Program points for which the anticipated breakage changes."]
677 [677,false,"Goodwill, including how we evaluate the fair value of reporting units and when we record an impairment loss on goodwill. Our reporting units are the same as our operating segments. See Note 14 for more information. During the 2025 fourth quarter, we conducted our annual goodwill impairment test, and no impairment charges were recorded. The estimated fair values of all our reporting units significantly exceeded their carrying amounts at the date of their most recent estimated fair value determination."]
678 [678,false,"Intangibles and Long-Lived Assets, including how we evaluate the fair value of intangibles and long-lived assets and when we record impairment losses on intangibles and long-lived assets. During 2025, we evaluated our intangibles and long-lived asset groups for impairment and did not record any material impairment charges. The estimated fair values of all our indefinite-lived intangible assets significantly exceeded their carrying amounts at the date of their most recent estimated fair value determination."]
679 [679,false,"Item 7A. Quantitative and Qualitative Disclosures About Market Risk."]
680 [680,false,"We are exposed to market risk primarily from changes in interest rates and currency exchange rates. We manage our exposure to these risks by monitoring available financing alternatives, through the development and application of credit granting policies, and by entering into derivative arrangements. We do not foresee any significant changes in either our exposure to fluctuations in interest rates or currency rates or how we manage such exposure in the future."]
681 [681,false,"We use derivative instruments, including cash flow hedges, fair value hedges, net investment in non-U.S. operations hedges, and other derivative instruments, as part of our overall strategy to manage our exposure to market risks associated with fluctuations in interest rates and currency exchange rates. We continue to have exposure to such risks to the extent they are not hedged. See Note 2 for more information on derivative instruments. We use forward contracts not designated as hedging instruments to manage currency exchange rate risk associated with certain cash and intercompany loan balances. We intend to offset the gains and losses related to these forward contracts with the gains and losses related to the remeasurement of our cash and intercompany loan balances, such that there is a negligible effect on earnings. We do not consider the fair value or earnings impact of these forward contracts to be material to our consolidated financial statements."]
