1930 [1930,false,"Pursuant to the requirements of the Exchange Act, this Form 10-K has been signed by the following persons on our behalf in the capacities indicated and on the date indicated above."]
1931 [1931,false,"PRINCIPAL EXECUTIVE OFFICER:"]
1932 [1932,false,"/s/Anthony G. Capuano"]
1933 [1933,false,"President, Chief Executive Officer and Director"]
1934 [1934,false,"Anthony G. Capuano"]
1935 [1935,false,"PRINCIPAL FINANCIAL OFFICER:"]
1936 [1936,false,"/s/Kathleen K. ObergChief Financial Officer and Executive Vice President, Development"]
1937 [1937,false,"Kathleen K. Oberg"]
1938 [1938,false,"PRINCIPAL ACCOUNTING OFFICER:"]
1939 [1939,false,"/s/Felitia O. LeeController and Chief Accounting Officer"]
1940 [1940,false,"Felitia O. Lee"]
1941 [1941,false,"DIRECTORS:"]
1942 [1942,false,"/s/David S. Marriott"]
1943 [1943,false,"/s/Aylwin B. Lewis"]
1944 [1944,false,"David S. Marriott, Chairman of the Board"]
1945 [1945,false,"Aylwin B. Lewis, Director"]
1946 [1946,false,"/s/Isabella D. Goren"]
1947 [1947,false,"/s/Margaret M. McCarthy"]
1948 [1948,false,"Isabella D. Goren, Director"]
1949 [1949,false,"Margaret M. McCarthy, Director"]
1950 [1950,false,"/s/Deborah Marriott Harrison"]
1951 [1951,false,"/s/Grant F. Reid"]
1952 [1952,false,"Deborah Marriott Harrison, Director"]
1953 [1953,false,"Grant F. Reid, Director"]
1954 [1954,false,"/s/Frederick A. Henderson"]
1955 [1955,false,"/s/Horacio D. Rozanski"]
1956 [1956,false,"Frederick A. Henderson, Director"]
1957 [1957,false,"Horacio D. Rozanski, Director"]
1958 [1958,false,"/s/Lauren R. Hobart/s/Susan C. Schwab"]
1959 [1959,false,"Lauren R. Hobart, DirectorSusan C. Schwab, Director"]
1960 [1960,false,"/s/Debra L. Lee"]
1961 [1961,false,"/s/Sean C. Tresvant"]
1962 [1962,false,"Debra L. Lee, Director"]
1963 [1963,false,"Sean C. Tresvant, Director"]
1964 [1964,false,"72"]
