[
  {
    "chunk": 0,
    "file": "visible-rows-chunk-00.log",
    "start_row": 0,
    "end_row_exclusive": 292,
    "characters": 23694,
    "sha256": "a4cf2ef30a391fd83b4aba415dccce5c02dd50f87f2cebacee526ae47eb1a47e"
  },
  {
    "chunk": 1,
    "file": "visible-rows-chunk-01.log",
    "start_row": 292,
    "end_row_exclusive": 368,
    "characters": 23540,
    "sha256": "851b0a5af27c62c1f09b2bbfc1475ac596bea1a4506c7f8f10c66e477e427f73"
  },
  {
    "chunk": 2,
    "file": "visible-rows-chunk-02.log",
    "start_row": 368,
    "end_row_exclusive": 398,
    "characters": 23361,
    "sha256": "58d1c639b7b07d01d22e59b0c2b651713091210fb5c13aad8979c52fe53454f0"
  },
  {
    "chunk": 3,
    "file": "visible-rows-chunk-03.log",
    "start_row": 398,
    "end_row_exclusive": 428,
    "characters": 23765,
    "sha256": "8efd9b1ba66223ee52b1a2ee806a0ae3f22868217addbcea8dbce55fab9298cf"
  },
  {
    "chunk": 4,
    "file": "visible-rows-chunk-04.log",
    "start_row": 428,
    "end_row_exclusive": 522,
    "characters": 23972,
    "sha256": "8c2a8359181d55ba79f5c9e3d0c04e3363778b1d0e33e287ef366ec17e9cb845"
  },
  {
    "chunk": 5,
    "file": "visible-rows-chunk-05.log",
    "start_row": 522,
    "end_row_exclusive": 682,
    "characters": 23997,
    "sha256": "839b07557bd1caa73ef321833bb9a46f973920545084a659d605f6c3eb06fc90"
  },
  {
    "chunk": 6,
    "file": "visible-rows-chunk-06.log",
    "start_row": 682,
    "end_row_exclusive": 914,
    "characters": 23996,
    "sha256": "34b41d1d7b53b1b646f6f91c2ec3bc000c764e5d35687fc08cbde06e5472d828"
  },
  {
    "chunk": 7,
    "file": "visible-rows-chunk-07.log",
    "start_row": 914,
    "end_row_exclusive": 1049,
    "characters": 23273,
    "sha256": "22dd724ace9dfbabde6d4ff5fa9d22f0b388f1a72fae763c4ba427454f45d3a7"
  },
  {
    "chunk": 8,
    "file": "visible-rows-chunk-08.log",
    "start_row": 1049,
    "end_row_exclusive": 1111,
    "characters": 23275,
    "sha256": "caa8717bfa380e7529f7e5bcd9d14305622d5e4baed2c0ad5b9565a33a685455"
  },
  {
    "chunk": 9,
    "file": "visible-rows-chunk-09.log",
    "start_row": 1111,
    "end_row_exclusive": 1317,
    "characters": 23912,
    "sha256": "093aaca38c2c7054752a5b04633f3fd5000e319b3cb6b79641cd1fecc3c0cc9b"
  },
  {
    "chunk": 10,
    "file": "visible-rows-chunk-10.log",
    "start_row": 1317,
    "end_row_exclusive": 1562,
    "characters": 23991,
    "sha256": "2ba401078addaf0f0545f9a169a266c0ca87f9fc830932a185295a9acd88d35f"
  },
  {
    "chunk": 11,
    "file": "visible-rows-chunk-11.log",
    "start_row": 1562,
    "end_row_exclusive": 1705,
    "characters": 23929,
    "sha256": "b2684972df36194aeb4b5b34b8b794f02d28d2a0c5070e97ee2b6fdda73dfc41"
  },
  {
    "chunk": 12,
    "file": "visible-rows-chunk-12.log",
    "start_row": 1705,
    "end_row_exclusive": 1930,
    "characters": 23915,
    "sha256": "7e9c75ff126f895fd5bee75de66a564d8e4af8f2720c950e58e61869b04db58c"
  },
  {
    "chunk": 13,
    "file": "visible-rows-chunk-13.log",
    "start_row": 1930,
    "end_row_exclusive": 1965,
    "characters": 1853,
    "sha256": "006675bbc5a471af19a2d9be0eff2fc38671bbeb6d1855e8937b835acf0a828d"
  }
]
