428 [428,false,"Delaware law and our governing corporate documents contain, and our Board of Directors could implement, anti-takeover provisions that could deter takeover attempts. Under the Delaware business combination statute, a stockholder holding 15 percent or more of our outstanding voting stock could not acquire us without our Board of Directors’ consent for at least three years after the date the stockholder first held 15 percent or more of the voting stock. Our governing corporate documents also, among other things, require supermajority votes for mergers and similar transactions. In addition, our Board of Directors could, without stockholder approval, implement other anti-takeover defenses, such as a stockholder rights plan."]
429 [429,false,"Changes in tax law, interpretations of existing tax law, or agreements or disputes with tax authorities could increase our tax costs. Determination of our worldwide provision for income taxes and other tax liabilities requires estimation and significant judgment, including because of the number of countries and territories in which we provide programs and services and the accounting complexity of certain of those programs and services. Applicable domestic and foreign tax authorities audit and review our determinations, and an adverse outcome resulting from any such audit or review could have a material negative effect on our operating results, cash flows, and financial condition. Our tax expenses and liabilities have in the past been and could in the future be affected by changes in tax laws or the interpretation of tax laws in any of the many jurisdictions in which we do business, as well as changes in our business operations."]
430 [430,false,"Item 1B. Unresolved Staff Comments."]
431 [431,false,"None."]
432 [432,false,"Item 1C. Cybersecurity."]
433 [433,false,"Risk Management and Strategy"]
434 [434,false,"We manage risks from cybersecurity threats, as such term is defined in Item 106(a) of Regulation S-K, through our overall enterprise risk management process, which is overseen by our Board. As part of our enterprise risk management process, management has established a global information security program, which encompasses a dedicated team and policies, procedures, and processes for assessing, identifying, and managing risks from cybersecurity threats. These policies, procedures, and processes are informed by recognized frameworks established by the National Institute of Standards and Technology (“NIST”) and the International Organization for Standardization, as well as other relevant standards. Our program is designed to maintain the confidentiality, integrity, security, and availability of the data that is created, collected, stored, and used to operate our business."]
435 [435,false,"We assess, identify, and manage risks from cybersecurity threats through various mechanisms, which from time to time may include tabletop exercises, business unit assessments, control gap analyses, threat modeling, impact analyses, internal audits, external audits, vulnerability scans, penetration tests, and engagement of third parties to conduct analyses of our information security program. We obtain cybersecurity threat intelligence from recognized forums, third parties, and other sources as part of our risk assessment process. We also maintain a risk-based approach for assessing, identifying, and managing risks from cybersecurity threats associated with key third-party service providers, hotel owners, and other companies with whom we do business."]
436 [436,false,"With respect to information security incident response, we maintain a Global Information Security & Privacy Incident Response Plan (“IRP”), which applies to information security incidents involving properties owned, leased, or managed by Marriott, as well as our above-property business locations. Our IRP sets out a coordinated, multi-functional approach for investigating, containing, and mitigating incidents, including reporting findings and keeping senior management and other key stakeholders informed and involved as appropriate."]
437 [437,false,"For properties that are not owned, leased, or managed by Marriott, the franchisees, licensees, or other applicable counterparties are generally responsible for information security at such properties and the systems and business processes related to information security that are under their direction and control. Franchisees and licensees are typically required to comply with Marriott brand standards relating to information security, which include an obligation to report relevant information security incidents to us."]
438 [438,false,"In the 2024 fourth quarter, we reached final resolutions with the FTC and the AG Offices in relation to the Data Security Incident. The resolutions with the FTC and the AG Offices include various long-term requirements relating to our data privacy and information security programs."]
439 [439,false,"19"]
440 [440,false,"Table of Contents"]
441 [441,false,"We do not believe that risks from cybersecurity threats, including as a result of any previous cybersecurity incidents, have materially affected or are reasonably likely to materially affect our overall business strategy, results of operations, or financial condition over the long term. However, there can be no assurance that we, our hotel owners, our third-party service providers, or other companies with whom we or they do business, will not experience a cybersecurity threat or incident in the future that could materially adversely affect our business strategy, results of operations, or financial condition. See the discussion about the Starwood Data Security Incident under the “Litigation, Claims, and Government Investigations” caption in Note 7 to our financial statements, the discussion of the same in Part II, Item 7, “Management’s Discussion and Analysis of Financial Condition and Results of Operations,” and the discussion of cybersecurity risk in Part I, Item 1A, “Risk Factors.”"]
442 [442,false,"Governance"]
443 [443,false,"Our Board has established a Technology and Information Security Oversight Committee (“TISOC”) to assist the Board in providing oversight of matters pertaining to technology platforms and systems, information security, and privacy, including risks from cybersecurity threats; management’s efforts to monitor, provide governance over, and mitigate those risks; significant cybersecurity incidents; and emerging technology and trends, including AI. The TISOC meets at least four times per year and receives reports from our global information security team and other members of management about these matters. The Board’s Audit Committee, which assists the Board in providing oversight of matters pertaining to the Company’s internal control environment, compliance with legal and regulatory requirements, and risk assessment policies and procedures, receives reports regarding information security and technology-related audits conducted by our internal audit department. Risks from cybersecurity threats are also discussed with the full Board as part of regular legal updates and management presentations, the Board’s oversight of enterprise risk management, and periodic education sessions."]
444 [444,false,"To establish, implement, and evaluate our risk management policies and practices with respect to cybersecurity threats, and to facilitate the communication of such matters to the Board, the TISOC, and the Audit Committee, as applicable, we have established a number of management committees, several of which include senior leaders and direct reports of the Company’s President and CEO, that serve as our policymaking and management-level governing bodies with respect to our information security, data privacy, and AI programs; oversee the implementation of our information security, data privacy, and AI risk management strategy; and identify, consider, and escalate information security, data privacy, and AI issues that may arise in our business."]
445 [445,false,"Our global information security team led by our Chief Information Security Officer (“CISO”) works in coordination with these management committees and other cross-functional teams and is principally responsible for overseeing our information security strategy, working collaboratively with business leaders across the organization to assess, identify, and manage risks from cybersecurity threats, and to address cybersecurity incidents when they arise. Our information security program is operated on a 24/7 basis to address risks from cybersecurity threats and to respond to cybersecurity incidents globally. Cybersecurity incidents are escalated to our CISO and members of our global information security team, members of senior management, and members of the Board to the extent required under our IRP."]
446 [446,false,"Our CISO and other members of senior management responsible for our information security program have extensive experience assessing and managing risks from cybersecurity threats, including decades of experience in information technology and information security positions; serving in information technology leadership positions at other large public companies; and having other significant experience in the areas of risk management, information technology, and information security. Our current CISO will be departing the Company voluntarily in late February 2026 for a position in another industry. We are undertaking a search for his replacement and expect to appoint a new CISO. Prior to such appointment, we intend to appoint an information security professional with appropriate expertise to act in an interim capacity to oversee our global information security program who will report to our Global Chief Information Officer and perform the CISO functions."]
447 [447,false,"Item 2. Properties."]
448 [448,false,"Under our asset-light business model, we typically franchise, manage, or license hotels and other lodging offerings, rather than own them. As of December 31, 2025, we owned or leased 14 hotels (5,539 rooms) in U.S. & Canada and 37 hotels (8,867 rooms) in International. Additionally, most of our regional offices, customer engagement centers, and sales offices, as well as our corporate headquarters, are in leased facilities. See Part I, Item 1, “Business,” earlier in this report, and the “Properties and Rooms” caption in Part II, Item 7, “Management’s Discussion and Analysis of Financial Condition and Results of Operations” for more information about our company-operated properties."]
449 [449,false,"Item 3. Legal Proceedings."]
450 [450,false,"See the information under the “Litigation, Claims, and Government Investigations” caption in Note 7, which we incorporate here by reference. Within this section, we use a threshold of $1 million in disclosing material environmental proceedings involving a governmental authority, if any."]
451 [451,false,"20"]
452 [452,false,"Table of Contents"]
453 [453,false,"In the 2025 second quarter, we received a letter from the U.S. Environmental Protection Agency (the “EPA”) offering to engage in settlement discussions in relation to violations of the Clean Air Act that the EPA alleges occurred at a hotel we manage. We do not believe this matter will have a material adverse effect on our business, financial condition, results of operations, or cash flows."]
454 [454,false,"From time to time, we are also subject to other legal proceedings and claims, including adjustments proposed during governmental examinations of the various tax returns we file. While management presently believes that the ultimate outcome of these other proceedings, individually and in aggregate, will not materially harm our business, financial condition, cash flows, or overall trends in results of operations, legal proceedings are inherently uncertain, and unfavorable rulings could, individually or in aggregate, have a material adverse effect on our business, financial condition, operating results, or cash flows."]
455 [455,false,"Item 4. Mine Safety Disclosures."]
456 [456,false,"Not applicable."]
457 [457,false,"Information about our Executive Officers"]
458 [458,false,"See the information under “Information about our Executive Officers” in Part III, Item 10 of this report for information about our executive officers, which we incorporate here by reference."]
459 [459,false,"PART II"]
460 [460,false,"Item 5. Market for Registrant’s Common Equity, Related Stockholder Matters, and Issuer Purchases of Equity Securities."]
461 [461,false,"Market Information"]
462 [462,false,"At January 31, 2026, 264,984,554 shares of our Class A Common Stock (our “common stock”) were outstanding and were held by 28,321 stockholders of record. Our common stock trades on the Nasdaq Global Select Market under the trading symbol MAR."]
463 [463,false,"Fourth Quarter 2025 Issuer Purchases of Equity Securities"]
464 [464,false,"(in millions, except per share amounts)"]
465 [465,false,"PeriodTotal Number of Shares PurchasedAverage Price Paid per Share"]
466 [466,false,"Total Number of Shares Purchased as Part of Publicly Announced Plans or Programs (1)"]
467 [467,false,"Maximum Number of Shares That May Yet Be Purchased Under the Plans or Programs (1)"]
468 [468,false,"October 1, 2025 - October 31, 20251.1 $266.40 1.1 29.0"]
469 [469,false,"November 1, 2025 - November 30, 20251.4 $286.53 1.4 27.6"]
470 [470,false,"December 1, 2025 - December 31, 20251.0 $301.25 1.0 26.6"]
471 [471,false,"Total"]
472 [472,false,"3.5 $284.25 3.5"]
473 [473,false,"(1)Our Board of Directors has authorized a share repurchase program. On November 9, 2023, we announced that the Board had increased the common stock repurchase authorization under the program by 25 million shares and, on August 7, 2025, we announced that the Board had further increased the authorization by an additional 25 million shares. These authorizations have no expiration date. At year-end 2025, 26.6 million shares remained available for repurchase under the program. We may repurchase shares in the open market or in privately negotiated transactions, and we account for these shares as treasury stock."]
474 [474,false,"Item 6. Reserved."]
475 [475,false,"21"]
476 [476,false,"Table of Contents"]
477 [477,false,"Item 7. Management’s Discussion and Analysis of Financial Condition and Results of Operations."]
478 [478,false,"A discussion regarding our financial condition and results of operations for year-end 2024 compared to year-end 2023 can be found in Part II, Item 7, “Management’s Discussion and Analysis of Financial Condition and Results of Operations,” of our Annual Report on Form 10-K for the fiscal year ended December 31, 2024, as filed with the SEC on February 11, 2025 (“2024 Form 10-K”)."]
479 [479,false,"BUSINESS AND OVERVIEW"]
480 [480,false,"Overview"]
481 [481,false,"We are a worldwide franchisor, operator, and licensor of hotel, residential, timeshare, and other lodging properties under a portfolio of compelling brands at different price and service points. We discuss our operations in the following reportable business segments: (1) U.S. & Canada, (2) Europe, Middle East & Africa (“EMEA”), (3) Greater China, and (4) Asia Pacific excluding China (“APEC”). Our Caribbean & Latin America (“CALA”) operating segment does not meet the applicable accounting criteria for separate disclosure as a reportable business segment, and as such, we include its results in “Unallocated corporate and other.”"]
482 [482,false,"Under our asset-light business model and consistent with our focus on franchising, management, and licensing, we own or lease very few of our lodging properties. Under our hotel franchising arrangements, we generally receive an initial application fee and continuing royalty fees, which are typically based on a percentage of room revenues, plus for certain brands, a percentage of food and beverage revenues. Terms of our management agreements vary, but we earn a management fee that is typically composed of a base management fee, which is a percentage of the revenues of the hotel, and an incentive management fee, which is based on the profits of the hotel. In many cases (particularly in our U.S. & Canada, Europe, and CALA regions), incentive management fees are subject to a specified owner return. We also have license and other agreements with third parties for certain offerings, such as for our timeshare properties, MGM Collection with Marriott Bonvoy, Design Hotels, and The Ritz-Carlton Yacht Collection, under which we receive royalty and certain other fees. Additionally, we earn fees for other uses of our intellectual property, including primarily co-branded credit card fees, as well as residential branding fees and certain other licensing fees."]
483 [483,false,"Performance Measures"]
484 [484,false,"We believe Revenue per Available Room (“RevPAR”), which we calculate by dividing property level room revenue by total rooms available for the period, is a meaningful indicator of our performance because it measures the period-over-period change in room revenues. RevPAR may not be comparable to similarly titled measures, such as revenues, and should not be viewed as necessarily correlating with our fee revenue. We also believe occupancy and average daily rate (“ADR”), which are components of calculating RevPAR, are meaningful indicators of our performance. Occupancy, which we calculate by dividing total rooms sold by total rooms available for the period, measures the utilization of a property’s available capacity. ADR, which we calculate by dividing property level room revenue by total rooms sold, measures average room price and is useful in assessing pricing levels. Unless otherwise stated, RevPAR, occupancy, and ADR statistics are on a systemwide basis for comparable properties, and all changes refer to year-over-year changes for the comparable period. Comparisons to prior periods are on a constant U.S. dollar basis, which we calculate by applying exchange rates for the current period to the prior comparable period. We believe constant dollar analysis provides valuable information regarding the performance of hotels in our system as it removes currency fluctuations from the presentation of such results."]
485 [485,false,"We define our comparable properties as hotels in our system that were open and operating under one of our brands since the beginning of the last full calendar year (since January 1, 2024 for the current period) and have not, in either the current or previous year: (1) undergone significant room or public space renovations or expansions, (2) been converted between company-operated and franchised, or (3) sustained substantial property damage or business interruption. Our comparable properties also exclude MGM Collection with Marriott Bonvoy, Design Hotels, The Ritz-Carlton Yacht Collection, residences, and timeshare properties. For 2025, we had 5,554 comparable U.S. & Canada properties and 2,011 comparable International properties."]
486 [486,false,"Business Trends"]
487 [487,false,"In 2025, worldwide RevPAR increased 2.0 percent compared to 2024, driven by ADR growth of 2.1 percent."]
488 [488,false,"In the U.S. & Canada, RevPAR increased 0.7 percent in 2025, reflecting strong demand at our luxury hotels, partially offset by softer demand at our select service hotels, which were impacted by weaker business transient demand, in part due to declines in government travel."]
489 [489,false,"22"]
490 [490,false,"Table of Contents"]
491 [491,false,"In our International regions, RevPAR increased 5.1 percent in 2025, reflecting higher demand in most countries across the APEC, EMEA, and CALA regions. In Greater China, RevPAR increased 0.4 percent, reflecting softness in macro-economic conditions during the year."]
492 [492,false,"Starwood Data Security Incident"]
493 [493,false,"On November 30, 2018, we announced a data security incident involving unauthorized access to the Starwood reservations database (the “Data Security Incident”). We are currently unable to reasonably estimate the range of total possible financial impact to the Company from the Data Security Incident in excess of the expenses already recorded; however, we do not believe this incident will impact our long-term financial health. See Note 7 for additional information related to legal proceedings, investigations, and insurance recoveries related to the Data Security Incident."]
494 [494,false,"System Growth and Pipeline"]
495 [495,false,"Our system grew from 9,361 properties (1,706,331 rooms) at year-end 2024 to 9,805 properties (1,779,936 rooms) at year-end 2025. The increase compared to year-end 2024 reflected gross additions of 703 properties (99,459 rooms), including the addition of 37 properties (8,789 rooms) from the citizenM brand acquisition discussed in Note 3, and deletions of 253 properties (25,643 rooms). The property and room counts as of year-end 2025 reflect the removal of all Sonder properties from our portfolio. Our 2025 gross room additions included nearly 64,000 rooms located outside U.S. & Canada (including the citizenM brand acquisition) and roughly 33,400 rooms converted from competitor brands."]
496 [496,false,"At year-end 2025, we had approximately 4,100 properties and nearly 610,000 rooms in our development pipeline, which included over 35,000 rooms approved for development but not yet under signed contracts. At year-end 2025, our development pipeline included nearly 265,000 rooms, or 43 percent, that were under construction, including hotels that are in the process of converting to our system. Over half of the rooms in our development pipeline were located outside U.S. & Canada."]
497 [497,false,"In 2025, we signed nearly 1,200 development deals with hotel owners and other counterparties (excluding the citizenM acquisition) representing approximately 163,000 rooms globally. Over 30 percent of rooms signed were driven by conversion opportunities. During 2025, we added three new brands to our portfolio through the citizenM brand acquisition and the introductions of Series by Marriott and the Outdoor Collection by Marriott Bonvoy. We continued to expand our portfolio across chain scales, including advancing the expansion of our midscale offerings, and we also continued to strengthen our residential portfolio, signing 55 residential agreements in 2025."]
498 [498,false,"In 2026, we expect net rooms growth of 4.5 to 5.0 percent."]
499 [499,false,"Properties and Rooms"]
500 [500,false,"The following table shows our properties and rooms by ownership type."]
501 [501,false,"PropertiesRooms"]
502 [502,false,"December 31, 2025December 31, 2024vs. December 31, 2024December 31, 2025December 31, 2024vs. December 31, 2024"]
503 [503,false,"Franchised/Licensed/Other (1)"]
504 [504,false,"7,644 7,192 452 6 %1,183,513 1,104,446 79,067 7 %"]
505 [505,false,"Managed"]
506 [506,false,"1,966 1,981 (15)(1)%565,764 571,889 (6,125)(1)%"]
507 [507,false,"Owned/Leased"]
508 [508,false,"51 51 — — %14,406 14,312 94 1 %"]
509 [509,false,"Residential"]
510 [510,false,"144 137 7 5 %16,253 15,684 569 4 %"]
511 [511,false,"Total"]
512 [512,false,"9,805 9,361 444 5 %1,779,936 1,706,331 73,605 4 %"]
513 [513,false,"(1)Licensed and other properties include our timeshare properties, MGM Collection with Marriott Bonvoy, Design Hotels, and The Ritz-Carlton Yacht Collection."]
514 [514,false,"23"]
515 [515,false,"Table of Contents"]
516 [516,false,"Lodging Statistics"]
517 [517,false,"The following table presents RevPAR, occupancy, and ADR statistics for comparable properties for 2025, and 2025 compared to 2024. Systemwide statistics include data from our franchised properties, in addition to our company-operated properties."]
518 [518,false,"RevPAROccupancyAverage Daily Rate"]
519 [519,false,"2025vs. 20242025vs. 20242025vs. 2024"]
520 [520,false,"Comparable Company-Operated Properties"]
521 [521,false,"U.S. & Canada"]
