682 [682,false,"We are exposed to interest rate risk on our floating-rate notes receivable and floating-rate debt, including the effect of interest rate swaps. Changes in interest rates also impact the fair value of our fixed-rate notes receivable and the fair value of our fixed-rate long-term debt."]
683 [683,false,"The following table sets forth the scheduled maturities and the total fair value as of year-end 2025 for our financial instruments that are impacted by interest rate risk:"]
684 [684,false,"Maturities by Period"]
685 [685,false,"($ in millions)"]
686 [686,false,"20262027202820292030There-"]
687 [687,false,"after"]
688 [688,false,"Total Carrying Amount"]
689 [689,false,"Total Fair Value"]
690 [690,false,"Assets - Maturities represent expected principal receipts. Fair values represent assets."]
691 [691,false,"Fixed-rate notes receivable$4 $8 $2 $3 $— $18 $35 $32"]
692 [692,false,"Average interest rate3.90 %"]
693 [693,false,"Floating-rate notes receivable$7 $93 $18 $3 $3 $2 $126 $128"]
694 [694,false,"Average interest rate8.57 %"]
695 [695,false,"Liabilities - Maturities represent expected principal payments. Fair values represent liabilities."]
696 [696,false,"Fixed-rate debt$(1,198)$(1,392)$(1,441)$(1,283)$(1,488)$(6,924)$(13,726)$(13,828)"]
697 [697,false,"Average interest rate4.49 %"]
698 [698,false,"Floating-rate debt$— $(1,177)$— $— $— $(1,181)$(2,358)$(2,404)"]
699 [699,false,"Average interest rate4.76 %"]
700 [700,false,"29"]
701 [701,false,"Table of Contents"]
702 [702,false,"Item 8. Financial Statements."]
703 [703,false,"The following financial information is included on the pages indicated:"]
704 [704,false,"Page"]
705 [705,false,"Management’s Report on Internal Control Over Financial Reporting"]
706 [706,false,"31"]
707 [707,false,"Report of Independent Registered Public Accounting Firm"]
708 [708,false,"32"]
709 [709,false,"Report of Independent Registered Public Accounting Firm"]
710 [710,false,"33"]
711 [711,false,"Consolidated Statements of Income"]
712 [712,false,"35"]
713 [713,false,"Consolidated Statements of Comprehensive Income"]
714 [714,false,"36"]
715 [715,false,"Consolidated Balance Sheets"]
716 [716,false,"37"]
717 [717,false,"Consolidated Statements of Cash Flows"]
718 [718,false,"38"]
719 [719,false,"Consolidated Statements of Stockholders’ Deficit"]
720 [720,false,"39"]
721 [721,false,"Notes to Consolidated Financial Statements"]
722 [722,false,"40"]
723 [723,false,"Basis of Presentation"]
724 [724,false,"40"]
725 [725,false,"Summary of Significant Accounting Policies"]
726 [726,false,"40"]
727 [727,false,"Acquisition"]
728 [728,false,"47"]
729 [729,false,"Earnings Per Share"]
730 [730,false,"48"]
731 [731,false,"Stock-Based Compensation"]
732 [732,false,"48"]
733 [733,false,"Income Taxes"]
734 [734,false,"49"]
735 [735,false,"Commitments and Contingencies"]
736 [736,false,"52"]
737 [737,false,"Leases"]
738 [738,false,"53"]
739 [739,false,"Long-Term Debt"]
740 [740,false,"55"]
741 [741,false,"Intangible Assets and Goodwill"]
742 [742,false,"56"]
743 [743,false,"Property and Equipment"]
744 [744,false,"57"]
745 [745,false,"Fair Value of Financial Instruments"]
746 [746,false,"57"]
747 [747,false,"Accumulated Other Comprehensive Loss"]
748 [748,false,"58"]
749 [749,false,"Business Segments"]
750 [750,false,"58"]
751 [751,false,"Related Party Transactions"]
752 [752,false,"60"]
753 [753,false,"30"]
754 [754,false,"Table of Contents"]
755 [755,false,"MANAGEMENT’S REPORT ON"]
756 [756,false,"INTERNAL CONTROL OVER FINANCIAL REPORTING"]
757 [757,false,"Management of Marriott International, Inc. (the “Company”) is responsible for establishing and maintaining adequate internal control over financial reporting and for assessing the effectiveness of internal control over financial reporting. The Company has designed its internal control over financial reporting to provide reasonable assurance on the reliability of financial reporting and the preparation of the consolidated financial statements in accordance with U.S. generally accepted accounting principles."]
758 [758,false,"The Company’s internal control over financial reporting includes those policies and procedures that: (1) pertain to the maintenance of records that, in reasonable detail, accurately and fairly reflect the Company’s transactions and dispositions of the Company’s assets; (2) provide reasonable assurance that transactions are recorded as necessary to permit preparation of the consolidated financial statements in accordance with U.S. generally accepted accounting principles, and that receipts and expenditures of the Company are being made only in accordance with authorizations of the Company’s management and directors; and (3) provide reasonable assurance regarding prevention or timely detection of unauthorized acquisition, use, or disposition of the Company’s assets that could have a material effect on the consolidated financial statements."]
759 [759,false,"Because of inherent limitations in internal control over financial reporting, such controls may not prevent or detect misstatements. Also, projections of any evaluation of the effectiveness of internal controls to future periods are subject to the risk that controls may become inadequate because of changes in conditions, or that the degree of compliance with the policies or procedures may deteriorate."]
760 [760,false,"In connection with the preparation of the Company’s annual consolidated financial statements, management assessed the effectiveness of the Company’s internal control over financial reporting as of December 31, 2025, based on criteria established in the Internal Control-Integrated Framework issued by the Committee of Sponsoring Organizations of the Treadway Commission (2013 Framework) (the “COSO criteria”)."]
761 [761,false,"Based on this assessment, management has concluded that, applying the COSO criteria, as of December 31, 2025, the Company’s internal control over financial reporting was effective to provide reasonable assurance of the reliability of financial reporting and the preparation of financial statements for external purposes in accordance with U.S. generally accepted accounting principles."]
762 [762,false,"Ernst & Young LLP (PCAOB ID: 42), the independent registered public accounting firm that audited the Company’s consolidated financial statements included in this report, has issued an attestation report on the effectiveness of the Company’s internal control over financial reporting, a copy of which appears on the following page."]
763 [763,false,"31"]
764 [764,false,"Table of Contents"]
765 [765,false,"REPORT OF INDEPENDENT REGISTERED PUBLIC ACCOUNTING FIRM"]
766 [766,false,"To the Stockholders and Board of Directors of Marriott International, Inc."]
767 [767,false,"Opinion on Internal Control over Financial Reporting"]
768 [768,false,"We have audited Marriott International, Inc.’s internal control over financial reporting as of December 31, 2025, based on criteria established in Internal Control-Integrated Framework issued by the Committee of Sponsoring Organizations of the Treadway Commission (2013 framework) (the COSO criteria). In our opinion, Marriott International, Inc. (the Company) maintained, in all material respects, effective internal control over financial reporting as of December 31, 2025, based on the COSO criteria."]
769 [769,false,"We also have audited, in accordance with the standards of the Public Company Accounting Oversight Board (United States) (PCAOB), the consolidated balance sheets of the Company as of December 31, 2025 and 2024, the related consolidated statements of income, comprehensive income, stockholders’ deficit and cash flows for each of the three years in the period ended December 31, 2025, and the related notes, and our report dated February 10, 2026 expressed an unqualified opinion thereon."]
770 [770,false,"Basis for Opinion"]
771 [771,false,"The Company’s management is responsible for maintaining effective internal control over financial reporting and for its assessment of the effectiveness of internal control over financial reporting included in the accompanying Management’s Report on Internal Control Over Financial Reporting. Our responsibility is to express an opinion on the Company’s internal control over financial reporting based on our audit. We are a public accounting firm registered with the PCAOB and are required to be independent with respect to the Company in accordance with the U.S. federal securities laws and the applicable rules and regulations of the Securities and Exchange Commission and the PCAOB."]
772 [772,false,"We conducted our audit in accordance with the standards of the PCAOB. Those standards require that we plan and perform the audit to obtain reasonable assurance about whether effective internal control over financial reporting was maintained in all material respects."]
773 [773,false,"Our audit included obtaining an understanding of internal control over financial reporting, assessing the risk that a material weakness exists, testing and evaluating the design and operating effectiveness of internal control based on the assessed risk, and performing such other procedures as we considered necessary in the circumstances. We believe that our audit provides a reasonable basis for our opinion."]
774 [774,false,"Definition and Limitations of Internal Control Over Financial Reporting"]
775 [775,false,"A company’s internal control over financial reporting is a process designed to provide reasonable assurance regarding the reliability of financial reporting and the preparation of financial statements for external purposes in accordance with generally accepted accounting principles. A company’s internal control over financial reporting includes those policies and procedures that (1) pertain to the maintenance of records that, in reasonable detail, accurately and fairly reflect the transactions and dispositions of the assets of the company; (2) provide reasonable assurance that transactions are recorded as necessary to permit preparation of financial statements in accordance with generally accepted accounting principles, and that receipts and expenditures of the company are being made only in accordance with authorizations of management and directors of the company; and (3) provide reasonable assurance regarding prevention or timely detection of unauthorized acquisition, use, or disposition of the company’s assets that could have a material effect on the financial statements."]
776 [776,false,"Because of its inherent limitations, internal control over financial reporting may not prevent or detect misstatements. Also, projections of any evaluation of effectiveness to future periods are subject to the risk that controls may become inadequate because of changes in conditions, or that the degree of compliance with the policies or procedures may deteriorate."]
777 [777,false,"/s/ Ernst & Young LLP"]
778 [778,false,"Tysons, Virginia"]
779 [779,false,"February 10, 2026"]
780 [780,false,"32"]
781 [781,false,"Table of Contents"]
782 [782,false,"REPORT OF INDEPENDENT REGISTERED PUBLIC ACCOUNTING FIRM"]
783 [783,false,"To the Stockholders and Board of Directors of Marriott International, Inc."]
784 [784,false,"Opinion on the Financial Statements"]
785 [785,false,"We have audited the accompanying consolidated balance sheets of Marriott International, Inc. (the Company) as of December 31, 2025 and 2024, the related consolidated statements of income, comprehensive income, stockholders’ deficit and cash flows for each of the three years in the period ended December 31, 2025, and the related notes (collectively referred to as the “consolidated financial statements”). In our opinion, the consolidated financial statements present fairly, in all material respects, the financial position of the Company at December 31, 2025 and 2024, and the results of its operations and its cash flows for each of the three years in the period ended December 31, 2025, in conformity with U.S. generally accepted accounting principles."]
786 [786,false,"We also have audited, in accordance with the standards of the Public Company Accounting Oversight Board (United States) (PCAOB), the Company’s internal control over financial reporting as of December 31, 2025, based on criteria established in Internal Control-Integrated Framework issued by the Committee of Sponsoring Organizations of the Treadway Commission (2013 framework) and our report dated February 10, 2026 expressed an unqualified opinion thereon."]
787 [787,false,"Basis for Opinion"]
788 [788,false,"These financial statements are the responsibility of the Company’s management. Our responsibility is to express an opinion on these financial statements based on our audits. We are a public accounting firm registered with the PCAOB and are required to be independent with respect to the Company in accordance with the U.S. federal securities laws and the applicable rules and regulations of the Securities and Exchange Commission and the PCAOB."]
789 [789,false,"We conducted our audits in accordance with the standards of the PCAOB. Those standards require that we plan and perform the audit to obtain reasonable assurance about whether the financial statements are free of material misstatement, whether due to error or fraud. Our audits included performing procedures to assess the risks of material misstatement of the financial statements, whether due to error or fraud, and performing procedures that respond to those risks. Such procedures included examining, on a test basis, evidence regarding the amounts and disclosures in the financial statements. Our audits also included evaluating the accounting principles used and significant estimates made by management, as well as evaluating the overall presentation of the financial statements. We believe that our audits provide a reasonable basis for our opinion."]
790 [790,false,"Critical Audit Matters"]
791 [791,false,"The critical audit matters communicated below are matters arising from the current period audit of the financial statements that were communicated or required to be communicated to the audit committee and that: (1) relate to accounts or disclosures that are material to the financial statements and (2) involved our especially challenging, subjective or complex judgments. The communication of critical audit matters does not alter in any way our opinion on the consolidated financial statements, taken as a whole, and we are not, by communicating the critical audit matters below, providing separate opinions on the critical audit matters or on the accounts or disclosures to which they relate."]
792 [792,false,"33"]
793 [793,false,"Table of Contents"]
794 [794,false,"Accounting for the Loyalty Program"]
795 [795,false,"Description of the Matter"]
796 [796,false,"During 2025, the Company recognized $3,160 million of revenues previously deferred as of December 31, 2024, and had deferred revenue of $7,992 million as of December 31, 2025, associated with the Marriott Bonvoy guest loyalty program (the Loyalty Program). As discussed in Note 2 to the financial statements, the Company recognizes revenue for performance obligations relating to Loyalty Program points and free night certificates as they are redeemed and the related performance obligations are satisfied. Revenue is recognized utilizing complex models based upon the estimated standalone selling price per point and per free night certificate, which includes judgment in making the estimate of breakage of points."]
797 [797,false,"Auditing Loyalty Program results is complex due to the complexity and judgment of estimating the standalone selling price per Loyalty Program point, including the estimated breakage of Loyalty Program points which requires the use of specialists."]
798 [798,false,"How We Addressed the Matter in Our Audit"]
799 [799,false,"We obtained an understanding, evaluated the design, and tested the operating effectiveness of controls over the Company’s process of accounting for the Loyalty Program. For example, we tested controls over management’s review of the development of the estimated breakage."]
800 [800,false,"To test the recognition of points and free night certificates revenue associated with the Loyalty Program, we performed audit procedures that included, among others, involving our actuarial professionals to assist in our testing procedures with respect to the estimate of the breakage of Loyalty Program points. We evaluated management’s methodology for estimating the breakage of Loyalty Program points, and we tested underlying data and actuarial assumptions used in estimating the breakage."]
801 [801,false,"Accounting for General and Administrative Expenses and Reimbursed Expenses"]
802 [802,false,"Description of the Matter"]
803 [803,false,"During 2025, the Company recognized $870 million of general and administrative expenses and $19,503 million of reimbursed expenses. As discussed in Note 2 to the financial statements, the Company incurs certain expenses that are for the benefit of, and reimbursable from, hotel owners and certain other counterparties. Such amounts are recorded in the period in which the expense is incurred and include judgment with respect to the allocation of certain costs between general and administrative expenses, which are non-reimbursable, and reimbursed expenses."]
804 [804,false,"Auditing the classification of general and administrative expenses and reimbursed expenses is complex due to: (1) judgment associated with testing management’s conclusions regarding the allocation of costs between reimbursable and non-reimbursable expenses and (2) incentives within management’s compensation structure designed to achieve certain financial targets that exclude the impact of reimbursed expenses."]
805 [805,false,"How We Addressed the Matter in Our Audit"]
806 [806,false,"We obtained an understanding, evaluated the design, and tested the operating effectiveness of controls over the Company’s process of accounting for reimbursed expenses, general and administrative expenses, and the process for allocating expenses. For example, we tested management’s controls over the review of the allocation of certain costs to determine if they were reasonably classified."]
807 [807,false,"To test the recognition of reimbursed expenses for appropriate classification, we performed audit procedures that included, among others, (1) testing certain manual journal entries made to reimbursed expenses and general and administrative expenses and (2) performing analytical procedures over total reimbursed expenses and general and administrative expenses in order to identify any trends or indicators of material errors in the classification of expenses."]
808 [808,false,"/s/ Ernst & Young LLP"]
809 [809,false,"We have served as the Company’s auditor since 2002."]
810 [810,false,"Tysons, Virginia"]
811 [811,false,"February 10, 2026"]
812 [812,false,"34"]
813 [813,false,"Table of Contents"]
814 [814,false,"MARRIOTT INTERNATIONAL, INC."]
815 [815,false,"CONSOLIDATED STATEMENTS OF INCOME"]
816 [816,false,"Fiscal Years 2025, 2024, and 2023"]
817 [817,false,"(in millions, except per share amounts)"]
818 [818,false,"202520242023"]
819 [819,false,"REVENUES"]
820 [820,false,"Franchise fees$3,325 $3,113 $2,831"]
821 [821,false,"Base management fees1,322 1,288 1,238"]
822 [822,false,"Incentive management fees791 769 755"]
823 [823,false,"Gross fee revenues5,438 5,170 4,824"]
824 [824,false,"Contract investment amortization(135)(103)(88)"]
825 [825,false,"Net fee revenues5,303 5,067 4,736"]
826 [826,false,"Owned, leased, and other revenue1,679 1,551 1,564"]
827 [827,false,"Cost reimbursement revenue (1)"]
828 [828,false,"19,204 18,482 17,413"]
829 [829,false,"26,186 25,100 23,713"]
830 [830,false,"OPERATING COSTS AND EXPENSES"]
831 [831,false,"Owned, leased, and other expense (2)"]
832 [832,false,"1,461 1,329 1,309"]
833 [833,false,"Depreciation, amortization, and other213 183 189"]
834 [834,false,"General and administrative (2)"]
835 [835,false,"870 945 867"]
836 [836,false,"Restructuring and merger-related (recoveries) charges, and other"]
837 [837,false,"(2)77 60"]
838 [838,false,"Reimbursed expenses (1)"]
839 [839,false,"19,503 18,799 17,424"]
840 [840,false,"22,045 21,333 19,849"]
841 [841,false,"OPERATING INCOME4,141 3,767 3,864"]
842 [842,false,"Gains and other income, net9 31 40"]
843 [843,false,"Interest expense(809)(695)(565)"]
844 [844,false,"Interest income42 40 30"]
845 [845,false,"Equity in earnings (1)"]
846 [846,false,"11 8 9"]
847 [847,false,"INCOME BEFORE INCOME TAXES3,394 3,151 3,378"]
848 [848,false,"Provision for income taxes"]
849 [849,false,"(793)(776)(295)"]
850 [850,false,"NET INCOME$2,601 $2,375 $3,083"]
851 [851,false,"EARNINGS PER SHARE"]
852 [852,false,"Earnings per share – basic$9.53 $8.36 $10.23"]
853 [853,false,"Earnings per share – diluted$9.51 $8.33 $10.18"]
854 [854,false,"(1)See Note 15 for disclosure of related party amounts."]
855 [855,false,"(2)In the 2025 fourth quarter, we reclassified amounts attributable to other expenses previously reported under the “General, administrative, and other” caption to the “Owned, leased, and other expense” caption of our Income Statements. See Note 1 for additional information."]
856 [856,false,"See Notes to Consolidated Financial Statements."]
857 [857,false,"35"]
858 [858,false,"Table of Contents"]
859 [859,false,"MARRIOTT INTERNATIONAL, INC."]
860 [860,false,"CONSOLIDATED STATEMENTS OF COMPREHENSIVE INCOME"]
861 [861,false,"Fiscal Years 2025, 2024, and 2023"]
862 [862,false,"(in millions)"]
863 [863,false,"202520242023"]
864 [864,false,"Net income$2,601 $2,375 $3,083"]
865 [865,false,"Other comprehensive income (loss)"]
866 [866,false,"Foreign currency translation adjustments442 (437)86"]
867 [867,false,"Other adjustments, net of tax(21)21 (4)"]
868 [868,false,"Total other comprehensive income (loss), net of tax"]
869 [869,false,"421 (416)82"]
870 [870,false,"Comprehensive income$3,022 $1,959 $3,165"]
871 [871,false,"See Notes to Consolidated Financial Statements."]
872 [872,false,"36"]
873 [873,false,"Table of Contents"]
874 [874,false,"MARRIOTT INTERNATIONAL, INC."]
875 [875,false,"CONSOLIDATED BALANCE SHEETS"]
876 [876,false,"Fiscal Years Ended 2025 and 2024"]
877 [877,false,"(in millions)"]
878 [878,false,"December 31,"]
879 [879,false,"2025December 31,"]
880 [880,false,"2024"]
881 [881,false,"ASSETS"]
882 [882,false,"Current assets"]
883 [883,false,"Cash and equivalents$358 $396"]
884 [884,false,"Accounts and notes receivable, net2,909 2,795"]
885 [885,false,"Prepaid expenses and other317 294"]
886 [886,false,"3,584 3,485"]
887 [887,false,"Property and equipment, net1,954 1,833"]
888 [888,false,"Intangible assets"]
889 [889,false,"Brands6,207 5,770"]
890 [890,false,"Contract acquisition costs and other4,129 3,718"]
891 [891,false,"Goodwill8,907 8,731"]
892 [892,false,"19,243 18,219"]
893 [893,false,"Equity method investments298 298"]
894 [894,false,"Notes receivable, net151 136"]
895 [895,false,"Deferred tax assets570 650"]
896 [896,false,"Operating lease assets941 845"]
897 [897,false,"Other noncurrent assets799 716"]
898 [898,false,"$27,540 $26,182"]
899 [899,false,"LIABILITIES AND STOCKHOLDERS’ DEFICIT"]
900 [900,false,"Current liabilities"]
901 [901,false,"Current portion of long-term debt$1,209 $1,309"]
902 [902,false,"Accounts payable814 763"]
903 [903,false,"Accrued payroll and benefits1,438 1,449"]
904 [904,false,"Liability for guest loyalty program3,497 3,487"]
905 [905,false,"Accrued expenses and other1,440 1,641"]
906 [906,false,"8,398 8,649"]
907 [907,false,"Long-term debt 14,995 13,138"]
908 [908,false,"Liability for guest loyalty program4,495 4,032"]
909 [909,false,"Deferred tax liabilities79 81"]
910 [910,false,"Deferred revenue1,200 1,103"]
911 [911,false,"Operating lease liabilities879 794"]
912 [912,false,"Other noncurrent liabilities1,265 1,377"]
913 [913,false,"Stockholders’ deficit"]
