914 [914,false,"Class A Common Stock5 5"]
915 [915,false,"Additional paid-in-capital6,352 6,179"]
916 [916,false,"Retained earnings18,414 16,531"]
917 [917,false,"Treasury stock, at cost(27,900)(24,644)"]
918 [918,false,"Accumulated other comprehensive loss(642)(1,063)"]
919 [919,false,"(3,771)(2,992)"]
920 [920,false,"$27,540 $26,182"]
921 [921,false,"See Notes to Consolidated Financial Statements."]
922 [922,false,"37"]
923 [923,false,"Table of Contents"]
924 [924,false,"MARRIOTT INTERNATIONAL, INC."]
925 [925,false,"CONSOLIDATED STATEMENTS OF CASH FLOWS"]
926 [926,false,"Fiscal Years 2025, 2024, and 2023"]
927 [927,false,"(in millions)"]
928 [928,false,"202520242023"]
929 [929,false,"OPERATING ACTIVITIES"]
930 [930,false,"Net income$2,601 $2,375 $3,083"]
931 [931,false,"Adjustments to reconcile to cash provided by operating activities:"]
932 [932,false,"Depreciation, amortization, and other (including depreciation and amortization classified in reimbursed expenses) (2)"]
933 [933,false,"599 492 436"]
934 [934,false,"Stock-based compensation236 237 205"]
935 [935,false,"Income taxes(277)(172)(612)"]
936 [936,false,"Liability for guest loyalty program473 514 301"]
937 [937,false,"Contract acquisition costs(434)(341)(221)"]
938 [938,false,"Restructuring and merger-related (recoveries) charges, and other(15)(278)47"]
939 [939,false,"Working capital changes (147)(82)69"]
940 [940,false,"Other"]
941 [941,false,"176 4 (138)"]
942 [942,false,"Net cash provided by operating activities3,212 2,749 3,170"]
943 [943,false,"INVESTING ACTIVITIES"]
944 [944,false,"Capital and technology expenditures"]
945 [945,false,"(604)(750)(452)"]
946 [946,false,"Asset acquisitions"]
947 [947,false,"(350)(26)(101)"]
948 [948,false,"Dispositions9 16 71"]
949 [949,false,"Loan advances(35)(10)(77)"]
950 [950,false,"Loan collections22 36 61"]
951 [951,false,"Other10 — 33"]
952 [952,false,"Net cash used in investing activities"]
953 [953,false,"(948)(734)(465)"]
954 [954,false,"FINANCING ACTIVITIES"]
955 [955,false,"Commercial paper/Credit Facility, net(403)163 546"]
956 [956,false,"Issuance of long-term debt3,436 2,948 1,918"]
957 [957,false,"Repayment of long-term debt(1,309)(558)(684)"]
958 [958,false,"Issuance of Class A Common Stock92 73 29"]
959 [959,false,"Dividends paid(718)(682)(587)"]
960 [960,false,"Purchase of treasury stock(3,300)(3,762)(3,953)"]
961 [961,false,"Stock-based compensation withholding taxes (116)(138)(108)"]
962 [962,false,"Other— — (25)"]
963 [963,false,"Net cash used in financing activities(2,318)(1,956)(2,864)"]
964 [964,false,"(DECREASE) INCREASE IN CASH, CASH EQUIVALENTS, AND RESTRICTED CASH(54)59 (159)"]
965 [965,false,"CASH, CASH EQUIVALENTS, AND RESTRICTED CASH, beginning of period (1)"]
966 [966,false,"425 366 525"]
967 [967,false,"CASH, CASH EQUIVALENTS, AND RESTRICTED CASH, end of period (1)"]
968 [968,false,"$371 $425 $366"]
969 [969,false,"(1)The 2025 amounts include beginning restricted cash of $29 million at December 31, 2024 and ending restricted cash of $13 million at December 31, 2025, which we present in the “Prepaid expenses and other” and “Other noncurrent assets” captions of our Balance Sheets."]
970 [970,false,"(2)The 2023 amounts reflect the reclassification of $159 million of depreciation and amortization classified in reimbursed expenses from the “Other” caption within operating activities to the “Depreciation, amortization, and other” caption of our Statements of Cash Flows to conform to our current presentation."]
971 [971,false,"See Notes to Consolidated Financial Statements."]
972 [972,false,"38"]
973 [973,false,"Table of Contents"]
974 [974,false,"MARRIOTT INTERNATIONAL, INC."]
975 [975,false,"CONSOLIDATED STATEMENTS OF STOCKHOLDERS’ DEFICIT"]
976 [976,false,"Fiscal Years 2025, 2024, and 2023"]
977 [977,false,"(in millions, except per share amounts)"]
978 [978,false,"Common Shares Outstanding"]
979 [979,false,"Total"]
980 [980,false,"Class A Common Stock"]
981 [981,false,"Additional Paid-in-Capital"]
982 [982,false,"Retained Earnings"]
983 [983,false,"Treasury Stock, at Cost"]
984 [984,false,"Accumulated Other Comprehensive Loss"]
985 [985,false,"310.6 Balance at December 31, 2022$568 $5 $5,965 $12,342 $(17,015)$(729)"]
986 [986,false,"— Net income3,083 — — 3,083 — —"]
987 [987,false,"— Other comprehensive income82 — — — — 82"]
988 [988,false,"—"]
989 [989,false,"Dividends ($1.96 per share)"]
990 [990,false,"(587)— — (587)— —"]
991 [991,false,"1.4 Stock-based compensation plans126 — 86 — 40 —"]
992 [992,false,"(21.5)Purchase of treasury stock(3,954)— — — (3,954)—"]
993 [993,false,"290.5 Balance at December 31, 2023(682)5 6,051 14,838 (20,929)(647)"]
994 [994,false,"— Net income2,375 — — 2,375 — —"]
995 [995,false,"— Other comprehensive loss(416)— — — — (416)"]
996 [996,false,"—"]
997 [997,false,"Dividends ($2.41 per share)"]
998 [998,false,"(682)— — (682)— —"]
999 [999,false,"1.6 Stock-based compensation plans174 — 128 — 46 —"]
1000 [1000,false,"(15.4)Purchase of treasury stock(3,761)— — — (3,761)—"]
1001 [1001,false,"276.7 Balance at December 31, 2024(2,992)5 6,179 16,531 (24,644)(1,063)"]
1002 [1002,false,"— Net income2,601 — — 2,601 — —"]
1003 [1003,false,"— Other comprehensive income421 — — — — 421"]
1004 [1004,false,"—"]
1005 [1005,false,"Dividends ($2.64 per share)"]
1006 [1006,false,"(718)— — (718)— —"]
1007 [1007,false,"1.3 Stock-based compensation plans211 — 173 — 38 —"]
1008 [1008,false,"(12.1)Purchase of treasury stock(3,294)— — — (3,294)—"]
1009 [1009,false,"265.9"]
1010 [1010,false,"(1)"]
1011 [1011,false,"Balance at December 31, 2025$(3,771)$5 $6,352 $18,414 $(27,900)$(642)"]
1012 [1012,false,"(1)Our restated certificate of incorporation authorizes 800,000,000 shares of our common stock, with a par value of $0.01 per share and 10,000,000 shares of preferred stock, without par value. At year-end 2025, we had 265,864,771 of these authorized shares of our common stock and no preferred stock outstanding."]
1013 [1013,false,"See Notes to Consolidated Financial Statements."]
1014 [1014,false,"39"]
1015 [1015,false,"Table of Contents"]
1016 [1016,false,"MARRIOTT INTERNATIONAL, INC."]
1017 [1017,false,"NOTES TO CONSOLIDATED FINANCIAL STATEMENTS"]
1018 [1018,false,"NOTE 1. BASIS OF PRESENTATION"]
1019 [1019,false,"The consolidated financial statements present the results of operations, financial position, and cash flows of Marriott International, Inc. and its consolidated subsidiaries (referred to in this report as “we,” “us,” “Marriott,” or the “Company”). In order to make this report easier to read, we also refer throughout to (1) our Consolidated Financial Statements as our “Financial Statements,” (2) our Consolidated Statements of Income as our “Income Statements,” (3) our Consolidated Balance Sheets as our “Balance Sheets,” (4) our Consolidated Statements of Cash Flows as our “Statements of Cash Flows,” (5) our properties, brands, or markets in the United States and Canada as “U.S. & Canada,” and (6) our properties, brands, or markets in our Europe, Middle East & Africa, Greater China, Asia Pacific excluding China, and Caribbean & Latin America regions, as “International.” References throughout to numbered “Notes” refer to these Notes to Consolidated Financial Statements, unless otherwise stated. In addition, we use the term “hotel owners” throughout this report to refer, collectively, to owners of hotels and other lodging offerings operating in our system pursuant to franchise agreements, management agreements, license agreements or similar arrangements, and we use the term “hotels in our system” to refer to hotels and other lodging offerings operating in our system pursuant to such arrangements, as well as hotels that we own or lease. The terms “hotel owners” and “hotels in our system” exclude Homes & Villas by Marriott BonvoySM (which we also exclude from our property and room count), timeshare, residential, and The Ritz-Carlton Yacht Collection®."]
1020 [1020,false,"Preparation of financial statements that conform with U.S. generally accepted accounting principles (“GAAP”) requires management to make estimates and assumptions that affect the reported amounts of assets and liabilities as of the date of the financial statements, the reported amounts of revenues and expenses during the reporting periods, and the disclosures of contingent liabilities. Accordingly, ultimate results could differ from those estimates."]
1021 [1021,false,"The accompanying Financial Statements reflect all normal and recurring adjustments necessary to present fairly our financial position at fiscal year-end 2025 and fiscal year-end 2024 and the results of our operations and cash flows for fiscal years 2025, 2024, and 2023. We have eliminated all material intercompany transactions and balances between entities consolidated in these Financial Statements. In addition, in the 2025 fourth quarter, to enhance understanding of the Company’s general and administrative costs, we reclassified amounts attributable to other expenses previously reported under the “General, administrative, and other” caption to the “Owned, leased, and other expense” caption of our Income Statements. The expenses that were reclassified from “General, administrative, and other” are certain costs associated with our property-related fee revenues, such as guarantee expense, provision for credit losses, and certain brand-related or property-related expenses, as well as costs associated with certain third-party agreements. We reclassified prior period amounts, which totaled $129 million in 2024 and $144 million in 2023, to conform to our current presentation."]
1022 [1022,false,"NOTE 2. SUMMARY OF SIGNIFICANT ACCOUNTING POLICIES"]
1023 [1023,false,"Revenue Recognition"]
1024 [1024,false,"Franchise Fee and Royalty Fee Revenue: For our franchised properties, we have a performance obligation to provide franchisees a license to our intellectual property for use of certain of our brand names. As compensation for such services, we are typically entitled to initial application fees and ongoing royalty fees. Our ongoing royalty fees represent variable consideration, as the transaction price is based on a percentage of certain revenues of the properties, as defined in each contract. We recognize royalty fees on a monthly basis over the term of the agreement as those amounts become payable. Initial application and relicensing fees are fixed consideration payable upon submission of a franchise application or renewal and are recognized on a straight-line basis over the initial or renewal term of the franchise agreements."]
1025 [1025,false,"Base Management and Incentive Management Fees: For our managed properties, we have performance obligations to provide hotel management services and a license to our intellectual property for the use of our brand names. As compensation for such services, we are generally entitled to receive base management fees, which are a percentage of the revenues of properties, and incentive management fees, which are generally based on a measure of hotel profitability. Both the base management and incentive management fees are variable consideration, as the transaction price is based on a percentage of revenue or profit, as defined in each contract. We recognize base management fees on a monthly basis over the term of the agreement as those amounts become payable. We recognize incentive management fees on a monthly basis over the term of the agreement based on each property’s financial results, as long as we do not expect a significant reversal due to projected future hotel performance or cash flows in future periods."]
1026 [1026,false,"Owned and Leased Hotel Revenue: At our owned and leased hotels, we have performance obligations to provide accommodations and other ancillary services to hotel guests. As compensation for such goods and services, we are typically entitled to a fixed nightly fee for an agreed upon period and additional fixed fees for any ancillary services purchased. These"]
1027 [1027,false,"40"]
1028 [1028,false,"Table of Contents"]
1029 [1029,false,"fees are generally payable at the time the hotel guest checks out of the hotel. We generally satisfy the performance obligations over time, and we recognize the revenue from room sales and from other ancillary guest services on a daily basis, as the rooms are occupied and we have rendered the services."]
1030 [1030,false,"Cost Reimbursements: Under our agreements with hotel owners and certain other counterparties, we are entitled to be reimbursed for certain costs we incur on behalf of their properties, with no added mark-up. These costs primarily consist of payroll and related expenses at managed properties where we are the employer of the employees at the properties and include certain operational and administrative costs as provided for in our contracts with the hotel owners. We are entitled to reimbursement in the period we incur the related reimbursable costs, which we recognize within the “Cost reimbursement revenue” caption of our Income Statements."]
1031 [1031,false,"Hotel owners and certain other counterparties participate in certain centralized programs and services, such as marketing, sales, reservations, and insurance programs, which we operate for their benefit. We do not operate these programs and services to generate a profit over the long term, and accordingly, when we recover the costs that we incur for these programs and services from our hotel owners and other counterparties, we do not seek a mark-up. The amounts we charge for these programs and services are generally a combination of fixed fees and variable fees based on sales or other metrics and are payable on a monthly basis. We generally recognize revenue within the “Cost reimbursement revenue” caption of our Income Statements when the amounts may be billed to hotel owners and other counterparties. Amounts we charge for system implementations are generally recognized on a straight-line basis over the term of the franchise or management agreement. We recognize expenses within the “Reimbursed expenses” caption as they are incurred. This pattern of recognition results in timing differences between the costs incurred for centralized programs and services and the related reimbursement in our operating and net income. Over the long term, these programs and services are not designed to impact our economics, either positively or negatively."]
1032 [1032,false,"Other Revenue: Includes Global Design fees (described below), termination fees, and other property and brand revenues, which we present within the “Owned, leased, and other revenue” caption of our Income Statements. We generally recognize termination fees when collection is probable and other revenue as services are rendered. Amounts received in advance are deferred as liabilities."]
1033 [1033,false,"We provide certain hotel design and construction review (“Global Design”) services to hotel owners, generally during the period prior to a hotel’s opening or during the period a hotel is converting to a Marriott brand (the “pre-opening period”). As compensation for such services, we may be entitled to receive a fixed fee that is payable during the pre-opening period of the hotel. These services are not a distinct performance obligation, and therefore we recognize the fees on a straight-line basis over the initial term of the franchise, management, or license agreement."]
1034 [1034,false,"Practical Expedients and Exemptions: We do not disclose the amount of variable consideration that we expect to recognize in future periods in the following circumstances:"]
1035 [1035,false,"(1) if we recognize the revenue based on the amount invoiced or services performed;"]
1036 [1036,false,"(2) for sales-based or usage-based royalty promised in exchange for a license of intellectual property; or"]
1037 [1037,false,"(3) if the consideration is allocated entirely to a wholly unsatisfied promise to transfer a distinct service that forms part of a single performance obligation, and the terms of the consideration relate specifically to our efforts to transfer, or to a specific outcome from transferring the service."]
1038 [1038,false,"We are required to collect certain taxes and fees from customers on behalf of governmental agencies and remit these to the applicable governmental agencies on a periodic basis. We do not include these taxes in determining the transaction price."]
1039 [1039,false,"Loyalty Program: Loyalty Program members earn points based on the money they spend at participating properties; the exchange of timeshare ownership interests; purchases of timeshare interval, fractional ownership, and residential products; and through participation in travel experiences and affiliated partners’ programs, such as those offered by credit card, car rental, airline, and other companies. Members can redeem points for stays at participating properties, airline tickets, airline frequent flyer program miles, rental cars, merchandise, and a variety of other awards. Points cannot be redeemed for cash."]
1040 [1040,false,"Under our Loyalty Program, we have a performance obligation to provide or arrange for the provision of goods or services to Loyalty Program members in exchange for the redemption of points earned from past activities. We operate our Loyalty Program as a cross-brand marketing program to participating properties. Our agreements with hotel owners and certain other counterparties require that properties reimburse us for costs of operating the Loyalty Program, with no added mark-up, including costs related to the following activities, which we expense as incurred in our “Reimbursed expenses” caption of our Income Statements: marketing, promotion, and communications and services provided to Loyalty Program members. We generally receive monthly cash contributions from participating properties based on a portion of qualified spend by Loyalty Program members (when the points are earned). We recognize these contributions into revenue as we provide the related"]
1041 [1041,false,"41"]
1042 [1042,false,"Table of Contents"]
1043 [1043,false,"service (when the points are redeemed). The amount of revenue we recognize upon point redemption is based on a blend of historical funding rates and is impacted by our estimate of the “breakage” for points that members will never redeem. Breakage is estimated based on historical member activity and expectations of future member behavior. We recognize revenue net of the redemption cost within our “Cost reimbursement revenue” caption on our Income Statements, as our performance obligation is to facilitate the transaction between the Loyalty Program member and the property or program partner. Our redemption cost could be higher or lower than our revenue recognized in any given period."]
1044 [1044,false,"We have multi-year agreements for our co-branded credit cards associated with our Loyalty Program. Under these agreements, we have performance obligations to provide a license to the intellectual property associated with our brands and marketing lists (“Licensed IP”) to the financial institutions that issue the credit cards, to arrange for the redemption of Loyalty Program points as discussed in the preceding paragraph, and to arrange for the redemption of free night certificates and gift cards provided to cardholders. We receive fees from these agreements, including fixed amounts that are primarily payable at contract inception, and variable amounts that are paid to us monthly over the term of the agreements, generally based on: (1) the volume of cardholder spend; (2) the number of Loyalty Program points purchased; (3) the number of free night certificates issued or redeemed; and (4) the number of gift cards issued. We allocate those fees among the performance obligations, including the Licensed IP, our Loyalty Program points, free night certificates, and gift cards provided to cardholders based on their estimated standalone selling prices. The estimation of the standalone selling prices requires significant judgments based upon generally accepted valuation methodologies regarding the value of our Licensed IP, the amount of funding we will receive, and the number of Loyalty Program points, free night certificates, and gift cards cardholders will ultimately redeem. We base our estimates of these amounts on our historical experience and expectation of future cardholder behavior. We recognize the portion of the Licensed IP revenue that meets the sales-based royalty criteria as the credit cards are used and the remaining portion of the Licensed IP revenue on a straight-line basis over the contract term. In our Income Statements, we primarily recognize Licensed IP revenue in the “Franchise fees” caption, and we recognize a portion in the “Cost reimbursement revenue” caption. We recognize the revenue related to the Loyalty Program points as discussed in the preceding paragraph. We recognize the revenue related to the free night certificates and gift cards when the related service is provided. We recognize revenue net of the redemption cost, as our performance obligation is to facilitate the transaction between the Loyalty Program member and the property or program partner."]
1045 [1045,false,"Contract Balances: We generally receive payments from customers as we satisfy our performance obligations. We record a receivable when we have an unconditional right to receive payment and only the passage of time is required before payment is due. We record deferred revenue when we receive payment, or have the unconditional right to receive payment, in advance of the satisfaction of our performance obligations related to franchise application and relicensing fees, Global Design fees, credit card branding license fees, and our Loyalty Program."]
1046 [1046,false,"Our current and noncurrent deferred revenue increased by $110 million, to $1,409 million at December 31, 2025, from $1,299 million at December 31, 2024, primarily as a result of revenue deferred in 2025 related to our co-branded credit cards, gift cards, residential branding fees, certain centralized programs and services fees, and franchise application and relicensing fees. The increase was partially offset by $242 million of revenue recognized in 2025 that was deferred as of December 31, 2024."]
1047 [1047,false,"Our current and noncurrent liability for guest loyalty program increased by $473 million, to $7,992 million at December 31, 2025, from $7,519 million at December 31, 2024, primarily reflecting points earned by members. The increase was partially offset by $3,160 million of revenue recognized in 2025, that was deferred as of December 31, 2024. At each reporting period, we evaluate the estimates used in the recognition of Loyalty Program revenues, including estimates of the breakage of points that members will never redeem and the amount of funding we expect to receive over the life of the agreements with various third parties. In 2025, the updated estimates resulted in a net decrease in revenue, and a corresponding increase in the liability for guest loyalty program of approximately $102 million."]
1048 [1048,false,"Costs Incurred to Obtain and Fulfill Contracts with Customers"]
