1317 [1317,false,"In addition, most inquiries and investigations by U.S. federal, U.S. state and foreign governmental authorities have been resolved or no longer appear to be active."]
1318 [1318,false,"While we believe it is reasonably possible that we may incur losses in excess of the amounts recorded associated with the above-described lawsuits or regulatory investigations related to the Data Security Incident, it is not possible to reasonably estimate the amount of such losses or range of loss in excess of the amounts recorded that might result from adverse judgments, settlements, or other resolution of these proceedings based on: (1) in the case of the above-described lawsuits, the current stage of these proceedings, the absence of specificity as to alleged damages, the uncertainty as to the certification of a class or classes and the size of any certified class, and the lack of resolution of significant factual and legal issues, and (2) uncertainty regarding regulatory inquiries or investigations."]
1319 [1319,false,"Insurance Recoveries"]
1320 [1320,false,"During 2025, we recorded insurance recoveries for costs incurred related to the Data Security Incident, which are not material to our Financial Statements. We recognize insurance recoveries when they are probable of receipt and present them in our Income Statements in the same caption as the related expense, up to the amount of total expense incurred in prior and current periods. Insurance recoveries related to the Data Security Incident recorded in 2025 are presented in the “Restructuring and merger-related (recoveries) charges, and other” caption of our Income Statements."]
1321 [1321,false,"Other Legal Proceedings"]
1322 [1322,false,"We have been and are currently party to other legal proceedings involving claims that we infringe the intellectual property rights of others. At this time, we do not expect these proceedings to have a material impact on the Company’s business, financial condition, results of operations, or cash flows."]
1323 [1323,false,"NOTE 8. LEASES"]
1324 [1324,false,"We enter into operating and finance leases primarily for hotels, offices, and equipment. Most leases have initial terms of up to 20 years, and contain one or more renewals at our option, generally for five- or 10-year periods. We have generally not included these renewal periods in the lease term as it is not reasonably certain that we will exercise the renewal option."]
1325 [1325,false,"The following table details the composition of lease expense and supplemental cash flow information for 2025, 2024, and 2023:"]
1326 [1326,false,"(in millions)202520242023"]
1327 [1327,false,"Operating lease cost"]
1328 [1328,false,"$139 $143 $155"]
1329 [1329,false,"Variable lease cost122 122 128"]
1330 [1330,false,"Operating cash outflows for operating leases152 154 240"]
1331 [1331,false,"Operating lease assets obtained in exchange for lease obligation"]
1332 [1332,false,"160 37 25"]
1333 [1333,false,"The following table presents our future minimum lease payments at year-end 2025:"]
1334 [1334,false,"(in millions)Operating LeasesFinance Leases"]
1335 [1335,false,"2026$144$16"]
1336 [1336,false,"202712516"]
1337 [1337,false,"202811817"]
1338 [1338,false,"202910217"]
1339 [1339,false,"20309618"]
1340 [1340,false,"Thereafter66860"]
1341 [1341,false,"Total minimum lease payments$1,253$144"]
1342 [1342,false,"Less: Amount representing interest27524"]
1343 [1343,false,"Present value of minimum lease payments$978$120"]
1344 [1344,false,"53"]
1345 [1345,false,"Table of Contents"]
1346 [1346,false,"The following table presents the composition of our current and noncurrent lease liability at year-end 2025 and 2024:"]
1347 [1347,false,"(in millions)December 31, 2025December 31, 2024"]
1348 [1348,false,"Operating LeasesFinance LeasesOperating LeasesFinance Leases"]
1349 [1349,false,"Current (1)"]
1350 [1350,false,"$99 $11 $104 $9"]
1351 [1351,false,"Noncurrent (2)"]
1352 [1352,false,"879 109 794 115"]
1353 [1353,false,"$978 $120 $898 $124"]
1354 [1354,false,"(1)Operating leases are recorded in the “Accrued expenses and other” and finance leases are recorded in the “Current portion of long-term debt” captions of our Balance Sheets."]
1355 [1355,false,"(2)Operating leases are recorded in the “Operating lease liabilities” and finance leases are recorded in the “Long-term debt” captions of our Balance Sheets."]
1356 [1356,false,"The following table presents additional information about our lease obligations at year-end 2025 and 2024:"]
1357 [1357,false,"20252024"]
1358 [1358,false,"Operating LeasesFinance LeasesOperating LeasesFinance Leases"]
1359 [1359,false,"Weighted Average Remaining Lease Term (in years)128139"]
1360 [1360,false,"Weighted Average Discount Rate4.5 %4.4 %4.3 %4.4 %"]
1361 [1361,false,"54"]
1362 [1362,false,"Table of Contents"]
1363 [1363,false,"NOTE 9. LONG-TERM DEBT"]
1364 [1364,false,"We provide detail on our long-term debt balances, net of discounts, premiums, and debt issuance costs, in the following table at year-end 2025 and 2024:"]
1365 [1365,false,"($ in millions)"]
1366 [1366,false,"Interest RateEffective Interest Rate"]
1367 [1367,false,"Face Amount"]
1368 [1368,false,"Balance as of December 31, 2025Balance as of December 31, 2024"]
1369 [1369,false,"Senior Notes:"]
1370 [1370,false,"Series P Notes, matured October 1, 2025"]
1371 [1371,false,"3.8 %4.0 %$350 $— $349"]
1372 [1372,false,"Series R Notes, maturing June 15, 2026"]
1373 [1373,false,"3.1 %3.3 %750 749 749"]
1374 [1374,false,"Series V Notes, matured March 15, 2025"]
1375 [1375,false,"3.8 %2.8 %318 — 319"]
1376 [1376,false,"Series W Notes, maturing October 1, 2034"]
1377 [1377,false,"4.5 %4.1 %278 287 287"]
1378 [1378,false,"Series X Notes, maturing April 15, 2028"]
1379 [1379,false,"4.0 %4.2 %450 448 447"]
1380 [1380,false,"Series AA Notes, maturing December 1, 2028"]
1381 [1381,false,"4.7 %4.8 %300 299 298"]
1382 [1382,false,"Series EE Notes, matured May 1, 2025"]
1383 [1383,false,"5.8 %6.0 %600 — 599"]
1384 [1384,false,"Series FF Notes, maturing June 15, 2030"]
1385 [1385,false,"4.6 %4.8 %1,000 992 991"]
1386 [1386,false,"Series GG Notes, maturing October 15, 2032"]
1387 [1387,false,"3.5 %3.7 %1,000 990 989"]
1388 [1388,false,"Series HH Notes, maturing April 15, 2031"]
1389 [1389,false,"2.9 %3.0 %1,100 1,094 1,093"]
1390 [1390,false,"Series II Notes, maturing October 15, 2033"]
1391 [1391,false,"2.8 %2.8 %700 695 695"]
1392 [1392,false,"Series JJ Notes, maturing October 15, 2027"]
1393 [1393,false,"5.0 %5.4 %1,000 994 990"]
1394 [1394,false,"Series KK Notes, maturing April 15, 2029"]
1395 [1395,false,"4.9 %5.3 %800 790 788"]
1396 [1396,false,"Series LL Notes, maturing September 15, 2026"]
1397 [1397,false,"5.5 %5.9 %450 449 447"]
1398 [1398,false,"Series MM Notes, maturing October 15, 2028"]
1399 [1399,false,"5.6 %5.9 %700 694 693"]
1400 [1400,false,"Series NN Notes, maturing May 15, 2029"]
1401 [1401,false,"4.9 %5.3 %500 493 491"]
1402 [1402,false,"Series OO Notes, maturing May 15, 2034"]
1403 [1403,false,"5.3 %5.6 %1,000 982 980"]
1404 [1404,false,"Series PP Notes, maturing March 15, 2030"]
1405 [1405,false,"4.8 %5.0 %500 496 495"]
1406 [1406,false,"Series QQ Notes, maturing March 15, 2035"]
1407 [1407,false,"5.4 %5.5 %1,000 987 986"]
1408 [1408,false,"Series RR Notes, maturing April 15, 2032"]
1409 [1409,false,"5.1 %5.4 %500 493 —"]
1410 [1410,false,"Series SS Notes, maturing April 15, 2037"]
1411 [1411,false,"5.5 %5.7 %1,500 1,475 —"]
1412 [1412,false,"Series TT Notes, maturing July 15, 2027"]
1413 [1413,false,"4.2 %4.5 %400 398 —"]
1414 [1414,false,"Series UU Notes, maturing October 15, 2031"]
1415 [1415,false,"4.5 %4.9 %500 491 —"]
1416 [1416,false,"Series VV Notes, maturing October 15, 2035"]
1417 [1417,false,"5.3 %5.5 %600 588 —"]
1418 [1418,false,"Commercial paper1,177 1,582"]
1419 [1419,false,"Credit Facility— —"]
1420 [1420,false,"Finance lease obligations120 124"]
1421 [1421,false,"Other23 55"]
1422 [1422,false,"$16,204 $14,447"]
1423 [1423,false,"Less current portion(1,209)(1,309)"]
1424 [1424,false,"$14,995 $13,138"]
1425 [1425,false,"All our long-term debt is recourse to us but unsecured. All the Senior Notes shown in the table above are our unsecured and unsubordinated obligations, which rank equally with our other Senior Notes and all other unsecured and unsubordinated indebtedness that we have issued or will issue from time to time, and are governed by the terms of an indenture, dated as of November 16, 1998, between us and The Bank of New York Mellon (formerly The Bank of New York), as trustee. We may redeem some or all of each series of the Senior Notes before maturity under the terms provided in the applicable form of Senior Note."]
1426 [1426,false,"We are party to a $4.5 billion multicurrency revolving credit agreement (as amended, the “Credit Facility”). Available borrowings under the Credit Facility support our commercial paper program and general corporate needs. U.S. dollar borrowings under the Credit Facility bear interest at SOFR (the Secured Overnight Financing Rate) plus a spread based on our public debt rating. We also pay quarterly fees on the Credit Facility at a rate based on our public debt rating. We classify outstanding borrowings under the Credit Facility and outstanding commercial paper borrowings (which generally have short-term maturities of 45 days or less) as long-term based on our ability and intent to refinance the outstanding borrowings on a long-term basis. The Credit Facility expires on December 14, 2027."]
1427 [1427,false,"In August 2025, we issued $400 million aggregate principal amount of 4.200 percent Series TT Notes due July 15, 2027 (the “Series TT Notes”), $500 million aggregate principal amount of 4.500 percent Series UU Notes due October 15, 2031 (the"]
1428 [1428,false,"55"]
1429 [1429,false,"Table of Contents"]
1430 [1430,false,"“Series UU Notes”), and $600 million aggregate principal amount of 5.250 percent Series VV Notes due October 15, 2035 (the “Series VV Notes”). We pay interest on the Series TT Notes in January and July of each year. We will pay interest on the Series UU Notes and Series VV Notes in April and October of each year, commencing in April 2026. In connection with the offering, we entered into interest rate swap agreements, which have the economic effect of converting $500 million of the Series VV Notes into floating rate debt with a variable interest rate of SOFR plus approximately 1.44 percent. Net proceeds from the offering of the Series TT Notes, Series UU Notes, and Series VV Notes were approximately $1.477 billion, after deducting the underwriting discount and expenses, and were made available for general corporate purposes, including working capital, capital expenditures, acquisitions, stock repurchases, or repayment of outstanding indebtedness."]
1431 [1431,false,"In February 2025, we issued $500 million aggregate principal amount of 5.100 percent Series RR Notes due April 15, 2032 (the “Series RR Notes”) and $1.5 billion aggregate principal amount of 5.500 percent Series SS Notes due April 15, 2037 (the “Series SS Notes”). We pay interest on the Series RR Notes and Series SS Notes in April and October of each year. In connection with the offering, we entered into interest rate swap agreements, which have the economic effect of converting $700 million of the Series SS Notes into floating rate debt with a variable interest rate of SOFR plus approximately 1.49 percent. Net proceeds from the offering of the Series RR Notes and Series SS Notes were approximately $1.960 billion, after deducting the underwriting discount and expenses, and were made available for general corporate purposes, including working capital, capital expenditures, acquisitions, stock repurchases, or repayment of outstanding indebtedness."]
1432 [1432,false,"The following table presents future principal payments, net of discounts, premiums, and debt issuance costs, for our debt at year-end 2025:"]
1433 [1433,false,"(in millions)"]
1434 [1434,false,"Debt Principal Payments"]
1435 [1435,false,"2026$1,209"]
1436 [1436,false,"20272,581"]
1437 [1437,false,"20281,454"]
1438 [1438,false,"20291,297"]
1439 [1439,false,"20301,503"]
1440 [1440,false,"Thereafter8,160"]
1441 [1441,false,"Balance at year-end 2025$16,204"]
1442 [1442,false,"We paid cash for interest, net of amounts capitalized, of $698 million in 2025, $599 million in 2024, and $476 million in 2023."]
1443 [1443,false,"NOTE 10. INTANGIBLE ASSETS AND GOODWILL"]
1444 [1444,false,"The following table details the composition of our intangible assets at year-end 2025 and 2024:"]
1445 [1445,false,"(in millions)At Year-End 2025At Year-End 2024"]
1446 [1446,false,"Definite-lived Intangible Assets"]
1447 [1447,false,"Costs incurred to obtain contracts with customers$2,899 $2,538"]
1448 [1448,false,"Acquired contracts and other"]
1449 [1449,false,"1,964 1,918"]
1450 [1450,false,"Software"]
1451 [1451,false,"1,932 792"]
1452 [1452,false,"6,795 5,248"]
1453 [1453,false,"Accumulated amortization(2,607)(1,471)"]
1454 [1454,false,"4,188 3,777"]
1455 [1455,false,"Indefinite-lived Intangible Brand Assets6,148 5,711"]
1456 [1456,false,"$10,336 $9,488"]
1457 [1457,false,"We capitalize direct costs that we incur to obtain contracts with customers, which we amortize on a straight-line basis over the initial term of the agreements, generally ranging from 15 to 30 years."]
1458 [1458,false,"For contracts acquired in business combinations and asset acquisitions, we record a definite-lived intangible asset at the acquisition date, which is amortized on a straight-line basis over the remaining life of the contract. We capitalize costs incurred to develop internal-use software and acquire software licenses and begin amortizing these costs when the software is substantially ready for its intended use on a straight-line basis over its estimated useful life, generally ranging from two to seven years. For acquired contracts, software, and other intangible assets, we recorded amortization expense of $313 million in 2025, $255 million in 2024, and $226 million in 2023 (of which $206 million in 2025, $158 million in 2024, and $122 million in 2023 was included in the “Reimbursed expenses” caption of our Income Statements). For these assets, we estimate that our"]
1459 [1459,false,"56"]
1460 [1460,false,"Table of Contents"]
1461 [1461,false,"aggregate amortization expense will be $308 million in 2026, $272 million in 2027, $225 million in 2028, $181 million in 2029, and $131 million in 2030."]
1462 [1462,false,"The following table details the carrying amount of our goodwill at year-end 2025 and 2024:"]
1463 [1463,false,"(in millions)"]
1464 [1464,false,"U.S. & Canada"]
1465 [1465,false,"EMEAGreater ChinaAPECCALATotal Goodwill"]
1466 [1466,false,"Balance at year-end 2024$5,301 $1,417 $979 $731 $303 $8,731"]
1467 [1467,false,"Foreign currency translation18 97 30 17 14 176"]
1468 [1468,false,"Balance at year-end 2025$5,319 $1,514 $1,009 $748 $317 $8,907"]
1469 [1469,false,"NOTE 11. PROPERTY AND EQUIPMENT"]
1470 [1470,false,"The following table presents the composition of our property and equipment balances at year-end 2025 and 2024:"]
1471 [1471,false,"(in millions)At Year-End 2025At Year-End 2024"]
1472 [1472,false,"Land$772 $768"]
1473 [1473,false,"Buildings and leasehold improvements1,337 1,238"]
1474 [1474,false,"Furniture and equipment643 619"]
1475 [1475,false,"Construction in progress149 89"]
1476 [1476,false,"2,901 2,714"]
1477 [1477,false,"Accumulated depreciation(947)(881)"]
1478 [1478,false,"$1,954 $1,833"]
1479 [1479,false,"We record property and equipment at cost, including interest and real estate taxes we incur during development and construction. We capitalize the cost of improvements that extend the useful life of property and equipment when we incur them. These capitalized costs may include structural costs, equipment, fixtures, floor, and wall coverings. We expense all repair and maintenance costs when we incur them. We compute depreciation using the straight-line method over the estimated useful lives of the assets (generally three to 40 years), and we amortize leasehold improvements over the shorter of the asset life or lease term. Our gross depreciation expense totaled $145 million in 2025, $128 million in 2024, and $122 million in 2023 (of which $39 million in 2025, $42 million in 2024, and $37 million in 2023 was included in the “Reimbursed expenses” caption of our Income Statements). Fixed assets attributed to operations located outside the U.S. were $677 million at year-end 2025 and $554 million at year-end 2024."]
1480 [1480,false,"NOTE 12. FAIR VALUE OF FINANCIAL INSTRUMENTS"]
1481 [1481,false,"We believe that the fair values of our current assets and current liabilities approximate their reported carrying amounts. We present the carrying amounts and the fair values of noncurrent financial assets and liabilities that qualify as financial instruments in the following table:"]
1482 [1482,false,"At Year-End 2025At Year-End 2024"]
1483 [1483,false,"(in millions)"]
1484 [1484,false,"Carrying Amount"]
1485 [1485,false,"Fair Value"]
1486 [1486,false,"Carrying Amount"]
1487 [1487,false,"Fair Value"]
1488 [1488,false,"Notes receivable"]
1489 [1489,false,"$151 $149 $136 $133"]
1490 [1490,false,"Total noncurrent financial assets$151 $149 $136 $133"]
1491 [1491,false,"Senior Notes$(13,686)$(13,836)$(11,419)$(11,083)"]
1492 [1492,false,"Commercial paper(1,177)(1,177)(1,582)(1,582)"]
1493 [1493,false,"Total noncurrent financial liabilities$(14,863)$(15,013)$(13,001)$(12,665)"]
1494 [1494,false,"Our notes receivable include mezzanine and other loans to hotel owners, generally to facilitate the development or renovation of a hotel and sometimes to facilitate brand programs or initiatives. We estimate the fair value of our notes receivable by discounting cash flows using risk-adjusted rates, both of which are Level 3 inputs."]
1495 [1495,false,"We determine the fair value of our Senior Notes using quoted market prices, which are directly observable Level 1 inputs. The carrying amount of our commercial paper borrowings approximate fair value due to their short maturity and because they bear interest at a market rate."]
1496 [1496,false,"See the “Fair Value Measurements” caption of Note 2 for more information on the input levels we use in determining fair value."]
1497 [1497,false,"57"]
1498 [1498,false,"Table of Contents"]
1499 [1499,false,"NOTE 13. ACCUMULATED OTHER COMPREHENSIVE LOSS"]
1500 [1500,false,"The following table details the accumulated other comprehensive loss activity for 2025, 2024, and 2023:"]
1501 [1501,false,"(in millions)Foreign Currency Translation AdjustmentsOther AdjustmentsAccumulated Other Comprehensive Loss"]
1502 [1502,false,"Balance at year-end 2022"]
1503 [1503,false,"$(740)$11 $(729)"]
1504 [1504,false,"Other comprehensive income (loss) (1)"]
1505 [1505,false,"86 (4)82"]
1506 [1506,false,"Balance at year-end 2023$(654)$7 $(647)"]
1507 [1507,false,"Other comprehensive (loss) income (1)"]
1508 [1508,false,"(437)21 (416)"]
1509 [1509,false,"Balance at year-end 2024$(1,091)$28 $(1,063)"]
1510 [1510,false,"Other comprehensive income (loss) (1)"]
1511 [1511,false,"442 (21)421"]
1512 [1512,false,"Balance at year-end 2025$(649)$7 $(642)"]
1513 [1513,false,"(1)Other comprehensive income (loss) includes intra-entity foreign currency transactions that are of a long-term investment nature, which resulted in (losses) gains of $(71) million for 2025, $30 million for 2024, and $(28) million for 2023."]
1514 [1514,false,"NOTE 14. BUSINESS SEGMENTS"]
1515 [1515,false,"We discuss our operations in the following four reportable business segments: (1) U.S. & Canada, (2) Europe, Middle East & Africa (“EMEA”), (3) Greater China, and (4) Asia Pacific excluding China (“APEC”). Our Caribbean & Latin America (“CALA”) operating segment does not meet the applicable accounting criteria for separate disclosure as a reportable business segment, and as such, we include its results in “Unallocated corporate and other.”"]
1516 [1516,false,"Our President and Chief Executive Officer, who is our “chief operating decision maker” (“CODM”), evaluates the performance of our operating segments using “segment profits,” which is based largely on the results of the segment without allocating corporate expenses, income taxes, indirect general and administrative expenses, or restructuring and merger-related recoveries/charges, and other expenses. We assign gains and losses, equity in earnings or losses, and direct general and administrative expenses to each of our segments. “Unallocated corporate and other” includes a portion of our revenues (such as fees we receive from our credit card programs and timeshare licensing agreements), revenues and expenses for our Loyalty Program, indirect general and administrative expenses, restructuring and merger-related recoveries/charges, and other expenses, equity in earnings or losses, and other gains or losses that we do not allocate to our segments, as well as results of our CALA operating segment."]
1517 [1517,false,"Our CODM uses segment profits to allocate resources (including employees and investment spending) to each segment, primarily as part of the annual budget process. Our CODM reviews budget-to-actual variances on a quarterly basis to assess segment performance. Additionally, our CODM uses segment profits to compare the results of each segment with one another and in the determination of compensation for segment leadership."]
1518 [1518,false,"Our CODM monitors assets for the consolidated Company but does not use assets by operating segment when assessing performance or making operating segment resource allocations."]
1519 [1519,false,"58"]
1520 [1520,false,"Table of Contents"]
1521 [1521,false,"Segment Revenues, Expenses, and Profits"]
1522 [1522,false,"The following tables present our revenues (disaggregated by segment and major revenue stream), segment expenses, and segment profits for each of the last three fiscal years:"]
1523 [1523,false,"2025"]
1524 [1524,false,"(in millions)U.S. & CanadaEMEA"]
1525 [1525,false,"Greater China"]
1526 [1526,false,"APEC"]
1527 [1527,false,"Gross fee revenues$3,004 $640 $261 $376"]
1528 [1528,false,"Contract investment amortization(83)(19)(1)(6)"]
1529 [1529,false,"Net fee revenues2,921 621 260 370"]
1530 [1530,false,"Owned, leased, and other revenue528 592 26 162"]
1531 [1531,false,"Cost reimbursement revenue15,900 1,194 304 541"]
1532 [1532,false,"Total reportable segment revenue19,349 2,407 590 1,073"]
1533 [1533,false,"Less:"]
1534 [1534,false,"Owned, leased, and other expense434 530 28 146"]
1535 [1535,false,"Depreciation, amortization, and other108 40 12 9"]
1536 [1536,false,"General and administrative118 104 52 63"]
1537 [1537,false,"Reimbursed expenses16,015 1,211 315 552"]
1538 [1538,false,"Other segment items (primarily non-operating income and expenses)"]
1539 [1539,false,"(5)(3)(2)2"]
1540 [1540,false,"Total reportable segment profit$2,679 $525 $185 $301"]
1541 [1541,false,"2024"]
1542 [1542,false,"(in millions)"]
1543 [1543,false,"U.S. & Canada"]
1544 [1544,false,"EMEA"]
1545 [1545,false,"Greater China"]
1546 [1546,false,"APEC"]
1547 [1547,false,"Gross fee revenues$2,951 $589 $250 $345"]
1548 [1548,false,"Contract investment amortization(76)(14)(1)(5)"]
1549 [1549,false,"Net fee revenues2,875 575 249 340"]
1550 [1550,false,"Owned, leased, and other revenue437 595 27 141"]
1551 [1551,false,"Cost reimbursement revenue15,300 1,236 306 495"]
1552 [1552,false,"Total reportable segment revenue18,612 2,406 582 976"]
1553 [1553,false,"Less:"]
1554 [1554,false,"Owned, leased, and other expense"]
1555 [1555,false,"399 519 24 129"]
1556 [1556,false,"Depreciation, amortization, and other"]
1557 [1557,false,"84 38 9 8"]
1558 [1558,false,"General and administrative"]
1559 [1559,false,"113 90 45 53"]
1560 [1560,false,"Reimbursed expenses"]
1561 [1561,false,"15,381 1,252 319 510"]
