{
  "end_utc": "2026-10-07T22:43:41.874198+00:00",
  "captured_elapsed_seconds": 311.844316,
  "head": "48b24178707917d7c475854d53663773901f90d0",
  "tracked_diff": "",
  "status": "?? docs/evidence/issue28_b06_relations_20261008/independent-qname-unit/\n",
  "initial_file_hashes_unchanged": {
    "scripts/vnext/industrial_lease_relation.py": "e628d162b04ff31e60099abc4dbe656741e487e4d51f3a84007cb154a6b72c0c",
    "tests/vnext/test_industrial_lease_relation.py": "8a57beea67ab7ab86c04cf656c6945b44a19b9f0a6556b277860fc8737f44360",
    "docs/evidence/issue28_b06_relations_20261008/independent-native-carrier/conclusion.md": "d38764622811f96a8067037034919c193e0dde77a3540e202f521b837d87ab76"
  },
  "tool_count": 40,
  "outer_functions_exec": 13,
  "nested_exec_command": 21,
  "nested_write_stdin": 6,
  "ordinary_messages_including_final": 3,
  "questions": 0,
  "spawns": 0,
  "new_calls": {
    "provider": 0,
    "paid": 0,
    "sec": 0,
    "account": 0
  },
  "output_files_before_this_log": [
    "conclusion.md",
    "harness-status-error.log",
    "initial-state.log",
    "real-qname-and-introduction-controls.log",
    "saved-case-positive.log",
    "small-independent-controls.log",
    "unit-tests.log",
    "visible-unit-conflict.log"
  ],
  "conclusion_sha256": "a18b4c31619cfcbfff29e6880e88eb601467afb47aa7216c8e37e69d905c302a"
}
