{"base": "9493ed0e973570f1331a898c73633ae4e69c8bab", "patch": "0ff6fc9ec493213f64d01fd4303981d5397a2535", "method": "Compare base and patch configuration function using the same current file hashes; isolate dependency-set change, without changing checkout or sources."}
{"metric": "A01", "only_removed": "scripts/vnext/ordinary_source_session.py", "kept_processing_files": 119, "mandatory_checks_kept": ["scripts/vnext/normal_annual_input.py", "scripts/vnext/saved_source_checks.py", "scripts/vnext/calculator.py", "scripts/vnext/request_bindings.py"]}
{"metric": "A02", "only_removed": "scripts/vnext/ordinary_source_session.py", "kept_processing_files": 119, "mandatory_checks_kept": ["scripts/vnext/normal_annual_input.py", "scripts/vnext/saved_source_checks.py", "scripts/vnext/calculator.py", "scripts/vnext/request_bindings.py"]}
{"metric": "A05", "only_removed": "scripts/vnext/ordinary_source_session.py", "kept_processing_files": 119, "mandatory_checks_kept": ["scripts/vnext/normal_annual_input.py", "scripts/vnext/saved_source_checks.py", "scripts/vnext/calculator.py", "scripts/vnext/request_bindings.py"]}
{"metric": "A06", "only_removed": "scripts/vnext/ordinary_source_session.py", "kept_processing_files": 119, "mandatory_checks_kept": ["scripts/vnext/normal_annual_input.py", "scripts/vnext/saved_source_checks.py", "scripts/vnext/calculator.py", "scripts/vnext/request_bindings.py"]}
{"metric": "A07", "only_removed": "scripts/vnext/ordinary_source_session.py", "kept_processing_files": 119, "mandatory_checks_kept": ["scripts/vnext/normal_annual_input.py", "scripts/vnext/saved_source_checks.py", "scripts/vnext/calculator.py", "scripts/vnext/request_bindings.py"]}
{"metric": "A08", "only_removed": "scripts/vnext/ordinary_source_session.py", "kept_processing_files": 119, "mandatory_checks_kept": ["scripts/vnext/normal_annual_input.py", "scripts/vnext/saved_source_checks.py", "scripts/vnext/calculator.py", "scripts/vnext/request_bindings.py"]}
{"metric": "A10", "only_removed": "scripts/vnext/ordinary_source_session.py", "kept_processing_files": 119, "mandatory_checks_kept": ["scripts/vnext/normal_annual_input.py", "scripts/vnext/saved_source_checks.py", "scripts/vnext/calculator.py", "scripts/vnext/request_bindings.py"]}
{"metric": "B01", "only_removed": "scripts/vnext/ordinary_source_session.py", "kept_processing_files": 119, "mandatory_checks_kept": ["scripts/vnext/normal_annual_input.py", "scripts/vnext/saved_source_checks.py", "scripts/vnext/calculator.py", "scripts/vnext/request_bindings.py"]}
{"metric": "B02", "only_removed": "scripts/vnext/ordinary_source_session.py", "kept_processing_files": 120, "mandatory_checks_kept": ["scripts/vnext/normal_annual_input.py", "scripts/vnext/saved_source_checks.py", "scripts/vnext/calculator.py", "scripts/vnext/request_bindings.py"]}
{"metric": "B03", "only_removed": "scripts/vnext/ordinary_source_session.py", "kept_processing_files": 127, "mandatory_checks_kept": ["scripts/vnext/normal_annual_input.py", "scripts/vnext/saved_source_checks.py", "scripts/vnext/calculator.py", "scripts/vnext/request_bindings.py"]}
{"metric": "B04", "only_removed": "scripts/vnext/ordinary_source_session.py", "kept_processing_files": 119, "mandatory_checks_kept": ["scripts/vnext/normal_annual_input.py", "scripts/vnext/saved_source_checks.py", "scripts/vnext/calculator.py", "scripts/vnext/request_bindings.py"]}
{"metric": "B05", "only_removed": "scripts/vnext/ordinary_source_session.py", "kept_processing_files": 119, "mandatory_checks_kept": ["scripts/vnext/normal_annual_input.py", "scripts/vnext/saved_source_checks.py", "scripts/vnext/calculator.py", "scripts/vnext/request_bindings.py"]}
{"metric": "B07", "only_removed": "scripts/vnext/ordinary_source_session.py", "kept_processing_files": 119, "mandatory_checks_kept": ["scripts/vnext/normal_annual_input.py", "scripts/vnext/saved_source_checks.py", "scripts/vnext/calculator.py", "scripts/vnext/request_bindings.py"]}
{"metric": "B08", "only_removed": "scripts/vnext/ordinary_source_session.py", "kept_processing_files": 119, "mandatory_checks_kept": ["scripts/vnext/normal_annual_input.py", "scripts/vnext/saved_source_checks.py", "scripts/vnext/calculator.py", "scripts/vnext/request_bindings.py"]}
{"metric": "B09", "only_removed": "scripts/vnext/ordinary_source_session.py", "kept_processing_files": 119, "mandatory_checks_kept": ["scripts/vnext/normal_annual_input.py", "scripts/vnext/saved_source_checks.py", "scripts/vnext/calculator.py", "scripts/vnext/request_bindings.py"]}
{"metric": "B10", "only_removed": "scripts/vnext/ordinary_source_session.py", "kept_processing_files": 123, "mandatory_checks_kept": ["scripts/vnext/normal_annual_input.py", "scripts/vnext/saved_source_checks.py", "scripts/vnext/calculator.py", "scripts/vnext/request_bindings.py"]}
{"metric": "B11", "only_removed": "scripts/vnext/ordinary_source_session.py", "kept_processing_files": 123, "mandatory_checks_kept": ["scripts/vnext/normal_annual_input.py", "scripts/vnext/saved_source_checks.py", "scripts/vnext/calculator.py", "scripts/vnext/request_bindings.py"]}
{"metric": "B12", "only_removed": "scripts/vnext/ordinary_source_session.py", "kept_processing_files": 119, "mandatory_checks_kept": ["scripts/vnext/normal_annual_input.py", "scripts/vnext/saved_source_checks.py", "scripts/vnext/calculator.py", "scripts/vnext/request_bindings.py"]}
{"metric": "C01", "only_removed": "scripts/vnext/ordinary_source_session.py", "kept_processing_files": 119, "mandatory_checks_kept": ["scripts/vnext/normal_annual_input.py", "scripts/vnext/saved_source_checks.py", "scripts/vnext/calculator.py", "scripts/vnext/request_bindings.py"]}
{"metric": "E01", "only_removed": "scripts/vnext/ordinary_source_session.py", "kept_processing_files": 119, "mandatory_checks_kept": ["scripts/vnext/normal_annual_input.py", "scripts/vnext/saved_source_checks.py", "scripts/vnext/calculator.py", "scripts/vnext/request_bindings.py"]}
{"metric": "E02", "only_removed": "scripts/vnext/ordinary_source_session.py", "kept_processing_files": 119, "mandatory_checks_kept": ["scripts/vnext/normal_annual_input.py", "scripts/vnext/saved_source_checks.py", "scripts/vnext/calculator.py", "scripts/vnext/request_bindings.py"]}
{"metric": "E03", "only_removed": "scripts/vnext/ordinary_source_session.py", "kept_processing_files": 119, "mandatory_checks_kept": ["scripts/vnext/normal_annual_input.py", "scripts/vnext/saved_source_checks.py", "scripts/vnext/calculator.py", "scripts/vnext/request_bindings.py"]}
{"metric": "E04", "only_removed": "scripts/vnext/ordinary_source_session.py", "kept_processing_files": 119, "mandatory_checks_kept": ["scripts/vnext/normal_annual_input.py", "scripts/vnext/saved_source_checks.py", "scripts/vnext/calculator.py", "scripts/vnext/request_bindings.py"]}
{"metric": "E05", "only_removed": "scripts/vnext/ordinary_source_session.py", "kept_processing_files": 119, "mandatory_checks_kept": ["scripts/vnext/normal_annual_input.py", "scripts/vnext/saved_source_checks.py", "scripts/vnext/calculator.py", "scripts/vnext/request_bindings.py"]}
{"checked_metric_count": 24, "result": "PASS", "current_source_or_result_files_written": false, "new_calls": [0, 0, 0]}
