{
  "head": "c5a46ff556afacbc29e6fc9cfc8f720e068c2baf",
  "base": "508c4346d33d11fe218edd449c88d66d92564695",
  "reviewed_files_equal_patch": {
    "scripts/vnext/industrial_lease_relation.py": true,
    "scripts/vnext/ordinary_special_debt_scope.py": true,
    "tests/vnext/test_industrial_lease_relation.py": true
  },
  "original_sha256": {
    "primary": "3bbda349b5831cfb9a2686dbdb7d87614bcdbe2d195aa8ecd9b39215945361f9",
    "xml": "35cb6e0ef1f84d5790c0fdf38abb363b92b65cd7f14ab8e0342968780e9efcfe"
  },
  "captured_start_utc": "2026-10-07T21:28:24+00:00",
  "end_utc": "2026-10-07T21:32:59.261164+00:00",
  "captured_elapsed_seconds": 275.261164,
  "tools_total": 31,
  "functions_exec": 9,
  "exec_command": 21,
  "write_stdin": 1,
  "ordinary_messages": 3,
  "questions": 0,
  "new_provider_paid_sec_account": [
    0,
    0,
    0,
    0
  ],
  "github_issue_reads": 1,
  "tracked_diff": "",
  "git_status": "?? docs/evidence/issue28_b06_relations_20261008/independent-carrier-repair/\n"
}