test_a_session_cannot_redirect_acquisition_to_another_source_root (tests.vnext.test_ordinary_refresh_cycle.OrdinaryRefreshBoundaryTest.test_a_session_cannot_redirect_acquisition_to_another_source_root) ... ok
test_c04_precapture_scope_does_not_extend_other_acquisition_modes (tests.vnext.test_ordinary_refresh_cycle.OrdinaryRefreshBoundaryTest.test_c04_precapture_scope_does_not_extend_other_acquisition_modes) ... ok
test_c04_precapture_state_binds_prior_pointer_and_attempt_inventory (tests.vnext.test_ordinary_refresh_cycle.OrdinaryRefreshBoundaryTest.test_c04_precapture_state_binds_prior_pointer_and_attempt_inventory) ... ok
test_c04_receipt_cannot_claim_only_the_older_update_route (tests.vnext.test_ordinary_refresh_cycle.OrdinaryRefreshBoundaryTest.test_c04_receipt_cannot_claim_only_the_older_update_route) ... ok
test_c04_success_cannot_hide_a_neighbor_update_failure (tests.vnext.test_ordinary_refresh_cycle.OrdinaryRefreshBoundaryTest.test_c04_success_cannot_hide_a_neighbor_update_failure) ... ok
test_config_written_before_failed_state_read_is_not_an_attempt (tests.vnext.test_ordinary_refresh_cycle.OrdinaryRefreshBoundaryTest.test_config_written_before_failed_state_read_is_not_an_attempt) ... ok
test_finite_limit_and_native_session_are_required (tests.vnext.test_ordinary_refresh_cycle.OrdinaryRefreshBoundaryTest.test_finite_limit_and_native_session_are_required) ... ok
test_missing_new_c04_spec_alone_does_not_block_mixed_scope (tests.vnext.test_ordinary_refresh_cycle.OrdinaryRefreshBoundaryTest.test_missing_new_c04_spec_alone_does_not_block_mixed_scope) ... ok
test_public_cli_keeps_non_c04_metric_on_old_route (tests.vnext.test_ordinary_refresh_cycle.OrdinaryRefreshBoundaryTest.test_public_cli_keeps_non_c04_metric_on_old_route) ... ok
test_receipts_do_not_take_credit_for_other_cumulative_calls (tests.vnext.test_ordinary_refresh_cycle.OrdinaryRefreshBoundaryTest.test_receipts_do_not_take_credit_for_other_cumulative_calls) ... ok
test_resume_requires_only_c04_and_one_finite_sec_request (tests.vnext.test_ordinary_refresh_cycle.OrdinaryRefreshBoundaryTest.test_resume_requires_only_c04_and_one_finite_sec_request) ... ok
test_saved_readiness_cannot_hide_a_capture_exception (tests.vnext.test_ordinary_refresh_cycle.OrdinaryRefreshBoundaryTest.test_saved_readiness_cannot_hide_a_capture_exception) ... ok
test_unbound_c04_successor_never_enters_the_sec_session (tests.vnext.test_ordinary_refresh_cycle.OrdinaryRefreshBoundaryTest.test_unbound_c04_successor_never_enters_the_sec_session) ... ok
test_unbound_live_coordinator_never_enters_the_sec_session (tests.vnext.test_ordinary_refresh_cycle.OrdinaryRefreshBoundaryTest.test_unbound_live_coordinator_never_enters_the_sec_session) ... ok
test_alias_and_active_ancestor_rejected (tests.vnext.test_ordinary_isolated_publication.OrdinaryIsolatedPublicationBoundaryTest.test_alias_and_active_ancestor_rejected) ... ok
test_existing_active_root_never_adopted_by_stage (tests.vnext.test_ordinary_isolated_publication.OrdinaryIsolatedPublicationBoundaryTest.test_existing_active_root_never_adopted_by_stage) ... ok
test_local_json_cannot_supply_private_capability (tests.vnext.test_ordinary_isolated_publication.OrdinaryIsolatedPublicationBoundaryTest.test_local_json_cannot_supply_private_capability) ... ok
test_mirror_guard_preserves_identity_under_existing_exclusive_lock (tests.vnext.test_ordinary_isolated_publication.OrdinaryIsolatedPublicationBoundaryTest.test_mirror_guard_preserves_identity_under_existing_exclusive_lock) ... ok
test_official_root_ancestors_and_descendants_rejected (tests.vnext.test_ordinary_isolated_publication.OrdinaryIsolatedPublicationBoundaryTest.test_official_root_ancestors_and_descendants_rejected) ... ok
test_self_signed_marker_cannot_register_an_existing_workspace (tests.vnext.test_ordinary_isolated_publication.OrdinaryIsolatedPublicationBoundaryTest.test_self_signed_marker_cannot_register_an_existing_workspace) ... ok

----------------------------------------------------------------------
Ran 20 tests in 4.133s

OK
