vNext fast suite	Set up job	﻿2026-09-11T06:08:26.0770449Z Current runner version: '2.337.0'
vNext fast suite	Set up job	2026-09-11T06:08:26.0797510Z ##[group]Runner Image Provisioner
vNext fast suite	Set up job	2026-09-11T06:08:26.0798505Z Hosted Compute Agent
vNext fast suite	Set up job	2026-09-11T06:08:26.0799126Z Version: 20260828.587
vNext fast suite	Set up job	2026-09-11T06:08:26.0799843Z Commit: abac92662cab4cc7352de4f9f9d2e2419aad9c29
vNext fast suite	Set up job	2026-09-11T06:08:26.0800655Z Build Date: 2026-08-28T16:44:25Z
vNext fast suite	Set up job	2026-09-11T06:08:26.0801372Z Worker ID: {366a2254-6b09-470a-8bd4-0c62ae16407a}
vNext fast suite	Set up job	2026-09-11T06:08:26.0802157Z Azure Region: westus
vNext fast suite	Set up job	2026-09-11T06:08:26.0802753Z ##[endgroup]
vNext fast suite	Set up job	2026-09-11T06:08:26.0804534Z ##[group]Operating System
vNext fast suite	Set up job	2026-09-11T06:08:26.0805751Z Ubuntu
vNext fast suite	Set up job	2026-09-11T06:08:26.0806376Z 24.04.5
vNext fast suite	Set up job	2026-09-11T06:08:26.0806985Z LTS
vNext fast suite	Set up job	2026-09-11T06:08:26.0807535Z ##[endgroup]
vNext fast suite	Set up job	2026-09-11T06:08:26.0808133Z ##[group]Runner Image
vNext fast suite	Set up job	2026-09-11T06:08:26.0808831Z Image: ubuntu-24.04
vNext fast suite	Set up job	2026-09-11T06:08:26.0809427Z Version: 20260907.300.1
vNext fast suite	Set up job	2026-09-11T06:08:26.0810551Z Included Software: https://github.com/actions/runner-images/blob/ubuntu24/20260907.300/images/ubuntu/Ubuntu2404-Readme.md
vNext fast suite	Set up job	2026-09-11T06:08:26.0812371Z Image Release: https://github.com/actions/runner-images/releases/tag/ubuntu24%2F20260907.300
vNext fast suite	Set up job	2026-09-11T06:08:26.0813440Z ##[endgroup]
vNext fast suite	Set up job	2026-09-11T06:08:26.0814586Z ##[group]GITHUB_TOKEN Permissions
vNext fast suite	Set up job	2026-09-11T06:08:26.0816979Z Contents: read
vNext fast suite	Set up job	2026-09-11T06:08:26.0817633Z Metadata: read
vNext fast suite	Set up job	2026-09-11T06:08:26.0818388Z ##[endgroup]
vNext fast suite	Set up job	2026-09-11T06:08:26.0820615Z Secret source: Actions
vNext fast suite	Set up job	2026-09-11T06:08:26.0821693Z Cache mode: write
vNext fast suite	Set up job	2026-09-11T06:08:26.0822443Z Prepare workflow directory
vNext fast suite	Set up job	2026-09-11T06:08:26.1166356Z Prepare all required actions
vNext fast suite	Set up job	2026-09-11T06:08:26.1215639Z Getting action download info
vNext fast suite	Set up job	2026-09-11T06:08:26.4769060Z Download action repository 'actions/checkout@de0fac2e4500dabe0009e67214ff5f5447ce83dd' (SHA:de0fac2e4500dabe0009e67214ff5f5447ce83dd)
vNext fast suite	Set up job	2026-09-11T06:08:26.5986220Z Download action repository 'actions/setup-python@a309ff8b426b58ec0e2a45f0f869d46889d02405' (SHA:a309ff8b426b58ec0e2a45f0f869d46889d02405)
vNext fast suite	Set up job	2026-09-11T06:08:26.8228674Z Complete job name: vNext fast suite
vNext fast suite	Check out repository	﻿2026-09-11T06:08:26.9139827Z ##[group]Run actions/checkout@de0fac2e4500dabe0009e67214ff5f5447ce83dd
vNext fast suite	Check out repository	2026-09-11T06:08:26.9141563Z with:
vNext fast suite	Check out repository	2026-09-11T06:08:26.9142163Z   persist-credentials: false
vNext fast suite	Check out repository	2026-09-11T06:08:26.9142731Z   repository: wlvh/SEC_metrics
vNext fast suite	Check out repository	2026-09-11T06:08:26.9148157Z   token: ***
vNext fast suite	Check out repository	2026-09-11T06:08:26.9148764Z   ssh-strict: true
vNext fast suite	Check out repository	2026-09-11T06:08:26.9149236Z   ssh-user: git
vNext fast suite	Check out repository	2026-09-11T06:08:26.9149681Z   clean: true
vNext fast suite	Check out repository	2026-09-11T06:08:26.9150159Z   sparse-checkout-cone-mode: true
vNext fast suite	Check out repository	2026-09-11T06:08:26.9150700Z   fetch-depth: 1
vNext fast suite	Check out repository	2026-09-11T06:08:26.9151168Z   fetch-tags: false
vNext fast suite	Check out repository	2026-09-11T06:08:26.9151646Z   show-progress: true
vNext fast suite	Check out repository	2026-09-11T06:08:26.9152110Z   lfs: false
vNext fast suite	Check out repository	2026-09-11T06:08:26.9152548Z   submodules: false
vNext fast suite	Check out repository	2026-09-11T06:08:26.9153023Z   set-safe-directory: true
vNext fast suite	Check out repository	2026-09-11T06:08:26.9153928Z ##[endgroup]
vNext fast suite	Check out repository	2026-09-11T06:08:27.0233418Z Syncing repository: wlvh/SEC_metrics
vNext fast suite	Check out repository	2026-09-11T06:08:27.0237037Z ##[group]Getting Git version info
vNext fast suite	Check out repository	2026-09-11T06:08:27.0238449Z Working directory is '/home/runner/work/SEC_metrics/SEC_metrics'
vNext fast suite	Check out repository	2026-09-11T06:08:27.0240172Z [command]/usr/bin/git version
vNext fast suite	Check out repository	2026-09-11T06:08:27.0316426Z git version 2.55.0
vNext fast suite	Check out repository	2026-09-11T06:08:27.0358080Z ##[endgroup]
vNext fast suite	Check out repository	2026-09-11T06:08:27.0367065Z Temporarily overriding HOME='/home/runner/work/_temp/251041cc-f370-42d8-8cff-d4c1d3518a0c' before making global git config changes
vNext fast suite	Check out repository	2026-09-11T06:08:27.0368877Z Adding repository directory to the temporary git global config as a safe directory
vNext fast suite	Check out repository	2026-09-11T06:08:27.0372283Z [command]/usr/bin/git config --global --add safe.directory /home/runner/work/SEC_metrics/SEC_metrics
vNext fast suite	Check out repository	2026-09-11T06:08:27.0431775Z Deleting the contents of '/home/runner/work/SEC_metrics/SEC_metrics'
vNext fast suite	Check out repository	2026-09-11T06:08:27.0438659Z ##[group]Initializing the repository
vNext fast suite	Check out repository	2026-09-11T06:08:27.0445841Z [command]/usr/bin/git init /home/runner/work/SEC_metrics/SEC_metrics
vNext fast suite	Check out repository	2026-09-11T06:08:27.0621272Z hint: Using 'master' as the name for the initial branch. This default branch name
vNext fast suite	Check out repository	2026-09-11T06:08:27.0623172Z hint: will change to "main" in Git 3.0. To configure the initial branch name
vNext fast suite	Check out repository	2026-09-11T06:08:27.0625103Z hint: to use in all of your new repositories, which will suppress this warning,
vNext fast suite	Check out repository	2026-09-11T06:08:27.0626532Z hint: call:
vNext fast suite	Check out repository	2026-09-11T06:08:27.0627168Z hint:
vNext fast suite	Check out repository	2026-09-11T06:08:27.0627968Z hint: 	git config --global init.defaultBranch <name>
vNext fast suite	Check out repository	2026-09-11T06:08:27.0629051Z hint:
vNext fast suite	Check out repository	2026-09-11T06:08:27.0630052Z hint: Names commonly chosen instead of 'master' are 'main', 'trunk' and
vNext fast suite	Check out repository	2026-09-11T06:08:27.0631564Z hint: 'development'. The just-created branch can be renamed via this command:
vNext fast suite	Check out repository	2026-09-11T06:08:27.0632761Z hint:
vNext fast suite	Check out repository	2026-09-11T06:08:27.0633498Z hint: 	git branch -m <name>
vNext fast suite	Check out repository	2026-09-11T06:08:27.0634332Z hint:
vNext fast suite	Check out repository	2026-09-11T06:08:27.0635552Z hint: Disable this message with "git config set advice.defaultBranchName false"
vNext fast suite	Check out repository	2026-09-11T06:08:27.0637236Z Initialized empty Git repository in /home/runner/work/SEC_metrics/SEC_metrics/.git/
vNext fast suite	Check out repository	2026-09-11T06:08:27.0639969Z [command]/usr/bin/git remote add origin https://github.com/wlvh/SEC_metrics
vNext fast suite	Check out repository	2026-09-11T06:08:27.0687216Z ##[endgroup]
vNext fast suite	Check out repository	2026-09-11T06:08:27.0688492Z ##[group]Disabling automatic garbage collection
vNext fast suite	Check out repository	2026-09-11T06:08:27.0691848Z [command]/usr/bin/git config --local gc.auto 0
vNext fast suite	Check out repository	2026-09-11T06:08:27.0728022Z ##[endgroup]
vNext fast suite	Check out repository	2026-09-11T06:08:27.0729250Z ##[group]Setting up auth
vNext fast suite	Check out repository	2026-09-11T06:08:27.0730395Z Removing SSH command configuration
vNext fast suite	Check out repository	2026-09-11T06:08:27.0739730Z [command]/usr/bin/git config --local --name-only --get-regexp core\.sshCommand
vNext fast suite	Check out repository	2026-09-11T06:08:27.0781392Z [command]/usr/bin/git submodule foreach --recursive sh -c "git config --local --name-only --get-regexp 'core\.sshCommand' && git config --local --unset-all 'core.sshCommand' || :"
vNext fast suite	Check out repository	2026-09-11T06:08:27.1157618Z Removing HTTP extra header
vNext fast suite	Check out repository	2026-09-11T06:08:27.1164912Z [command]/usr/bin/git config --local --name-only --get-regexp http\.https\:\/\/github\.com\/\.extraheader
vNext fast suite	Check out repository	2026-09-11T06:08:27.1204635Z [command]/usr/bin/git submodule foreach --recursive sh -c "git config --local --name-only --get-regexp 'http\.https\:\/\/github\.com\/\.extraheader' && git config --local --unset-all 'http.https://github.com/.extraheader' || :"
vNext fast suite	Check out repository	2026-09-11T06:08:27.1438972Z Removing includeIf entries pointing to credentials config files
vNext fast suite	Check out repository	2026-09-11T06:08:27.1449359Z [command]/usr/bin/git config --local --name-only --get-regexp ^includeIf\.gitdir:
vNext fast suite	Check out repository	2026-09-11T06:08:27.1498994Z [command]/usr/bin/git submodule foreach --recursive git config --local --show-origin --name-only --get-regexp remote.origin.url
vNext fast suite	Check out repository	2026-09-11T06:08:27.1761489Z [command]/usr/bin/git config --file /home/runner/work/_temp/git-credentials-381f1d00-b2b7-4056-9dc8-0ef03e8c7f64.config http.https://github.com/.extraheader AUTHORIZATION: basic ***
vNext fast suite	Check out repository	2026-09-11T06:08:27.1812789Z [command]/usr/bin/git config --local includeIf.gitdir:/home/runner/work/SEC_metrics/SEC_metrics/.git.path /home/runner/work/_temp/git-credentials-381f1d00-b2b7-4056-9dc8-0ef03e8c7f64.config
vNext fast suite	Check out repository	2026-09-11T06:08:27.1853631Z [command]/usr/bin/git config --local includeIf.gitdir:/home/runner/work/SEC_metrics/SEC_metrics/.git/worktrees/*.path /home/runner/work/_temp/git-credentials-381f1d00-b2b7-4056-9dc8-0ef03e8c7f64.config
vNext fast suite	Check out repository	2026-09-11T06:08:27.1892904Z [command]/usr/bin/git config --local includeIf.gitdir:/github/workspace/.git.path /github/runner_temp/git-credentials-381f1d00-b2b7-4056-9dc8-0ef03e8c7f64.config
vNext fast suite	Check out repository	2026-09-11T06:08:27.1938165Z [command]/usr/bin/git config --local includeIf.gitdir:/github/workspace/.git/worktrees/*.path /github/runner_temp/git-credentials-381f1d00-b2b7-4056-9dc8-0ef03e8c7f64.config
vNext fast suite	Check out repository	2026-09-11T06:08:27.1970035Z ##[endgroup]
vNext fast suite	Check out repository	2026-09-11T06:08:27.1971777Z ##[group]Fetching the repository
vNext fast suite	Check out repository	2026-09-11T06:08:27.1979028Z [command]/usr/bin/git -c protocol.version=2 fetch --no-tags --prune --no-recurse-submodules --depth=1 origin +de08d3fce0f1a8906ae3fd236e8aa804d2b3ef3d:refs/remotes/pull/42/merge
vNext fast suite	Check out repository	2026-09-11T06:08:37.8948555Z From https://github.com/wlvh/SEC_metrics
vNext fast suite	Check out repository	2026-09-11T06:08:37.8949649Z  * [new ref]         de08d3fce0f1a8906ae3fd236e8aa804d2b3ef3d -> pull/42/merge
vNext fast suite	Check out repository	2026-09-11T06:08:37.8954893Z ##[endgroup]
vNext fast suite	Check out repository	2026-09-11T06:08:37.8955797Z ##[group]Determining the checkout info
vNext fast suite	Check out repository	2026-09-11T06:08:37.8957029Z ##[endgroup]
vNext fast suite	Check out repository	2026-09-11T06:08:37.8962382Z [command]/usr/bin/git sparse-checkout disable
vNext fast suite	Check out repository	2026-09-11T06:08:37.9018656Z [command]/usr/bin/git config --local --unset-all extensions.worktreeConfig
vNext fast suite	Check out repository	2026-09-11T06:08:37.9051781Z ##[group]Checking out the ref
vNext fast suite	Check out repository	2026-09-11T06:08:37.9056042Z [command]/usr/bin/git checkout --progress --force refs/remotes/pull/42/merge
vNext fast suite	Check out repository	2026-09-11T06:08:38.9496077Z Updating files:  56% (3585/6367)
vNext fast suite	Check out repository	2026-09-11T06:08:39.0098994Z Updating files:  57% (3630/6367)
vNext fast suite	Check out repository	2026-09-11T06:08:39.0556124Z Updating files:  58% (3693/6367)
vNext fast suite	Check out repository	2026-09-11T06:08:39.0759223Z Updating files:  59% (3757/6367)
vNext fast suite	Check out repository	2026-09-11T06:08:39.0956856Z Updating files:  60% (3821/6367)
vNext fast suite	Check out repository	2026-09-11T06:08:39.1087667Z Updating files:  61% (3884/6367)
vNext fast suite	Check out repository	2026-09-11T06:08:39.3366038Z Updating files:  62% (3948/6367)
vNext fast suite	Check out repository	2026-09-11T06:08:39.3396085Z Updating files:  63% (4012/6367)
vNext fast suite	Check out repository	2026-09-11T06:08:39.3484354Z Updating files:  64% (4075/6367)
vNext fast suite	Check out repository	2026-09-11T06:08:39.3595268Z Updating files:  65% (4139/6367)
vNext fast suite	Check out repository	2026-09-11T06:08:39.3672225Z Updating files:  66% (4203/6367)
vNext fast suite	Check out repository	2026-09-11T06:08:39.3777759Z Updating files:  67% (4266/6367)
vNext fast suite	Check out repository	2026-09-11T06:08:39.3885239Z Updating files:  68% (4330/6367)
vNext fast suite	Check out repository	2026-09-11T06:08:39.3955326Z Updating files:  69% (4394/6367)
vNext fast suite	Check out repository	2026-09-11T06:08:39.4103559Z Updating files:  70% (4457/6367)
vNext fast suite	Check out repository	2026-09-11T06:08:39.4235713Z Updating files:  71% (4521/6367)
vNext fast suite	Check out repository	2026-09-11T06:08:39.4320599Z Updating files:  72% (4585/6367)
vNext fast suite	Check out repository	2026-09-11T06:08:39.4410312Z Updating files:  73% (4648/6367)
vNext fast suite	Check out repository	2026-09-11T06:08:39.4482722Z Updating files:  74% (4712/6367)
vNext fast suite	Check out repository	2026-09-11T06:08:39.4747016Z Updating files:  75% (4776/6367)
vNext fast suite	Check out repository	2026-09-11T06:08:39.4996899Z Updating files:  76% (4839/6367)
vNext fast suite	Check out repository	2026-09-11T06:08:39.5403527Z Updating files:  77% (4903/6367)
vNext fast suite	Check out repository	2026-09-11T06:08:39.5491170Z Updating files:  78% (4967/6367)
vNext fast suite	Check out repository	2026-09-11T06:08:39.5565684Z Updating files:  79% (5030/6367)
vNext fast suite	Check out repository	2026-09-11T06:08:39.5758750Z Updating files:  80% (5094/6367)
vNext fast suite	Check out repository	2026-09-11T06:08:39.5923393Z Updating files:  81% (5158/6367)
vNext fast suite	Check out repository	2026-09-11T06:08:39.6104744Z Updating files:  82% (5221/6367)
vNext fast suite	Check out repository	2026-09-11T06:08:39.6152778Z Updating files:  83% (5285/6367)
vNext fast suite	Check out repository	2026-09-11T06:08:39.6207526Z Updating files:  84% (5349/6367)
vNext fast suite	Check out repository	2026-09-11T06:08:39.6245650Z Updating files:  85% (5412/6367)
vNext fast suite	Check out repository	2026-09-11T06:08:39.6282353Z Updating files:  86% (5476/6367)
vNext fast suite	Check out repository	2026-09-11T06:08:39.6321010Z Updating files:  87% (5540/6367)
vNext fast suite	Check out repository	2026-09-11T06:08:39.6472498Z Updating files:  88% (5603/6367)
vNext fast suite	Check out repository	2026-09-11T06:08:39.6648948Z Updating files:  89% (5667/6367)
vNext fast suite	Check out repository	2026-09-11T06:08:39.6828110Z Updating files:  90% (5731/6367)
vNext fast suite	Check out repository	2026-09-11T06:08:39.6918147Z Updating files:  91% (5794/6367)
vNext fast suite	Check out repository	2026-09-11T06:08:39.6966887Z Updating files:  92% (5858/6367)
vNext fast suite	Check out repository	2026-09-11T06:08:39.7080914Z Updating files:  93% (5922/6367)
vNext fast suite	Check out repository	2026-09-11T06:08:39.7173182Z Updating files:  94% (5985/6367)
vNext fast suite	Check out repository	2026-09-11T06:08:39.7281612Z Updating files:  95% (6049/6367)
vNext fast suite	Check out repository	2026-09-11T06:08:39.7355158Z Updating files:  96% (6113/6367)
vNext fast suite	Check out repository	2026-09-11T06:08:39.7424299Z Updating files:  97% (6176/6367)
vNext fast suite	Check out repository	2026-09-11T06:08:39.7497265Z Updating files:  98% (6240/6367)
vNext fast suite	Check out repository	2026-09-11T06:08:39.7560783Z Updating files:  99% (6304/6367)
vNext fast suite	Check out repository	2026-09-11T06:08:39.7561756Z Updating files: 100% (6367/6367)
vNext fast suite	Check out repository	2026-09-11T06:08:39.7562734Z Updating files: 100% (6367/6367), done.
vNext fast suite	Check out repository	2026-09-11T06:08:39.8220583Z Note: switching to 'refs/remotes/pull/42/merge'.
vNext fast suite	Check out repository	2026-09-11T06:08:39.8221621Z 
vNext fast suite	Check out repository	2026-09-11T06:08:39.8222081Z You are in 'detached HEAD' state. You can look around, make experimental
vNext fast suite	Check out repository	2026-09-11T06:08:39.8223019Z changes and commit them, and you can discard any commits you make in this
vNext fast suite	Check out repository	2026-09-11T06:08:39.8223863Z state without impacting any branches by switching back to a branch.
vNext fast suite	Check out repository	2026-09-11T06:08:39.8224394Z 
vNext fast suite	Check out repository	2026-09-11T06:08:39.8224614Z If you want to create a new branch to retain commits you create, you may
vNext fast suite	Check out repository	2026-09-11T06:08:39.8225163Z do so (now or later) by using -c with the switch command. Example:
vNext fast suite	Check out repository	2026-09-11T06:08:39.8226552Z 
vNext fast suite	Check out repository	2026-09-11T06:08:39.8226723Z   git switch -c <new-branch-name>
vNext fast suite	Check out repository	2026-09-11T06:08:39.8226963Z 
vNext fast suite	Check out repository	2026-09-11T06:08:39.8227070Z Or undo this operation with:
vNext fast suite	Check out repository	2026-09-11T06:08:39.8227777Z 
vNext fast suite	Check out repository	2026-09-11T06:08:39.8227875Z   git switch -
vNext fast suite	Check out repository	2026-09-11T06:08:39.8228014Z 
vNext fast suite	Check out repository	2026-09-11T06:08:39.8228271Z Turn off this advice by setting config variable advice.detachedHead to false
vNext fast suite	Check out repository	2026-09-11T06:08:39.8228854Z 
vNext fast suite	Check out repository	2026-09-11T06:08:39.8229429Z HEAD is now at de08d3f Merge 688fe860fee0ec50403e1cf055617abaae6b6188 into 000718745891198d8b05699689447c54dd0977aa
vNext fast suite	Check out repository	2026-09-11T06:08:39.8764819Z ##[endgroup]
vNext fast suite	Check out repository	2026-09-11T06:08:40.0316311Z [command]/usr/bin/git log -1 --format=%H
vNext fast suite	Check out repository	2026-09-11T06:08:40.0347380Z de08d3fce0f1a8906ae3fd236e8aa804d2b3ef3d
vNext fast suite	Check out repository	2026-09-11T06:08:40.0359767Z ##[group]Removing auth
vNext fast suite	Check out repository	2026-09-11T06:08:40.0360438Z Removing SSH command configuration
vNext fast suite	Check out repository	2026-09-11T06:08:40.0364558Z [command]/usr/bin/git config --local --name-only --get-regexp core\.sshCommand
vNext fast suite	Check out repository	2026-09-11T06:08:40.0406647Z [command]/usr/bin/git submodule foreach --recursive sh -c "git config --local --name-only --get-regexp 'core\.sshCommand' && git config --local --unset-all 'core.sshCommand' || :"
vNext fast suite	Check out repository	2026-09-11T06:08:40.0672055Z Removing HTTP extra header
vNext fast suite	Check out repository	2026-09-11T06:08:40.0684762Z [command]/usr/bin/git config --local --name-only --get-regexp http\.https\:\/\/github\.com\/\.extraheader
vNext fast suite	Check out repository	2026-09-11T06:08:40.0716957Z [command]/usr/bin/git submodule foreach --recursive sh -c "git config --local --name-only --get-regexp 'http\.https\:\/\/github\.com\/\.extraheader' && git config --local --unset-all 'http.https://github.com/.extraheader' || :"
vNext fast suite	Check out repository	2026-09-11T06:08:40.0972221Z Removing includeIf entries pointing to credentials config files
vNext fast suite	Check out repository	2026-09-11T06:08:40.0978446Z [command]/usr/bin/git config --local --name-only --get-regexp ^includeIf\.gitdir:
vNext fast suite	Check out repository	2026-09-11T06:08:40.1013392Z includeif.gitdir:/home/runner/work/SEC_metrics/SEC_metrics/.git.path
vNext fast suite	Check out repository	2026-09-11T06:08:40.1014466Z includeif.gitdir:/home/runner/work/SEC_metrics/SEC_metrics/.git/worktrees/*.path
vNext fast suite	Check out repository	2026-09-11T06:08:40.1015755Z includeif.gitdir:/github/workspace/.git.path
vNext fast suite	Check out repository	2026-09-11T06:08:40.1016607Z includeif.gitdir:/github/workspace/.git/worktrees/*.path
vNext fast suite	Check out repository	2026-09-11T06:08:40.1036652Z [command]/usr/bin/git config --local --get-all includeif.gitdir:/home/runner/work/SEC_metrics/SEC_metrics/.git.path
vNext fast suite	Check out repository	2026-09-11T06:08:40.1058986Z /home/runner/work/_temp/git-credentials-381f1d00-b2b7-4056-9dc8-0ef03e8c7f64.config
vNext fast suite	Check out repository	2026-09-11T06:08:40.1072079Z [command]/usr/bin/git config --local --unset includeif.gitdir:/home/runner/work/SEC_metrics/SEC_metrics/.git.path /home/runner/work/_temp/git-credentials-381f1d00-b2b7-4056-9dc8-0ef03e8c7f64.config
vNext fast suite	Check out repository	2026-09-11T06:08:40.1117833Z [command]/usr/bin/git config --local --get-all includeif.gitdir:/home/runner/work/SEC_metrics/SEC_metrics/.git/worktrees/*.path
vNext fast suite	Check out repository	2026-09-11T06:08:40.1146440Z /home/runner/work/_temp/git-credentials-381f1d00-b2b7-4056-9dc8-0ef03e8c7f64.config
vNext fast suite	Check out repository	2026-09-11T06:08:40.1166195Z [command]/usr/bin/git config --local --unset includeif.gitdir:/home/runner/work/SEC_metrics/SEC_metrics/.git/worktrees/*.path /home/runner/work/_temp/git-credentials-381f1d00-b2b7-4056-9dc8-0ef03e8c7f64.config
vNext fast suite	Check out repository	2026-09-11T06:08:40.1212333Z [command]/usr/bin/git config --local --get-all includeif.gitdir:/github/workspace/.git.path
vNext fast suite	Check out repository	2026-09-11T06:08:40.1244667Z /github/runner_temp/git-credentials-381f1d00-b2b7-4056-9dc8-0ef03e8c7f64.config
vNext fast suite	Check out repository	2026-09-11T06:08:40.1256914Z [command]/usr/bin/git config --local --unset includeif.gitdir:/github/workspace/.git.path /github/runner_temp/git-credentials-381f1d00-b2b7-4056-9dc8-0ef03e8c7f64.config
vNext fast suite	Check out repository	2026-09-11T06:08:40.1310428Z [command]/usr/bin/git config --local --get-all includeif.gitdir:/github/workspace/.git/worktrees/*.path
vNext fast suite	Check out repository	2026-09-11T06:08:40.1339732Z /github/runner_temp/git-credentials-381f1d00-b2b7-4056-9dc8-0ef03e8c7f64.config
vNext fast suite	Check out repository	2026-09-11T06:08:40.1349970Z [command]/usr/bin/git config --local --unset includeif.gitdir:/github/workspace/.git/worktrees/*.path /github/runner_temp/git-credentials-381f1d00-b2b7-4056-9dc8-0ef03e8c7f64.config
vNext fast suite	Check out repository	2026-09-11T06:08:40.1389378Z [command]/usr/bin/git submodule foreach --recursive git config --local --show-origin --name-only --get-regexp remote.origin.url
vNext fast suite	Check out repository	2026-09-11T06:08:40.1635206Z Removing credentials config '/home/runner/work/_temp/git-credentials-381f1d00-b2b7-4056-9dc8-0ef03e8c7f64.config'
vNext fast suite	Check out repository	2026-09-11T06:08:40.1728044Z ##[endgroup]
vNext fast suite	Set up Python 3.14	﻿2026-09-11T06:08:40.1985731Z ##[group]Run actions/setup-python@a309ff8b426b58ec0e2a45f0f869d46889d02405
vNext fast suite	Set up Python 3.14	2026-09-11T06:08:40.1986224Z with:
vNext fast suite	Set up Python 3.14	2026-09-11T06:08:40.1986435Z   python-version: 3.14
vNext fast suite	Set up Python 3.14	2026-09-11T06:08:40.1986670Z   check-latest: false
vNext fast suite	Set up Python 3.14	2026-09-11T06:08:40.1989425Z   token: ***
vNext fast suite	Set up Python 3.14	2026-09-11T06:08:40.1989653Z   update-environment: true
vNext fast suite	Set up Python 3.14	2026-09-11T06:08:40.1989912Z   allow-prereleases: false
vNext fast suite	Set up Python 3.14	2026-09-11T06:08:40.1990141Z   freethreaded: false
vNext fast suite	Set up Python 3.14	2026-09-11T06:08:40.1990357Z ##[endgroup]
vNext fast suite	Set up Python 3.14	2026-09-11T06:08:40.3347596Z ##[group]Installed versions
vNext fast suite	Set up Python 3.14	2026-09-11T06:08:40.3441098Z Successfully set up CPython (3.14.7)
vNext fast suite	Set up Python 3.14	2026-09-11T06:08:40.3441891Z ##[endgroup]
vNext fast suite	Run fast suite	﻿2026-09-11T06:08:40.3624687Z ##[group]Run python3 tools/run_fast_tests.py --jobs 4
vNext fast suite	Run fast suite	2026-09-11T06:08:40.3625671Z [36;1mpython3 tools/run_fast_tests.py --jobs 4[0m
vNext fast suite	Run fast suite	2026-09-11T06:08:40.3687171Z shell: /usr/bin/bash -e {0}
vNext fast suite	Run fast suite	2026-09-11T06:08:40.3687616Z env:
vNext fast suite	Run fast suite	2026-09-11T06:08:40.3688047Z   pythonLocation: /opt/hostedtoolcache/Python/3.14.7/x64
vNext fast suite	Run fast suite	2026-09-11T06:08:40.3688756Z   PKG_CONFIG_PATH: /opt/hostedtoolcache/Python/3.14.7/x64/lib/pkgconfig
vNext fast suite	Run fast suite	2026-09-11T06:08:40.3689461Z   Python_ROOT_DIR: /opt/hostedtoolcache/Python/3.14.7/x64
vNext fast suite	Run fast suite	2026-09-11T06:08:40.3690084Z   Python2_ROOT_DIR: /opt/hostedtoolcache/Python/3.14.7/x64
vNext fast suite	Run fast suite	2026-09-11T06:08:40.3690710Z   Python3_ROOT_DIR: /opt/hostedtoolcache/Python/3.14.7/x64
vNext fast suite	Run fast suite	2026-09-11T06:08:40.3691349Z   LD_LIBRARY_PATH: /opt/hostedtoolcache/Python/3.14.7/x64/lib
vNext fast suite	Run fast suite	2026-09-11T06:08:40.3691920Z   PYTHONDONTWRITEBYTECODE: 1
vNext fast suite	Run fast suite	2026-09-11T06:08:40.3692316Z ##[endgroup]
vNext fast suite	Run fast suite	2026-09-11T06:10:06.1219324Z {"duration_seconds": 84.934, "evidence_tier": "FAST_LOCAL_ONLY", "jobs": 4, "per_case_timeout_seconds": 30, "status": "PASSED", "tests": [{"duration_seconds": 1.956, "return_code": 0, "stderr_tail": "----------------------------------------------------------------------\nRan 1 test in 0.001s\n\nOK\n", "stdout_tail": "", "test": "tests.vnext.test_acceptance_runner.AcceptanceRunnerTest.test_r4_plan_uses_fast_runner_without_full_discovery"}, {"duration_seconds": 1.583, "return_code": 0, "stderr_tail": "----------------------------------------------------------------------\nRan 1 test in 0.023s\n\nOK\n", "stdout_tail": "", "test": "tests.vnext.test_ai_reader_contract.AiReaderContractTest.test_deepseek_chat_envelope_is_json_and_tool_free"}, {"duration_seconds": 1.961, "return_code": 0, "stderr_tail": "----------------------------------------------------------------------\nRan 4 tests in 0.003s\n\nOK\n", "stdout_tail": "", "test": "tests.vnext.test_annual_continuity.AnnualContinuationPermissionTest"}, {"duration_seconds": 9.351, "return_code": 0, "stderr_tail": "----------------------------------------------------------------------\nRan 14 tests in 7.374s\n\nOK\n", "stdout_tail": "SEC retry exhausted for https://data.sec.gov/submissions/CIK0001048286.json; status=500; error=HTTP Error 500: SIMULATED_HTTP_FAILURE\n", "test": "tests.vnext.test_annual_continuity.AnnualContinuityBoundaryTest"}, {"duration_seconds": 25.01, "return_code": 0, "stderr_tail": "----------------------------------------------------------------------\nRan 3 tests in 23.072s\n\nOK\n", "stdout_tail": "", "test": "tests.vnext.test_annual_continuity.AnnualModelConfigurationTest"}, {"duration_seconds": 23.812, "return_code": 0, "stderr_tail": "----------------------------------------------------------------------\nRan 1 test in 21.860s\n\nOK\n", "stdout_tail": "", "test": "tests.vnext.test_annual_group_prompt.AnnualGroupPromptTest.test_no_requirement_and_other_task_retain_original_prompt"}, {"duration_seconds": 23.572, "return_code": 0, "stderr_tail": "----------------------------------------------------------------------\nRan 1 test in 21.606s\n\nOK\n", "stdout_tail": "", "test": "tests.vnext.test_annual_group_prompt.AnnualGroupPromptTest.test_prompt_changes_only_instruction_and_its_task_identities"}, {"duration_seconds": 15.487, "return_code": 0, "stderr_tail": "----------------------------------------------------------------------\nRan 1 test in 13.570s\n\nOK\n", "stdout_tail": "", "test": "tests.vnext.test_annual_group_prompt.AnnualGroupPromptTest.test_prompt_file_tamper_is_rejected_without_rewriting_repository"}, {"duration_seconds": 1.948, "return_code": 0, "stderr_tail": "----------------------------------------------------------------------\nRan 1 test in 0.000s\n\nOK\n", "stdout_tail": "", "test": "tests.vnext.test_annual_group_prompt.AnnualGroupPromptTest.test_stage_three_counts_two_closed_attempts_before_new_slots"}, {"duration_seconds": 6.45, "return_code": 0, "stderr_tail": "----------------------------------------------------------------------\nRan 4 tests in 4.964s\n\nOK\n", "stdout_tail": "", "test": "tests.vnext.test_annual_publication"}, {"duration_seconds": 12.432, "return_code": 0, "stderr_tail": "----------------------------------------------------------------------\nRan 6 tests in 10.014s\n\nOK\n", "stdout_tail": "", "test": "tests.vnext.test_annual_publication_authority"}, {"duration_seconds": 10.078, "return_code": 0, "stderr_tail": "----------------------------------------------------------------------\nRan 1 test in 8.171s\n\nOK\n", "stdout_tail": "", "test": "tests.vnext.test_annual_repair.AnnualLabelRegressionTest.test_policy_selects_new_requirement_only"}, {"duration_seconds": 6.561, "return_code": 0, "stderr_tail": "----------------------------------------------------------------------\nRan 1 test in 4.715s\n\nOK\n", "stdout_tail": "", "test": "tests.vnext.test_annual_update.AnnualUpdateTest.test_candidate_leading_publication_survives_discovery_failure"}, {"duration_seconds": 6.675, "return_code": 0, "stderr_tail": "----------------------------------------------------------------------\nRan 1 test in 4.818s\n\nOK\n", "stdout_tail": "", "test": "tests.vnext.test_annual_update.AnnualUpdateTest.test_publication_progress_is_explicit_and_run_specific"}, {"duration_seconds": 2.087, "return_code": 0, "stderr_tail": "----------------------------------------------------------------------\nRan 1 test in 0.001s\n\nOK\n", "stdout_tail": "", "test": "tests.vnext.test_cutover_qualification.CutoverQualificationTest.test_layout_terminal_requires_approval_publish_and_validation"}, {"duration_seconds": 1.237, "return_code": 0, "stderr_tail": "----------------------------------------------------------------------\nRan 1 test in 0.014s\n\nOK\n", "stdout_tail": "", "test": "tests.vnext.test_deterministic_router.DeterministicRouterTest.test_e01_matched_event_key_set_has_exact_legacy_parity"}, {"duration_seconds": 17.284, "return_code": 0, "stderr_tail": "----------------------------------------------------------------------\nRan 25 tests in 15.406s\n\nOK\n", "stdout_tail": "", "test": "tests.vnext.test_invocation_control"}, {"duration_seconds": 2.666, "return_code": 0, "stderr_tail": "----------------------------------------------------------------------\nRan 1 test in 1.239s\n\nOK\n", "stdout_tail": "", "test": "tests.vnext.test_issue15_authority.Issue15AuthorityTest.test_reusable_producer_scopes_match_exact_base_call_graph"}, {"duration_seconds": 2.437, "return_code": 0, "stderr_tail": "----------------------------------------------------------------------\nRan 1 test in 0.823s\n\nOK\n", "stdout_tail": "", "test": "tests.vnext.test_issue28_requirement_transition.Issue28RequirementTransitionFastTest.test_profile_snapshot_loads_with_historical_parent_fast_smoke"}, {"duration_seconds": 2.16, "return_code": 0, "stderr_tail": "----------------------------------------------------------------------\nRan 1 test in 1.104s\n\nOK\n", "stdout_tail": "", "test": "tests.vnext.test_issue28_v2.Issue28V2FastTest.test_real_five_file_revision_has_exact_parent_and_no_activation"}, {"duration_seconds": 1.122, "return_code": 0, "stderr_tail": "----------------------------------------------------------------------\nRan 1 test in 0.002s\n\nOK\n", "stdout_tail": "", "test": "tests.vnext.test_legacy_projector.LegacyProjectorTest.test_legacy_inventory_binds_frozen_commit_and_source_blobs"}, {"duration_seconds": 3.29, "return_code": 0, "stderr_tail": "----------------------------------------------------------------------\nRan 11 tests in 1.886s\n\nOK\n", "stdout_tail": "", "test": "tests.vnext.test_live_scoped_reader.LiveScopedEnvelopeTest"}, {"duration_seconds": 2.525, "return_code": 0, "stderr_tail": "----------------------------------------------------------------------\nRan 1 test in 0.403s\n\nOK\n", "stdout_tail": "", "test": "tests.vnext.test_offline_execution_session.OfflineExecutionSessionTest.test_unknown_is_terminal_and_cannot_be_retried"}, {"duration_seconds": 2.196, "return_code": 0, "stderr_tail": "----------------------------------------------------------------------\nRan 6 tests in 0.935s\n\nOK\n", "stdout_tail": "", "test": "tests.vnext.test_r4_live_authority.R4ExecutionPrefixTest"}, {"duration_seconds": 2.051, "return_code": 0, "stderr_tail": "----------------------------------------------------------------------\nRan 10 tests in 0.877s\n\nOK\n", "stdout_tail": "", "test": "tests.vnext.test_r4_live_authority.R4LiveAuthorityShapeTest"}, {"duration_seconds": 1.542, "return_code": 0, "stderr_tail": "----------------------------------------------------------------------\nRan 5 tests in 0.308s\n\nOK\n", "stdout_tail": "", "test": "tests.vnext.test_r4_live_plan.R4DraftPlanRiskTest"}, {"duration_seconds": 1.132, "return_code": 0, "stderr_tail": "----------------------------------------------------------------------\nRan 1 test in 0.039s\n\nOK\n", "stdout_tail": "", "test": "tests.vnext.test_r4_projection.R4ProjectionBoundaryTest.test_complete_grid_rejects_missing_duplicate_extra_and_false_applicability"}, {"duration_seconds": 1.782, "return_code": 0, "stderr_tail": "----------------------------------------------------------------------\nRan 8 tests in 0.541s\n\nOK\n", "stdout_tail": "", "test": "tests.vnext.test_r4_publication_boundaries"}, {"duration_seconds": 1.244, "return_code": 0, "stderr_tail": "----------------------------------------------------------------------\nRan 3 tests in 0.035s\n\nOK\n", "stdout_tail": "", "test": "tests.vnext.test_r4_release_gate.R4ReleaseAggregateGateTest"}, {"duration_seconds": 1.518, "return_code": 0, "stderr_tail": "----------------------------------------------------------------------\nRan 9 tests in 0.039s\n\nOK\n", "stdout_tail": "", "test": "tests.vnext.test_r5_b06.B06PrimaryTest"}, {"duration_seconds": 9.617, "return_code": 0, "stderr_tail": "----------------------------------------------------------------------\nRan 10 tests in 8.381s\n\nOK\n", "stdout_tail": "", "test": "tests.vnext.test_r5_b06_followup"}, {"duration_seconds": 26.637, "return_code": 0, "stderr_tail": "----------------------------------------------------------------------\nRan 11 tests in 25.262s\n\nOK\n", "stdout_tail": "", "test": "tests.vnext.test_r5_b06_scope"}, {"duration_seconds": 0.655, "return_code": 0, "stderr_tail": "----------------------------------------------------------------------\nRan 1 test in 0.078s\n\nOK\n", "stdout_tail": "", "test": "tests.vnext.test_review_binding.ReviewBindingTest.test_optional_system_decision_is_auditable"}, {"duration_seconds": 2.842, "return_code": 0, "stderr_tail": "----------------------------------------------------------------------\nRan 1 test in 0.967s\n\nOK\n", "stdout_tail": "", "test": "tests.vnext.test_scoped_reader.ScopedReaderTest.test_all_four_zero_call_classes_cannot_prepare_requests"}, {"duration_seconds": 2.75, "return_code": 0, "stderr_tail": "----------------------------------------------------------------------\nRan 1 test in 0.918s\n\nOK\n", "stdout_tail": "", "test": "tests.vnext.test_source_scope.SourceScopeTest.test_complete_native_candidate_and_evidence_are_bound"}, {"duration_seconds": 2.913, "return_code": 0, "stderr_tail": "----------------------------------------------------------------------\nRan 1 test in 1.331s\n\nOK\n", "stdout_tail": "", "test": "tests.vnext.test_source_strategy_registry.SourceStrategyRegistryTest.test_registry_covers_exact_39_without_migration_state"}, {"duration_seconds": 1.021, "return_code": 0, "stderr_tail": "----------------------------------------------------------------------\nRan 1 test in 0.003s\n\nOK\n", "stdout_tail": "", "test": "tests.vnext.test_stage_c_context_packet.StageCContextPacketFastTest.test_current_packet_persists_no_credit_and_zero_current_egress"}, {"duration_seconds": 1.054, "return_code": 0, "stderr_tail": "----------------------------------------------------------------------\nRan 1 test in 0.003s\n\nOK\n", "stdout_tail": "", "test": "tests.vnext.test_stage_c_context_packet.StageCContextPacketFastTest.test_current_packet_persists_sibling_and_financial_blockers"}, {"duration_seconds": 1.059, "return_code": 0, "stderr_tail": "----------------------------------------------------------------------\nRan 1 test in 0.001s\n\nOK\n", "stdout_tail": "", "test": "tests.vnext.test_stage_c_context_packet.StageCContextPacketFastTest.test_historical_stage_c_b_packet_remains_content_addressed"}, {"duration_seconds": 3.937, "return_code": 0, "stderr_tail": "----------------------------------------------------------------------\nRan 7 tests in 2.034s\n\nOK\n", "stdout_tail": "", "test": "tests.vnext.test_successor_invocation_control"}, {"duration_seconds": 10.408, "return_code": 0, "stderr_tail": "----------------------------------------------------------------------\nRan 1 test in 9.077s\n\nOK\n", "stdout_tail": "", "test": "tests.vnext.test_table_context_attestation.TableContextAttestationTest.test_historical_occupancy_request_has_no_current_credit"}, {"duration_seconds": 16.306, "return_code": 0, "stderr_tail": "----------------------------------------------------------------------\nRan 1 test in 15.010s\n\nOK\n", "stdout_tail": "", "test": "tests.vnext.test_table_context_attestation.TableContextAttestationTest.test_historical_revpar_request_has_no_current_credit"}, {"duration_seconds": 1.932, "return_code": 0, "stderr_tail": "----------------------------------------------------------------------\nRan 1 test in 0.546s\n\nOK\n", "stdout_tail": "", "test": "tests.vnext.test_table_context_measurement.TableContextMeasurementTerminalTest.test_revpar_terminal_is_consumed_exact_and_non_credit"}, {"duration_seconds": 27.24, "return_code": 0, "stderr_tail": "----------------------------------------------------------------------\nRan 1 test in 25.345s\n\nOK\n", "stdout_tail": "", "test": "tests.vnext.test_table_context_qualification_guard.TableContextQualificationGuardTest.test_missing_or_excess_usage_is_terminal_and_skips_ordinal_two"}, {"duration_seconds": 0.999, "return_code": 0, "stderr_tail": "----------------------------------------------------------------------\nRan 1 test in 0.001s\n\nOK\n", "stdout_tail": "", "test": "tests.vnext.test_table_stage_c_a_packet.TableStageCAPacketTest.test_packet_sections_preserve_stage_c_a_claim_boundaries"}, {"duration_seconds": 0.68, "return_code": 0, "stderr_tail": "----------------------------------------------------------------------\nRan 3 tests in 0.113s\n\nOK\n", "stdout_tail": "", "test": "tests.vnext.test_table_stage_c_financial_materialization"}, {"duration_seconds": 1.733, "return_code": 0, "stderr_tail": "----------------------------------------------------------------------\nRan 1 test in 0.059s\n\nOK\n", "stdout_tail": "", "test": "tests.vnext.test_zero_ai_release.ZeroAiReleaseFastTest.test_r2_predecessor_bundle_fast_smoke"}]}
vNext fast suite	Post Set up Python 3.14	﻿2026-09-11T06:10:06.1430860Z Post job cleanup.
vNext fast suite	Post Check out repository	﻿2026-09-11T06:10:06.2874646Z Post job cleanup.
vNext fast suite	Post Check out repository	2026-09-11T06:10:06.3854674Z [command]/usr/bin/git version
vNext fast suite	Post Check out repository	2026-09-11T06:10:06.3901975Z git version 2.55.0
vNext fast suite	Post Check out repository	2026-09-11T06:10:06.3945579Z Temporarily overriding HOME='/home/runner/work/_temp/971defb4-51b0-40a6-b13d-40c04f45a2ab' before making global git config changes
vNext fast suite	Post Check out repository	2026-09-11T06:10:06.3947545Z Adding repository directory to the temporary git global config as a safe directory
vNext fast suite	Post Check out repository	2026-09-11T06:10:06.3951842Z [command]/usr/bin/git config --global --add safe.directory /home/runner/work/SEC_metrics/SEC_metrics
vNext fast suite	Post Check out repository	2026-09-11T06:10:06.3994205Z Removing SSH command configuration
vNext fast suite	Post Check out repository	2026-09-11T06:10:06.4002767Z [command]/usr/bin/git config --local --name-only --get-regexp core\.sshCommand
vNext fast suite	Post Check out repository	2026-09-11T06:10:06.4057430Z [command]/usr/bin/git submodule foreach --recursive sh -c "git config --local --name-only --get-regexp 'core\.sshCommand' && git config --local --unset-all 'core.sshCommand' || :"
vNext fast suite	Post Check out repository	2026-09-11T06:10:06.4353685Z Removing HTTP extra header
vNext fast suite	Post Check out repository	2026-09-11T06:10:06.4354834Z [command]/usr/bin/git config --local --name-only --get-regexp http\.https\:\/\/github\.com\/\.extraheader
vNext fast suite	Post Check out repository	2026-09-11T06:10:06.4410568Z [command]/usr/bin/git submodule foreach --recursive sh -c "git config --local --name-only --get-regexp 'http\.https\:\/\/github\.com\/\.extraheader' && git config --local --unset-all 'http.https://github.com/.extraheader' || :"
vNext fast suite	Post Check out repository	2026-09-11T06:10:06.4787720Z Removing includeIf entries pointing to credentials config files
vNext fast suite	Post Check out repository	2026-09-11T06:10:06.4788703Z [command]/usr/bin/git config --local --name-only --get-regexp ^includeIf\.gitdir:
vNext fast suite	Post Check out repository	2026-09-11T06:10:06.4850135Z [command]/usr/bin/git submodule foreach --recursive git config --local --show-origin --name-only --get-regexp remote.origin.url
vNext fast suite	Complete job	﻿2026-09-11T06:10:06.5299911Z Cleaning up orphan processes
