{'case': 'complete_positive', 'outcome': 'ACCEPTED', 'unresolved': []}
{'case': 'reversed_complete_units', 'outcome': 'REJECTED', 'error_type': 'ValueError', 'reason': 'D04_RESPONSE_UNIT_CENSUS_ORDER_CHANGED'}
{'case': 'missing_unit', 'outcome': 'REJECTED', 'error_type': 'ValueError', 'reason': 'D04_RESPONSE_UNIT_CENSUS_ORDER_CHANGED'}
{'case': 'duplicate_unit', 'outcome': 'REJECTED', 'error_type': 'ValueError', 'reason': 'D04_RESPONSE_UNIT_CENSUS_ORDER_CHANGED'}
{'case': 'shrink_schema_count', 'outcome': 'REJECTED', 'error_type': 'ValueError', 'reason': 'D04_NATIVE_REQUEST_POLICY_CHANGED'}
{'case': 'shrink_schema_enum', 'outcome': 'REJECTED', 'error_type': 'ValueError', 'reason': 'D04_NATIVE_REQUEST_POLICY_CHANGED'}
{'case': 'shrink_required_ids', 'outcome': 'REJECTED', 'error_type': 'ValueError', 'reason': 'D04_NATIVE_REQUEST_POLICY_CHANGED'}
{'case': 'shrink_checklist', 'outcome': 'REJECTED', 'error_type': 'ValueError', 'reason': 'D04_NATIVE_REQUEST_POLICY_CHANGED'}
{'case': 'wrong_version', 'outcome': 'REJECTED', 'error_type': 'ValueError', 'reason': 'D04_RESPONSE_CONTRACT_VERSION_UNSUPPORTED'}
{'case': 'downgrade_version_only', 'outcome': 'REJECTED', 'error_type': 'ValueError', 'reason': 'D04_NATIVE_REQUEST_POLICY_CHANGED'}
{'case': 'remove_required_candidates_and_update_checklist', 'outcome': 'REJECTED', 'error_type': 'ValueError', 'reason': 'D04_SOURCE_FACT_CLASSIFICATION_CONFLICT'}
Traceback (most recent call last):
  File "/tmp/sec_metrics_issue28_continuous/d04-complete-contract-review/factory-boundary.py", line 29, in <module>
    assert prepared(r).validate(policy)==r
           ~~~~~~~~~~~~~~~~~~~~^^^^^^^^
  File "/Users/lyuhongwang/Developer/SEC_metrics/scripts/vnext/continuous_semantic_calls.py", line 190, in validate
    need(configured_transport_policy(requirement=self.requirement,repo_root=ROOT) == policy
    ~~~~^^^^^^^^^^^^^^^^^^^^^^^^^^^^^^^^^^^^^^^^^^^^^^^^^^^^^^^^^^^^^^^^^^^^^^^^^^^^^^^^^^^
         and request_body(request,policy) == self.provider_request_body_bytes
         ^^^^^^^^^^^^^^^^^^^^^^^^^^^^^^^^^^^^^^^^^^^^^^^^^^^^^^^^^^^^^^^^^^^^
         and _json(request['response_protocol']) == self.output_schema_bytes,
         ^^^^^^^^^^^^^^^^^^^^^^^^^^^^^^^^^^^^^^^^^^^^^^^^^^^^^^^^^^^^^^^^^^^^
         'CONTINUOUS_PROVIDER_PAYLOAD_CHANGED')
         ^^^^^^^^^^^^^^^^^^^^^^^^^^^^^^^^^^^^^^
  File "/Users/lyuhongwang/Developer/SEC_metrics/scripts/vnext/continuous_call_policy.py", line 15, in need
    raise ValueError(reason)
ValueError: CONTINUOUS_PROVIDER_PAYLOAD_CHANGED
