{
  "base_sha": "05d11df29bb5a09e4da45629e024d1fd554c7b8e",
  "reviewed_sha": "51ccf5886913bca1a5fbb1ea02f5e25fe80665b8",
  "provider_sha": "417ccfb788f39f53e5ef2b2d825a3fa46efc11bf",
  "provider_path": "tools/prepare_c02_table_context.py",
  "all_six_received_statement_segments_byte_identical": true,
  "received_range_sha256": "5ac1d26dad3d9f5def9f1155c222828502d27d6ab117ccef89f1433b2d1f9a1d",
  "range_separator_difference": "Received file has one additional LF after FORMAT; all function and FORMAT statement bytes match.",
  "actual_imported_python_files": 72,
  "all_70_existing_imported_dependencies_unchanged_from_base": true,
  "selector_only_adds_requested_module": true,
  "scoped_files_sha256": {
    "scripts/vnext/c02_table_context_417ccfb7.py": "8e55cb0b75d838fc2e3eb7c2e9cfe7559dc1e91ad19ecdcbaaaec9377787a666",
    "scripts/vnext/c02_table_development_input.py": "7bfa8b914101400c83147bcc3290b20421585406b68411589f8508721789e2a7",
    "tests/vnext/test_c02_table_development_input.py": "9ef9db9b0ca302e687d3b89ee4db3b1ddb34b9ea3532108c2803a0c6845fad1b",
    "tools/run_fast_tests_v2.py": "cc9899833971ba366436a1453a7e94f4efd03bdd950ceb5ea9a3c8224952bd99"
  },
  "dependencies": [
    {
      "path": "scripts/git_workspace.py",
      "sha256": "cda230f8e7ec722c038e3fbbfb098408e609e014adfe7e3d0bfcbe7bf9d7a2f7",
      "head_and_runtime_bytes_equal": true,
      "unchanged_from_base": true
    },
    {
      "path": "scripts/sec_http.py",
      "sha256": "4a18bea988045280b9cf4745e65edb3b738d97c779cf750ac9f495ead2e0bb01",
      "head_and_runtime_bytes_equal": true,
      "unchanged_from_base": true
    },
    {
      "path": "scripts/sec_pipeline.py",
      "sha256": "f62bd3dba3a140002d0d4e74912876ff5972d785a4a029f80d5a75dfbb89b438",
      "head_and_runtime_bytes_equal": true,
      "unchanged_from_base": true
    },
    {
      "path": "scripts/sec_urls.py",
      "sha256": "e7fbccb60adf0133962bd10d332241a9a8f44a7951911b2e3f0d837316ba16cc",
      "head_and_runtime_bytes_equal": true,
      "unchanged_from_base": true
    },
    {
      "path": "scripts/validation_provenance.py",
      "sha256": "056909b78fb772b1a97e9ef061ae277c3993a47974bc900c8a5ea49146ae1f7a",
      "head_and_runtime_bytes_equal": true,
      "unchanged_from_base": true
    },
    {
      "path": "scripts/vnext/__init__.py",
      "sha256": "a36dc7448c250e89c5a77fcd2c2e5aae2a39caaa6a16d06b1020c52b94e7671a",
      "head_and_runtime_bytes_equal": true,
      "unchanged_from_base": true
    },
    {
      "path": "scripts/vnext/ai_adapter.py",
      "sha256": "3e4bb649275984652b1796d2dc43f2b3bad3b635e80f827b5e60d4c63e46996a",
      "head_and_runtime_bytes_equal": true,
      "unchanged_from_base": true
    },
    {
      "path": "scripts/vnext/annual_adoption_policy.py",
      "sha256": "71f7642856e4e0f69702100cfdab5aa0864e95db3cf8b88da74a9ff3500a08e0",
      "head_and_runtime_bytes_equal": true,
      "unchanged_from_base": true
    },
    {
      "path": "scripts/vnext/annual_input.py",
      "sha256": "dd3839e80613be191abbe20df38a24792448935f3e3110cb694b25f13ab5d8e8",
      "head_and_runtime_bytes_equal": true,
      "unchanged_from_base": true
    },
    {
      "path": "scripts/vnext/annual_update.py",
      "sha256": "d3dd9567b9500e0af0768423663310c95df2342c2fa160b0d277208ae10cee16",
      "head_and_runtime_bytes_equal": true,
      "unchanged_from_base": true
    },
    {
      "path": "scripts/vnext/batch_workflow.py",
      "sha256": "e2be7f1dd0497c698a5af7145ec0d0d9e4218d197213b62ad923926e56503bbc",
      "head_and_runtime_bytes_equal": true,
      "unchanged_from_base": true
    },
    {
      "path": "scripts/vnext/c02_table_context_417ccfb7.py",
      "sha256": "8e55cb0b75d838fc2e3eb7c2e9cfe7559dc1e91ad19ecdcbaaaec9377787a666",
      "head_and_runtime_bytes_equal": true,
      "unchanged_from_base": null
    },
    {
      "path": "scripts/vnext/c02_table_development_input.py",
      "sha256": "7bfa8b914101400c83147bcc3290b20421585406b68411589f8508721789e2a7",
      "head_and_runtime_bytes_equal": true,
      "unchanged_from_base": null
    },
    {
      "path": "scripts/vnext/calculator.py",
      "sha256": "96219758e07055cffc64c966b06fcbbaa127e7043d75ce8a7fcd754121dabacd",
      "head_and_runtime_bytes_equal": true,
      "unchanged_from_base": true
    },
    {
      "path": "scripts/vnext/canonical.py",
      "sha256": "7eec279a9bf09150ba2ee5886b7ec6a43192c5299d91cceb1f04d510044462aa",
      "head_and_runtime_bytes_equal": true,
      "unchanged_from_base": true
    },
    {
      "path": "scripts/vnext/constraints.py",
      "sha256": "017785026795ba11c9b218243b6aba026d697a5525c5eea3181ed822306d089a",
      "head_and_runtime_bytes_equal": true,
      "unchanged_from_base": true
    },
    {
      "path": "scripts/vnext/continuous_request_context.py",
      "sha256": "e252d1e0fc51b16f4456d9493814e09d48fabfabcbaad9e240f1a10464756fe0",
      "head_and_runtime_bytes_equal": true,
      "unchanged_from_base": true
    },
    {
      "path": "scripts/vnext/deterministic_router.py",
      "sha256": "4b2867c017f1f770e1a61b8c435114c69eb0c793298d17147a11615698d9aa7c",
      "head_and_runtime_bytes_equal": true,
      "unchanged_from_base": true
    },
    {
      "path": "scripts/vnext/evidence.py",
      "sha256": "3cd27fcf90e0b432ca48cf7464c276734aef0e6af9ad8fd731bc0cd3ad197b09",
      "head_and_runtime_bytes_equal": true,
      "unchanged_from_base": true
    },
    {
      "path": "scripts/vnext/governance_compensation_table.py",
      "sha256": "8874e0e8264488e8518dbc2068b9e9887d766dbc56277a85c6fe3f0020606b31",
      "head_and_runtime_bytes_equal": true,
      "unchanged_from_base": true
    },
    {
      "path": "scripts/vnext/governance_signals.py",
      "sha256": "b5a81465be57ac332c595c61bd107d0e8da8e90bac5dd47a071c3576dcbce820",
      "head_and_runtime_bytes_equal": true,
      "unchanged_from_base": true
    },
    {
      "path": "scripts/vnext/invocation_control.py",
      "sha256": "2fa17e51aabc3551e4be4947d3f6d5a2b75489b509e0296533a81abd05b94fa4",
      "head_and_runtime_bytes_equal": true,
      "unchanged_from_base": true
    },
    {
      "path": "scripts/vnext/normal_annual_input.py",
      "sha256": "bbf94b9df70e393c09d29d517ffdc9905ff210bc6c4976d582190da15842487a",
      "head_and_runtime_bytes_equal": true,
      "unchanged_from_base": true
    },
    {
      "path": "scripts/vnext/normal_governance_input.py",
      "sha256": "9fbc6b0339d7223d3b31304f2625a800e706241f0a254fe49f553c3a3d6d1db1",
      "head_and_runtime_bytes_equal": true,
      "unchanged_from_base": true
    },
    {
      "path": "scripts/vnext/normal_source_authority.py",
      "sha256": "657eaec526d1b28edcd28a1e1d7fc9433fad5a96a677da77c2561d0d0383be3e",
      "head_and_runtime_bytes_equal": true,
      "unchanged_from_base": true
    },
    {
      "path": "scripts/vnext/normal_text_input_v2.py",
      "sha256": "d19b64274e95db66ff500c39531031e804967bf4cfaaf91ec8f7aa40e6757b9c",
      "head_and_runtime_bytes_equal": true,
      "unchanged_from_base": true
    },
    {
      "path": "scripts/vnext/observations.py",
      "sha256": "a41e7a507e69a28806fc43226b96f3d5a0dd1c7185bc5bd195b4de78a769211e",
      "head_and_runtime_bytes_equal": true,
      "unchanged_from_base": true
    },
    {
      "path": "scripts/vnext/projector.py",
      "sha256": "21dc6372abe69477def0f1a72b0ea8108c2aa2a9751ae08e8440acb06dbc4c21",
      "head_and_runtime_bytes_equal": true,
      "unchanged_from_base": true
    },
    {
      "path": "scripts/vnext/provider_runtime.py",
      "sha256": "863631a82feb7f328d08671bf6b8a4a8d6c6192f9a6484d7381a8460b9547e01",
      "head_and_runtime_bytes_equal": true,
      "unchanged_from_base": true
    },
    {
      "path": "scripts/vnext/publication.py",
      "sha256": "c700a10e4620ff9127404877cc38565ef3b5a2db3abdbd886f0304c6a431b545",
      "head_and_runtime_bytes_equal": true,
      "unchanged_from_base": true
    },
    {
      "path": "scripts/vnext/qualification.py",
      "sha256": "e124b706bcda5940edd9a21e338645e81d5b13edbd400b330630f9128a24b053",
      "head_and_runtime_bytes_equal": true,
      "unchanged_from_base": true
    },
    {
      "path": "scripts/vnext/r4_label_policy.py",
      "sha256": "accfce83daa38911cc5ee780e24d68c4fc8c85b0786d4a7f9ac51f5372478f4b",
      "head_and_runtime_bytes_equal": true,
      "unchanged_from_base": true
    },
    {
      "path": "scripts/vnext/reader.py",
      "sha256": "20720efd18067ff6ec614a4c25ec84bf6094f544e268fe28cb09f520d3ae8c2b",
      "head_and_runtime_bytes_equal": true,
      "unchanged_from_base": true
    },
    {
      "path": "scripts/vnext/reader_input.py",
      "sha256": "56f0eaf938f817da7c5900302ae3ebe5c1948e71494904597ee1cb78c5c6a831",
      "head_and_runtime_bytes_equal": true,
      "unchanged_from_base": true
    },
    {
      "path": "scripts/vnext/records.py",
      "sha256": "e3ca654eaf837ccdc1ef0d2d542daff4f3a005dbfa4e693122b41bae6ee5a187",
      "head_and_runtime_bytes_equal": true,
      "unchanged_from_base": true
    },
    {
      "path": "scripts/vnext/render.py",
      "sha256": "a8b6f065d5e8772829d177f8bb3ee2ec2dd894d5d76c0219e6f7823f8e4793ca",
      "head_and_runtime_bytes_equal": true,
      "unchanged_from_base": true
    },
    {
      "path": "scripts/vnext/requirement_profile.py",
      "sha256": "40d39d2f75d40f4466fa99b6d48c25897c20f428f46a4bf04a1e63e4a2419d01",
      "head_and_runtime_bytes_equal": true,
      "unchanged_from_base": true
    },
    {
      "path": "scripts/vnext/requirement_profile_v1.py",
      "sha256": "575ad8e14c41f2835087583b66a3bbb5886ce5f0816fb500e29a35184c895e48",
      "head_and_runtime_bytes_equal": true,
      "unchanged_from_base": true
    },
    {
      "path": "scripts/vnext/requirement_profile_v10.py",
      "sha256": "0d474e2d3b5b2f5d768e80f83163a5d63ff4cfc92d3b2ee9dd15e5c42fdb0d79",
      "head_and_runtime_bytes_equal": true,
      "unchanged_from_base": true
    },
    {
      "path": "scripts/vnext/requirement_profile_v11.py",
      "sha256": "f44b44439a7dafb9bd919ccdcf1ac589881304f1039860e5e20cb6d8ed517f2c",
      "head_and_runtime_bytes_equal": true,
      "unchanged_from_base": true
    },
    {
      "path": "scripts/vnext/requirement_profile_v12.py",
      "sha256": "835b604333013606fa5f18fb8d6ea66b7f9c8fbe771765d624e5bae957598317",
      "head_and_runtime_bytes_equal": true,
      "unchanged_from_base": true
    },
    {
      "path": "scripts/vnext/requirement_profile_v13.py",
      "sha256": "e95c1fcff21dd35b62a146b5d2aa51488a7700693cf1330d788231ffe344eac4",
      "head_and_runtime_bytes_equal": true,
      "unchanged_from_base": true
    },
    {
      "path": "scripts/vnext/requirement_profile_v14.py",
      "sha256": "b06a50acafece1cc6fa0f0c0b8d57d780b1e6f13768c0efd5d8bbf7a49e17dab",
      "head_and_runtime_bytes_equal": true,
      "unchanged_from_base": true
    },
    {
      "path": "scripts/vnext/requirement_profile_v2.py",
      "sha256": "a814bdddf0a54e239b0322e07df342a05bd12c907e1e79edbeba5500986bb2dc",
      "head_and_runtime_bytes_equal": true,
      "unchanged_from_base": true
    },
    {
      "path": "scripts/vnext/requirement_profile_v3.py",
      "sha256": "2817ba724ff102f175a4c0ba120bee440c0b4978b4719d1427e34423cbb50309",
      "head_and_runtime_bytes_equal": true,
      "unchanged_from_base": true
    },
    {
      "path": "scripts/vnext/requirement_profile_v4.py",
      "sha256": "35ea4e7727af07114d7a57e0d9d0da5241f051f8c59ac278d36200f38367000d",
      "head_and_runtime_bytes_equal": true,
      "unchanged_from_base": true
    },
    {
      "path": "scripts/vnext/requirement_profile_v5.py",
      "sha256": "367750905c578cc04d91e6aa56b0f1f5d0ddb2112d4a8d61c0cc744b2d4c1c23",
      "head_and_runtime_bytes_equal": true,
      "unchanged_from_base": true
    },
    {
      "path": "scripts/vnext/requirement_profile_v6.py",
      "sha256": "bc375bd56482ad93e4e94a8cdd3c13306aafb2feef226c1abdfe0a05d063cda5",
      "head_and_runtime_bytes_equal": true,
      "unchanged_from_base": true
    },
    {
      "path": "scripts/vnext/requirement_profile_v7.py",
      "sha256": "5154d7b9d31ebed7764fc3d8967feb2761f692eb8aab34d5b297807ce2375b26",
      "head_and_runtime_bytes_equal": true,
      "unchanged_from_base": true
    },
    {
      "path": "scripts/vnext/requirement_profile_v8.py",
      "sha256": "84e787a388b242108625db861340f87908c83bade0eb3213181e35df54b48580",
      "head_and_runtime_bytes_equal": true,
      "unchanged_from_base": true
    },
    {
      "path": "scripts/vnext/requirement_profile_v9.py",
      "sha256": "8c75f68b699bf53d2c4fe6b5821d63908736845326a9103cb29a8c5f869acfea",
      "head_and_runtime_bytes_equal": true,
      "unchanged_from_base": true
    },
    {
      "path": "scripts/vnext/requirements.py",
      "sha256": "dea17304a2685a70162cdc7cc555ec4aa56764352ad09ba1dd0d57b8f56acbbc",
      "head_and_runtime_bytes_equal": true,
      "unchanged_from_base": true
    },
    {
      "path": "scripts/vnext/resource_limits.py",
      "sha256": "2be2aab001242107db8ffe877d9a7e16ea0bd8dc04e0fa40481b28a65732187b",
      "head_and_runtime_bytes_equal": true,
      "unchanged_from_base": true
    },
    {
      "path": "scripts/vnext/review.py",
      "sha256": "c15b0a253c919b59682afbbd8ee41a2973cd0992f1b67d9def26197a5259349d",
      "head_and_runtime_bytes_equal": true,
      "unchanged_from_base": true
    },
    {
      "path": "scripts/vnext/run_store.py",
      "sha256": "adbac4bb2c683960597f0d6d4d7c6c84f32dde91574c58d9d91e5275fccf4346",
      "head_and_runtime_bytes_equal": true,
      "unchanged_from_base": true
    },
    {
      "path": "scripts/vnext/scope_contract.py",
      "sha256": "d10be102520b03654d97f9b40d6b3553e28cdec0ba9b903ef6b648b09a0849d1",
      "head_and_runtime_bytes_equal": true,
      "unchanged_from_base": true
    },
    {
      "path": "scripts/vnext/source_strategy.py",
      "sha256": "85faca3e9af67212cb71ca6a8343ed23b14dbe3e5ae17da0f52ea02d949d8622",
      "head_and_runtime_bytes_equal": true,
      "unchanged_from_base": true
    },
    {
      "path": "scripts/vnext/sources.py",
      "sha256": "53eeef067c450bd5bb7a92daab88bc437546b2d95355186a6464d2222bf23c31",
      "head_and_runtime_bytes_equal": true,
      "unchanged_from_base": true
    },
    {
      "path": "scripts/vnext/specs.py",
      "sha256": "4cddc435aa84f5b541a1fd8cb2e81280b1d374bfc5b5c48efb52f129b5dc4be3",
      "head_and_runtime_bytes_equal": true,
      "unchanged_from_base": true
    },
    {
      "path": "scripts/vnext/stage_a_snapshot.py",
      "sha256": "7edc9ae82203093492171dd98764180a2f7294eaf81495236aa518de45bec640",
      "head_and_runtime_bytes_equal": true,
      "unchanged_from_base": true
    },
    {
      "path": "scripts/vnext/states.py",
      "sha256": "53d1b7e0f3bda67e04197a20ad7524aeb99553cbf430a82a30dcbaa563ca1f30",
      "head_and_runtime_bytes_equal": true,
      "unchanged_from_base": true
    },
    {
      "path": "scripts/vnext/table_context_attestation.py",
      "sha256": "adc7507250a64a325672c5e35233715c75b5abbc4ed63ecb11e3ab7bf4bcd3e1",
      "head_and_runtime_bytes_equal": true,
      "unchanged_from_base": true
    },
    {
      "path": "scripts/vnext/table_context_measurement.py",
      "sha256": "b70114cb3932fa877101f249275ef74bd92a86b3d1c51096ec15db084d2fe751",
      "head_and_runtime_bytes_equal": true,
      "unchanged_from_base": true
    },
    {
      "path": "scripts/vnext/table_grid.py",
      "sha256": "8ab43146f0c8d711067c609f38a4ae9368266f6192f7be21e8aa743bb0f1d617",
      "head_and_runtime_bytes_equal": true,
      "unchanged_from_base": true
    },
    {
      "path": "scripts/vnext/table_payload.py",
      "sha256": "7571bbf5121989effc4a3eb0ba38a42ef1dfc5ea9a839b65220bbbafb7aa2bb8",
      "head_and_runtime_bytes_equal": true,
      "unchanged_from_base": true
    },
    {
      "path": "scripts/vnext/table_qualification_freeze.py",
      "sha256": "5dfa60adf4a98d100d396cc5983491d687cd39ad5040b48a8468568e6644f8af",
      "head_and_runtime_bytes_equal": true,
      "unchanged_from_base": true
    },
    {
      "path": "scripts/vnext/table_task_contracts.py",
      "sha256": "add72c87eca8512c31e8d4ae1cfdd7c72b77bbea361b000b8d3d553691ca3cbb",
      "head_and_runtime_bytes_equal": true,
      "unchanged_from_base": true
    },
    {
      "path": "scripts/vnext/text_business_candidates.py",
      "sha256": "08d6fe148f3d198bc60fd18a031e76f07aa8f5f9b394508822dbcf448ea85b43",
      "head_and_runtime_bytes_equal": true,
      "unchanged_from_base": true
    },
    {
      "path": "scripts/vnext/text_coverage.py",
      "sha256": "33fe616774a0ee6da02011dd00526f6cc086b191beab7af4d67ce79c4d84b5ce",
      "head_and_runtime_bytes_equal": true,
      "unchanged_from_base": true
    },
    {
      "path": "scripts/vnext/text_results.py",
      "sha256": "fc4f81fe03269c7067932807573c2fb2fe8d3fe6fde2b06f9990e7108e532567",
      "head_and_runtime_bytes_equal": true,
      "unchanged_from_base": true
    },
    {
      "path": "scripts/vnext/text_results_v2.py",
      "sha256": "26a0fe518cdbb76377d6afcfde82e0a886eb7e9fc730254abd875012ecf1cc93",
      "head_and_runtime_bytes_equal": true,
      "unchanged_from_base": true
    },
    {
      "path": "scripts/vnext/traits.py",
      "sha256": "44f6c1f6b032e956c85d54423e88a552ec742e2d6b13435cd91fd53512418303",
      "head_and_runtime_bytes_equal": true,
      "unchanged_from_base": true
    }
  ]
}
NO_NEW_PATH_IN_EXISTING_REQUIREMENT_JSON issue_28_v13
NO_NEW_PATH_IN_EXISTING_REQUIREMENT_JSON issue_28_v14
TOKENIZER_RESOURCE_SHA256 d0a53c1a5e7f998a5f42b4f428888da70ed47ad33eb2a8afe32294f39f17ef5a
