{
  "checked_utc": "2026-10-02T15:36:12.662996+00:00",
  "patch_sha": "0de97ec9e280e578c809320c6c18c65381070f99",
  "parent_sha": "df0f455ffcff35836cd70d8ea3bd9a9c2706f743",
  "head": "0de97ec9e280e578c809320c6c18c65381070f99",
  "source_scope": "Specified SHA; current source/test and 13-file equivalence verified statically before execution",
  "verified_files": [
    {
      "path": "scripts/vnext/e01_header_document_guard_28_v1.py",
      "sha256": "54502a58b3ef5775197fa114eb454234307067212bb81217214a45816b5042f7",
      "size": 4073,
      "worktree_equal": true,
      "installed_equal_companies": [
        "enphase_energy",
        "pfizer"
      ]
    },
    {
      "path": "scripts/vnext/ordinary_e01_item_text_input_v2.py",
      "sha256": "0d43c01f117160631a7dc5ce237474fea52cf2243b4bdae4257bfdb443e49c4e",
      "size": 11269,
      "worktree_equal": true,
      "installed_equal_companies": [
        "enphase_energy",
        "pfizer"
      ]
    },
    {
      "path": "tests/vnext/test_e01_header_document_guard.py",
      "sha256": "76a4c62a8fb28a2553818dad32f1448d353573855e0b46d83a85f42de0f71c97",
      "size": 7455,
      "worktree_equal": true,
      "installed_equal_companies": []
    },
    {
      "path": "requirements/issue_28_v13/CONTRACT.md",
      "sha256": "5e3232baf304e70256328084b00c36545031b06dd3e956b5b3983862a2b4d374",
      "size": 1211,
      "worktree_equal": true,
      "installed_equal_companies": [
        "enphase_energy",
        "pfizer"
      ]
    },
    {
      "path": "requirements/issue_28_v13/baseline_manifest.json",
      "sha256": "44c268ecf0e3745ccc1880630a4b30ba7dd079eae31a0bc3f996dc15a17ceedf",
      "size": 81784,
      "worktree_equal": true,
      "installed_equal_companies": [
        "enphase_energy",
        "pfizer"
      ]
    },
    {
      "path": "requirements/issue_28_v13/decision_register.json",
      "sha256": "83ee3d4f2bfe6c204ce82793b452f9a381b973bce6b31b43ec607c30b8219d97",
      "size": 9524,
      "worktree_equal": true,
      "installed_equal_companies": [
        "enphase_energy",
        "pfizer"
      ]
    },
    {
      "path": "requirements/issue_28_v13/invariant_profile.json",
      "sha256": "f44bdccf99970b67798c7f7f8db25c27c9e1452358823823e82f7039fd42d3aa",
      "size": 416,
      "worktree_equal": true,
      "installed_equal_companies": [
        "enphase_energy",
        "pfizer"
      ]
    },
    {
      "path": "requirements/issue_28_v13/transfer_manifest.json",
      "sha256": "e373d84a8311d084028b9dc3457530dc6de9ac6cf2a17292eb8c0d0258795a06",
      "size": 311,
      "worktree_equal": true,
      "installed_equal_companies": [
        "enphase_energy",
        "pfizer"
      ]
    },
    {
      "path": "requirements/issue_28_v14/CONTRACT.md",
      "sha256": "8f7f0365e7b8db15323bee994fa070759b2b819ee4402ff0e1217e4e20b0d9b2",
      "size": 1605,
      "worktree_equal": true,
      "installed_equal_companies": []
    },
    {
      "path": "requirements/issue_28_v14/baseline_manifest.json",
      "sha256": "d331d128aaff04d57e5a2f9174358b62efd57597c029667b83b23c2f08a1fa30",
      "size": 94563,
      "worktree_equal": true,
      "installed_equal_companies": []
    },
    {
      "path": "requirements/issue_28_v14/decision_register.json",
      "sha256": "c83648909944ce5ede842d7ae1e6d31ac8320f368eef3b7c2876c13bffb22109",
      "size": 11100,
      "worktree_equal": true,
      "installed_equal_companies": []
    },
    {
      "path": "requirements/issue_28_v14/invariant_profile.json",
      "sha256": "4d0537c352c05ccdc1449285c8bc130c4362683a74a29440783cabf0df79169d",
      "size": 418,
      "worktree_equal": true,
      "installed_equal_companies": []
    },
    {
      "path": "requirements/issue_28_v14/transfer_manifest.json",
      "sha256": "8feb9626c4fe1b55baea81464417ecf6a00bff59bf277ee456ba2abafba3d65a",
      "size": 520,
      "worktree_equal": true,
      "installed_equal_companies": []
    }
  ],
  "unchanged_dependencies": [
    {
      "path": "scripts/vnext/e01_item_text_28_v1.py",
      "sha256": "6d55c88f53278ce2d6a5027965e7e787a306292d7978880cd1b66ff41d9001c7",
      "unchanged_from_parent": true
    },
    {
      "path": "scripts/vnext/ordinary_e01_item_text_input.py",
      "sha256": "a97750590a1a528fe297802e64d4e86c4da6ccb386a628df4b3a569fd1ded873",
      "unchanged_from_parent": true
    },
    {
      "path": "scripts/vnext/ordinary_e01_item_text_input_v2.py",
      "sha256": "0d43c01f117160631a7dc5ce237474fea52cf2243b4bdae4257bfdb443e49c4e",
      "unchanged_from_parent": true
    },
    {
      "path": "scripts/vnext/deterministic_router.py",
      "sha256": "4b2867c017f1f770e1a61b8c435114c69eb0c793298d17147a11615698d9aa7c",
      "unchanged_from_parent": true
    },
    {
      "path": "scripts/vnext/canonical.py",
      "sha256": "7eec279a9bf09150ba2ee5886b7ec6a43192c5299d91cceb1f04d510044462aa",
      "unchanged_from_parent": true
    }
  ],
  "initial_worktree_status": [
    " M docs/evidence/issue28_continuous/execution-state.json",
    "?? docs/evidence/issue28_continuous/collab-e01-header-guard-20261002/tested-commit-equivalence-boundary.json"
  ],
  "extra_worktree_policy": "Unrelated changes registered only; no branch, runtime, or source mutation"
}
