test_explicit_period_reader_inspects_exact_bytes_and_must_match_target (tests.vnext.test_selected_income_source_v1.SelectedIncomeSourceTest.test_explicit_period_reader_inspects_exact_bytes_and_must_match_target) ... ok
test_non_usd_and_fake_namespace_rejected (tests.vnext.test_selected_income_source_v1.SelectedIncomeSourceTest.test_non_usd_and_fake_namespace_rejected) ... ok
test_release_date_requires_explicit_policy_and_old_default_unchanged (tests.vnext.test_selected_income_source_v1.SelectedIncomeSourceTest.test_release_date_requires_explicit_policy_and_old_default_unchanged) ... ok
test_selected_original_default_matches_retained_reader_without_current_preparation (tests.vnext.test_selected_income_source_v1.SelectedIncomeSourceTest.test_selected_original_default_matches_retained_reader_without_current_preparation) ... ok
test_short_visible_period_conflict_and_missing_header_remain_explicit (tests.vnext.test_selected_income_source_v1.SelectedIncomeSourceTest.test_short_visible_period_conflict_and_missing_header_remain_explicit) ... ok
test_source_byte_company_and_accession_binding_rejected (tests.vnext.test_selected_income_source_v1.SelectedIncomeSourceTest.test_source_byte_company_and_accession_binding_rejected) ... ok
test_wrong_annual_period_and_dei_subject_rejected (tests.vnext.test_selected_income_source_v1.SelectedIncomeSourceTest.test_wrong_annual_period_and_dei_subject_rejected) ... ok
test_revenue_and_margin_share_the_existing_income_case_factory (tests.vnext.test_historical_income_period_conflict.HistoricalIncomeDispatchTest.test_revenue_and_margin_share_the_existing_income_case_factory) ... ok
test_conflicting_dates_produce_named_withholding_with_dependency_and_evidence (tests.vnext.test_historical_income_period_conflict.HistoricalIncomePeriodConflictTest.test_conflicting_dates_produce_named_withholding_with_dependency_and_evidence) ... ok
test_current_conflict_cannot_be_assigned_to_a_different_selected_filing (tests.vnext.test_historical_income_period_conflict.HistoricalIncomePeriodConflictTest.test_current_conflict_cannot_be_assigned_to_a_different_selected_filing) ... ok
test_non_income_and_continuous_subjects_do_not_prepare_successor_income (tests.vnext.test_historical_income_period_conflict.HistoricalIncomePeriodConflictTest.test_non_income_and_continuous_subjects_do_not_prepare_successor_income) ... ok
test_missing_original_and_changed_bytes_are_named_failures (tests.vnext.test_historical_income_period_conflict.SelectedHistoricalIncomeConsumerTest.test_missing_original_and_changed_bytes_are_named_failures) ... ok
test_selected_reader_and_policy_do_not_prepare_the_current_company (tests.vnext.test_historical_income_period_conflict.SelectedHistoricalIncomeConsumerTest.test_selected_reader_and_policy_do_not_prepare_the_current_company) ... ok
test_short_observation_does_not_replace_the_selected_annual_period (tests.vnext.test_historical_income_period_conflict.SelectedHistoricalIncomeConsumerTest.test_short_observation_does_not_replace_the_selected_annual_period) ... ok
test_duplicate_primary_record_is_rejected (tests.vnext.test_historical_saved_case.HistoricalSavedCaseTest.test_duplicate_primary_record_is_rejected) ... ok
test_missing_dependency_is_not_synthesized (tests.vnext.test_historical_saved_case.HistoricalSavedCaseTest.test_missing_dependency_is_not_synthesized) ... ok
test_preserves_ids_dependency_and_both_conflicting_dates (tests.vnext.test_historical_saved_case.HistoricalSavedCaseTest.test_preserves_ids_dependency_and_both_conflicting_dates) ... ok
test_trace_id_and_spec_closure_are_checked (tests.vnext.test_historical_saved_case.HistoricalSavedCaseTest.test_trace_id_and_spec_closure_are_checked) ... ok
test_unreceived_family_is_explicit (tests.vnext.test_historical_saved_case.HistoricalSavedCaseTest.test_unreceived_family_is_explicit) ... ok
test_wrong_company_and_period_cannot_become_saved_case (tests.vnext.test_historical_saved_case.HistoricalSavedCaseTest.test_wrong_company_and_period_cannot_become_saved_case) ... ok
test_aliased_fact_cannot_bypass_original_impairment_inclusion (tests.vnext.test_historical_b03_shared_input.HistoricalSharedB03InputTest.test_aliased_fact_cannot_bypass_original_impairment_inclusion) ... ok
test_another_entity_period_or_currency_cannot_support_the_chain (tests.vnext.test_historical_b03_shared_input.HistoricalSharedB03InputTest.test_another_entity_period_or_currency_cannot_support_the_chain) ... ok
test_changed_chain_amount_remains_withheld (tests.vnext.test_historical_b03_shared_input.HistoricalSharedB03InputTest.test_changed_chain_amount_remains_withheld) ... ok
test_composition_can_request_one_retake_without_guessing_a_total (tests.vnext.test_historical_b03_shared_input.HistoricalSharedB03InputTest.test_composition_can_request_one_retake_without_guessing_a_total) ... ok
test_composition_requires_both_selected_original_components (tests.vnext.test_historical_b03_shared_input.HistoricalSharedB03InputTest.test_composition_requires_both_selected_original_components) ... ok
test_custom_same_local_name_cannot_create_a_gaap_conflict (tests.vnext.test_historical_b03_shared_input.HistoricalSharedB03InputTest.test_custom_same_local_name_cannot_create_a_gaap_conflict) ... ok
test_dated_composition_uses_same_policy_for_both_original_components (tests.vnext.test_historical_b03_shared_input.HistoricalSharedB03InputTest.test_dated_composition_uses_same_policy_for_both_original_components) ... ok
test_declared_decimal_transform_keeps_dated_release_amount (tests.vnext.test_historical_b03_shared_input.HistoricalSharedB03InputTest.test_declared_decimal_transform_keeps_dated_release_amount) ... ok
test_exclusion_or_unlinked_footnote_is_not_an_inclusion_proof (tests.vnext.test_historical_b03_shared_input.HistoricalSharedB03InputTest.test_exclusion_or_unlinked_footnote_is_not_an_inclusion_proof) ... ok
test_historical_dated_release_is_explicit_and_current_default_is_retained (tests.vnext.test_historical_b03_shared_input.HistoricalSharedB03InputTest.test_historical_dated_release_is_explicit_and_current_default_is_retained) ... ok
test_legal_concept_and_currency_prefix_aliases_are_resolved (tests.vnext.test_historical_b03_shared_input.HistoricalSharedB03InputTest.test_legal_concept_and_currency_prefix_aliases_are_resolved) ... ok
test_reported_precision_is_retained (tests.vnext.test_historical_b03_shared_input.HistoricalSharedB03InputTest.test_reported_precision_is_retained) ... ok
test_true_same_concept_disagreement_remains_withheld (tests.vnext.test_historical_b03_shared_input.HistoricalSharedB03InputTest.test_true_same_concept_disagreement_remains_withheld) ... ok
test_unformatted_comma_cannot_confirm_a_historical_chain_amount (tests.vnext.test_historical_b03_shared_input.HistoricalSharedB03InputTest.test_unformatted_comma_cannot_confirm_a_historical_chain_amount) ... ok
test_wrong_inline_namespace_is_not_a_confirmed_historical_amount (tests.vnext.test_historical_b03_shared_input.HistoricalSharedB03InputTest.test_wrong_inline_namespace_is_not_a_confirmed_historical_amount) ... ok
test_wrong_scope_facts_cannot_change_a_supported_amount (tests.vnext.test_historical_b03_shared_input.HistoricalSharedB03InputTest.test_wrong_scope_facts_cannot_change_a_supported_amount) ... ok

----------------------------------------------------------------------
Ran 36 tests in 0.154s

OK
