REVIEW_SHA: 14f74c3e313180d6c4d4e5c48ecf499ca72d4dae
BASELINE_SHA: f661962f7939e7eeaed92491e8ad74473215f782
UTC_START: 2026-10-04T15:44:00.229024+00:00
TOOL_COUNT_CONSERVATIVE: 26 (8 functions.exec wrappers + 18 inner exec_command calls)
ORDINARY_MESSAGES: 3 planned (opening, bounded progress, final)
CURRENT_HEAD: 14f74c3e313180d6c4d4e5c48ecf499ca72d4dae
EXACT_HEAD_BYTES docs/evidence/issue28_continuous/d03-logical-continuation-preflight-20261004/task_mapping.py sha256=b24d41ee140898faa7ff675c0e15a69100050c96175e4c755d7829b17d0764ac
EXACT_HEAD_BYTES docs/evidence/issue28_continuous/d03-logical-continuation-preflight-20261004/mapping-prompt.txt sha256=6bc072e25b9c44ce6cf6514dd859abe99779a1faa8e27cf4362fa6284f0e13f4
EXACT_HEAD_BYTES docs/evidence/issue28_continuous/d03-logical-continuation-preflight-20261004/test_task_mapping.py sha256=ed6d0420d812d955339b8a9aa52fc71221b09426ad64d6dc22cd2a6485791fb8
EXACT_HEAD_BYTES docs/evidence/issue28_continuous/d03-logical-continuation-preflight-20261004/measure_mapping.py sha256=eab43d5827354fc070f22bc0381b74972c5a7a54f9cca156c1d9b774b0ea616a
EXACT_HEAD_BYTES docs/evidence/issue28_continuous/d03-logical-continuation-preflight-20261004/replay_mapping.py sha256=54096bce8f49df1fa712a6efc35a87424638424764aa6541d7b9a38a3f2a0c36
EXACT_HEAD_BYTES docs/evidence/issue28_continuous/d03-logical-continuation-preflight-20261004/task-mapping.md sha256=3828a71b7af498754c9a5007d18c58b5abe9c98dd27e2b51a1ce6255da402954
EXACT_HEAD_BYTES docs/evidence/issue28_continuous/d03-logical-continuation-preflight-20261004/actual-task-mapping.json sha256=3517b91066ff759553f1d9515c2889754b01bc9e5b113668801e1c5e5f285a2c
EXACT_HEAD_BYTES docs/evidence/issue28_continuous/d03-logical-continuation-preflight-20261004/logical_source.py sha256=b339c74a5d9cd11c574ddd87803b5368d1496c447e6ae8073559c487c14f9cb0
EXACT_HEAD_BYTES docs/evidence/issue28_continuous/d03-logical-continuation-preflight-20261004/independent-review/conclusion.md sha256=15c52d2dae191dc847d653eab008cd4ebb4589b61a15dc235b9be6b04717198a
EXACT_HEAD_BYTES scripts/vnext/capacity_semantic_review.py sha256=74f0056417f6dd0285e5ea5afe79384f4c8d849c1d810e119caaa786d364df11
EXACT_HEAD_BYTES scripts/vnext/d03_context_requests.py sha256=38feef0857c92fa1ba3d7ee7b7bf94017cf4fc7a6c9ac64951659e925a1d8654
EXACT_HEAD_BYTES scripts/vnext/continuous_request_context.py sha256=e252d1e0fc51b16f4456d9493814e09d48fabfabcbaad9e240f1a10464756fe0
UNCHANGED_FROM_BASE docs/evidence/issue28_continuous/d03-logical-continuation-preflight-20261004/logical_source.py
UNCHANGED_FROM_BASE scripts/vnext/capacity_semantic_review.py
UNCHANGED_FROM_BASE scripts/vnext/d03_context_requests.py
UNCHANGED_FROM_BASE scripts/vnext/continuous_request_context.py
SOURCE_BYTES_MATCH marriott 5c4aae9c6a1f671d348b0e41c3eefb526a3710a4c9d463f77f7e39d54f909b5b
SOURCE_BYTES_MATCH jpm 11189144bf0bff60c8995086f9fb2bfa253a38a1206d557a059b9c771f8486a9
LOG unit-tests.log sha256=4a9d8687c772b45415ea1bf4e00fd8b4c55ab43e472dc4f1727be78e0ac828b0
LOG actual-source-replay.log sha256=3db6199f569352e559d22a10450098bf7a1b21df7f943bd5a1b9662158c08359
LOG finite-controls.log sha256=4a787fa9c4431d78d2c073e24615b030f4bf8f6f4010dc87bad87eed61c25cfa
LOG finite-controls-first-attempt.log sha256=aa3655a346c17fac3177fdf12dcedf73e390f16a372a56097e88a0f8fd065d12
UTC_END: 2026-10-04T15:52:03.503590+00:00
