{
  "consumer_commit": "77b777248ed958f87bce31085b94704fb29b3f0b",
  "operations": [
    {
      "company_id": "marriott_international",
      "seconds": 0.8187489158008248,
      "status": "NO_SOURCE_CONTENT_CHANGE",
      "calculation_performed": false,
      "result_id": "sha256:719ccfd2cad365cf9e01b7afc5a4a8c9b1fb00629c704430967fc79e5e556aca",
      "old_saved_result_files_preserved": 9
    },
    {
      "company_id": "lumen_technologies",
      "seconds": 0.7368654999881983,
      "status": "PREVIOUS_INPUT_WITHHELD",
      "calculation_performed": false,
      "result_id": "sha256:8d716ae5bcb3cfe47274a2502c6ca21300688212b4fcc492dfdd76c595fc9ef1",
      "old_saved_result_files_preserved": 7
    },
    {
      "company_id": "macys",
      "seconds": 0.7274648330640048,
      "status": "PREVIOUS_INPUT_WITHHELD",
      "calculation_performed": false,
      "result_id": "sha256:2b1416ac94c74bba9b3fbde7fb36b2df355f5d99c51671e3b4edfc8f92b0af11",
      "old_saved_result_files_preserved": 7
    }
  ],
  "new_calls": [
    0,
    0,
    0
  ]
}
