test_decisions_and_additions_report_their_own_block (_issue28_fixed_h1.AnswerContractTest.test_decisions_and_additions_report_their_own_block) ... ok
test_missing_duplicate_and_out_of_scope_decisions_still_fail (_issue28_fixed_h1.AnswerContractTest.test_missing_duplicate_and_out_of_scope_decisions_still_fail) ... ok
test_overlong_addition_is_still_rejected (_issue28_fixed_h1.AnswerContractTest.test_overlong_addition_is_still_rejected) ... ok
test_unsettled_is_withheld_and_not_a_partial_count (_issue28_fixed_h1.AnswerContractTest.test_unsettled_is_withheld_and_not_a_partial_count) ... ok
test_well_formed_decisions_keep_source_order_and_do_not_change_inputs (_issue28_fixed_h1.AnswerContractTest.test_well_formed_decisions_keep_source_order_and_do_not_change_inputs) ... ok
test_characters_are_not_utf8_bytes (_issue28_fixed_h1.QuoteProblemsTest.test_characters_are_not_utf8_bytes) ... ok
test_existing_character_bounds_are_inclusive (_issue28_fixed_h1.QuoteProblemsTest.test_existing_character_bounds_are_inclusive) ... ok
test_matching_does_not_normalize_the_raw_text (_issue28_fixed_h1.QuoteProblemsTest.test_matching_does_not_normalize_the_raw_text) ... ok
test_missing_and_non_string_are_different (_issue28_fixed_h1.QuoteProblemsTest.test_missing_and_non_string_are_different) ... ok
test_short_blocks_keep_the_existing_whole_text_rule (_issue28_fixed_h1.QuoteProblemsTest.test_short_blocks_keep_the_existing_whole_text_rule) ... ok
test_source_matching_precedes_length (_issue28_fixed_h1.QuoteProblemsTest.test_source_matching_precedes_length) ... ok
test_wrong_block_and_absent_words_are_different (_issue28_fixed_h1.QuoteProblemsTest.test_wrong_block_and_absent_words_are_different) ... ok
test_all_fourteen_overlong_quotes_have_exact_source_support (_issue28_fixed_h1.SavedFailedResponsesTest.test_all_fourteen_overlong_quotes_have_exact_source_support) ... ok
test_eight_original_answers_fail_for_length_and_remain_unchanged (_issue28_fixed_h1.SavedFailedResponsesTest.test_eight_original_answers_fail_for_length_and_remain_unchanged) ... ok
test_four_original_contract_passes_keep_their_complete_answers (_issue28_fixed_h1.SavedFailedResponsesTest.test_four_original_contract_passes_keep_their_complete_answers) ... ok
test_a_glossary_alone_cannot_prove_whole_issuer_aum (_issue28_fixed_h2.BankScopeBusinessTest.test_a_glossary_alone_cannot_prove_whole_issuer_aum) ... ok
test_client_assets_label_cannot_stand_in_for_assets_under_management (_issue28_fixed_h2.BankScopeBusinessTest.test_client_assets_label_cannot_stand_in_for_assets_under_management) ... ok
test_conflicting_segment_lists_cannot_bind_an_equal_heading (_issue28_fixed_h2.BankScopeBusinessTest.test_conflicting_segment_lists_cannot_bind_an_equal_heading) ... ok
test_exclusions_and_subsets_are_not_an_unqualified_complete_population (_issue28_fixed_h2.BankScopeBusinessTest.test_exclusions_and_subsets_are_not_an_unqualified_complete_population) ... ok
test_original_jpm_glossary_names_manager_and_client_classes (_issue28_fixed_h2.BankScopeBusinessTest.test_original_jpm_glossary_names_manager_and_client_classes) ... ok
test_original_segment_list_binds_the_aw_management_heading (_issue28_fixed_h2.BankScopeBusinessTest.test_original_segment_list_binds_the_aw_management_heading) ... ok
test_146_day_successor_statement_is_not_zero_or_an_annual_value (_issue28_fixed_h2.FiscalDurationCalculationTest.test_146_day_successor_statement_is_not_zero_or_an_annual_value) ... ok
test_53_week_revenue_retains_the_actual_noncalendar_interval (_issue28_fixed_h2.FiscalDurationCalculationTest.test_53_week_revenue_retains_the_actual_noncalendar_interval) ... ok
test_predecessor_amount_cannot_fill_successor_revenue (_issue28_fixed_h2.FiscalDurationCalculationTest.test_predecessor_amount_cannot_fill_successor_revenue) ... ok
test_reported_currency_is_not_relabelled_as_usd (_issue28_fixed_h2.FiscalDurationCalculationTest.test_reported_currency_is_not_relabelled_as_usd) ... ok
test_continuous_noncalendar_53_week_window_is_not_calendarized (_issue28_fixed_h2.ParamountWindowBusinessTest.test_continuous_noncalendar_53_week_window_is_not_calendarized) ... ok
test_event_window_preserves_predecessor_lookback_and_fiscal_container (_issue28_fixed_h2.ParamountWindowBusinessTest.test_event_window_preserves_predecessor_lookback_and_fiscal_container) ... ok
test_missing_continuity_policy_cannot_guess_a_window (_issue28_fixed_h2.ParamountWindowBusinessTest.test_missing_continuity_policy_cannot_guess_a_window) ... ok
test_registered_predecessor_does_not_authorize_financial_combination (_issue28_fixed_h2.ParamountWindowBusinessTest.test_registered_predecessor_does_not_authorize_financial_combination) ... ok
test_role_mismatch_is_an_implementation_gap_not_a_new_subject (_issue28_fixed_h2.ParamountWindowBusinessTest.test_role_mismatch_is_an_implementation_gap_not_a_new_subject) ... ok

----------------------------------------------------------------------
Ran 30 tests in 0.006s

OK
{
  "fixed_merged_tree": "621ce1b50051ab5559e3579422fb578209fe143e",
  "source58": "372f4b74",
  "source62": "09563892",
  "tests": 30,
  "failures": 0,
  "errors": 0,
  "skips": 0,
  "fixture_source": "exact combined-tree five fixed files in temporary readonly input layout",
  "project_imports_byte_checked": 66,
  "actual_combined_execution": true,
  "new_calls": [
    0,
    0,
    0
  ]
}
