code_sha=2cc97e3a462afe2815ccb5c522e2da7655549b02
peer_sha=0e80eb60b4ebc570abf788b8a371c22759973cd3
source_path=/private/tmp/issue28-c02-normal-update-salesforce-877-20261001/metrics/C02/attempts/f34b118472774dd49823f8405a67054d/data/evidence/accession_materials/salesforce_1108524_000110852426000085/crm-20260416.htm
source_bytes=3939577
source_sha256=11698e408f66fe45f2d5a359c0fa4328e6e4e415acbcf321384538fc90fe0bdf
source_blocks=6617
current_successful_attempt=f34b118472774dd49823f8405a67054d
terminal_status=CANDIDATE_READY
run_id=run:ordinary-integrated:b4a82632d69778677607200051e7c2dd356e1400c437801def2a9b25edbcea0f
result_id=sha256:220c0fb95032977990f8bee1e624f2ab53bbd23f3fd2c90b81d7a23d515e00b3
candidate_hash=sha256:99fdc93dc5b9241920e03c22b8892ee833ca54db8638c2c83b7bb88800ed7b7d
result_items=63
selected_observations=63
selected_order_block_textsha_rawspan_match_value_match_item_match
00 0501 9ef8543ee2cf3edc366d67dfbbdd9232b93aa25e5819ed0118dd810c8e327bed 1 1 1
01 0638 d07c5e5403299d17da0405be977696ff26339840715684ff7e4268d512c1fac2 1 1 1
02 0646 4423c8ff66d2432474fe84911986d43823440ca451d76bdc3e414fbf88901c6e 1 1 1
03 0649 3240bcabdf0a2c981c4f35b77f6a15bfcfa30bd4878342107bc0f11f17bca3a1 1 1 1
04 0665 f3b57979c6622a1c9a1e5ae84a52fc7f952c611fb14801d3da2b4369d6f4f3ca 1 1 1
05 0693 16e09a8271b54bc2848a72a54138bf8378a2c0aa320c9009bccf5a1abac637ef 1 1 1
06 0696 b18a606dceb68d70630aa465adea5091b185b4e8b441a743d9f804e6ff6551b6 1 1 1
07 0728 d0b7d20313dfbfebb31f135ae9a53aa72ecc145047eba77465497fd60bdf6067 1 1 1
08 0742 87f66caea7aba37ea43a7b86628d7b4e8011cc4784a625dede82134914445ddd 1 1 1
09 0743 6d53bbab3da0719280824d676b32484bb7eba958320b99648fe9f12e0bd8e05f 1 1 1
10 0749 2f152bcdfb91a814bc117708e29b6c282812a78387a5a2458e9a3883abce292c 1 1 1
11 0750 291760aedf0f111cb392eca41159e04d0c3de9330b68e969fc4fbb54ceee2d24 1 1 1
12 0751 bf050be5bfa3ed4df225934ef826ad1d35e69b24d93ab3e9c20cd8e623ec839e 1 1 1
13 0757 3ce30df65bec30b9a1143f45c8b1f804059261f3ce69a8bb91e619f9c83b5ced 1 1 1
14 0758 dab5901a9920b65f5fcf1c0306ef9cffd3a76b481ff0fded098c6b7828664d04 1 1 1
15 0772 385545cfd3c5b45d5d48e9bb6ea3e60a5a3d883c92068c757d916aacfa568a3f 1 1 1
16 0773 2af92ab21c9d33e9680b5c458cedb1889120a7928d481ced12151734a599f5ea 1 1 1
17 0777 159005e3da7b9135dffe47132fea0cdc817abff6dfc1fa84d31e628059fe5ca0 1 1 1
18 0778 4cb013378a3f98b129ca124bf8e50c105ee1fe0c42899d0f5142ddb599bc9ad0 1 1 1
19 0779 9f1e42c36d604f02eceb2911c1b2134d37b1f73b141317b341e7d439ce20386b 1 1 1
20 0783 c6b97033a430a4f47a1609ec0fb758c15ebc940553bbea346676367dfae3ce6c 1 1 1
21 0784 dab5901a9920b65f5fcf1c0306ef9cffd3a76b481ff0fded098c6b7828664d04 1 1 1
22 0785 c9a697965fedaa382a9f9929707a8ce09a7a4d237ebcbee912eabe95b4558216 1 1 1
23 0786 d1bde136aa799b833101bf9802fd3b50f3027e9d548e158be7a45133ab0ecd85 1 1 1
24 0790 d8d4a87c15d5fdadb26edc11cbb0564fba544fe284efa2dea4093dbd1da47861 1 1 1
25 0791 dab5901a9920b65f5fcf1c0306ef9cffd3a76b481ff0fded098c6b7828664d04 1 1 1
26 0806 375b9c29cebba200176d1966384274651de80b0f25c80c2b72e4b58297e84e68 1 1 1
27 0963 26ca233cd2ad5b29b7eb86d76ac27651c27985da80ce36c7b9bd20db864e03e4 1 1 1
28 0964 56d03e66afd8e603594298a6bfb8055ac6d3dbf707bd3b4af6d58e52bb20220c 1 1 1
29 0965 2aa9482fc0a678f4e147b87bdd8436cb0bd7a31e2b1cc980c74266a71cf1abda 1 1 1
30 0995 341ff937077807fea4aba634279b5ac9ba1a8571aed42922d324ec77511a14c6 1 1 1
31 1112 b10935187f4416dbbe69a9ab559242a0546c4d3ffbf6e5140c0e1cd0317bb861 1 1 1
32 1157 f0b8649dbd8cc269a6a9f57166490602cb5e17344007e29c1591f6cdad29aa37 1 1 1
33 1158 9f47616cf36181ab3caff967309cf0048328673757392abe29c787f2cfe98930 1 1 1
34 1163 c098d63b90ccdf4638d05879959b251afbc723498ab3bb1f9bdf2c5c627d64c5 1 1 1
35 1314 92039f1a7ad82575787e314975b24ac559b72031e5b7f84702e75821225f2929 1 1 1
36 1315 56d3e80582af937e546f8e3f744c536d16b47c0e4d1fcc6f78ee2c3fad769012 1 1 1
37 1322 e9d1b02d1b65beee02dc47a180b155ff70e6bc502ae6d57625a2b21342ed0db6 1 1 1
38 1430 964fa766292d50c62019ed7d33232559c0af511cddd5e55938aa845698f771b9 1 1 1
39 1431 7e1fbf0a594c27cf2359f902d19cbc922563fde54a5af26cae20c6ce9d603b6a 1 1 1
40 1438 d51ea35230977ee3d2fb41cee0fe86f45bcfb5d74febceb426af6e855933c895 1 1 1
41 1595 b4eb71306c2267a12979550569be28017dff1b00e790ac016129b80c3d660214 1 1 1
42 1596 6b9031df058346a877deaba0a830b576fa81b9da8692e183e4eb4c9dc949054c 1 1 1
43 1603 e281f73dc9f64788a6c12bd36eb3a2c6cfbbab09f9a2a4e34a182d814f5cb4a0 1 1 1
44 1943 489a6295044c39a40854f81118ca00b03d02cca18cb1f07e6614b4b4fcaa667e 1 1 1
45 4280 698756cecde45a2d809313397947c74ad16033e6439ad7f3e01218d8b4ea92e5 1 1 1
46 4300 790a348ea7b2fda1946183c2dc5e872b896c38bf2345df0fc744ac63fb0d85fd 1 1 1
47 4301 8bf7f9c99f21166113c6d6a370664f6b6bfde77c244b064a12eaa77c59cb3280 1 1 1
48 4599 c267804558480c058ef64e48b1274835cdb05bfc136c96ee4840a72a6e7bd689 1 1 1
49 4667 18dff4249987e46b560d43a5825688804d4faf7dab59ad54e855f33a0f1cdd05 1 1 1
50 4668 d392a3ed085e476ae16292b85bb461065f1f4a9f72c1aa3fb223cf50a002000b 1 1 1
51 4669 4226b6de6532f61bd95f71b385a861159ff48cc0dde95030cd4fc763a476e9c4 1 1 1
52 4670 24bb11e05342e8097820c5668df0b578079c93288cefbbd933726d61083cd018 1 1 1
53 4671 41771329bb5ba5abe5ca490c07873ea32406521c19dbaf2c61efacd511f0ac3c 1 1 1
54 4672 e12f215a1a650215adb2811a01da535d515bf8075906ceae5e9a3239c2a7536a 1 1 1
55 4676 a97c37e20a5a90ab1f61a6834481685f7f76c3a2bcf134d26ca5411e360b8985 1 1 1
56 4707 0bb491bb399f51c75ff39c1755cc4124b115d43b8a15a8201361f867f7fffa3e 1 1 1
57 4708 e9ff90f3c9974340ba7217a896825d50dd40e12ecc1b7cd88b606f8e2f86876d 1 1 1
58 4709 27a9a39089c89766e9b1030bf880d79771a7812dfcfda8065b2a46fea0d535e0 1 1 1
59 4710 62f416d4621c2178c26054dfea7bd4280e032d421f80a36b252bd4e7e3a7daf6 1 1 1
60 4711 ccbb6f64ac7a90971f37ac47fd02ecf9de31daebaae94c1b850f75b06437b959 1 1 1
61 4717 613232cf65322e10486e99e3040b52a5c6729fd150800d9a5073426100d30797 1 1 1
62 4930 9a93d6b82c76440b9811ca05ef3483bdcdbce5419a342a48fb9ee4123286f3e1 1 1 1
peer_selected_text_sha_checked=43 mismatches=0
peer_pool_facts_text_sha_checked=93 mismatches=0
peer_outside_pool_facts_text_sha_checked=22 mismatches=0
peer_pool_text_sha_checked=870 mismatches=0
witness_block_4300_text_sha256=790a348ea7b2fda1946183c2dc5e872b896c38bf2345df0fc744ac63fb0d85fd
witness_block_4301_text_sha256=8bf7f9c99f21166113c6d6a370664f6b6bfde77c244b064a12eaa77c59cb3280
witness_block_933_text_sha256=e756e68fbf90cd91b2e24ce9b7f12fa99b41bb9a426ee8eaaf355ac655761c7a
witness_block_962_text_sha256=319bd18cbcb4974983be046229f26d92b306b69998d0b69e6610e23ed8553b82
witness_block_3091_text_sha256=139ba07dec168a5216fe17c6aff545590b0b0d4d6434bd78245d02e95423d0e9
missing_witness_indices_933_962_3091=True
selected_witness_4300=True
test=PYTHONPATH=.:scripts python3 -m unittest tests.vnext.test_normal_c02_composition => Ran 6 tests in 24.707s; OK
