test_changed_prefix_or_forged_terminal_is_not_trusted (tests.vnext.test_ordinary_source_session.OrdinarySourceSessionTest.test_changed_prefix_or_forged_terminal_is_not_trusted) ... ERROR
test_consistent_unowned_ledger_append_cannot_self_enroll (tests.vnext.test_ordinary_source_session.OrdinarySourceSessionTest.test_consistent_unowned_ledger_append_cannot_self_enroll) ... ok
test_latest_failed_response_is_not_hidden_and_closes_further_test_attempts (tests.vnext.test_ordinary_source_session.OrdinarySourceSessionTest.test_latest_failed_response_is_not_hidden_and_closes_further_test_attempts) ... ERROR
test_three_recorded_responses_reach_the_unchanged_annual_input_reader (tests.vnext.test_ordinary_source_session.OrdinarySourceSessionTest.test_three_recorded_responses_reach_the_unchanged_annual_input_reader) ... ERROR
test_unknown_terminal_and_budget_exhaustion_do_not_reopen_slots (tests.vnext.test_ordinary_source_session.OrdinarySourceSessionTest.test_unknown_terminal_and_budget_exhaustion_do_not_reopen_slots) ... ERROR

======================================================================
ERROR: test_changed_prefix_or_forged_terminal_is_not_trusted (tests.vnext.test_ordinary_source_session.OrdinarySourceSessionTest.test_changed_prefix_or_forged_terminal_is_not_trusted)
----------------------------------------------------------------------
Traceback (most recent call last):
  File "/Users/lyuhongwang/Developer/SEC_metrics/tests/vnext/test_ordinary_source_session.py", line 80, in test_changed_prefix_or_forged_terminal_is_not_trusted
    proof=self.original['source_proofs'][0];self.session.record_saved_response(url=proof['source_url'])
                                            ~~~~~~~~~~~~~~~~~~~~~~~~~~~~~~~~~~^^^^^^^^^^^^^^^^^^^^^^^^^
  File "/Users/lyuhongwang/Developer/SEC_metrics/scripts/vnext/ordinary_source_session.py", line 130, in record_saved_response
    client=SecHttpClient(workdir=self.data_root,config_path=ROOT/'config/sec_config.json',
                         log_path=self.data_root/'evidence/requests_log.csv')
  File "/Users/lyuhongwang/Developer/SEC_metrics/scripts/sec_http.py", line 1602, in __init__
    self.config = load_config(config_path=config_path)
                  ~~~~~~~~~~~^^^^^^^^^^^^^^^^^^^^^^^^^
  File "/Users/lyuhongwang/Developer/SEC_metrics/scripts/sec_http.py", line 241, in load_config
    organization, contact_email = validate_sec_identity(config=config)
                                  ~~~~~~~~~~~~~~~~~~~~~^^^^^^^^^^^^^^^
  File "/Users/lyuhongwang/Developer/SEC_metrics/scripts/sec_http.py", line 177, in validate_sec_identity
    raise SecIdentityError(
    ...<2 lines>...
    )
sec_http.SecIdentityError: SEC_CONTACT_EMAIL_INVALID: SEC_CONTACT_EMAIL uses a reserved domain

======================================================================
ERROR: test_latest_failed_response_is_not_hidden_and_closes_further_test_attempts (tests.vnext.test_ordinary_source_session.OrdinarySourceSessionTest.test_latest_failed_response_is_not_hidden_and_closes_further_test_attempts)
----------------------------------------------------------------------
Traceback (most recent call last):
  File "/Users/lyuhongwang/Developer/SEC_metrics/tests/vnext/test_ordinary_source_session.py", line 56, in test_latest_failed_response_is_not_hidden_and_closes_further_test_attempts
    self.session.record_saved_response(url=proof['source_url'])
    ~~~~~~~~~~~~~~~~~~~~~~~~~~~~~~~~~~^^^^^^^^^^^^^^^^^^^^^^^^^
  File "/Users/lyuhongwang/Developer/SEC_metrics/scripts/vnext/ordinary_source_session.py", line 130, in record_saved_response
    client=SecHttpClient(workdir=self.data_root,config_path=ROOT/'config/sec_config.json',
                         log_path=self.data_root/'evidence/requests_log.csv')
  File "/Users/lyuhongwang/Developer/SEC_metrics/scripts/sec_http.py", line 1602, in __init__
    self.config = load_config(config_path=config_path)
                  ~~~~~~~~~~~^^^^^^^^^^^^^^^^^^^^^^^^^
  File "/Users/lyuhongwang/Developer/SEC_metrics/scripts/sec_http.py", line 241, in load_config
    organization, contact_email = validate_sec_identity(config=config)
                                  ~~~~~~~~~~~~~~~~~~~~~^^^^^^^^^^^^^^^
  File "/Users/lyuhongwang/Developer/SEC_metrics/scripts/sec_http.py", line 177, in validate_sec_identity
    raise SecIdentityError(
    ...<2 lines>...
    )
sec_http.SecIdentityError: SEC_CONTACT_EMAIL_INVALID: SEC_CONTACT_EMAIL uses a reserved domain

======================================================================
ERROR: test_three_recorded_responses_reach_the_unchanged_annual_input_reader (tests.vnext.test_ordinary_source_session.OrdinarySourceSessionTest.test_three_recorded_responses_reach_the_unchanged_annual_input_reader)
----------------------------------------------------------------------
Traceback (most recent call last):
  File "/Users/lyuhongwang/Developer/SEC_metrics/tests/vnext/test_ordinary_source_session.py", line 40, in test_three_recorded_responses_reach_the_unchanged_annual_input_reader
    terminal=self.session.record_saved_response(url=proof['source_url'],accession=proof['accession'])
  File "/Users/lyuhongwang/Developer/SEC_metrics/scripts/vnext/ordinary_source_session.py", line 130, in record_saved_response
    client=SecHttpClient(workdir=self.data_root,config_path=ROOT/'config/sec_config.json',
                         log_path=self.data_root/'evidence/requests_log.csv')
  File "/Users/lyuhongwang/Developer/SEC_metrics/scripts/sec_http.py", line 1602, in __init__
    self.config = load_config(config_path=config_path)
                  ~~~~~~~~~~~^^^^^^^^^^^^^^^^^^^^^^^^^
  File "/Users/lyuhongwang/Developer/SEC_metrics/scripts/sec_http.py", line 241, in load_config
    organization, contact_email = validate_sec_identity(config=config)
                                  ~~~~~~~~~~~~~~~~~~~~~^^^^^^^^^^^^^^^
  File "/Users/lyuhongwang/Developer/SEC_metrics/scripts/sec_http.py", line 177, in validate_sec_identity
    raise SecIdentityError(
    ...<2 lines>...
    )
sec_http.SecIdentityError: SEC_CONTACT_EMAIL_INVALID: SEC_CONTACT_EMAIL uses a reserved domain

======================================================================
ERROR: test_unknown_terminal_and_budget_exhaustion_do_not_reopen_slots (tests.vnext.test_ordinary_source_session.OrdinarySourceSessionTest.test_unknown_terminal_and_budget_exhaustion_do_not_reopen_slots)
----------------------------------------------------------------------
Traceback (most recent call last):
  File "/Users/lyuhongwang/Developer/SEC_metrics/tests/vnext/test_ordinary_source_session.py", line 72, in test_unknown_terminal_and_budget_exhaustion_do_not_reopen_slots
    for _ in range(3):self.session.record_saved_response(url=proof['source_url'])
                      ~~~~~~~~~~~~~~~~~~~~~~~~~~~~~~~~~~^^^^^^^^^^^^^^^^^^^^^^^^^
  File "/Users/lyuhongwang/Developer/SEC_metrics/scripts/vnext/ordinary_source_session.py", line 130, in record_saved_response
    client=SecHttpClient(workdir=self.data_root,config_path=ROOT/'config/sec_config.json',
                         log_path=self.data_root/'evidence/requests_log.csv')
  File "/Users/lyuhongwang/Developer/SEC_metrics/scripts/sec_http.py", line 1602, in __init__
    self.config = load_config(config_path=config_path)
                  ~~~~~~~~~~~^^^^^^^^^^^^^^^^^^^^^^^^^
  File "/Users/lyuhongwang/Developer/SEC_metrics/scripts/sec_http.py", line 241, in load_config
    organization, contact_email = validate_sec_identity(config=config)
                                  ~~~~~~~~~~~~~~~~~~~~~^^^^^^^^^^^^^^^
  File "/Users/lyuhongwang/Developer/SEC_metrics/scripts/sec_http.py", line 177, in validate_sec_identity
    raise SecIdentityError(
    ...<2 lines>...
    )
sec_http.SecIdentityError: SEC_CONTACT_EMAIL_INVALID: SEC_CONTACT_EMAIL uses a reserved domain

----------------------------------------------------------------------
Ran 5 tests in 0.605s

FAILED (errors=4)
