test_changed_new_response_body_is_detected_and_persistence_failure_stays_unknown (tests.vnext.test_ordinary_source_session.OrdinarySourceSessionTest) ... ERROR
test_changed_prefix_or_forged_terminal_is_not_trusted (tests.vnext.test_ordinary_source_session.OrdinarySourceSessionTest) ... ok
test_consistent_unowned_ledger_append_cannot_self_enroll (tests.vnext.test_ordinary_source_session.OrdinarySourceSessionTest) ... ok
test_latest_failed_response_is_not_hidden_and_closes_further_test_attempts (tests.vnext.test_ordinary_source_session.OrdinarySourceSessionTest) ... ok
test_rewritten_baseline_prefix_and_empty_proofs_are_rejected (tests.vnext.test_ordinary_source_session.OrdinarySourceSessionTest) ... ok
test_three_recorded_responses_reach_the_unchanged_annual_input_reader (tests.vnext.test_ordinary_source_session.OrdinarySourceSessionTest) ... ok
test_unknown_terminal_and_budget_exhaustion_do_not_reopen_slots (tests.vnext.test_ordinary_source_session.OrdinarySourceSessionTest) ... ok

======================================================================
ERROR: test_changed_new_response_body_is_detected_and_persistence_failure_stays_unknown (tests.vnext.test_ordinary_source_session.OrdinarySourceSessionTest)
----------------------------------------------------------------------
Traceback (most recent call last):
  File "/Users/lyuhongwang/Developer/SEC_metrics/tests/vnext/test_ordinary_source_session.py", line 107, in test_changed_new_response_body_is_detected_and_persistence_failure_stays_unknown
    with self.assertRaises(OSError):session.record_saved_response(url=proof['source_url'])
  File "/Users/lyuhongwang/Developer/SEC_metrics/scripts/vnext/ordinary_source_session.py", line 131, in record_saved_response
    result=client._persist_result(url=url,status_code=status_code,
  File "/Users/lyuhongwang/Developer/SEC_metrics/scripts/sec_http.py", line 1898, in _persist_result
    write_immutable_bytes(path=snapshot_path, content=body)
  File "/Users/lyuhongwang/Developer/SEC_metrics/scripts/sec_http.py", line 1332, in write_immutable_bytes
    raise RuntimeError(
RuntimeError: Immutable request artifact changed: /private/var/folders/md/_hc45tnd7_l8yzvhmkhm29j40000gn/T/recorded-ordinary-source-zvyfycfk/other/evidence/request_attempts/e3/e3eeefe33c9c7351788d22a96ca36d061230cd2dacadbf44ed6ef79035742bd8/CIK0001048286.json

----------------------------------------------------------------------
Ran 7 tests in 3.448s

FAILED (errors=1)
