test_native_structural_result_rejects_fabricated_disclosure_absence (tests.vnext.test_capacity_applicability.CapacityApplicabilityMaterialTest.test_native_structural_result_rejects_fabricated_disclosure_absence) ... ok
test_applicable_companies_cannot_use_the_structural_branch (tests.vnext.test_capacity_applicability.CapacityApplicabilityTest.test_applicable_companies_cannot_use_the_structural_branch) ... ok
test_defined_absence_needs_complete_source_set_and_effective_review (tests.vnext.test_capacity_text_results.CapacityTextResultTest.test_defined_absence_needs_complete_source_set_and_effective_review) ... ok
test_forged_complete_flags_and_numeric_opportunity_do_not_become_text (tests.vnext.test_capacity_text_results.CapacityTextResultTest.test_forged_complete_flags_and_numeric_opportunity_do_not_become_text) ... ok
test_raw_source_and_effective_review_are_required (tests.vnext.test_capacity_text_results.CapacityTextResultTest.test_raw_source_and_effective_review_are_required) ... ok
test_reviewed_capacity_prose_is_text_without_annualization_or_ratio (tests.vnext.test_capacity_text_results.CapacityTextResultTest.test_reviewed_capacity_prose_is_text_without_annualization_or_ratio) ... ok
test_complete_saved_packages_restore_without_navigation_filter (tests.vnext.test_capacity_semantic_review.CapacitySemanticReviewMaterialTest.test_complete_saved_packages_restore_without_navigation_filter) ... ok
test_original_accepted_tax_credit_response_fails_content_replay (tests.vnext.test_capacity_semantic_review.CapacitySemanticReviewMaterialTest.test_original_accepted_tax_credit_response_fails_content_replay) ... ok
test_clear_capacity_with_no_production_is_a_calculation_limit (tests.vnext.test_capacity_semantic_review.CapacitySemanticReviewTest.test_clear_capacity_with_no_production_is_a_calculation_limit) ... ok
test_complete_source_and_exact_quotes_required (tests.vnext.test_capacity_semantic_review.CapacitySemanticReviewTest.test_complete_source_and_exact_quotes_required) ... ok
test_native_reference_uses_original_ordinal_not_packed_row_position (tests.vnext.test_capacity_semantic_review.CapacitySemanticReviewTest.test_native_reference_uses_original_ordinal_not_packed_row_position) ... ok
test_sales_only_source_cannot_be_labelled_actual_production (tests.vnext.test_capacity_semantic_review.CapacitySemanticReviewTest.test_sales_only_source_cannot_be_labelled_actual_production) ... ok
test_shared_metadata_is_restored_and_conflicts_rejected (tests.vnext.test_capacity_semantic_review.CapacitySemanticReviewTest.test_shared_metadata_is_restored_and_conflicts_rejected) ... ok
test_source_unit_missing_from_declared_census_rejected (tests.vnext.test_capacity_semantic_review.CapacitySemanticReviewTest.test_source_unit_missing_from_declared_census_rejected) ... ok
test_tax_credit_is_not_capacity_or_borrowing_and_mixed_scope_remains (tests.vnext.test_capacity_semantic_review.CapacitySemanticReviewTest.test_tax_credit_is_not_capacity_or_borrowing_and_mixed_scope_remains) ... ok

----------------------------------------------------------------------
Ran 15 tests in 32.077s

OK
enphase_energy.json {'original_units': 29, 'requests': 27, 'original_bytes': 3880332, 'shared_bytes': 2948590}
ford_motor_company.json {'original_units': 52, 'requests': 42, 'original_bytes': 6960659, 'shared_bytes': 5199139}
