test_other_family_does_not_select_sources (tests.vnext.test_historical_liquidity_cases.HistoricalLiquidityScopeTest.test_other_family_does_not_select_sources) ... ok
test_unknown_or_cross_entity_subject_is_rejected_before_calculation (tests.vnext.test_historical_liquidity_cases.HistoricalLiquidityScopeTest.test_unknown_or_cross_entity_subject_is_rejected_before_calculation) ... ok
test_amended_target_and_successor_require_explicit_adaptation (tests.vnext.test_historical_statement_cases.HistoricalStatementScopeTest.test_amended_target_and_successor_require_explicit_adaptation) ... ok
test_companyfacts_amount_must_match_the_selected_original (tests.vnext.test_historical_statement_cases.HistoricalStatementScopeTest.test_companyfacts_amount_must_match_the_selected_original) ... ok
test_other_metric_does_not_select_sources (tests.vnext.test_historical_statement_cases.HistoricalStatementScopeTest.test_other_metric_does_not_select_sources) ... ok
test_a_block_outside_its_declared_range_is_refused (tests.vnext.test_historical_filing_inventory_small.ABlockIsHeldToThePriorYearWalksChecks.test_a_block_outside_its_declared_range_is_refused) ... ok
test_a_block_the_index_does_not_declare_is_refused (tests.vnext.test_historical_filing_inventory_small.ABlockIsHeldToThePriorYearWalksChecks.test_a_block_the_index_does_not_declare_is_refused) ... ok
test_a_row_two_blocks_list_is_refused (tests.vnext.test_historical_filing_inventory_small.ABlockIsHeldToThePriorYearWalksChecks.test_a_row_two_blocks_list_is_refused) ... ok
test_a_selection_that_does_not_start_at_the_main_document_is_refused (tests.vnext.test_historical_filing_inventory_small.ABlockIsHeldToThePriorYearWalksChecks.test_a_selection_that_does_not_start_at_the_main_document_is_refused) ... ok
test_another_registrants_block_is_refused (tests.vnext.test_historical_filing_inventory_small.ABlockIsHeldToThePriorYearWalksChecks.test_another_registrants_block_is_refused) ... ok
test_cli_passes_period_arguments_to_the_same_company_entry (tests.vnext.test_history_company_dispatch.HistoryCompanyDispatchTest.test_cli_passes_period_arguments_to_the_same_company_entry) ... ok
test_completed_withheld_survives_read_after_another_metric_subset (tests.vnext.test_history_company_dispatch.HistoryCompanyDispatchTest.test_completed_withheld_survives_read_after_another_metric_subset)
Constructed history control: a later subset cannot revive old success. ... ok
test_current_mode_keeps_the_existing_public_route (tests.vnext.test_history_company_dispatch.HistoryCompanyDispatchTest.test_current_mode_keeps_the_existing_public_route) ... ok
test_invalid_range_rejects_before_source_or_writes (tests.vnext.test_history_company_dispatch.HistoryCompanyDispatchTest.test_invalid_range_rejects_before_source_or_writes) ... ok
test_liquidity_keeps_the_statement_and_lodging_original_factories (tests.vnext.test_history_company_dispatch.HistoryCompanyDispatchTest.test_liquidity_keeps_the_statement_and_lodging_original_factories) ... ok
test_missing_source_is_explicit_and_does_not_acquire (tests.vnext.test_history_company_dispatch.HistoryCompanyDispatchTest.test_missing_source_is_explicit_and_does_not_acquire) ... ok
test_mixed_lodging_keeps_its_previous_factory_and_tuple (tests.vnext.test_history_company_dispatch.HistoryCompanyDispatchTest.test_mixed_lodging_keeps_its_previous_factory_and_tuple) ... ok
test_range_uses_one_public_company_controller_and_existing_case (tests.vnext.test_history_company_dispatch.HistoryCompanyDispatchTest.test_range_uses_one_public_company_controller_and_existing_case) ... ok
test_statement_pilot_uses_original_per_metric_factories_and_dependencies (tests.vnext.test_history_company_dispatch.HistoryCompanyDispatchTest.test_statement_pilot_uses_original_per_metric_factories_and_dependencies) ... ok
test_unsupported_family_uses_no_fabricated_historical_case (tests.vnext.test_history_company_dispatch.HistoryCompanyDispatchTest.test_unsupported_family_uses_no_fabricated_historical_case) ... ok
test_actual_selected_year_dependencies_ignore_unused_admission_code (tests.vnext.test_selected_history_result_state.SelectedHistoryResultStateTest.test_actual_selected_year_dependencies_ignore_unused_admission_code)
Constructed state control with the actual processing configuration. ... ok
test_completed_withheld_recovers_pointer_without_recalculation (tests.vnext.test_selected_history_result_state.SelectedHistoryResultStateTest.test_completed_withheld_recovers_pointer_without_recalculation) ... ok
test_current_withheld_replaces_same_year_success_but_retains_old_version (tests.vnext.test_selected_history_result_state.SelectedHistoryResultStateTest.test_current_withheld_replaces_same_year_success_but_retains_old_version) ... ok
test_dependency_source_and_processing_changes_reprocess_withheld_once (tests.vnext.test_selected_history_result_state.SelectedHistoryResultStateTest.test_dependency_source_and_processing_changes_reprocess_withheld_once) ... ok
test_missing_year_and_one_metric_failure_preserve_other_periods (tests.vnext.test_selected_history_result_state.SelectedHistoryResultStateTest.test_missing_year_and_one_metric_failure_preserve_other_periods) ... ok
test_success_and_stable_withheld_reuse_in_distinct_historical_coordinates (tests.vnext.test_selected_history_result_state.SelectedHistoryResultStateTest.test_success_and_stable_withheld_reuse_in_distinct_historical_coordinates) ... ok
SelectedPeriodControllerTest (unittest.loader._FailedTest.SelectedPeriodControllerTest) ... ERROR

======================================================================
ERROR: SelectedPeriodControllerTest (unittest.loader._FailedTest.SelectedPeriodControllerTest)
----------------------------------------------------------------------
AttributeError: module 'tests.vnext.test_ordinary_current_update' has no attribute 'SelectedPeriodControllerTest'. Did you mean: 'SelectedPeriodUpdateTest'?

----------------------------------------------------------------------
Ran 27 tests in 0.139s

FAILED (errors=1)
