test_comparable_quantities_reuse_the_existing_calculator (tests.vnext.test_capacity_utilization_source.CapacityComparisonTest.test_comparable_quantities_reuse_the_existing_calculator) ... ok
test_no_sales_shipments_installed_or_planned_substitutes (tests.vnext.test_capacity_utilization_source.CapacityComparisonTest.test_no_sales_shipments_installed_or_planned_substitutes) ... ok
test_original_quantities_and_scope_are_rebuilt_before_division (tests.vnext.test_capacity_utilization_source.CapacityComparisonTest.test_original_quantities_and_scope_are_rebuilt_before_division) ... ok
test_quantity_facts_cannot_be_relabelled_as_other_or_historical (tests.vnext.test_capacity_utilization_source.CapacityComparisonTest.test_quantity_facts_cannot_be_relabelled_as_other_or_historical) ... ok
test_quantity_relations_reject_scope_period_and_substitute_amounts (tests.vnext.test_capacity_utilization_source.CapacityComparisonTest.test_quantity_relations_reject_scope_period_and_substitute_amounts) ... ok
test_unit_subject_period_and_facility_mismatch_are_rejected (tests.vnext.test_capacity_utilization_source.CapacityComparisonTest.test_unit_subject_period_and_facility_mismatch_are_rejected) ... ok
test_zero_capacity_and_unapproved_company_are_rejected (tests.vnext.test_capacity_utilization_source.CapacityComparisonTest.test_zero_capacity_and_unapproved_company_are_rejected) ... ok
test_complete_saved_packages_restore_without_navigation_filter (tests.vnext.test_capacity_semantic_review.CapacitySemanticReviewMaterialTest.test_complete_saved_packages_restore_without_navigation_filter) ... ok
test_original_accepted_tax_credit_response_fails_content_replay (tests.vnext.test_capacity_semantic_review.CapacitySemanticReviewMaterialTest.test_original_accepted_tax_credit_response_fails_content_replay) ... ok
test_clear_capacity_with_no_production_is_a_calculation_limit (tests.vnext.test_capacity_semantic_review.CapacitySemanticReviewTest.test_clear_capacity_with_no_production_is_a_calculation_limit) ... ok
test_complete_source_and_exact_quotes_required (tests.vnext.test_capacity_semantic_review.CapacitySemanticReviewTest.test_complete_source_and_exact_quotes_required) ... ok
test_native_reference_uses_original_ordinal_not_packed_row_position (tests.vnext.test_capacity_semantic_review.CapacitySemanticReviewTest.test_native_reference_uses_original_ordinal_not_packed_row_position) ... ok
test_sales_only_source_cannot_be_labelled_actual_production (tests.vnext.test_capacity_semantic_review.CapacitySemanticReviewTest.test_sales_only_source_cannot_be_labelled_actual_production) ... ok
test_shared_metadata_is_restored_and_conflicts_rejected (tests.vnext.test_capacity_semantic_review.CapacitySemanticReviewTest.test_shared_metadata_is_restored_and_conflicts_rejected) ... ok
test_source_unit_missing_from_declared_census_rejected (tests.vnext.test_capacity_semantic_review.CapacitySemanticReviewTest.test_source_unit_missing_from_declared_census_rejected) ... ok
test_tax_credit_is_not_capacity_or_borrowing_and_mixed_scope_remains (tests.vnext.test_capacity_semantic_review.CapacitySemanticReviewTest.test_tax_credit_is_not_capacity_or_borrowing_and_mixed_scope_remains) ... ok
test_defined_absence_needs_complete_source_set_and_effective_review (tests.vnext.test_capacity_text_results.CapacityTextResultTest.test_defined_absence_needs_complete_source_set_and_effective_review) ... ok
test_forged_complete_flags_and_numeric_opportunity_do_not_become_text (tests.vnext.test_capacity_text_results.CapacityTextResultTest.test_forged_complete_flags_and_numeric_opportunity_do_not_become_text) ... ok
test_raw_source_and_effective_review_are_required (tests.vnext.test_capacity_text_results.CapacityTextResultTest.test_raw_source_and_effective_review_are_required) ... ok
test_reviewed_capacity_prose_is_text_without_annualization_or_ratio (tests.vnext.test_capacity_text_results.CapacityTextResultTest.test_reviewed_capacity_prose_is_text_without_annualization_or_ratio) ... ok
test_numeric_run_replays_sources_and_rejects_resigned_false_ratio (tests.vnext.test_capacity_numeric_run.CapacityNumericRunTest.test_numeric_run_replays_sources_and_rejects_resigned_false_ratio) ... ok
test_bound_other_entity_conditional_and_alleviation_relations (tests.vnext.test_d04_native_assessment.D04NativeProtocolTest.test_bound_other_entity_conditional_and_alleviation_relations) ... ok
test_clean_opinion_cyber_and_valuation_are_not_going_concern_assertions (tests.vnext.test_d04_native_assessment.D04NativeProtocolTest.test_clean_opinion_cyber_and_valuation_are_not_going_concern_assertions) ... ok
test_historical_doubt_and_current_no_doubt_keep_separate_axes (tests.vnext.test_d04_native_assessment.D04NativeProtocolTest.test_historical_doubt_and_current_no_doubt_keep_separate_axes) ... ok
test_nearby_words_and_future_alleviation_do_not_prove_the_relation (tests.vnext.test_d04_native_assessment.D04NativeProtocolTest.test_nearby_words_and_future_alleviation_do_not_prove_the_relation) ... ok
test_quoted_current_claim_and_missing_candidate_are_rejected (tests.vnext.test_d04_native_assessment.D04NativeProtocolTest.test_quoted_current_claim_and_missing_candidate_are_rejected) ... ok
test_reference_positions_and_original_diagnostic_source_cannot_upgrade (tests.vnext.test_d04_native_assessment.D04NativeProtocolTest.test_reference_positions_and_original_diagnostic_source_cannot_upgrade) ... ok
test_source_polarity_and_exclusion_cannot_be_changed_by_labels (tests.vnext.test_d04_native_assessment.D04NativeProtocolTest.test_source_polarity_and_exclusion_cannot_be_changed_by_labels) ... ok
test_uncertain_related_content_is_retained_and_cannot_become_absence (tests.vnext.test_d04_native_assessment.D04NativeProtocolTest.test_uncertain_related_content_is_retained_and_cannot_become_absence) ... ok
test_undefined_native_going_concern_flag_cannot_be_erased (tests.vnext.test_d04_native_assessment.D04NativeProtocolTest.test_undefined_native_going_concern_flag_cannot_be_erased) ... ok
test_actual_current_and_historical_statements_and_genuine_absence (tests.vnext.test_d04_native_assessment.D04NativeTextRecordsTest.test_actual_current_and_historical_statements_and_genuine_absence) ... ok
test_native_acceptor_rejects_same_reference_with_wrong_classification (tests.vnext.test_d04_native_assessment.D04NativeTextRecordsTest.test_native_acceptor_rejects_same_reference_with_wrong_classification) ... ok
test_resigned_false_exclusion_cannot_reach_review_or_public_absence (tests.vnext.test_d04_native_assessment.D04NativeTextRecordsTest.test_resigned_false_exclusion_cannot_reach_review_or_public_absence) ... ok

----------------------------------------------------------------------
Ran 33 tests in 33.825s

OK
enphase_energy.json {'original_units': 29, 'requests': 27, 'original_bytes': 3880332, 'shared_bytes': 2948590}
ford_motor_company.json {'original_units': 52, 'requests': 42, 'original_bytes': 6960659, 'shared_bytes': 5199139}
