test_actual_complete_member_reconciliation_and_explicit_lease_absence (tests.vnext.test_b06_note_carrying.NoteCarryingTest.test_actual_complete_member_reconciliation_and_explicit_lease_absence) ... ok
test_additional_current_borrowing_in_full_note_is_not_a_table_total (tests.vnext.test_b06_note_carrying.NoteCarryingTest.test_additional_current_borrowing_in_full_note_is_not_a_table_total) ... ok
test_an_unknown_table_row_cannot_hide_in_a_supported_schedule (tests.vnext.test_b06_note_carrying.NoteCarryingTest.test_an_unknown_table_row_cannot_hide_in_a_supported_schedule) ... ok
test_cross_document_disagreement_and_wrong_currency_namespace_reject (tests.vnext.test_b06_note_carrying.NoteCarryingTest.test_cross_document_disagreement_and_wrong_currency_namespace_reject) ... ok
test_each_note_principal_and_adjustment_must_reconcile (tests.vnext.test_b06_note_carrying.NoteCarryingTest.test_each_note_principal_and_adjustment_must_reconcile) ... ok
test_independent_native_inventory_catches_other_debt_and_finance_leases (tests.vnext.test_b06_note_carrying.NoteCarryingTest.test_independent_native_inventory_catches_other_debt_and_finance_leases) ... ok
test_missing_or_historical_lease_statement_never_means_zero (tests.vnext.test_b06_note_carrying.NoteCarryingTest.test_missing_or_historical_lease_statement_never_means_zero) ... ok
test_quoted_or_contradicted_lease_statement_is_not_current_issuer_evidence (tests.vnext.test_b06_note_carrying.NoteCarryingTest.test_quoted_or_contradicted_lease_statement_is_not_current_issuer_evidence) ... ok
test_actual_comparative_current_debt_is_included_in_the_new_reconciliation (tests.vnext.test_b06_bond_leases.BondDebtScopeTest.test_actual_comparative_current_debt_is_included_in_the_new_reconciliation) ... ok
test_current_revolver_statement_must_prove_no_borrowings (tests.vnext.test_b06_bond_leases.BondDebtScopeTest.test_current_revolver_statement_must_prove_no_borrowings) ... ok
test_dimensioned_additional_borrowing_cannot_escape_inventory (tests.vnext.test_b06_bond_leases.BondDebtScopeTest.test_dimensioned_additional_borrowing_cannot_escape_inventory) ... ok
test_full_reported_composition_preserves_supplier_and_nonlease_subsets (tests.vnext.test_b06_bond_leases.BondDebtScopeTest.test_full_reported_composition_preserves_supplier_and_nonlease_subsets) ... ok
test_future_purchase_commitment_cannot_be_relabelled_as_financed_debt (tests.vnext.test_b06_bond_leases.BondDebtScopeTest.test_future_purchase_commitment_cannot_be_relabelled_as_financed_debt) ... ok
test_unknown_native_nonlease_change_is_not_hidden_by_unchanged_total (tests.vnext.test_b06_bond_leases.BondDebtScopeTest.test_unknown_native_nonlease_change_is_not_hidden_by_unchanged_total) ... ok
test_unquantified_additional_borrowing_is_not_an_absent_amount (tests.vnext.test_b06_bond_leases.BondDebtScopeTest.test_unquantified_additional_borrowing_is_not_an_absent_amount) ... ok
test_actual_current_noncurrent_and_payment_reconciliation (tests.vnext.test_b06_bond_leases.SeparateLeaseSourceTest.test_actual_current_noncurrent_and_payment_reconciliation) ... ok
test_classification_cannot_move_the_finance_lease_into_the_debt_line (tests.vnext.test_b06_bond_leases.SeparateLeaseSourceTest.test_classification_cannot_move_the_finance_lease_into_the_debt_line) ... ok
test_finance_column_cannot_be_replaced_by_operating_column (tests.vnext.test_b06_bond_leases.SeparateLeaseSourceTest.test_finance_column_cannot_be_replaced_by_operating_column) ... ok
test_native_amount_disagreement_is_retained (tests.vnext.test_b06_bond_leases.SeparateLeaseSourceTest.test_native_amount_disagreement_is_retained) ... ok
test_visible_maturity_date_and_scale_are_required (tests.vnext.test_b06_bond_leases.SeparateLeaseSourceTest.test_visible_maturity_date_and_scale_are_required) ... ok
test_actual_program_is_classified_by_unchanged_company_terms_and_reported_trade_payable (tests.vnext.test_b06_bond_leases.SupplierPaymentTermsTest.test_actual_program_is_classified_by_unchanged_company_terms_and_reported_trade_payable) ... ok
test_changed_native_closing_amount_cannot_use_old_table (tests.vnext.test_b06_bond_leases.SupplierPaymentTermsTest.test_changed_native_closing_amount_cannot_use_old_table) ... ok
test_changed_payment_terms_or_company_participation_cannot_retain_trade_exclusion (tests.vnext.test_b06_bond_leases.SupplierPaymentTermsTest.test_changed_payment_terms_or_company_participation_cannot_retain_trade_exclusion) ... ok
test_extra_program_obligation_clause_is_not_dropped (tests.vnext.test_b06_bond_leases.SupplierPaymentTermsTest.test_extra_program_obligation_clause_is_not_dropped) ... ok
test_terms_quote_is_not_an_issuer_assertion (tests.vnext.test_b06_bond_leases.SupplierPaymentTermsTest.test_terms_quote_is_not_an_issuer_assertion) ... ok

----------------------------------------------------------------------
Ran 25 tests in 58.997s

OK
