{
  "B06": {
    "company_id": "paramount_skydance_paramount_global",
    "metric_id": "B06",
    "period_start": "2025-12-31",
    "period_end": "2025-12-31",
    "scope_key": "sha256:d732d6cd826cf789f4c3df6ffd41b73c7ba682ef5545a4bae1b2f33b50f9477b",
    "spec_closure_hash": "sha256:4ad7f5e5ab1925de7d4113eb28f1a3a5fdd3f4219c95cc0604c6e454eb3db744",
    "applicability": "APPLICABLE",
    "quality": "EXACT",
    "publication": "PUBLISHED",
    "reason_code": "PASS",
    "value": "1.168049260241169930727785855",
    "unit": "ratio",
    "trace_id": "sha256:5a42b960f84b15be362cef660a6431e643a086f9420f2ab899ff85decba495af",
    "record_type": "METRIC_RESULT",
    "result_id": "sha256:d2453e8b020075cc7165ade36c17448e387e0e0b25ca484dcdd5286e5265d17e"
  }
}
SOURCE_RECONCILED_TOTAL_WITH_FINANCE_LEASE_INCLUDED
