AUDIT_CODE_SHA c6eac2918aabf5227c0559b07a43f2bce4e3fb73
SELECTOR_GIT_BLOB a5f238c61c560daf65affd4aaf3a4e43f7020ca6
LOCAL_SELECTOR_GIT_BLOB a5f238c61c560daf65affd4aaf3a4e43f7020ca6
SOURCE evidence/request_attempts/10/10fcfbc33813d251dcaf024cf7ac96adc2a4971d7cc1424eed25affb470ff7d0/ef20071103_10ka.htm
SOURCE_SHA256 10fcfbc33813d251dcaf024cf7ac96adc2a4971d7cc1424eed25affb470ff7d0
SOURCE_BYTES 776505
SOURCE_REFERENCE sha256:9bf93630dc255ffbd6dc9d2e8166df2601d7a44facf152648086c2115550bc3e accession=0001140361-26-016758 role=target_primary
SOURCE_FILING 10-K/A reportDate=2025-12-31 filingDate=2026-04-24
DOCUMENT sha256:4c170c897e0369df164311233783f6aac9d043f5a225781c7879a7ed22f784df state=COMPLETE_LOCAL_DOCUMENT blocks=1596
CANDIDATE sha256:5e81b3276ddd6e7eb17dd2c5f8faa700cefec5c332c341b9d07b6326a0b3ea53 selected=54
RESULT sha256:4d469eff63d687acdc24b8ba2e22d5b2f18bc3f8c61eab8f0f7d146b19e9fc68 payload_items=54
MECHANICAL_ERRORS []
SELECTED_EXCERPT_HASHES
00 block=84 text_sha256=7c71c9b5b1823185c299e1b9b5612fa1e3849958781427d475b1da1dccecd23f raw_span_sha256=a9407675ab349ad9ae2bf46d80da22d7401484144b00bb4ce4dbdad5dc187561 chars=485
01 block=86 text_sha256=fa397770040a0d886d80c000df8ddb2f37746888abfcb087f3195a7aa5e1c3d2 raw_span_sha256=6e9b096cc2c1241d23ef37313c5d4f34bf07a60c897cc4f4a331dc3985c210a0 chars=25
02 block=90 text_sha256=10282050ad6e94693c3c1a6b0f50ebf043b6a751f737e95c95725d26593c344f raw_span_sha256=0c000ebb928dda5346cdd63cd4f9ebd5bc927334dea83cdf702e7652b4550e38 chars=15
03 block=91 text_sha256=70bb3ad1ae9a34ae588ed8a4ac54856aadede43e41f42485168638aee62bf82a raw_span_sha256=70bb3ad1ae9a34ae588ed8a4ac54856aadede43e41f42485168638aee62bf82a chars=13
04 block=92 text_sha256=9afeed0c10d0c17c102879688eb191d9618c1f34dbcec0b3d6f501b75f6fe736 raw_span_sha256=53a93f2385ba3a124b027671f48ccfbe56f8a243f66757a5ce5f02b175f31718 chars=628
05 block=95 text_sha256=c149bc14e45c0d92e0adae72d5dfa10ad2fde44aebb562d6c1fedebf30ceaca1 raw_span_sha256=c149bc14e45c0d92e0adae72d5dfa10ad2fde44aebb562d6c1fedebf30ceaca1 chars=8
06 block=98 text_sha256=10282050ad6e94693c3c1a6b0f50ebf043b6a751f737e95c95725d26593c344f raw_span_sha256=0c000ebb928dda5346cdd63cd4f9ebd5bc927334dea83cdf702e7652b4550e38 chars=15
07 block=99 text_sha256=bfeedb50d2840dc4970afa1a1b88cdd5d7d99f822cf5578d3927f711f79d9567 raw_span_sha256=bfeedb50d2840dc4970afa1a1b88cdd5d7d99f822cf5578d3927f711f79d9567 chars=21
08 block=103 text_sha256=c149bc14e45c0d92e0adae72d5dfa10ad2fde44aebb562d6c1fedebf30ceaca1 raw_span_sha256=c149bc14e45c0d92e0adae72d5dfa10ad2fde44aebb562d6c1fedebf30ceaca1 chars=8
09 block=106 text_sha256=b6c4496c7179c4911cfd1924b74fae19496b3c1ed67ea7418acda2b9b2c3f92c raw_span_sha256=b6c4496c7179c4911cfd1924b74fae19496b3c1ed67ea7418acda2b9b2c3f92c chars=11
10 block=107 text_sha256=4c83f3982559e9bfc93ca7c6c3c7f744ae32734b051492adb97c6b485bc360a4 raw_span_sha256=e94ed6e9d0863b8e31b87c911a292ad70a54f2b5ae33a99db4f064c912e91e94 chars=25
11 block=108 text_sha256=becb50ce717d70eb189e5e7bc316c40f8c4f00bf12fbb8cf12719a7332f9bda9 raw_span_sha256=0ddb674e121c85c028ff695e5589f70aa1a85231cb49058ebe61bc8fc2ff5254 chars=37
12 block=109 text_sha256=792470523890acb1b3f9facdf6f4bf0a19285a8259d4fb30c48519b5a8a3b871 raw_span_sha256=792470523890acb1b3f9facdf6f4bf0a19285a8259d4fb30c48519b5a8a3b871 chars=16
13 block=111 text_sha256=c149bc14e45c0d92e0adae72d5dfa10ad2fde44aebb562d6c1fedebf30ceaca1 raw_span_sha256=c149bc14e45c0d92e0adae72d5dfa10ad2fde44aebb562d6c1fedebf30ceaca1 chars=8
14 block=114 text_sha256=b6c4496c7179c4911cfd1924b74fae19496b3c1ed67ea7418acda2b9b2c3f92c raw_span_sha256=b6c4496c7179c4911cfd1924b74fae19496b3c1ed67ea7418acda2b9b2c3f92c chars=11
15 block=115 text_sha256=715c6dedb459664048058143d400397ec15ea82c286a756b4bf48fa586f69ca8 raw_span_sha256=106aec44b9c472be0fc002f3238e88d3ed0739dc4d094c81cf146a13ddae88fb chars=17
16 block=116 text_sha256=9253216b0952de99e14ea52d10a35981e71cfbe47a6f1d001f66720d0693084f raw_span_sha256=9253216b0952de99e14ea52d10a35981e71cfbe47a6f1d001f66720d0693084f chars=14
17 block=120 text_sha256=c149bc14e45c0d92e0adae72d5dfa10ad2fde44aebb562d6c1fedebf30ceaca1 raw_span_sha256=c149bc14e45c0d92e0adae72d5dfa10ad2fde44aebb562d6c1fedebf30ceaca1 chars=8
18 block=123 text_sha256=b6c4496c7179c4911cfd1924b74fae19496b3c1ed67ea7418acda2b9b2c3f92c raw_span_sha256=b6c4496c7179c4911cfd1924b74fae19496b3c1ed67ea7418acda2b9b2c3f92c chars=11
19 block=124 text_sha256=01e2475c44bba82ccd34e93397e3468e89b5f95beba643814a5ef0bfed4183a2 raw_span_sha256=8edecc46b50ee6e06921dd5caf97e786aa3249e875a1370c41b78e1f78835126 chars=32
20 block=125 text_sha256=53b9deb732aab8527d109ba859c1e459968f26a59810e7443ec86cfe71c9ea0f raw_span_sha256=53b9deb732aab8527d109ba859c1e459968f26a59810e7443ec86cfe71c9ea0f chars=16
21 block=127 text_sha256=c149bc14e45c0d92e0adae72d5dfa10ad2fde44aebb562d6c1fedebf30ceaca1 raw_span_sha256=c149bc14e45c0d92e0adae72d5dfa10ad2fde44aebb562d6c1fedebf30ceaca1 chars=8
22 block=130 text_sha256=b6c4496c7179c4911cfd1924b74fae19496b3c1ed67ea7418acda2b9b2c3f92c raw_span_sha256=b6c4496c7179c4911cfd1924b74fae19496b3c1ed67ea7418acda2b9b2c3f92c chars=11
23 block=131 text_sha256=686050bf17816c47e32a281f10c27cb58d017715745bdf0250595349b101f8f7 raw_span_sha256=76f8ab5f274799262300933770ffe5c4b72c6b99fa3479de893dd4ddf4a7abc1 chars=24
24 block=132 text_sha256=eeba624c91df73f11418967285df71b9c76b87aef7201aba738844b96e2aac02 raw_span_sha256=eeba624c91df73f11418967285df71b9c76b87aef7201aba738844b96e2aac02 chars=10
25 block=136 text_sha256=c149bc14e45c0d92e0adae72d5dfa10ad2fde44aebb562d6c1fedebf30ceaca1 raw_span_sha256=c149bc14e45c0d92e0adae72d5dfa10ad2fde44aebb562d6c1fedebf30ceaca1 chars=8
26 block=139 text_sha256=b6c4496c7179c4911cfd1924b74fae19496b3c1ed67ea7418acda2b9b2c3f92c raw_span_sha256=b6c4496c7179c4911cfd1924b74fae19496b3c1ed67ea7418acda2b9b2c3f92c chars=11
27 block=140 text_sha256=715c6dedb459664048058143d400397ec15ea82c286a756b4bf48fa586f69ca8 raw_span_sha256=e6d9994e3b04e5ab5d301113510cc8481cbad41dfae38afb8db9c0332104556a chars=17
28 block=141 text_sha256=686050bf17816c47e32a281f10c27cb58d017715745bdf0250595349b101f8f7 raw_span_sha256=185c4ffa347e4fffc7146f47a53476e23c0935505933dd20c18ebd2ba9c3406c chars=24
29 block=142 text_sha256=cfb936333c86387e7f6ab80035db4da20a616eb99a650c07b7d0016246e03a31 raw_span_sha256=cfb936333c86387e7f6ab80035db4da20a616eb99a650c07b7d0016246e03a31 chars=13
30 block=144 text_sha256=c149bc14e45c0d92e0adae72d5dfa10ad2fde44aebb562d6c1fedebf30ceaca1 raw_span_sha256=c149bc14e45c0d92e0adae72d5dfa10ad2fde44aebb562d6c1fedebf30ceaca1 chars=8
31 block=147 text_sha256=b6c4496c7179c4911cfd1924b74fae19496b3c1ed67ea7418acda2b9b2c3f92c raw_span_sha256=b6c4496c7179c4911cfd1924b74fae19496b3c1ed67ea7418acda2b9b2c3f92c chars=11
32 block=148 text_sha256=9d4866d682c544a156a948a648b5d5d750437af3d442db3e02885e4d1d3bfbc1 raw_span_sha256=1f896d4f2b0ab4c09ba40f5ef82e88a90f444ff087a203a859849e3e5304c3fc chars=45
33 block=149 text_sha256=9dbc84519790c7f785acd8d9ac2a184773ec7d145efd021f4240d0747ad2a6d4 raw_span_sha256=9dbc84519790c7f785acd8d9ac2a184773ec7d145efd021f4240d0747ad2a6d4 chars=14
34 block=153 text_sha256=c149bc14e45c0d92e0adae72d5dfa10ad2fde44aebb562d6c1fedebf30ceaca1 raw_span_sha256=c149bc14e45c0d92e0adae72d5dfa10ad2fde44aebb562d6c1fedebf30ceaca1 chars=8
35 block=156 text_sha256=b6c4496c7179c4911cfd1924b74fae19496b3c1ed67ea7418acda2b9b2c3f92c raw_span_sha256=b6c4496c7179c4911cfd1924b74fae19496b3c1ed67ea7418acda2b9b2c3f92c chars=11
36 block=157 text_sha256=becb50ce717d70eb189e5e7bc316c40f8c4f00bf12fbb8cf12719a7332f9bda9 raw_span_sha256=39f3cc021c191856d1dfce0603c914d42057bbf4375270915f2c5396df3e69a3 chars=37
37 block=158 text_sha256=e061c814a1df4b848605a615bc85afec0ccda19315773ad15474cbd0654fbb7b raw_span_sha256=e061c814a1df4b848605a615bc85afec0ccda19315773ad15474cbd0654fbb7b chars=14
38 block=160 text_sha256=c149bc14e45c0d92e0adae72d5dfa10ad2fde44aebb562d6c1fedebf30ceaca1 raw_span_sha256=c149bc14e45c0d92e0adae72d5dfa10ad2fde44aebb562d6c1fedebf30ceaca1 chars=8
39 block=163 text_sha256=b6c4496c7179c4911cfd1924b74fae19496b3c1ed67ea7418acda2b9b2c3f92c raw_span_sha256=b6c4496c7179c4911cfd1924b74fae19496b3c1ed67ea7418acda2b9b2c3f92c chars=11
40 block=164 text_sha256=becb50ce717d70eb189e5e7bc316c40f8c4f00bf12fbb8cf12719a7332f9bda9 raw_span_sha256=39f3cc021c191856d1dfce0603c914d42057bbf4375270915f2c5396df3e69a3 chars=37
41 block=165 text_sha256=ccb7ebc04b2791c36b88954ab206e8cc92b8ce546d3b80d47fd3aa6df5904a5d raw_span_sha256=ccb7ebc04b2791c36b88954ab206e8cc92b8ce546d3b80d47fd3aa6df5904a5d chars=16
42 block=170 text_sha256=cf6637b01263ee072a310b2f3d1ab331cfc4171cbc2009ff11a5f6a432c0a07d raw_span_sha256=cf6637b01263ee072a310b2f3d1ab331cfc4171cbc2009ff11a5f6a432c0a07d chars=124
43 block=188 text_sha256=9fe1a2a7cb1c5448b62b460f386f52f9a89f5bc34990c877ebaf823b829b6c8a raw_span_sha256=2002943347da69c6253ebf3dc82ffafe81944c7a749e0092d50bf070cb49a127 chars=458
44 block=211 text_sha256=7103ba214cb90a2857c2988e9e3d5cba477c3761ed6d60ab73e1d92bb6e4db86 raw_span_sha256=0405e9798b2b27d23f8e73359c10fdaa3c7dd37e0808c657ec380e7318a41add chars=750
45 block=427 text_sha256=5fc61212f130a84895ffb17f144de2d31b41d3b010075e145f3ddd951d1aafbe raw_span_sha256=5fc61212f130a84895ffb17f144de2d31b41d3b010075e145f3ddd951d1aafbe chars=103
46 block=667 text_sha256=879ff942867466f831d2a1d09b3bed77b4d32a091da7340b85bc246389d35da7 raw_span_sha256=879ff942867466f831d2a1d09b3bed77b4d32a091da7340b85bc246389d35da7 chars=37
47 block=668 text_sha256=f9f0148d74425de60c6693961e193f54f0472fe3242654dced3431744e622a94 raw_span_sha256=f9f0148d74425de60c6693961e193f54f0472fe3242654dced3431744e622a94 chars=13
48 block=669 text_sha256=9f88030633dba85fd30c05a03523d40d89311979987f03c65b77046318a6b0e2 raw_span_sha256=9f88030633dba85fd30c05a03523d40d89311979987f03c65b77046318a6b0e2 chars=23
49 block=670 text_sha256=6be316f7aef16d9f03bd906c74664153ce0139d1d910f100180c77e35714cf3d raw_span_sha256=6be316f7aef16d9f03bd906c74664153ce0139d1d910f100180c77e35714cf3d chars=13
50 block=813 text_sha256=2ad152fc51bb752b0d08f1fd2fabe4ad5c090ef76f54893b49f84d6658cbac6f raw_span_sha256=ceb6d9e5068d825dc7ae50e45e264789996c9d4abbd6e09d13dd3cab30139bd9 chars=352
51 block=1464 text_sha256=f954862651106a037abcfc16320266c23092af6cb5d326f9ea7d11322dcdca09 raw_span_sha256=a1bbf658d8d6fd0aadf898470807d45b9f78f9306da755b66c2de7350f0800e3 chars=2012
52 block=1518 text_sha256=9f6d6ea28a35af57f97033579de25622afa31a46218f149dc24d10dce2398863 raw_span_sha256=1932d975bc97c3f2ac0352f4218692c46bd964738f20e86114a3f3e5f0512ead chars=1501
53 block=1519 text_sha256=99ace73a3e55421aa5548a7a4e7e3354577bcb77e887ff230a23b2ee65438cc7 raw_span_sha256=903fd81c7784debf6c51f5b9d68bb8d148e9869e97668aa9a1a69ddb6b7a952a chars=420
UNSELECTED_DIRECTOR_BIO_BLOCKS
block=100 selected=False raw_span_sha256=0a3bf591b02fbf35db5fd36a7163507669bf091c0d5d1d50f44fc2b4dfc4c357 text_sha256=08cc57e2b8da66643d5ec224be01bb1145e7bc31e1b12d09e75bf44e4967ac3a
Brandon-Gordon is qualified to serve as a member of our Board because of his extensive management experience specifically in the sports, media, entertainment and financial services industries, his 35 years of investment banking experience and his extensive experience serving in a role as director.
block=110 selected=False raw_span_sha256=a923b607b92174f5a61568650e097be89b786d80ba7ed7cc219ed5199fb21972 text_sha256=28935641f660adbe453df2a5b49a680a28792131ddb9468105a54023595090a5
Byrne has served as a member of our Board since August 2025.
Byrne is qualified to serve as a member of our Board because of her more than 40 years of financial services experience and extensive business and financial expertise in complex transactions, risk management, strategy and other financial matters.
block=117 selected=False raw_span_sha256=e94ea19c13a9441d6baee099776212674a090bd97d0fd52811fc33234cde7084 text_sha256=c441444a1803e705faf2cb8262fe095096806dd774985801f0fdf316cbbac3dc
Campion has served as a member of our Board since January 2026.
Campion is qualified to serve as a member of our Board because of his extensive experience in the public company sector, including expertise in business growth strategies and enterprise financial management.
block=126 selected=False raw_span_sha256=f454dba72c1cc97b212dca725cbd76e81ce7d15d6947a4a30ebdca2bf59d971d text_sha256=b0e50f506ef4ab9b04279f38db47bd11cf2b138a4e9050fdcc8a03f6abcea80d
Cardinale has served as a member of our Board since August 2025.
Cardinale is qualified to serve as a member of our Board because of his extensive investment and management experience specifically in the sports, media and entertainment industries and his extensive experience serving in a role as director.
block=133 selected=False raw_span_sha256=635d33986858f7607671fd43d5f5934604e356820efb77730467eea360e2491a text_sha256=1ae449b569d9368a0337a14182bd3bf78c570cea1ba820f6bae9feabccbb0768
Catz has served as a member of our Board since August 2025.
Catz is qualified to serve as a member of our Board because of her extensive experience serving as an executive and director of large, complex global organizations and her valuable insight regarding the technology industry generally.
block=143 selected=False raw_span_sha256=90299327389995b82d62846c00f7566a64273f136c7a0268da732a37b4c3b519 text_sha256=b4b9acff60e0f6a21cfd30c9359d66fdacea4cbc087931c4fe73011949f47e3a
Hamill has served as a member of our Board since August 2025.
Hamill is qualified to serve as a member of our Board because of his significant knowledge and expertise in advising public companies and their board rooms gained over years of representing clients in high-stakes transactions.
block=150 selected=False raw_span_sha256=ec8952d2ba42918f5758cb5df65e54b5d1346bf4d09a76e1163e3abe010901a8 text_sha256=963ffe2be88cdaeef72f0ccd2c76098f23da357cf7f15482c7d33cec3db51860
Lansing has served as a member of our Board since August 2025.
Lansing is qualified to serve as a member of our Board because of her knowledge of Paramount’s studio and extensive experience in creative, executive and leadership roles, including as a director, at entertainment, media and content production companies.
block=159 selected=False raw_span_sha256=ecf7c7f8b295faf394e7690debf2db42c3b0aa9ce9df581756f3cf3b45d84f73 text_sha256=1e626fa928a5cea18b8ae281503748150455e8f762b5f11eaec8db4dd00f89e0
Marinelli has served as a member of our Board since August 2025.
Marinelli is qualified to serve as a member of our Board because of his extensive experience in finance and business development.
block=168 selected=False raw_span_sha256=a23ddfe19f5c8240dce57eeb25bdc3e3481919a25872a8c675fc8a772ba5e235 text_sha256=7f7908099c893d1d020bdb0efac65bf67cf6b7e1d8f8556182e37d8e4f945144
Thornton is qualified to serve as a member of our Board because of his extensive investment and management experience and his extensive experience serving in a role as director.
block=166 selected=False raw_span_sha256=75fe8728d665c0a463dc7005cf0d462094e92df79789602f37ec76c779faff98 text_sha256=201d8e78e0d7513042cf16de0baefc0a6da76dc3a3aaf8100afe9b43892db0b5
Mr. Thornton has served as a member of our Board since August 2025. Mr. Thornton has served as Chairman of RedBird Capital Partners Management LLC since August 2023. Mr. Thornton is also Chairman of Barrick Mining Corporation and non-executive Chairman of Heron View Investments, L.P., a global investment firm. Mr. Thornton also serves as lead independent director on the boards of Ford Motor Company and Lenovo Group Limited.
