test_amended_target_and_successor_require_explicit_adaptation (tests.vnext.test_historical_statement_cases.HistoricalStatementScopeTest.test_amended_target_and_successor_require_explicit_adaptation) ... ok
test_companyfacts_amount_must_match_the_selected_original (tests.vnext.test_historical_statement_cases.HistoricalStatementScopeTest.test_companyfacts_amount_must_match_the_selected_original) ... ok
test_other_metric_does_not_select_sources (tests.vnext.test_historical_statement_cases.HistoricalStatementScopeTest.test_other_metric_does_not_select_sources) ... ok
test_a_block_outside_its_declared_range_is_refused (tests.vnext.test_historical_filing_inventory_small.ABlockIsHeldToThePriorYearWalksChecks.test_a_block_outside_its_declared_range_is_refused) ... ok
test_a_block_the_index_does_not_declare_is_refused (tests.vnext.test_historical_filing_inventory_small.ABlockIsHeldToThePriorYearWalksChecks.test_a_block_the_index_does_not_declare_is_refused) ... ok
test_a_row_two_blocks_list_is_refused (tests.vnext.test_historical_filing_inventory_small.ABlockIsHeldToThePriorYearWalksChecks.test_a_row_two_blocks_list_is_refused) ... ok
test_a_selection_that_does_not_start_at_the_main_document_is_refused (tests.vnext.test_historical_filing_inventory_small.ABlockIsHeldToThePriorYearWalksChecks.test_a_selection_that_does_not_start_at_the_main_document_is_refused) ... ok
test_another_registrants_block_is_refused (tests.vnext.test_historical_filing_inventory_small.ABlockIsHeldToThePriorYearWalksChecks.test_another_registrants_block_is_refused) ... ok
test_auditor_selected_case_keeps_received_event_and_statement_factories (tests.vnext.test_history_company_dispatch.HistoryCompanyDispatchTest.test_auditor_selected_case_keeps_received_event_and_statement_factories) ... ok
test_average_risk_family_preserves_existing_metric_factories (tests.vnext.test_history_company_dispatch.HistoryCompanyDispatchTest.test_average_risk_family_preserves_existing_metric_factories) ... ok
test_bank_performance_family_uses_original_factories_for_other_families (tests.vnext.test_history_company_dispatch.HistoryCompanyDispatchTest.test_bank_performance_family_uses_original_factories_for_other_families) ... ok
test_bank_scope_family_preserves_existing_metric_factories (tests.vnext.test_history_company_dispatch.HistoryCompanyDispatchTest.test_bank_scope_family_preserves_existing_metric_factories) ... ok
test_capital_family_preserves_each_existing_metric_factory (tests.vnext.test_history_company_dispatch.HistoryCompanyDispatchTest.test_capital_family_preserves_each_existing_metric_factory) ... ok
test_cli_passes_period_arguments_to_the_same_company_entry (tests.vnext.test_history_company_dispatch.HistoryCompanyDispatchTest.test_cli_passes_period_arguments_to_the_same_company_entry) ... ok
test_completed_withheld_survives_read_after_another_metric_subset (tests.vnext.test_history_company_dispatch.HistoryCompanyDispatchTest.test_completed_withheld_survives_read_after_another_metric_subset)
Constructed history control: a later subset cannot revive old success. ... ok
test_current_mode_keeps_the_existing_public_route (tests.vnext.test_history_company_dispatch.HistoryCompanyDispatchTest.test_current_mode_keeps_the_existing_public_route) ... ok
test_event_family_keeps_existing_income_balance_and_hotel_factories (tests.vnext.test_history_company_dispatch.HistoryCompanyDispatchTest.test_event_family_keeps_existing_income_balance_and_hotel_factories) ... ok
test_geography_keeps_existing_factories_and_declares_its_source_dependencies (tests.vnext.test_history_company_dispatch.HistoryCompanyDispatchTest.test_geography_keeps_existing_factories_and_declares_its_source_dependencies) ... ok
test_interest_coverage_adds_only_its_current_annual_case (tests.vnext.test_history_company_dispatch.HistoryCompanyDispatchTest.test_interest_coverage_adds_only_its_current_annual_case) ... ok
test_invalid_range_rejects_before_source_or_writes (tests.vnext.test_history_company_dispatch.HistoryCompanyDispatchTest.test_invalid_range_rejects_before_source_or_writes) ... ok
test_liquidity_keeps_the_statement_and_lodging_original_factories (tests.vnext.test_history_company_dispatch.HistoryCompanyDispatchTest.test_liquidity_keeps_the_statement_and_lodging_original_factories) ... ok
test_missing_source_is_explicit_and_does_not_acquire (tests.vnext.test_history_company_dispatch.HistoryCompanyDispatchTest.test_missing_source_is_explicit_and_does_not_acquire) ... ok
test_mixed_lodging_keeps_its_previous_factory_and_tuple (tests.vnext.test_history_company_dispatch.HistoryCompanyDispatchTest.test_mixed_lodging_keeps_its_previous_factory_and_tuple) ... ok
test_range_uses_one_public_company_controller_and_existing_case (tests.vnext.test_history_company_dispatch.HistoryCompanyDispatchTest.test_range_uses_one_public_company_controller_and_existing_case) ... ok
test_rpo_uses_native_case_without_changing_statement_or_capital_factories (tests.vnext.test_history_company_dispatch.HistoryCompanyDispatchTest.test_rpo_uses_native_case_without_changing_statement_or_capital_factories) ... ok
test_statement_pilot_uses_original_per_metric_factories_and_dependencies (tests.vnext.test_history_company_dispatch.HistoryCompanyDispatchTest.test_statement_pilot_uses_original_per_metric_factories_and_dependencies) ... ok
test_unsupported_family_uses_no_fabricated_historical_case (tests.vnext.test_history_company_dispatch.HistoryCompanyDispatchTest.test_unsupported_family_uses_no_fabricated_historical_case) ... ok
test_other_family_does_not_select_sources (tests.vnext.test_historical_liquidity_cases.HistoricalLiquidityScopeTest.test_other_family_does_not_select_sources) ... ok
test_unknown_or_cross_entity_subject_is_rejected_before_calculation (tests.vnext.test_historical_liquidity_cases.HistoricalLiquidityScopeTest.test_unknown_or_cross_entity_subject_is_rejected_before_calculation) ... ok
test_dated_parent_standardized_ratio_keeps_pure_unit (tests.vnext.test_historical_capital_cases.HistoricalCapitalSourceTest.test_dated_parent_standardized_ratio_keeps_pure_unit) ... ok
test_rpo_total_is_an_instant_usd_fact_not_a_segment_or_arr (tests.vnext.test_historical_capital_cases.HistoricalCapitalSourceTest.test_rpo_total_is_an_instant_usd_fact_not_a_segment_or_arr) ... ok
test_subsidiary_advanced_other_entity_or_period_cannot_be_parent_ratio (tests.vnext.test_historical_capital_cases.HistoricalCapitalSourceTest.test_subsidiary_advanced_other_entity_or_period_cannot_be_parent_ratio) ... ok
test_unknown_taxonomy_does_not_enter_the_dated_release_path (tests.vnext.test_historical_capital_cases.HistoricalCapitalSourceTest.test_unknown_taxonomy_does_not_enter_the_dated_release_path) ... ok
test_usd_and_unformatted_comma_are_not_pure_ratios (tests.vnext.test_historical_capital_cases.HistoricalCapitalSourceTest.test_usd_and_unformatted_comma_are_not_pure_ratios) ... ok
test_year_only_inspection_preserves_the_original_policy_object (tests.vnext.test_historical_capital_cases.HistoricalCapitalSourceTest.test_year_only_inspection_preserves_the_original_policy_object) ... ok
test_average_balance_does_not_become_quarter_or_annual_flow_average (tests.vnext.test_historical_bank_performance_cases.BankSourceRoleTest.test_average_balance_does_not_become_quarter_or_annual_flow_average) ... ok
test_only_the_average_and_trend_metrics_need_a_prior (tests.vnext.test_historical_bank_performance_cases.BankSourceRoleTest.test_only_the_average_and_trend_metrics_need_a_prior) ... ok
test_aliases_without_a_target_filing_bridge_are_withheld (tests.vnext.test_historical_bank_performance_cases.BankPairedMeasureTest.test_aliases_without_a_target_filing_bridge_are_withheld) ... ok
test_bridge_requires_the_original_prior_value_under_the_current_concept (tests.vnext.test_historical_bank_performance_cases.BankPairedMeasureTest.test_bridge_requires_the_original_prior_value_under_the_current_concept) ... ok
test_conflicting_target_filing_comparatives_cannot_choose_one_value (tests.vnext.test_historical_bank_performance_cases.BankPairedMeasureTest.test_conflicting_target_filing_comparatives_cannot_choose_one_value) ... ok
test_wrong_unit_window_or_filing_does_not_bridge_the_pair (tests.vnext.test_historical_bank_performance_cases.BankPairedMeasureTest.test_wrong_unit_window_or_filing_does_not_bridge_the_pair) ... ok
test_amendment_and_successor_keep_the_existing_rejection (tests.vnext.test_historical_statement_cases.HistoricalCurrentAnnualScopeTest.test_amendment_and_successor_keep_the_existing_rejection) ... ok
test_declared_wrong_source_period_cannot_select_a_filing (tests.vnext.test_historical_statement_cases.HistoricalCurrentAnnualScopeTest.test_declared_wrong_source_period_cannot_select_a_filing) ... ok
test_existing_entry_does_not_silently_expand_to_b07 (tests.vnext.test_historical_statement_cases.HistoricalCurrentAnnualScopeTest.test_existing_entry_does_not_silently_expand_to_b07) ... ok
test_prior_year_or_instant_metrics_do_not_enter_the_annual_family (tests.vnext.test_historical_statement_cases.HistoricalCurrentAnnualScopeTest.test_prior_year_or_instant_metrics_do_not_enter_the_annual_family) ... ok
test_continuous_company_keeps_original_registry_object (tests.vnext.test_historical_statement_cases.HistoricalPeriodSubjectTest.test_continuous_company_keeps_original_registry_object) ... ok
test_mismatched_reporter_successor_or_cross_entity_does_not_get_override (tests.vnext.test_historical_statement_cases.HistoricalPeriodSubjectTest.test_mismatched_reporter_successor_or_cross_entity_does_not_get_override) ... ok
test_predecessor_context_uses_its_own_cik_without_mutating_registry (tests.vnext.test_historical_statement_cases.HistoricalPeriodSubjectTest.test_predecessor_context_uses_its_own_cik_without_mutating_registry) ... ok
test_successor_context_keeps_its_existing_noncomparability (tests.vnext.test_historical_statement_cases.HistoricalPeriodSubjectTest.test_successor_context_keeps_its_existing_noncomparability) ... ok
test_noncontinuous_rule_cannot_be_replaced_by_current_instant_permission (tests.vnext.test_historical_statement_cases.HistoricalSuccessorComparabilityTest.test_noncontinuous_rule_cannot_be_replaced_by_current_instant_permission) ... ok
test_revenue_still_requires_statement_scope (tests.vnext.test_historical_statement_cases.HistoricalSuccessorComparabilityTest.test_revenue_still_requires_statement_scope) ... ok
test_wrong_subject_or_cross_entity_cannot_use_the_metadata_guard (tests.vnext.test_historical_statement_cases.HistoricalSuccessorComparabilityTest.test_wrong_subject_or_cross_entity_cannot_use_the_metadata_guard) ... ok
test_applicable_company_does_not_skip_its_source_requirements (tests.vnext.test_historical_statement_cases.HistoricalStructuralApplicabilityTest.test_applicable_company_does_not_skip_its_source_requirements) ... ok
test_bank_trait_is_na_before_any_amount_selection (tests.vnext.test_historical_statement_cases.HistoricalStructuralApplicabilityTest.test_bank_trait_is_na_before_any_amount_selection) ... ok
test_absent_prior_is_named_and_never_borrowed_from_successor (tests.vnext.test_historical_auditor_selection.HistoricalAuditorSelectionTest.test_absent_prior_is_named_and_never_borrowed_from_successor) ... ok
test_arbitrary_event_forms_cannot_expand_scope (tests.vnext.test_historical_auditor_selection.HistoricalAuditorSelectionTest.test_arbitrary_event_forms_cannot_expand_scope) ... ok
test_explicit_registration_scope_keeps_only_actual_period_events (tests.vnext.test_historical_auditor_selection.HistoricalAuditorSelectionTest.test_explicit_registration_scope_keeps_only_actual_period_events) ... ok
test_noncalendar_and_53_week_period_use_actual_start_not_year_arithmetic (tests.vnext.test_historical_auditor_selection.HistoricalAuditorSelectionTest.test_noncalendar_and_53_week_period_use_actual_start_not_year_arithmetic) ... ok
test_older_annual_is_not_substituted_for_missing_actual_prior (tests.vnext.test_historical_auditor_selection.HistoricalAuditorSelectionTest.test_older_annual_is_not_substituted_for_missing_actual_prior) ... ok
test_same_date_wrong_accession_and_ambiguous_prior_refuse (tests.vnext.test_historical_auditor_selection.HistoricalAuditorSelectionTest.test_same_date_wrong_accession_and_ambiguous_prior_refuse) ... ok
test_selected_base_rebuilds_source_and_refuses_successor_before_auditor_read (tests.vnext.test_historical_auditor_selection.HistoricalAuditorSelectionTest.test_selected_base_rebuilds_source_and_refuses_successor_before_auditor_read) ... ok
test_selected_cik_cannot_borrow_current_registry_subject (tests.vnext.test_historical_auditor_selection.HistoricalAuditorSelectionTest.test_selected_cik_cannot_borrow_current_registry_subject) ... ok
test_selected_year_and_ordered_amendments_do_not_use_latest (tests.vnext.test_historical_auditor_selection.HistoricalAuditorSelectionTest.test_selected_year_and_ordered_amendments_do_not_use_latest) ... ok
test_selection_does_not_change_original_rows_or_dates (tests.vnext.test_historical_auditor_selection.HistoricalAuditorSelectionTest.test_selection_does_not_change_original_rows_or_dates) ... ok
test_unread_or_rejected_metadata_is_not_a_complete_auditor_window (tests.vnext.test_historical_auditor_selection.HistoricalAuditorSelectionTest.test_unread_or_rejected_metadata_is_not_a_complete_auditor_window) ... ok
test_actual_selected_roles_use_one_public_core_and_complete_evidence_is_separate (tests.vnext.test_historical_auditor_case.HistoricalAuditorCaseTest.test_actual_selected_roles_use_one_public_core_and_complete_evidence_is_separate) ... ok
test_other_family_refuses_before_preparation (tests.vnext.test_historical_auditor_case.HistoricalAuditorCaseTest.test_other_family_refuses_before_preparation) ... ok
test_public_and_historical_read_dependencies_are_tracked_together (tests.vnext.test_historical_auditor_case.HistoricalAuditorCaseTest.test_public_and_historical_read_dependencies_are_tracked_together) ... ok
test_public_case_cannot_silently_change_the_requested_year (tests.vnext.test_historical_auditor_case.HistoricalAuditorCaseTest.test_public_case_cannot_silently_change_the_requested_year) ... ok

----------------------------------------------------------------------
Ran 69 tests in 0.118s

OK
