test_actual_selected_roles_use_one_public_core_and_complete_evidence_is_separate (tests.vnext.test_historical_auditor_case.HistoricalAuditorCaseTest.test_actual_selected_roles_use_one_public_core_and_complete_evidence_is_separate) ... ok
test_other_family_refuses_before_preparation (tests.vnext.test_historical_auditor_case.HistoricalAuditorCaseTest.test_other_family_refuses_before_preparation) ... ok
test_public_case_cannot_silently_change_the_requested_year (tests.vnext.test_historical_auditor_case.HistoricalAuditorCaseTest.test_public_case_cannot_silently_change_the_requested_year) ... ok
test_absent_prior_is_named_and_never_borrowed_from_successor (tests.vnext.test_historical_auditor_selection.HistoricalAuditorSelectionTest.test_absent_prior_is_named_and_never_borrowed_from_successor) ... ok
test_arbitrary_event_forms_cannot_expand_scope (tests.vnext.test_historical_auditor_selection.HistoricalAuditorSelectionTest.test_arbitrary_event_forms_cannot_expand_scope) ... ok
test_explicit_registration_scope_keeps_only_actual_period_events (tests.vnext.test_historical_auditor_selection.HistoricalAuditorSelectionTest.test_explicit_registration_scope_keeps_only_actual_period_events) ... ok
test_noncalendar_and_53_week_period_use_actual_start_not_year_arithmetic (tests.vnext.test_historical_auditor_selection.HistoricalAuditorSelectionTest.test_noncalendar_and_53_week_period_use_actual_start_not_year_arithmetic) ... ok
test_older_annual_is_not_substituted_for_missing_actual_prior (tests.vnext.test_historical_auditor_selection.HistoricalAuditorSelectionTest.test_older_annual_is_not_substituted_for_missing_actual_prior) ... ok
test_same_date_wrong_accession_and_ambiguous_prior_refuse (tests.vnext.test_historical_auditor_selection.HistoricalAuditorSelectionTest.test_same_date_wrong_accession_and_ambiguous_prior_refuse) ... ok
test_selected_base_rebuilds_source_and_refuses_successor_before_auditor_read (tests.vnext.test_historical_auditor_selection.HistoricalAuditorSelectionTest.test_selected_base_rebuilds_source_and_refuses_successor_before_auditor_read) ... ok
test_selected_cik_cannot_borrow_current_registry_subject (tests.vnext.test_historical_auditor_selection.HistoricalAuditorSelectionTest.test_selected_cik_cannot_borrow_current_registry_subject) ... ok
test_selected_year_and_ordered_amendments_do_not_use_latest (tests.vnext.test_historical_auditor_selection.HistoricalAuditorSelectionTest.test_selected_year_and_ordered_amendments_do_not_use_latest) ... ok
test_selection_does_not_change_original_rows_or_dates (tests.vnext.test_historical_auditor_selection.HistoricalAuditorSelectionTest.test_selection_does_not_change_original_rows_or_dates) ... ok
test_unread_or_rejected_metadata_is_not_a_complete_auditor_window (tests.vnext.test_historical_auditor_selection.HistoricalAuditorSelectionTest.test_unread_or_rejected_metadata_is_not_a_complete_auditor_window) ... ok
test_auditor_selected_case_keeps_received_event_and_statement_factories (tests.vnext.test_history_company_dispatch.HistoryCompanyDispatchTest.test_auditor_selected_case_keeps_received_event_and_statement_factories) ... ok
test_average_risk_family_preserves_existing_metric_factories (tests.vnext.test_history_company_dispatch.HistoryCompanyDispatchTest.test_average_risk_family_preserves_existing_metric_factories) ... ok
test_bank_performance_family_uses_original_factories_for_other_families (tests.vnext.test_history_company_dispatch.HistoryCompanyDispatchTest.test_bank_performance_family_uses_original_factories_for_other_families) ... ok
test_bank_scope_family_preserves_existing_metric_factories (tests.vnext.test_history_company_dispatch.HistoryCompanyDispatchTest.test_bank_scope_family_preserves_existing_metric_factories) ... ok
test_capital_family_preserves_each_existing_metric_factory (tests.vnext.test_history_company_dispatch.HistoryCompanyDispatchTest.test_capital_family_preserves_each_existing_metric_factory) ... ok
test_cli_passes_period_arguments_to_the_same_company_entry (tests.vnext.test_history_company_dispatch.HistoryCompanyDispatchTest.test_cli_passes_period_arguments_to_the_same_company_entry) ... ok
test_completed_withheld_survives_read_after_another_metric_subset (tests.vnext.test_history_company_dispatch.HistoryCompanyDispatchTest.test_completed_withheld_survives_read_after_another_metric_subset)
Constructed history control: a later subset cannot revive old success. ... ok
test_current_mode_keeps_the_existing_public_route (tests.vnext.test_history_company_dispatch.HistoryCompanyDispatchTest.test_current_mode_keeps_the_existing_public_route) ... ok
test_event_family_keeps_existing_income_balance_and_hotel_factories (tests.vnext.test_history_company_dispatch.HistoryCompanyDispatchTest.test_event_family_keeps_existing_income_balance_and_hotel_factories) ... ok
test_geography_keeps_existing_factories_and_declares_its_source_dependencies (tests.vnext.test_history_company_dispatch.HistoryCompanyDispatchTest.test_geography_keeps_existing_factories_and_declares_its_source_dependencies) ... ok
test_interest_coverage_adds_only_its_current_annual_case (tests.vnext.test_history_company_dispatch.HistoryCompanyDispatchTest.test_interest_coverage_adds_only_its_current_annual_case) ... ok
test_invalid_range_rejects_before_source_or_writes (tests.vnext.test_history_company_dispatch.HistoryCompanyDispatchTest.test_invalid_range_rejects_before_source_or_writes) ... ok
test_liquidity_keeps_the_statement_and_lodging_original_factories (tests.vnext.test_history_company_dispatch.HistoryCompanyDispatchTest.test_liquidity_keeps_the_statement_and_lodging_original_factories) ... ok
test_missing_source_is_explicit_and_does_not_acquire (tests.vnext.test_history_company_dispatch.HistoryCompanyDispatchTest.test_missing_source_is_explicit_and_does_not_acquire) ... ok
test_mixed_lodging_keeps_its_previous_factory_and_tuple (tests.vnext.test_history_company_dispatch.HistoryCompanyDispatchTest.test_mixed_lodging_keeps_its_previous_factory_and_tuple) ... ok
test_range_uses_one_public_company_controller_and_existing_case (tests.vnext.test_history_company_dispatch.HistoryCompanyDispatchTest.test_range_uses_one_public_company_controller_and_existing_case) ... ok
test_rpo_uses_native_case_without_changing_statement_or_capital_factories (tests.vnext.test_history_company_dispatch.HistoryCompanyDispatchTest.test_rpo_uses_native_case_without_changing_statement_or_capital_factories) ... ok
test_statement_pilot_uses_original_per_metric_factories_and_dependencies (tests.vnext.test_history_company_dispatch.HistoryCompanyDispatchTest.test_statement_pilot_uses_original_per_metric_factories_and_dependencies) ... ok
test_unsupported_family_uses_no_fabricated_historical_case (tests.vnext.test_history_company_dispatch.HistoryCompanyDispatchTest.test_unsupported_family_uses_no_fabricated_historical_case) ... ok

----------------------------------------------------------------------
Ran 33 tests in 0.365s

OK
{"allowed_skips": 0, "errors": 0, "failures": 0, "run": 33, "skip_reasons": [], "skipped": 0, "tests": ["tests.vnext.test_historical_auditor_case", "tests.vnext.test_historical_auditor_selection", "tests.vnext.test_history_company_dispatch"]}
