test_actual_selected_roles_use_one_public_core_and_complete_evidence_is_separate (tests.vnext.test_historical_auditor_case.HistoricalAuditorCaseTest.test_actual_selected_roles_use_one_public_core_and_complete_evidence_is_separate) ... ok
test_other_family_refuses_before_preparation (tests.vnext.test_historical_auditor_case.HistoricalAuditorCaseTest.test_other_family_refuses_before_preparation) ... ok
test_public_case_cannot_silently_change_the_requested_year (tests.vnext.test_historical_auditor_case.HistoricalAuditorCaseTest.test_public_case_cannot_silently_change_the_requested_year) ... ok
test_absent_prior_is_named_and_never_borrowed_from_successor (tests.vnext.test_historical_auditor_selection.HistoricalAuditorSelectionTest.test_absent_prior_is_named_and_never_borrowed_from_successor) ... ok
test_arbitrary_event_forms_cannot_expand_scope (tests.vnext.test_historical_auditor_selection.HistoricalAuditorSelectionTest.test_arbitrary_event_forms_cannot_expand_scope) ... ok
test_explicit_registration_scope_keeps_only_actual_period_events (tests.vnext.test_historical_auditor_selection.HistoricalAuditorSelectionTest.test_explicit_registration_scope_keeps_only_actual_period_events) ... ok
test_noncalendar_and_53_week_period_use_actual_start_not_year_arithmetic (tests.vnext.test_historical_auditor_selection.HistoricalAuditorSelectionTest.test_noncalendar_and_53_week_period_use_actual_start_not_year_arithmetic) ... ok
test_older_annual_is_not_substituted_for_missing_actual_prior (tests.vnext.test_historical_auditor_selection.HistoricalAuditorSelectionTest.test_older_annual_is_not_substituted_for_missing_actual_prior) ... ok
test_same_date_wrong_accession_and_ambiguous_prior_refuse (tests.vnext.test_historical_auditor_selection.HistoricalAuditorSelectionTest.test_same_date_wrong_accession_and_ambiguous_prior_refuse) ... ok
test_selected_base_rebuilds_source_and_refuses_successor_before_auditor_read (tests.vnext.test_historical_auditor_selection.HistoricalAuditorSelectionTest.test_selected_base_rebuilds_source_and_refuses_successor_before_auditor_read) ... ok
test_selected_cik_cannot_borrow_current_registry_subject (tests.vnext.test_historical_auditor_selection.HistoricalAuditorSelectionTest.test_selected_cik_cannot_borrow_current_registry_subject) ... ok
test_selected_year_and_ordered_amendments_do_not_use_latest (tests.vnext.test_historical_auditor_selection.HistoricalAuditorSelectionTest.test_selected_year_and_ordered_amendments_do_not_use_latest) ... ok
test_selection_does_not_change_original_rows_or_dates (tests.vnext.test_historical_auditor_selection.HistoricalAuditorSelectionTest.test_selection_does_not_change_original_rows_or_dates) ... ok
test_unread_or_rejected_metadata_is_not_a_complete_auditor_window (tests.vnext.test_historical_auditor_selection.HistoricalAuditorSelectionTest.test_unread_or_rejected_metadata_is_not_a_complete_auditor_window) ... ok
test_explicit_release_still_rejects_wrong_entity_and_period (tests.vnext.test_c04_selected_input.SelectedC04InputTest.test_explicit_release_still_rejects_wrong_entity_and_period) ... ok
test_fake_namespace_and_invalid_policy_are_not_releases (tests.vnext.test_c04_selected_input.SelectedC04InputTest.test_fake_namespace_and_invalid_policy_are_not_releases) ... ok
test_quarter_and_date_release_require_explicit_existing_policy (tests.vnext.test_c04_selected_input.SelectedC04InputTest.test_quarter_and_date_release_require_explicit_existing_policy) ... ok
test_selected_base_and_labelled_annual_are_a_pair_before_latest_read (tests.vnext.test_c04_selected_input.SelectedC04InputTest.test_selected_base_and_labelled_annual_are_a_pair_before_latest_read) ... ok
test_selected_coordinate_prior_and_label_changes_refuse_before_sources (tests.vnext.test_c04_selected_input.SelectedC04InputTest.test_selected_coordinate_prior_and_label_changes_refuse_before_sources) ... ok
test_selected_gate_does_not_open_default_current_producer (tests.vnext.test_c04_selected_input.SelectedC04InputTest.test_selected_gate_does_not_open_default_current_producer) ... ok
test_year_only_checked_filing_default_dictionary_matches_main (tests.vnext.test_c04_selected_input.SelectedC04InputTest.test_year_only_checked_filing_default_dictionary_matches_main) ... ok
test_auditor_selected_case_keeps_received_event_and_statement_factories (tests.vnext.test_history_company_dispatch.HistoryCompanyDispatchTest.test_auditor_selected_case_keeps_received_event_and_statement_factories) ... ok
test_average_risk_family_preserves_existing_metric_factories (tests.vnext.test_history_company_dispatch.HistoryCompanyDispatchTest.test_average_risk_family_preserves_existing_metric_factories) ... ok
test_bank_performance_family_uses_original_factories_for_other_families (tests.vnext.test_history_company_dispatch.HistoryCompanyDispatchTest.test_bank_performance_family_uses_original_factories_for_other_families) ... ok
test_bank_scope_family_preserves_existing_metric_factories (tests.vnext.test_history_company_dispatch.HistoryCompanyDispatchTest.test_bank_scope_family_preserves_existing_metric_factories) ... ok
test_capital_family_preserves_each_existing_metric_factory (tests.vnext.test_history_company_dispatch.HistoryCompanyDispatchTest.test_capital_family_preserves_each_existing_metric_factory) ... ok
test_cli_passes_period_arguments_to_the_same_company_entry (tests.vnext.test_history_company_dispatch.HistoryCompanyDispatchTest.test_cli_passes_period_arguments_to_the_same_company_entry) ... ok
test_completed_withheld_survives_read_after_another_metric_subset (tests.vnext.test_history_company_dispatch.HistoryCompanyDispatchTest.test_completed_withheld_survives_read_after_another_metric_subset)
Constructed history control: a later subset cannot revive old success. ... ok
test_current_mode_keeps_the_existing_public_route (tests.vnext.test_history_company_dispatch.HistoryCompanyDispatchTest.test_current_mode_keeps_the_existing_public_route) ... ok
test_event_family_keeps_existing_income_balance_and_hotel_factories (tests.vnext.test_history_company_dispatch.HistoryCompanyDispatchTest.test_event_family_keeps_existing_income_balance_and_hotel_factories) ... ok
test_geography_keeps_existing_factories_and_declares_its_source_dependencies (tests.vnext.test_history_company_dispatch.HistoryCompanyDispatchTest.test_geography_keeps_existing_factories_and_declares_its_source_dependencies) ... ok
test_interest_coverage_adds_only_its_current_annual_case (tests.vnext.test_history_company_dispatch.HistoryCompanyDispatchTest.test_interest_coverage_adds_only_its_current_annual_case) ... ok
test_invalid_range_rejects_before_source_or_writes (tests.vnext.test_history_company_dispatch.HistoryCompanyDispatchTest.test_invalid_range_rejects_before_source_or_writes) ... ok
test_liquidity_keeps_the_statement_and_lodging_original_factories (tests.vnext.test_history_company_dispatch.HistoryCompanyDispatchTest.test_liquidity_keeps_the_statement_and_lodging_original_factories) ... ok
test_missing_source_is_explicit_and_does_not_acquire (tests.vnext.test_history_company_dispatch.HistoryCompanyDispatchTest.test_missing_source_is_explicit_and_does_not_acquire) ... ok
test_mixed_lodging_keeps_its_previous_factory_and_tuple (tests.vnext.test_history_company_dispatch.HistoryCompanyDispatchTest.test_mixed_lodging_keeps_its_previous_factory_and_tuple) ... ok
test_range_uses_one_public_company_controller_and_existing_case (tests.vnext.test_history_company_dispatch.HistoryCompanyDispatchTest.test_range_uses_one_public_company_controller_and_existing_case) ... ok
test_rpo_uses_native_case_without_changing_statement_or_capital_factories (tests.vnext.test_history_company_dispatch.HistoryCompanyDispatchTest.test_rpo_uses_native_case_without_changing_statement_or_capital_factories) ... ok
test_statement_pilot_uses_original_per_metric_factories_and_dependencies (tests.vnext.test_history_company_dispatch.HistoryCompanyDispatchTest.test_statement_pilot_uses_original_per_metric_factories_and_dependencies) ... ok
test_unsupported_family_uses_no_fabricated_historical_case (tests.vnext.test_history_company_dispatch.HistoryCompanyDispatchTest.test_unsupported_family_uses_no_fabricated_historical_case) ... ok
test_actual_selected_year_dependencies_ignore_unused_admission_code (tests.vnext.test_selected_history_result_state.SelectedHistoryResultStateTest.test_actual_selected_year_dependencies_ignore_unused_admission_code)
Constructed state control with the actual processing configuration. ... ok
test_completed_withheld_recovers_pointer_without_recalculation (tests.vnext.test_selected_history_result_state.SelectedHistoryResultStateTest.test_completed_withheld_recovers_pointer_without_recalculation) ... ok
test_current_withheld_replaces_same_year_success_but_retains_old_version (tests.vnext.test_selected_history_result_state.SelectedHistoryResultStateTest.test_current_withheld_replaces_same_year_success_but_retains_old_version) ... ok
test_dependency_source_and_processing_changes_reprocess_withheld_once (tests.vnext.test_selected_history_result_state.SelectedHistoryResultStateTest.test_dependency_source_and_processing_changes_reprocess_withheld_once) ... ok
test_missing_year_and_one_metric_failure_preserve_other_periods (tests.vnext.test_selected_history_result_state.SelectedHistoryResultStateTest.test_missing_year_and_one_metric_failure_preserve_other_periods) ... ok
test_success_and_stable_withheld_reuse_in_distinct_historical_coordinates (tests.vnext.test_selected_history_result_state.SelectedHistoryResultStateTest.test_success_and_stable_withheld_reuse_in_distinct_historical_coordinates) ... ok
test_constructed_withheld_native_trace_keeps_state_without_filled_issuer (tests.vnext.test_reporting_company_projection.CurrentNullableTraceProjectionTest.test_constructed_withheld_native_trace_keeps_state_without_filled_issuer) ... ok
test_current_reported_rpo_with_nullable_trace_keeps_value_and_issuer (tests.vnext.test_reporting_company_projection.CurrentNullableTraceProjectionTest.test_current_reported_rpo_with_nullable_trace_keeps_value_and_issuer) ... ok
test_current_structural_and_both_hotel_numbers_save_with_nullable_trace (tests.vnext.test_reporting_company_projection.CurrentNullableTraceProjectionTest.test_current_structural_and_both_hotel_numbers_save_with_nullable_trace) ... ok
test_combined_or_unproven_subject_policy_does_not_get_single_reporter_view (tests.vnext.test_reporting_company_projection.ReportingCompanyProjectionTest.test_combined_or_unproven_subject_policy_does_not_get_single_reporter_view) ... ok
test_current_reporter_preserves_current_view (tests.vnext.test_reporting_company_projection.ReportingCompanyProjectionTest.test_current_reporter_preserves_current_view) ... ok
test_different_filing_or_bad_entity_does_not_gain_display_identity (tests.vnext.test_reporting_company_projection.ReportingCompanyProjectionTest.test_different_filing_or_bad_entity_does_not_gain_display_identity) ... ok
test_explicit_null_issuer_fields_use_verified_annual_without_modifying_trace (tests.vnext.test_reporting_company_projection.ReportingCompanyProjectionTest.test_explicit_null_issuer_fields_use_verified_annual_without_modifying_trace) ... ok
test_metadata_only_outcome_can_keep_inventory_issuer_without_claiming_amount (tests.vnext.test_reporting_company_projection.ReportingCompanyProjectionTest.test_metadata_only_outcome_can_keep_inventory_issuer_without_claiming_amount) ... ok
test_null_target_requires_matching_source_not_another_registered_issuer (tests.vnext.test_reporting_company_projection.ReportingCompanyProjectionTest.test_null_target_requires_matching_source_not_another_registered_issuer) ... ok
test_nullable_contract_does_not_hide_filled_conflicts_or_missing_fields (tests.vnext.test_reporting_company_projection.ReportingCompanyProjectionTest.test_nullable_contract_does_not_hide_filled_conflicts_or_missing_fields) ... ok
test_predecessor_reporting_cik_changes_only_presentation_view (tests.vnext.test_reporting_company_projection.ReportingCompanyProjectionTest.test_predecessor_reporting_cik_changes_only_presentation_view) ... ok
test_registered_union_still_requires_its_existing_period_proof (tests.vnext.test_reporting_company_projection.ReportingCompanyProjectionTest.test_registered_union_still_requires_its_existing_period_proof) ... ok
test_unregistered_reporter_or_cross_subject_trace_is_rejected (tests.vnext.test_reporting_company_projection.ReportingCompanyProjectionTest.test_unregistered_reporter_or_cross_subject_trace_is_rejected) ... ok
test_valued_historical_event_uses_selected_inventory_and_source_set (tests.vnext.test_reporting_company_projection.ReportingCompanyProjectionTest.test_valued_historical_event_uses_selected_inventory_and_source_set) ... ok

----------------------------------------------------------------------
Ran 60 tests in 10.047s

OK
{"allowed_skips": 0, "errors": 0, "failures": 0, "run": 60, "skip_reasons": [], "skipped": 0, "tests": ["tests.vnext.test_historical_auditor_case", "tests.vnext.test_historical_auditor_selection", "tests.vnext.test_c04_selected_input", "tests.vnext.test_history_company_dispatch", "tests.vnext.test_selected_history_result_state", "tests.vnext.test_reporting_company_projection"]}
