[
  {
    "request_id": "sha256:77a7d67057a27769f42a148ffb103fc4eff5abe423cf4edc3e571e686ce98775",
    "variant": "BASE",
    "original_ordinal": 70,
    "revalidation": {
      "record_type": "NATIVE_SOURCE_INPUT_REVALIDATION",
      "original_plan_id": "sha256:c35f1646598bfce142123f94bd07ad09e80cb004ad9a3db447dd29265cf5d2e0",
      "original_requirement_closure_hash": "sha256:c4bfed2c3b3e76ea2c9005c3f01747913a2a8f815e4d2069b083d81d0c5c43fa",
      "original_acceptance_receipt_id": "sha256:7ad50947e5fe0ea348ec5dc1b49d5b1f2719e45e490aa86fb5a3bbff71446dbd",
      "original_validator_semantic_hash": "sha256:c427d1e34f6596d8e8fba91919efdf9bd4d63c4de74fea565014d6ed32d2e075",
      "current_requirement_closure_hash": "sha256:ec932426889073a82c23713f413dabae81e24eb298bcdf3a588cfce24f0a31d2",
      "current_validator_semantic_hash": "sha256:2ab052b8b5b7c7fcbd15e71fdc195037ae8eea1fd61935bffdefd30a9ba38341",
      "unchanged_semantic_records_hash": "sha256:277365eddf7ef5ebd4a9c0a70bafc23560e3bffffd88dbf2e29ff85edb5f3e59",
      "new_provider_execution": false,
      "revalidation_id": "sha256:b4952aea12d99ac406d7f008149114729d800d4c2408ee7fcc3b5774ee767cd4"
    },
    "estimated_context_tokens": 189583,
    "provider_body_bytes": 619377,
    "unit_count": 5
  },
  {
    "request_id": "sha256:aec87ddfcac5d8916b9fab1740495da3bdfc6ab0429803e4814d833a3a8eb485",
    "variant": "INDEXED_UNITS_V1",
    "original_ordinal": null,
    "estimated_context_tokens": 175819,
    "provider_body_bytes": 457414,
    "unit_count": 4
  },
  {
    "request_id": "sha256:8837d0ec051244fdd1f4b9a5869b25a6b55efa2e5609e60f6c35b8b576dcde07",
    "variant": "INDEXED_UNITS_V1",
    "original_ordinal": null,
    "estimated_context_tokens": 164979,
    "provider_body_bytes": 479505,
    "unit_count": 4
  },
  {
    "request_id": "sha256:0f0d430e03d49f5b88291beee3ebbbf5eab0632e2f4a2a609f444783e8147879",
    "variant": "INDEXED_UNITS_V1",
    "original_ordinal": null,
    "estimated_context_tokens": 189775,
    "provider_body_bytes": 544196,
    "unit_count": 4
  },
  {
    "request_id": "sha256:1c4d2efbd24e967f412bbf1a875f13906ad8ab03307356b8cc13f86b116a691b",
    "variant": "INDEXED_UNITS_V1",
    "original_ordinal": null,
    "estimated_context_tokens": 188983,
    "provider_body_bytes": 536066,
    "unit_count": 4
  },
  {
    "request_id": "sha256:81d9683b43d1e8ce5862cf1d9ea40384a1948fc9d26d26b5d083a86560dee67b",
    "variant": "INDEXED_UNITS_V1",
    "original_ordinal": null,
    "estimated_context_tokens": 157738,
    "provider_body_bytes": 435867,
    "unit_count": 3
  },
  {
    "request_id": "sha256:eb4c615e2e5396bc4b03cc950e2d6e69b0926136ceebb64adbf08daf1e79d60f",
    "variant": "INDEXED_UNITS_V1",
    "original_ordinal": null,
    "estimated_context_tokens": 195539,
    "provider_body_bytes": 551229,
    "unit_count": 4
  },
  {
    "request_id": "sha256:97468c38751b28d34f5910ae05b0b4e89938294c1a682b1831898ec34c5740e8",
    "variant": "INDEXED_UNITS_V1",
    "original_ordinal": null,
    "estimated_context_tokens": 184913,
    "provider_body_bytes": 580884,
    "unit_count": 7
  },
  {
    "request_id": "sha256:d01ad534f7dd987cf40f7fe6586ebed1a75a7afc70c9a591520e972fa08fc869",
    "variant": "INDEXED_UNITS_V1",
    "original_ordinal": null,
    "estimated_context_tokens": 189171,
    "provider_body_bytes": 624640,
    "unit_count": 8
  },
  {
    "request_id": "sha256:5f521f2615ea1d423ffba4117b2efa054b9e286f3c00e3e1f4fef6cee709bde0",
    "variant": "INDEXED_UNITS_V1",
    "original_ordinal": null,
    "estimated_context_tokens": 189343,
    "provider_body_bytes": 620101,
    "unit_count": 7
  },
  {
    "request_id": "sha256:55e8b91f6d21d3a107ac5fd9c27f8e3f023005919c0c0ed68b802cdcb8203028",
    "variant": "INDEXED_UNITS_V1",
    "original_ordinal": null,
    "estimated_context_tokens": 59904,
    "provider_body_bytes": 190424,
    "unit_count": 2
  }
]
