{
  "verdict": "PASS_ALL_REVIEWED_AND_OLD_INPUT_BYTES_PRESERVED",
  "reviewed_commit": "9ac5a02da789ad81b6c94af90477935854e0c4df",
  "checked_saved_old_and_new_artifacts": 14,
  "checked_frozen_reviewed_files": 9,
  "checked_unchanged_old_files": 5,
  "git_status": " M docs/evidence/issue28_continuous/execution-state.json\n?? docs/evidence/issue28_continuous/c02-image-input-reception-20261005/independent-receiving-review/\n",
  "review_output_files": [
    "actual-rebuild-and-boundary.log",
    "conclusion.md",
    "fixed-identity-inspection.log",
    "initial-harness-failure.log",
    "specified-check.log",
    "final-preservation-check.log"
  ],
  "new_model_answers": 0,
  "provider_requests": 0,
  "SEC_requests": 0,
  "ledger_operations": 0,
  "conclusion_sha256": "c82e0fd07315fd705b6a6bd000ee713d9f98a615dd12c20c3edc896de753398d"
}
