{
  "status": "UPDATES_INCOMPLETE",
  "metric_status": "UPDATE_BLOCKED",
  "counts_before": [
    59,
    59,
    49
  ],
  "counts_after": [
    59,
    59,
    49
  ],
  "events": [],
  "seconds": 1.7129821249982342
}
Traceback (most recent call last):
  File "/tmp/sec_metrics_issue28_continuous/current-real-native-update-construction-session.py", line 23, in <module>
    assert result['status']=='UPDATES_READY' and before==after and not events, result['metrics'][0].get('terminal',{}).get('error')
           ^^^^^^^^^^^^^^^^^^^^^^^^^^^^^^^^^^^^^^^^^^^^^^^^^^^^^^^^^^^^^^^^^^
AssertionError: None
