{
  "status": "CURRENT_CLOSURE_REGISTRATION_FROM_ORIGINAL_RECEIPTS_PASS",
  "source_same_as_old": true,
  "old_requirement_closure": "sha256:c4bfed2c3b3e76ea2c9005c3f01747913a2a8f815e4d2069b083d81d0c5c43fa",
  "current_requirement_closure": "sha256:be11771764276962cfabd7b51c551e8d12f596f15c9c4b7276665cf4cd1a2c29",
  "old_input_record_id": "sha256:791b18cfb22f8b0e98ec919c99b4b96727a62f240525322b0ba5979cc015e3b3",
  "current_input_record_id": "sha256:be721e5a664bc93b48a1a2b5370b1ecffc078fbae306ef61de9017f299284f24",
  "native_request_count": 6,
  "original_recorded_ledger_counts": [
    6,
    6,
    0
  ],
  "original_ledger_files_unchanged": true,
  "new_private_registration_mode": "RECORDED_TEST_ONLY",
  "new_provider_paid_sec_calls": [
    0,
    0,
    0
  ],
  "automatic_update_integration_executed": false,
  "historical_receipt_ids_preserved": [
    "sha256:d468c2d1c61c29caba541f001be0862f8f6dc2c523087d149bf8386d87fd8d31",
    "sha256:3387879424c5ef2e363c2abb34a6bb2423c2d99601d1c6c0f87658ef508ecac2",
    "sha256:9086888173a620bd1034793164a298f4310ec33160dcc698b39ee3aaf8da6334",
    "sha256:8104c95a543f79f206253dd64ee9ddaf8d464594958ea8e24352fda63460056e",
    "sha256:fafaa2a56fb281ee33df7834845cdc08faa7904e0cc43c396b9d9eff1bf3ea5b",
    "sha256:a7bcc14f195d906a1175fc31083e9dbb5035415c07dd64df217593e710c1a5b4"
  ]
}
