Historical function only evaluated using exact historical policy/file bytes; fixed independent source registry; no producer, source parsing or company run.
[
  {
    "metric": "B01",
    "revision": "145a464b",
    "compatible": false,
    "changed_processing_files": [
      "scripts/vnext/composite_scope.py",
      "scripts/vnext/financial_duration.py",
      "scripts/vnext/financial_structured.py",
      "scripts/vnext/historical_fiscal_labels.py",
      "scripts/vnext/normal_run_inputs.py",
      "scripts/vnext/normal_zero_ai_results.py",
      "scripts/vnext/ordinary_current_update.py",
      "scripts/vnext/ordinary_projection.py",
      "scripts/vnext/ordinary_saved_result.py",
      "scripts/vnext/ordinary_update_compatibility.py",
      "scripts/vnext/selected_income_source_v1.py",
      "scripts/vnext/selected_reported_revenue_v2.py",
      "scripts/vnext/selected_revenue_scope_v1.py",
      "scripts/vnext/text_results_v2.py",
      "scripts/vnext/xbrl_namespace_policy.py"
    ]
  },
  {
    "metric": "B01",
    "revision": "bdb27684",
    "compatible": false,
    "changed_processing_files": [
      "scripts/vnext/composite_scope.py",
      "scripts/vnext/financial_duration.py",
      "scripts/vnext/financial_structured.py",
      "scripts/vnext/historical_fiscal_labels.py",
      "scripts/vnext/normal_run_inputs.py",
      "scripts/vnext/normal_zero_ai_results.py",
      "scripts/vnext/ordinary_current_update.py",
      "scripts/vnext/ordinary_projection.py",
      "scripts/vnext/ordinary_saved_result.py",
      "scripts/vnext/ordinary_update_compatibility.py",
      "scripts/vnext/selected_income_source_v1.py",
      "scripts/vnext/selected_reported_revenue_v2.py",
      "scripts/vnext/selected_revenue_scope_v1.py",
      "scripts/vnext/text_results_v2.py",
      "scripts/vnext/xbrl_namespace_policy.py"
    ]
  },
  {
    "metric": "B01",
    "revision": "c99b5d3c3180b8e8dfbac7f9182a941af4ae7705",
    "compatible": true,
    "changed_processing_files": [
      "scripts/vnext/ordinary_current_update.py",
      "scripts/vnext/ordinary_saved_result.py",
      "scripts/vnext/ordinary_update_compatibility.py"
    ]
  },
  {
    "metric": "B03",
    "revision": "145a464b",
    "compatible": false,
    "changed_processing_files": [
      "scripts/vnext/composite_scope.py",
      "scripts/vnext/financial_duration.py",
      "scripts/vnext/historical_fiscal_labels.py",
      "scripts/vnext/normal_run_inputs.py",
      "scripts/vnext/normal_zero_ai_results.py",
      "scripts/vnext/ordinary_current_update.py",
      "scripts/vnext/ordinary_projection.py",
      "scripts/vnext/ordinary_saved_result.py",
      "scripts/vnext/ordinary_update_compatibility.py",
      "scripts/vnext/selected_income_source_v1.py",
      "scripts/vnext/selected_reported_revenue_v2.py",
      "scripts/vnext/selected_revenue_scope_v1.py"
    ]
  },
  {
    "metric": "B03",
    "revision": "bdb27684",
    "compatible": false,
    "changed_processing_files": [
      "scripts/vnext/composite_scope.py",
      "scripts/vnext/financial_duration.py",
      "scripts/vnext/historical_fiscal_labels.py",
      "scripts/vnext/normal_run_inputs.py",
      "scripts/vnext/normal_zero_ai_results.py",
      "scripts/vnext/ordinary_current_update.py",
      "scripts/vnext/ordinary_projection.py",
      "scripts/vnext/ordinary_saved_result.py",
      "scripts/vnext/ordinary_update_compatibility.py",
      "scripts/vnext/selected_income_source_v1.py",
      "scripts/vnext/selected_reported_revenue_v2.py",
      "scripts/vnext/selected_revenue_scope_v1.py"
    ]
  },
  {
    "metric": "B03",
    "revision": "c99b5d3c3180b8e8dfbac7f9182a941af4ae7705",
    "compatible": true,
    "changed_processing_files": [
      "scripts/vnext/ordinary_current_update.py",
      "scripts/vnext/ordinary_saved_result.py",
      "scripts/vnext/ordinary_update_compatibility.py"
    ]
  },
  {
    "metric": "B04",
    "revision": "145a464b",
    "compatible": false,
    "changed_processing_files": [
      "scripts/vnext/normal_run_inputs.py",
      "scripts/vnext/normal_zero_ai_results.py",
      "scripts/vnext/ordinary_current_update.py",
      "scripts/vnext/ordinary_projection.py",
      "scripts/vnext/ordinary_saved_result.py",
      "scripts/vnext/ordinary_update_compatibility.py"
    ]
  },
  {
    "metric": "B04",
    "revision": "bdb27684",
    "compatible": false,
    "changed_processing_files": [
      "scripts/vnext/normal_run_inputs.py",
      "scripts/vnext/normal_zero_ai_results.py",
      "scripts/vnext/ordinary_current_update.py",
      "scripts/vnext/ordinary_projection.py",
      "scripts/vnext/ordinary_saved_result.py",
      "scripts/vnext/ordinary_update_compatibility.py"
    ]
  },
  {
    "metric": "B04",
    "revision": "c99b5d3c3180b8e8dfbac7f9182a941af4ae7705",
    "compatible": true,
    "changed_processing_files": [
      "scripts/vnext/ordinary_current_update.py",
      "scripts/vnext/ordinary_saved_result.py",
      "scripts/vnext/ordinary_update_compatibility.py"
    ]
  },
  {
    "metric": "B10",
    "revision": "145a464b",
    "compatible": false,
    "changed_processing_files": [
      "scripts/vnext/normal_run_inputs.py",
      "scripts/vnext/normal_zero_ai_results.py",
      "scripts/vnext/ordinary_current_update.py",
      "scripts/vnext/ordinary_projection.py",
      "scripts/vnext/ordinary_saved_result.py",
      "scripts/vnext/ordinary_update_compatibility.py"
    ]
  },
  {
    "metric": "B10",
    "revision": "bdb27684",
    "compatible": false,
    "changed_processing_files": [
      "scripts/vnext/normal_run_inputs.py",
      "scripts/vnext/normal_zero_ai_results.py",
      "scripts/vnext/ordinary_current_update.py",
      "scripts/vnext/ordinary_projection.py",
      "scripts/vnext/ordinary_saved_result.py",
      "scripts/vnext/ordinary_update_compatibility.py"
    ]
  },
  {
    "metric": "B10",
    "revision": "c99b5d3c3180b8e8dfbac7f9182a941af4ae7705",
    "compatible": true,
    "changed_processing_files": [
      "scripts/vnext/ordinary_current_update.py",
      "scripts/vnext/ordinary_saved_result.py",
      "scripts/vnext/ordinary_update_compatibility.py"
    ]
  }
]
All c99 non-D04 configurations accepted; actual 145a/bdb -> candidate business changes rejected; actual 145a -> bdb non-D04 transition accepted.
