HTML_PAGE 157; PRINTED_PAGE 154; RAW_BYTES [4427515,4465867)
FORD MOTOR COMPANY AND SUBSIDIARIES
NOTES TO THE FINANCIAL STATEMENTS
NOTE 17. LEASE COMMITMENTS (Continued)
Lease right-of-use assets and liabilities at December 31 were as follows (in millions):
2024 | | 2025
Operating leases
Other assets, non-current | | $ | 2,308 | | | $ | 2,389
Other liabilities and deferred revenue, current | | $ | 558 | | | $ | 567
Other liabilities and deferred revenue, non-current | | 1,782 | | | 1,835
Total operating lease liabilities | | $ | 2,340 | | | $ | 2,402
Finance leases
Property and equipment, gross | | $ | 1,150 | | | $ | 1,304
Accumulated depreciation | | (162) | | | (298)
Property and equipment, net | | $ | 988 | | | $ | 1,006
Company excluding Ford Credit debt payable within one year | | $ | 94 | | | $ | 136
Company excluding Ford Credit long-term debt | | 711 | | | 754
Total finance lease liabilities | | $ | 805 | | | $ | 890
The amounts contractually due on our lease liabilities as of December 31, 2025 were as follows (in millions):
Operating Leases (a) | | Finance
Leases
2026 | | $ | 666 | | | $ | 180
2027 | | 548 | | | 177
2028 | | 414 | | | 119
2029 | | 305 | | | 101
2030 | | 202 | | | 96
Thereafter | | 644 | | | 455
Total | | 2,779 | | | 1,128
Less: Present value discount | | 377 | | | 238
Total lease liabilities | | $ | 2,402 | | | $ | 890
__________
(a) Excludes approximately $1,141 million in future lease payments for various leases commencing in future periods.
154
HTML_PAGE 158; PRINTED_PAGE 155; RAW_BYTES [4465904,4509956)
FORD MOTOR COMPANY AND SUBSIDIARIES
NOTES TO THE FINANCIAL STATEMENTS
NOTE 17. LEASE COMMITMENTS (Continued)
Supplemental cash flow information related to leases for the years ended December 31 was as follows (in millions):
2023 | | 2024 | | 2025
Cash paid for amounts included in the measurement of lease liabilities
Operating cash flows from operating leases | | $ | 581 | | | $ | 663 | | | $ | 751
Operating cash flows from finance leases | | 32 | | | 39 | | | 46
Financing cash flows from finance leases | | 91 | | | 110 | | | 135
Right-of-use assets obtained in exchange for lease liabilities
Operating leases | | $ | 889 | | | $ | 1,051 | | | $ | 723
Finance leases | | 165 | | | 286 | | | 185
The components of lease expense for the years ended December 31 were as follows (in millions):
2023 | | 2024 | | 2025
Operating lease expense | | $ | 580 | | | $ | 650 | | | $ | 744
Variable lease expense | | 109 | | | 167 | | | 159
Sublease income | | (18) | | | (18) | | | (16)
Finance lease expense
Amortization of right-of-use assets (a) | | 64 | | | 80 | | | 166
Interest on lease liabilities | | 32 | | | 39 | | | 46
Total lease expense | | $ | 767 | | | $ | 918 | | | $ | 1,099
__________
(a) Included in 2025 is our impairment of finance lease assets. See Note 13 for additional information.
The weighted average remaining lease term and weighted average discount rate at December 31 were as follows:
2023 | | 2024 | | 2025
Weighted average remaining lease term (in years)
Operating leases | | 5.4 | | 5.7 | | 6.0
Finance leases | | 11.9 | | 10.8 | | 9.2
Weighted average discount rate
Operating leases | | 4.7 | % | | 4.5 | % | | 4.7 | %
Finance leases | | 5.3 | | | 4.8 | | | 4.9
NOTE 18. DEBT AND COMMITMENTS
Our debt consists of short-term and long-term secured and unsecured debt securities and secured and unsecured borrowings from banks and other lenders. Debt issuances are placed directly by us or through securities dealers or underwriters and are held by institutional and retail investors. In addition, Ford Credit sponsors securitization programs that provide short-term and long-term asset-backed financing through institutional investors in the U.S. and international capital markets.
Debt is reported on our consolidated balance sheets at par value adjusted for unamortized discount or premium, unamortized issuance costs, and adjustments related to designated fair value hedging (see Note 19). Discounts, premiums, and costs directly related to the issuance of debt are capitalized and amortized over the life of the debt or to the put date and are recorded in interest expense using the effective interest method. Gains and losses on the extinguishment of debt are recorded in Other income/(loss), net.
155
HTML_PAGE 159; PRINTED_PAGE 156; RAW_BYTES [4509993,4577962)
FORD MOTOR COMPANY AND SUBSIDIARIES
NOTES TO THE FINANCIAL STATEMENTS
NOTE 18. DEBT AND COMMITMENTS (Continued)
The carrying value of Company debt excluding Ford Credit and Ford Credit debt at December 31 was as follows (in millions):
Average Contractual
Interest Rates
Company excluding Ford Credit | 2024 | | 2025 | | 2024 | | 2025
Debt payable within one year
Short-term | $ | 632 | | | $ | 1,355 | | | 4.0 | % | | 3.8 | %
Long-term payable within one year
U.K. Export Finance Program | 784 | | | —
Public unsecured debt securities | 176 | | | 1,672
Convertible notes | — | | | 2,300
Other debt (including finance leases) (a) | 176 | | | 226
Unamortized (discount)/premium and issuance costs | (12) | | | (3)
Total debt payable within one year | 1,756 | | | 5,550
Long-term debt payable after one year
Public unsecured debt securities | 14,759 | | | 13,087
Convertible notes | 2,300 | | | —
U.K. Export Finance Program | 940 | | | 2,355
Other debt (including finance leases) (a) | 1,160 | | | 1,210
Unamortized (discount)/premium and issuance costs | (261) | | | (283)
Total long-term debt payable after one year
18,898 | | | 16,369 | | | 5.1 | % | (b) | 5.0 | % | (b)
Total Company excluding Ford Credit | $ | 20,654 | | | $ | 21,919
Fair value of Company debt excluding Ford Credit (c) | $ | 20,178 | | | $ | 21,640
Ford Credit
Debt payable within one year
Short-term | $ | 17,413 | | | $ | 18,350 | | | 4.7 | % | | 3.7 | %
Long-term payable within one year
Unsecured debt | 12,871 | | | 13,625
Asset-backed debt | 23,050 | | | 19,831
Unamortized (discount)/premium and issuance costs | (16) | | | (18)
Fair value adjustments (d) | (125) | | | (36)
Total debt payable within one year | 53,193 | | | 51,752
Long-term debt payable after one year
Unsecured debt | 49,607 | | | 52,357
Asset-backed debt | 36,224 | | | 37,741
Unamortized (discount)/premium and issuance costs | (237) | | | (229)
Fair value adjustments (d) | (919) | | | (204)
Total long-term debt payable after one year | 84,675 | | | 89,665 | | | 4.8 | % | (b) | 4.7 | % | (b)
Total Ford Credit | $ | 137,868 | | | $ | 141,417
Fair value of Ford Credit debt (c) | $ | 140,046 | | | $ | 144,213
__________
(a)At December 31, 2024 and 2025, long-term finance leases payable within one year were $94 million and $136 million, respectively, and long-term finance leases payable after one year were $711 million and $754 million, respectively.
(b)Includes interest on long-term debt payable within one year and after one year.
(c)At December 31, 2024 and 2025, the fair value of debt includes $632 million and $1,355 million of Company excluding Ford Credit short-term debt, respectively, and $16.2 billion and $16.4 billion of Ford Credit short-term debt, respectively, carried at cost, which approximates fair value. All other debt is categorized within Level 2 of the fair value hierarchy.
(d)These adjustments are related to hedging activity and include discontinued hedging relationship adjustments of $(450) million and $(319) million at December 31, 2024 and 2025, respectively. The carrying value of hedged debt was $41.1 billion and $41.7 billion at December 31, 2024 and 2025, respectively.
Cash paid for interest was $1.3 billion, $1.1 billion, and $1.3 billion in 2023, 2024, and 2025, respectively, on Company excluding Ford Credit debt. Cash paid for interest was $5.8 billion, $7.0 billion, and $6.7 billion in 2023, 2024, and 2025, respectively, on Ford Credit debt.
156
