{"company_id": "marriott_international", "metric_id": "A01", "status": "OPEN_CANDIDATE"}
{"company_id": "marriott_international", "metric_id": "A02", "status": "OPEN_CANDIDATE"}
{"company_id": "marriott_international", "metric_id": "A03", "status": "OPEN_CANDIDATE"}
{"company_id": "marriott_international", "metric_id": "A04", "status": "OPEN_CANDIDATE"}
{"company_id": "marriott_international", "metric_id": "A05", "status": "OPEN_CANDIDATE"}
{"company_id": "marriott_international", "metric_id": "A06", "status": "OPEN_CANDIDATE"}
{"company_id": "marriott_international", "metric_id": "A07", "status": "OPEN_CANDIDATE"}
{"company_id": "marriott_international", "metric_id": "A08", "status": "OPEN_CANDIDATE"}
{"company_id": "marriott_international", "metric_id": "A09", "status": "OPEN_CANDIDATE"}
{"company_id": "marriott_international", "metric_id": "A10", "status": "OPEN_CANDIDATE"}
{"company_id": "marriott_international", "metric_id": "A11", "status": "OPEN_CANDIDATE"}
{"company_id": "marriott_international", "metric_id": "A12", "status": "OPEN_CANDIDATE"}
{"company_id": "marriott_international", "metric_id": "A13", "status": "OPEN_CANDIDATE"}
{"company_id": "marriott_international", "metric_id": "B01", "status": "OPEN_CANDIDATE"}
{"company_id": "marriott_international", "metric_id": "B02", "status": "OPEN_CANDIDATE"}
{"company_id": "marriott_international", "metric_id": "B03", "status": "OPEN_CANDIDATE"}
{"company_id": "marriott_international", "metric_id": "B04", "status": "OPEN_CANDIDATE"}
{"company_id": "marriott_international", "metric_id": "B05", "status": "OPEN_CANDIDATE"}
{"company_id": "marriott_international", "metric_id": "B06", "status": "OPEN_CANDIDATE"}
{"company_id": "marriott_international", "metric_id": "B07", "status": "OPEN_CANDIDATE"}
{"company_id": "marriott_international", "metric_id": "B08", "status": "OPEN_CANDIDATE"}
{"company_id": "marriott_international", "metric_id": "B09", "status": "OPEN_CANDIDATE"}
{"company_id": "marriott_international", "metric_id": "B12", "status": "OPEN_CANDIDATE"}
{"company_id": "marriott_international", "metric_id": "C01", "status": "OPEN_CANDIDATE"}
{"company_id": "marriott_international", "metric_id": "C02", "status": "OPEN_CANDIDATE"}
{"company_id": "marriott_international", "metric_id": "C03", "status": "OPEN_CANDIDATE"}
{"company_id": "marriott_international", "metric_id": "C04", "status": "OPEN_CANDIDATE"}
{"company_id": "marriott_international", "metric_id": "D01", "status": "OPEN_CANDIDATE"}
{"company_id": "marriott_international", "metric_id": "D02", "status": "OPEN_CANDIDATE"}
{"company_id": "marriott_international", "metric_id": "E01", "status": "OPEN_CANDIDATE"}
{"company_id": "marriott_international", "metric_id": "E02", "status": "OPEN_CANDIDATE"}
{"company_id": "marriott_international", "metric_id": "E03", "status": "OPEN_CANDIDATE"}
{"company_id": "marriott_international", "metric_id": "E04", "status": "OPEN_CANDIDATE"}
{"company_id": "marriott_international", "metric_id": "E05", "status": "OPEN_CANDIDATE"}
{"company_id": "southwest_airlines", "metric_id": "A01", "status": "OPEN_CANDIDATE"}
{"company_id": "southwest_airlines", "metric_id": "A02", "status": "OPEN_CANDIDATE"}
{"company_id": "southwest_airlines", "metric_id": "A03", "status": "OPEN_CANDIDATE"}
{"company_id": "southwest_airlines", "metric_id": "A04", "status": "OPEN_CANDIDATE"}
{"company_id": "southwest_airlines", "metric_id": "A05", "status": "OPEN_CANDIDATE"}
{"company_id": "southwest_airlines", "metric_id": "A06", "status": "OPEN_CANDIDATE"}
{"company_id": "southwest_airlines", "metric_id": "A07", "status": "OPEN_CANDIDATE"}
{"company_id": "southwest_airlines", "metric_id": "A08", "status": "OPEN_CANDIDATE"}
{"company_id": "southwest_airlines", "metric_id": "A09", "status": "OPEN_CANDIDATE"}
{"company_id": "southwest_airlines", "metric_id": "A10", "status": "OPEN_CANDIDATE"}
{"company_id": "southwest_airlines", "metric_id": "A11", "status": "OPEN_CANDIDATE"}
{"company_id": "southwest_airlines", "metric_id": "A12", "status": "OPEN_CANDIDATE"}
{"company_id": "southwest_airlines", "metric_id": "A13", "status": "OPEN_CANDIDATE"}
{"company_id": "southwest_airlines", "metric_id": "B01", "status": "WITHHELD_CANDIDATE"}
{"company_id": "southwest_airlines", "metric_id": "B02", "status": "WITHHELD_CANDIDATE"}
{"company_id": "southwest_airlines", "metric_id": "B03", "status": "WITHHELD_CANDIDATE"}
{"company_id": "southwest_airlines", "metric_id": "B04", "status": "WITHHELD_CANDIDATE"}
{"company_id": "southwest_airlines", "metric_id": "B05", "status": "WITHHELD_CANDIDATE"}
{"company_id": "southwest_airlines", "metric_id": "B06", "status": "WITHHELD_CANDIDATE"}
{"company_id": "southwest_airlines", "metric_id": "B07", "status": "WITHHELD_CANDIDATE"}
{"company_id": "southwest_airlines", "metric_id": "B08", "status": "WITHHELD_CANDIDATE"}
{"company_id": "southwest_airlines", "metric_id": "B09", "status": "WITHHELD_CANDIDATE"}
{"company_id": "southwest_airlines", "metric_id": "B12", "status": "OPEN_CANDIDATE"}
{"company_id": "southwest_airlines", "metric_id": "C01", "status": "WITHHELD_CANDIDATE"}
{"company_id": "southwest_airlines", "metric_id": "C02", "status": "OPEN_CANDIDATE"}
{"company_id": "southwest_airlines", "metric_id": "C03", "status": "OPEN_CANDIDATE"}
{"company_id": "southwest_airlines", "metric_id": "C04", "status": "OPEN_CANDIDATE"}
{"company_id": "southwest_airlines", "metric_id": "D01", "status": "OPEN_CANDIDATE"}
{"company_id": "southwest_airlines", "metric_id": "D02", "status": "OPEN_CANDIDATE"}
{"company_id": "southwest_airlines", "metric_id": "E01", "status": "WITHHELD_CANDIDATE"}
{"company_id": "southwest_airlines", "metric_id": "E02", "status": "WITHHELD_CANDIDATE"}
{"company_id": "southwest_airlines", "metric_id": "E03", "status": "WITHHELD_CANDIDATE"}
{"company_id": "southwest_airlines", "metric_id": "E04", "status": "WITHHELD_CANDIDATE"}
{"company_id": "southwest_airlines", "metric_id": "E05", "status": "WITHHELD_CANDIDATE"}
{"company_id": "ford_motor_company", "metric_id": "A01", "status": "OPEN_CANDIDATE"}
{"company_id": "ford_motor_company", "metric_id": "A02", "status": "OPEN_CANDIDATE"}
{"company_id": "ford_motor_company", "metric_id": "A03", "status": "OPEN_CANDIDATE"}
{"company_id": "ford_motor_company", "metric_id": "A04", "status": "OPEN_CANDIDATE"}
{"company_id": "ford_motor_company", "metric_id": "A05", "status": "OPEN_CANDIDATE"}
{"company_id": "ford_motor_company", "metric_id": "A06", "status": "OPEN_CANDIDATE"}
{"company_id": "ford_motor_company", "metric_id": "A07", "status": "OPEN_CANDIDATE"}
{"company_id": "ford_motor_company", "metric_id": "A08", "status": "OPEN_CANDIDATE"}
{"company_id": "ford_motor_company", "metric_id": "A09", "status": "OPEN_CANDIDATE"}
{"company_id": "ford_motor_company", "metric_id": "A10", "status": "OPEN_CANDIDATE"}
{"company_id": "ford_motor_company", "metric_id": "A11", "status": "OPEN_CANDIDATE"}
{"company_id": "ford_motor_company", "metric_id": "A12", "status": "OPEN_CANDIDATE"}
{"company_id": "ford_motor_company", "metric_id": "A13", "status": "OPEN_CANDIDATE"}
{"company_id": "ford_motor_company", "metric_id": "B01", "status": "OPEN_CANDIDATE"}
{"company_id": "ford_motor_company", "metric_id": "B02", "status": "OPEN_CANDIDATE"}
{"company_id": "ford_motor_company", "metric_id": "B03", "status": "OPEN_CANDIDATE"}
{"company_id": "ford_motor_company", "metric_id": "B04", "status": "OPEN_CANDIDATE"}
{"company_id": "ford_motor_company", "metric_id": "B05", "status": "OPEN_CANDIDATE"}
{"company_id": "ford_motor_company", "metric_id": "B06", "status": "WITHHELD_CANDIDATE"}
{"company_id": "ford_motor_company", "metric_id": "B07", "status": "OPEN_CANDIDATE"}
{"company_id": "ford_motor_company", "metric_id": "B08", "status": "OPEN_CANDIDATE"}
{"company_id": "ford_motor_company", "metric_id": "B09", "status": "OPEN_CANDIDATE"}
{"company_id": "ford_motor_company", "metric_id": "B12", "status": "OPEN_CANDIDATE"}
{"company_id": "ford_motor_company", "metric_id": "C01", "status": "OPEN_CANDIDATE"}
{"company_id": "ford_motor_company", "metric_id": "C02", "status": "OPEN_CANDIDATE"}
{"company_id": "ford_motor_company", "metric_id": "C03", "status": "OPEN_CANDIDATE"}
{"company_id": "ford_motor_company", "metric_id": "C04", "status": "OPEN_CANDIDATE"}
{"company_id": "ford_motor_company", "metric_id": "D01", "status": "OPEN_CANDIDATE"}
{"company_id": "ford_motor_company", "metric_id": "D02", "status": "OPEN_CANDIDATE"}
{"company_id": "ford_motor_company", "metric_id": "E01", "status": "OPEN_CANDIDATE"}
{"company_id": "ford_motor_company", "metric_id": "E02", "status": "OPEN_CANDIDATE"}
{"company_id": "ford_motor_company", "metric_id": "E03", "status": "OPEN_CANDIDATE"}
{"company_id": "ford_motor_company", "metric_id": "E04", "status": "OPEN_CANDIDATE"}
{"company_id": "ford_motor_company", "metric_id": "E05", "status": "OPEN_CANDIDATE"}
{"company_id": "pfizer", "metric_id": "A01", "status": "OPEN_CANDIDATE"}
{"company_id": "pfizer", "metric_id": "A02", "status": "OPEN_CANDIDATE"}
{"company_id": "pfizer", "metric_id": "A03", "status": "OPEN_CANDIDATE"}
{"company_id": "pfizer", "metric_id": "A04", "status": "OPEN_CANDIDATE"}
{"company_id": "pfizer", "metric_id": "A05", "status": "OPEN_CANDIDATE"}
{"company_id": "pfizer", "metric_id": "A06", "status": "OPEN_CANDIDATE"}
{"company_id": "pfizer", "metric_id": "A07", "status": "OPEN_CANDIDATE"}
{"company_id": "pfizer", "metric_id": "A08", "status": "OPEN_CANDIDATE"}
{"company_id": "pfizer", "metric_id": "A09", "status": "OPEN_CANDIDATE"}
{"company_id": "pfizer", "metric_id": "A10", "status": "OPEN_CANDIDATE"}
{"company_id": "pfizer", "metric_id": "A11", "status": "OPEN_CANDIDATE"}
{"company_id": "pfizer", "metric_id": "A12", "status": "OPEN_CANDIDATE"}
{"company_id": "pfizer", "metric_id": "A13", "status": "OPEN_CANDIDATE"}
{"company_id": "pfizer", "metric_id": "B01", "status": "OPEN_CANDIDATE"}
{"company_id": "pfizer", "metric_id": "B02", "status": "OPEN_CANDIDATE"}
{"company_id": "pfizer", "metric_id": "B03", "status": "OPEN_CANDIDATE"}
{"company_id": "pfizer", "metric_id": "B04", "status": "OPEN_CANDIDATE"}
{"company_id": "pfizer", "metric_id": "B05", "status": "OPEN_CANDIDATE"}
{"company_id": "pfizer", "metric_id": "B06", "status": "WITHHELD_CANDIDATE"}
{"company_id": "pfizer", "metric_id": "B07", "status": "OPEN_CANDIDATE"}
{"company_id": "pfizer", "metric_id": "B08", "status": "OPEN_CANDIDATE"}
{"company_id": "pfizer", "metric_id": "B09", "status": "OPEN_CANDIDATE"}
{"company_id": "pfizer", "metric_id": "B12", "status": "OPEN_CANDIDATE"}
{"company_id": "pfizer", "metric_id": "C01", "status": "OPEN_CANDIDATE"}
{"company_id": "pfizer", "metric_id": "C02", "status": "OPEN_CANDIDATE"}
{"company_id": "pfizer", "metric_id": "C03", "status": "OPEN_CANDIDATE"}
{"company_id": "pfizer", "metric_id": "C04", "status": "OPEN_CANDIDATE"}
{"company_id": "pfizer", "metric_id": "D01", "status": "OPEN_CANDIDATE"}
{"company_id": "pfizer", "metric_id": "D02", "status": "OPEN_CANDIDATE"}
{"company_id": "pfizer", "metric_id": "E01", "status": "OPEN_CANDIDATE"}
{"company_id": "pfizer", "metric_id": "E02", "status": "OPEN_CANDIDATE"}
{"company_id": "pfizer", "metric_id": "E03", "status": "OPEN_CANDIDATE"}
{"company_id": "pfizer", "metric_id": "E04", "status": "OPEN_CANDIDATE"}
{"company_id": "pfizer", "metric_id": "E05", "status": "OPEN_CANDIDATE"}
{"company_id": "jpmorgan_chase", "metric_id": "A01", "status": "OPEN_CANDIDATE"}
{"company_id": "jpmorgan_chase", "metric_id": "A02", "status": "OPEN_CANDIDATE"}
{"company_id": "jpmorgan_chase", "metric_id": "A03", "status": "OPEN_CANDIDATE"}
{"company_id": "jpmorgan_chase", "metric_id": "A04", "status": "OPEN_CANDIDATE"}
{"company_id": "jpmorgan_chase", "metric_id": "A05", "status": "WITHHELD_CANDIDATE"}
{"company_id": "jpmorgan_chase", "metric_id": "A06", "status": "WITHHELD_CANDIDATE"}
{"company_id": "jpmorgan_chase", "metric_id": "A07", "status": "WITHHELD_CANDIDATE"}
{"company_id": "jpmorgan_chase", "metric_id": "A08", "status": "OPEN_CANDIDATE"}
{"company_id": "jpmorgan_chase", "metric_id": "A09", "status": "OPEN_CANDIDATE"}
{"company_id": "jpmorgan_chase", "metric_id": "A10", "status": "OPEN_CANDIDATE"}
{"company_id": "jpmorgan_chase", "metric_id": "A11", "status": "OPEN_CANDIDATE"}
{"company_id": "jpmorgan_chase", "metric_id": "A12", "status": "OPEN_CANDIDATE"}
{"company_id": "jpmorgan_chase", "metric_id": "A13", "status": "OPEN_CANDIDATE"}
{"company_id": "jpmorgan_chase", "metric_id": "B01", "status": "OPEN_CANDIDATE"}
{"company_id": "jpmorgan_chase", "metric_id": "B02", "status": "OPEN_CANDIDATE"}
{"company_id": "jpmorgan_chase", "metric_id": "B03", "status": "OPEN_CANDIDATE"}
{"company_id": "jpmorgan_chase", "metric_id": "B04", "status": "OPEN_CANDIDATE"}
{"company_id": "jpmorgan_chase", "metric_id": "B05", "status": "OPEN_CANDIDATE"}
{"company_id": "jpmorgan_chase", "metric_id": "B06", "status": "WITHHELD_CANDIDATE"}
{"company_id": "jpmorgan_chase", "metric_id": "B07", "status": "OPEN_CANDIDATE"}
{"company_id": "jpmorgan_chase", "metric_id": "B08", "status": "OPEN_CANDIDATE"}
{"company_id": "jpmorgan_chase", "metric_id": "B09", "status": "OPEN_CANDIDATE"}
{"company_id": "jpmorgan_chase", "metric_id": "B12", "status": "OPEN_CANDIDATE"}
{"company_id": "jpmorgan_chase", "metric_id": "C01", "status": "WITHHELD_CANDIDATE"}
{"company_id": "jpmorgan_chase", "metric_id": "C02", "status": "OPEN_CANDIDATE"}
{"company_id": "jpmorgan_chase", "metric_id": "C03", "status": "OPEN_CANDIDATE"}
{"company_id": "jpmorgan_chase", "metric_id": "C04", "status": "WITHHELD_CANDIDATE"}
{"company_id": "jpmorgan_chase", "metric_id": "D01", "status": "OPEN_CANDIDATE"}
{"company_id": "jpmorgan_chase", "metric_id": "D02", "status": "OPEN_CANDIDATE"}
{"company_id": "jpmorgan_chase", "metric_id": "E01", "status": "WITHHELD_CANDIDATE"}
{"company_id": "jpmorgan_chase", "metric_id": "E02", "status": "WITHHELD_CANDIDATE"}
{"company_id": "jpmorgan_chase", "metric_id": "E03", "status": "WITHHELD_CANDIDATE"}
{"company_id": "jpmorgan_chase", "metric_id": "E04", "status": "WITHHELD_CANDIDATE"}
{"company_id": "jpmorgan_chase", "metric_id": "E05", "status": "WITHHELD_CANDIDATE"}
{"company_id": "salesforce", "metric_id": "A01", "status": "OPEN_CANDIDATE"}
{"company_id": "salesforce", "metric_id": "A02", "status": "OPEN_CANDIDATE"}
{"company_id": "salesforce", "metric_id": "A03", "status": "OPEN_CANDIDATE"}
{"company_id": "salesforce", "metric_id": "A04", "status": "OPEN_CANDIDATE"}
{"company_id": "salesforce", "metric_id": "A05", "status": "OPEN_CANDIDATE"}
{"company_id": "salesforce", "metric_id": "A06", "status": "OPEN_CANDIDATE"}
{"company_id": "salesforce", "metric_id": "A07", "status": "OPEN_CANDIDATE"}
{"company_id": "salesforce", "metric_id": "A08", "status": "OPEN_CANDIDATE"}
{"company_id": "salesforce", "metric_id": "A09", "status": "OPEN_CANDIDATE"}
{"company_id": "salesforce", "metric_id": "A10", "status": "OPEN_CANDIDATE"}
{"company_id": "salesforce", "metric_id": "A11", "status": "OPEN_CANDIDATE"}
{"company_id": "salesforce", "metric_id": "A12", "status": "OPEN_CANDIDATE"}
{"company_id": "salesforce", "metric_id": "A13", "status": "OPEN_CANDIDATE"}
{"company_id": "salesforce", "metric_id": "B01", "status": "OPEN_CANDIDATE"}
{"company_id": "salesforce", "metric_id": "B02", "status": "OPEN_CANDIDATE"}
{"company_id": "salesforce", "metric_id": "B03", "status": "OPEN_CANDIDATE"}
{"company_id": "salesforce", "metric_id": "B04", "status": "OPEN_CANDIDATE"}
{"company_id": "salesforce", "metric_id": "B05", "status": "OPEN_CANDIDATE"}
{"company_id": "salesforce", "metric_id": "B06", "status": "OPEN_CANDIDATE"}
{"company_id": "salesforce", "metric_id": "B07", "status": "OPEN_CANDIDATE"}
{"company_id": "salesforce", "metric_id": "B08", "status": "OPEN_CANDIDATE"}
{"company_id": "salesforce", "metric_id": "B09", "status": "OPEN_CANDIDATE"}
{"company_id": "salesforce", "metric_id": "B12", "status": "OPEN_CANDIDATE"}
{"company_id": "salesforce", "metric_id": "C01", "status": "WITHHELD_CANDIDATE"}
{"company_id": "salesforce", "metric_id": "C02", "status": "OPEN_CANDIDATE"}
{"company_id": "salesforce", "metric_id": "C03", "status": "OPEN_CANDIDATE"}
{"company_id": "salesforce", "metric_id": "C04", "status": "WITHHELD_CANDIDATE"}
{"company_id": "salesforce", "metric_id": "D01", "status": "OPEN_CANDIDATE"}
{"company_id": "salesforce", "metric_id": "D02", "status": "OPEN_CANDIDATE"}
{"company_id": "salesforce", "metric_id": "E01", "status": "WITHHELD_CANDIDATE"}
{"company_id": "salesforce", "metric_id": "E02", "status": "WITHHELD_CANDIDATE"}
{"company_id": "salesforce", "metric_id": "E03", "status": "WITHHELD_CANDIDATE"}
{"company_id": "salesforce", "metric_id": "E04", "status": "WITHHELD_CANDIDATE"}
{"company_id": "salesforce", "metric_id": "E05", "status": "WITHHELD_CANDIDATE"}
{"company_id": "lumen_technologies", "metric_id": "A01", "status": "OPEN_CANDIDATE"}
{"company_id": "lumen_technologies", "metric_id": "A02", "status": "OPEN_CANDIDATE"}
{"company_id": "lumen_technologies", "metric_id": "A03", "status": "OPEN_CANDIDATE"}
{"company_id": "lumen_technologies", "metric_id": "A04", "status": "OPEN_CANDIDATE"}
{"company_id": "lumen_technologies", "metric_id": "A05", "status": "OPEN_CANDIDATE"}
{"company_id": "lumen_technologies", "metric_id": "A06", "status": "OPEN_CANDIDATE"}
{"company_id": "lumen_technologies", "metric_id": "A07", "status": "OPEN_CANDIDATE"}
{"company_id": "lumen_technologies", "metric_id": "A08", "status": "OPEN_CANDIDATE"}
{"company_id": "lumen_technologies", "metric_id": "A09", "status": "OPEN_CANDIDATE"}
{"company_id": "lumen_technologies", "metric_id": "A10", "status": "OPEN_CANDIDATE"}
{"company_id": "lumen_technologies", "metric_id": "A11", "status": "OPEN_CANDIDATE"}
{"company_id": "lumen_technologies", "metric_id": "A12", "status": "OPEN_CANDIDATE"}
{"company_id": "lumen_technologies", "metric_id": "A13", "status": "OPEN_CANDIDATE"}
{"company_id": "lumen_technologies", "metric_id": "B01", "status": "OPEN_CANDIDATE"}
{"company_id": "lumen_technologies", "metric_id": "B02", "status": "OPEN_CANDIDATE"}
{"company_id": "lumen_technologies", "metric_id": "B03", "status": "OPEN_CANDIDATE"}
{"company_id": "lumen_technologies", "metric_id": "B04", "status": "OPEN_CANDIDATE"}
{"company_id": "lumen_technologies", "metric_id": "B05", "status": "OPEN_CANDIDATE"}
{"company_id": "lumen_technologies", "metric_id": "B06", "status": "OPEN_CANDIDATE"}
{"company_id": "lumen_technologies", "metric_id": "B07", "status": "OPEN_CANDIDATE"}
{"company_id": "lumen_technologies", "metric_id": "B08", "status": "OPEN_CANDIDATE"}
{"company_id": "lumen_technologies", "metric_id": "B09", "status": "OPEN_CANDIDATE"}
{"company_id": "lumen_technologies", "metric_id": "B12", "status": "OPEN_CANDIDATE"}
{"company_id": "lumen_technologies", "metric_id": "C01", "status": "OPEN_CANDIDATE"}
{"company_id": "lumen_technologies", "metric_id": "C02", "status": "OPEN_CANDIDATE"}
{"company_id": "lumen_technologies", "metric_id": "C03", "status": "OPEN_CANDIDATE"}
{"company_id": "lumen_technologies", "metric_id": "C04", "status": "OPEN_CANDIDATE"}
{"company_id": "lumen_technologies", "metric_id": "D01", "status": "OPEN_CANDIDATE"}
{"company_id": "lumen_technologies", "metric_id": "D02", "status": "OPEN_CANDIDATE"}
{"company_id": "lumen_technologies", "metric_id": "E01", "status": "OPEN_CANDIDATE"}
{"company_id": "lumen_technologies", "metric_id": "E02", "status": "OPEN_CANDIDATE"}
{"company_id": "lumen_technologies", "metric_id": "E03", "status": "OPEN_CANDIDATE"}
{"company_id": "lumen_technologies", "metric_id": "E04", "status": "OPEN_CANDIDATE"}
{"company_id": "lumen_technologies", "metric_id": "E05", "status": "OPEN_CANDIDATE"}
{"company_id": "macys", "metric_id": "A01", "status": "OPEN_CANDIDATE"}
{"company_id": "macys", "metric_id": "A02", "status": "OPEN_CANDIDATE"}
{"company_id": "macys", "metric_id": "A03", "status": "OPEN_CANDIDATE"}
{"company_id": "macys", "metric_id": "A04", "status": "OPEN_CANDIDATE"}
{"company_id": "macys", "metric_id": "A05", "status": "OPEN_CANDIDATE"}
{"company_id": "macys", "metric_id": "A06", "status": "OPEN_CANDIDATE"}
{"company_id": "macys", "metric_id": "A07", "status": "OPEN_CANDIDATE"}
{"company_id": "macys", "metric_id": "A08", "status": "OPEN_CANDIDATE"}
{"company_id": "macys", "metric_id": "A09", "status": "OPEN_CANDIDATE"}
{"company_id": "macys", "metric_id": "A10", "status": "OPEN_CANDIDATE"}
{"company_id": "macys", "metric_id": "A11", "status": "OPEN_CANDIDATE"}
{"company_id": "macys", "metric_id": "A12", "status": "OPEN_CANDIDATE"}
{"company_id": "macys", "metric_id": "A13", "status": "OPEN_CANDIDATE"}
{"company_id": "macys", "metric_id": "B01", "status": "OPEN_CANDIDATE"}
{"company_id": "macys", "metric_id": "B02", "status": "OPEN_CANDIDATE"}
{"company_id": "macys", "metric_id": "B03", "status": "OPEN_CANDIDATE"}
{"company_id": "macys", "metric_id": "B04", "status": "OPEN_CANDIDATE"}
{"company_id": "macys", "metric_id": "B05", "status": "OPEN_CANDIDATE"}
{"company_id": "macys", "metric_id": "B06", "status": "WITHHELD_CANDIDATE"}
{"company_id": "macys", "metric_id": "B07", "status": "OPEN_CANDIDATE"}
{"company_id": "macys", "metric_id": "B08", "status": "OPEN_CANDIDATE"}
{"company_id": "macys", "metric_id": "B09", "status": "OPEN_CANDIDATE"}
{"company_id": "macys", "metric_id": "B12", "status": "OPEN_CANDIDATE"}
{"company_id": "macys", "metric_id": "C01", "status": "OPEN_CANDIDATE"}
{"company_id": "macys", "metric_id": "C02", "status": "OPEN_CANDIDATE"}
{"company_id": "macys", "metric_id": "C03", "status": "OPEN_CANDIDATE"}
{"company_id": "macys", "metric_id": "C04", "status": "OPEN_CANDIDATE"}
{"company_id": "macys", "metric_id": "D01", "status": "OPEN_CANDIDATE"}
{"company_id": "macys", "metric_id": "D02", "status": "OPEN_CANDIDATE"}
{"company_id": "macys", "metric_id": "E01", "status": "OPEN_CANDIDATE"}
{"company_id": "macys", "metric_id": "E02", "status": "OPEN_CANDIDATE"}
{"company_id": "macys", "metric_id": "E03", "status": "OPEN_CANDIDATE"}
{"company_id": "macys", "metric_id": "E04", "status": "OPEN_CANDIDATE"}
{"company_id": "macys", "metric_id": "E05", "status": "OPEN_CANDIDATE"}
{"company_id": "paramount_skydance_paramount_global", "metric_id": "A01", "status": "OPEN_CANDIDATE"}
{"company_id": "paramount_skydance_paramount_global", "metric_id": "A02", "status": "OPEN_CANDIDATE"}
{"company_id": "paramount_skydance_paramount_global", "metric_id": "A03", "status": "OPEN_CANDIDATE"}
{"company_id": "paramount_skydance_paramount_global", "metric_id": "A04", "status": "OPEN_CANDIDATE"}
{"company_id": "paramount_skydance_paramount_global", "metric_id": "A05", "status": "OPEN_CANDIDATE"}
{"company_id": "paramount_skydance_paramount_global", "metric_id": "A06", "status": "OPEN_CANDIDATE"}
{"company_id": "paramount_skydance_paramount_global", "metric_id": "A07", "status": "OPEN_CANDIDATE"}
{"company_id": "paramount_skydance_paramount_global", "metric_id": "A08", "status": "OPEN_CANDIDATE"}
{"company_id": "paramount_skydance_paramount_global", "metric_id": "A09", "status": "OPEN_CANDIDATE"}
{"company_id": "paramount_skydance_paramount_global", "metric_id": "A10", "status": "OPEN_CANDIDATE"}
{"company_id": "paramount_skydance_paramount_global", "metric_id": "A11", "status": "OPEN_CANDIDATE"}
{"company_id": "paramount_skydance_paramount_global", "metric_id": "A12", "status": "OPEN_CANDIDATE"}
{"company_id": "paramount_skydance_paramount_global", "metric_id": "A13", "status": "OPEN_CANDIDATE"}
{"company_id": "paramount_skydance_paramount_global", "metric_id": "B01", "status": "WITHHELD_CANDIDATE"}
{"company_id": "paramount_skydance_paramount_global", "metric_id": "B02", "status": "WITHHELD_CANDIDATE"}
{"company_id": "paramount_skydance_paramount_global", "metric_id": "B03", "status": "WITHHELD_CANDIDATE"}
{"company_id": "paramount_skydance_paramount_global", "metric_id": "B04", "status": "WITHHELD_CANDIDATE"}
{"company_id": "paramount_skydance_paramount_global", "metric_id": "B05", "status": "WITHHELD_CANDIDATE"}
{"company_id": "paramount_skydance_paramount_global", "metric_id": "B06", "status": "WITHHELD_CANDIDATE"}
{"company_id": "paramount_skydance_paramount_global", "metric_id": "B07", "status": "WITHHELD_CANDIDATE"}
{"company_id": "paramount_skydance_paramount_global", "metric_id": "B08", "status": "WITHHELD_CANDIDATE"}
{"company_id": "paramount_skydance_paramount_global", "metric_id": "B09", "status": "WITHHELD_CANDIDATE"}
{"company_id": "paramount_skydance_paramount_global", "metric_id": "B12", "status": "OPEN_CANDIDATE"}
{"company_id": "paramount_skydance_paramount_global", "metric_id": "C01", "status": "WITHHELD_CANDIDATE"}
{"company_id": "paramount_skydance_paramount_global", "metric_id": "C02", "status": "OPEN_CANDIDATE"}
{"company_id": "paramount_skydance_paramount_global", "metric_id": "C03", "status": "OPEN_CANDIDATE"}
{"company_id": "paramount_skydance_paramount_global", "metric_id": "C04", "status": "WITHHELD_CANDIDATE"}
{"company_id": "paramount_skydance_paramount_global", "metric_id": "D01", "status": "OPEN_CANDIDATE"}
{"company_id": "paramount_skydance_paramount_global", "metric_id": "D02", "status": "OPEN_CANDIDATE"}
{"company_id": "paramount_skydance_paramount_global", "metric_id": "E01", "status": "WITHHELD_CANDIDATE"}
{"company_id": "paramount_skydance_paramount_global", "metric_id": "E02", "status": "WITHHELD_CANDIDATE"}
{"company_id": "paramount_skydance_paramount_global", "metric_id": "E03", "status": "WITHHELD_CANDIDATE"}
{"company_id": "paramount_skydance_paramount_global", "metric_id": "E04", "status": "WITHHELD_CANDIDATE"}
{"company_id": "paramount_skydance_paramount_global", "metric_id": "E05", "status": "WITHHELD_CANDIDATE"}
{"company_id": "enphase_energy", "metric_id": "A01", "status": "OPEN_CANDIDATE"}
{"company_id": "enphase_energy", "metric_id": "A02", "status": "OPEN_CANDIDATE"}
{"company_id": "enphase_energy", "metric_id": "A03", "status": "OPEN_CANDIDATE"}
{"company_id": "enphase_energy", "metric_id": "A04", "status": "OPEN_CANDIDATE"}
{"company_id": "enphase_energy", "metric_id": "A05", "status": "OPEN_CANDIDATE"}
{"company_id": "enphase_energy", "metric_id": "A06", "status": "OPEN_CANDIDATE"}
{"company_id": "enphase_energy", "metric_id": "A07", "status": "OPEN_CANDIDATE"}
{"company_id": "enphase_energy", "metric_id": "A08", "status": "OPEN_CANDIDATE"}
{"company_id": "enphase_energy", "metric_id": "A09", "status": "OPEN_CANDIDATE"}
{"company_id": "enphase_energy", "metric_id": "A10", "status": "OPEN_CANDIDATE"}
{"company_id": "enphase_energy", "metric_id": "A11", "status": "OPEN_CANDIDATE"}
{"company_id": "enphase_energy", "metric_id": "A12", "status": "OPEN_CANDIDATE"}
{"company_id": "enphase_energy", "metric_id": "A13", "status": "OPEN_CANDIDATE"}
{"company_id": "enphase_energy", "metric_id": "B01", "status": "OPEN_CANDIDATE"}
{"company_id": "enphase_energy", "metric_id": "B02", "status": "OPEN_CANDIDATE"}
{"company_id": "enphase_energy", "metric_id": "B03", "status": "OPEN_CANDIDATE"}
{"company_id": "enphase_energy", "metric_id": "B04", "status": "OPEN_CANDIDATE"}
{"company_id": "enphase_energy", "metric_id": "B05", "status": "OPEN_CANDIDATE"}
{"company_id": "enphase_energy", "metric_id": "B06", "status": "WITHHELD_CANDIDATE"}
{"company_id": "enphase_energy", "metric_id": "B07", "status": "OPEN_CANDIDATE"}
{"company_id": "enphase_energy", "metric_id": "B08", "status": "OPEN_CANDIDATE"}
{"company_id": "enphase_energy", "metric_id": "B09", "status": "OPEN_CANDIDATE"}
{"company_id": "enphase_energy", "metric_id": "B12", "status": "OPEN_CANDIDATE"}
{"company_id": "enphase_energy", "metric_id": "C01", "status": "OPEN_CANDIDATE"}
{"company_id": "enphase_energy", "metric_id": "C02", "status": "OPEN_CANDIDATE"}
{"company_id": "enphase_energy", "metric_id": "C03", "status": "OPEN_CANDIDATE"}
{"company_id": "enphase_energy", "metric_id": "C04", "status": "OPEN_CANDIDATE"}
{"company_id": "enphase_energy", "metric_id": "D01", "status": "OPEN_CANDIDATE"}
{"company_id": "enphase_energy", "metric_id": "D02", "status": "OPEN_CANDIDATE"}
{"company_id": "enphase_energy", "metric_id": "E01", "status": "OPEN_CANDIDATE"}
{"company_id": "enphase_energy", "metric_id": "E02", "status": "OPEN_CANDIDATE"}
{"company_id": "enphase_energy", "metric_id": "E03", "status": "OPEN_CANDIDATE"}
{"company_id": "enphase_energy", "metric_id": "E04", "status": "OPEN_CANDIDATE"}
{"company_id": "enphase_energy", "metric_id": "E05", "status": "OPEN_CANDIDATE"}
