{
  "base": "6e51f416b12d2e284be1662482ca7a46a37d1e43",
  "earlier_tested_tree_file_matches": {
    ".github/workflows/company-current-records.yml": true,
    "scripts/vnext/company_current_records.py": true,
    "scripts/vnext/financial_balance_scope.py": true,
    "scripts/vnext/financial_candidates.py": true,
    "scripts/vnext/financial_relationships.py": true,
    "scripts/vnext/financial_structured.py": true,
    "scripts/vnext/normal_annual_input.py": true,
    "scripts/vnext/ordinary_current_update.py": true,
    "scripts/vnext/ordinary_projection.py": true,
    "scripts/vnext/ordinary_saved_result.py": true,
    "tests/vnext/test_dei_release_selection.py": false,
    "tests/vnext/test_financial_dei_release.py": true,
    "tests/vnext/test_reported_average_period.py": true,
    "tools/run_fast_tests_v2.py": true
  },
  "head": "80ca9883cd0c444fae883d5dd5e5ffbaf95e1f87",
  "reviewed_commit": "80ca9883cd0c444fae883d5dd5e5ffbaf95e1f87",
  "source_test_ci_files": {
    ".github/workflows/company-current-records.yml": {
      "matches_reviewed_commit": true,
      "sha256": "37d848150ff3a09c59ec7d657c3c4baaab5a81fb83f43e3bf9e02f2ede4149c6"
    },
    "scripts/vnext/company_current_records.py": {
      "matches_reviewed_commit": true,
      "sha256": "7b7a7a98837ff86edcdcd41cef4eb706094d38295de111ef163637236408a5ae"
    },
    "scripts/vnext/financial_balance_scope.py": {
      "matches_reviewed_commit": true,
      "sha256": "bd904f170085be9dc6289224fe7f8ec96d0e1286f0d51cb671d93d5bfb62ae3a"
    },
    "scripts/vnext/financial_candidates.py": {
      "matches_reviewed_commit": true,
      "sha256": "1332e8a29b9387b83097c4166cb7c0fdcc81b7a21bea8da98c4ba5b08182ebb0"
    },
    "scripts/vnext/financial_relationships.py": {
      "matches_reviewed_commit": true,
      "sha256": "d3be79695d3a548a42b2f43c01b177494c518634079ba9582c2e1b472c7ff0da"
    },
    "scripts/vnext/financial_structured.py": {
      "matches_reviewed_commit": true,
      "sha256": "2fc36744704627e315e52c19d0a041fe50364826de4cfb6745a521ef08cf2217"
    },
    "scripts/vnext/historical_dei.py": {
      "matches_reviewed_commit": true,
      "sha256": "2d31e802c78a4bce0b1e26ca4d55cd100aa240031e77309793a91702986472de"
    },
    "scripts/vnext/normal_annual_input.py": {
      "matches_reviewed_commit": true,
      "sha256": "8f7bf4f93c6fc73665304970ee3aaa2536240ce17aacd89879153d5dc7a335cf"
    },
    "scripts/vnext/ordinary_current_update.py": {
      "matches_reviewed_commit": true,
      "sha256": "c47bb59eb044c0974582c42b8299b10ba925a55e23673f2ebe2a8d003a6ebe0e"
    },
    "scripts/vnext/ordinary_projection.py": {
      "matches_reviewed_commit": true,
      "sha256": "83ea4bc9bbbe2a3ec3b0dc824551f686778e89a850288a04ec3a2b5122e8bb42"
    },
    "scripts/vnext/ordinary_saved_result.py": {
      "matches_reviewed_commit": true,
      "sha256": "fc1ef472945f92c5c3fbcc63541c28b496f69e0ee3c922b03f941d88ab6bccc5"
    },
    "tests/vnext/test_dei_release_selection.py": {
      "matches_reviewed_commit": true,
      "sha256": "cbdce3671afb63f44d53bc288588302641e065f6b6b85cb2254e4d35fa85c7e0"
    },
    "tests/vnext/test_financial_dei_release.py": {
      "matches_reviewed_commit": true,
      "sha256": "88dfba9fadbec92883fa672ff25f11c1cd9cdbb68a860e41a75d72635879cbc0"
    },
    "tests/vnext/test_reported_average_period.py": {
      "matches_reviewed_commit": true,
      "sha256": "95b1021f36bf2c7fb5aa44be12f17578ed2b6ac53ba22c1173e36147c98b3fb1"
    },
    "tools/run_fast_tests_v2.py": {
      "matches_reviewed_commit": true,
      "sha256": "95eb315dc6822db1c720426666cd91122178a938506d0c8d8ed882ec691c56b0"
    }
  },
  "working_tree_status": [
    "?? docs/evidence/issue28_average_risk_dei_20261010/independent-review/"
  ]
}
