Independent main audit increment, fixed d1648880e7518f019f734a00e0a3444dab45a9bc
Baseline e4108a6ffbd729aab2134da7d81c75a7ff9aa5f0; main af1984ad5f1a3598ded3626fe999d3abeffd29b9.
Read inherited independent-main-boundary-review.md; did not replay unchanged303 modules/transport/D04/B13.
Observed HEAD exact d164888; concurrent modifications limited to parent evidence logs/execution state.
Static diff read: selector, optional policy, syntax proof, policies, V13/V14 bindings, fixed historical test objects, scoped tool copy, CI.
Creator main-scanner-targeted.log:7 tests,64.380s,OK; not independently rerun.
Creator historical-transition-final.log:20 tests,41.639s,OK; not independently rerun.
Independent byte/AST policy proof:ordinary9 sites PASS,main9 sites PASS.
Independent execution bindings:V13=393,V14=495,no mismatch.
Independent new_rule_files:V13=97,V14=61,no mismatch.
Independent V14 parent members=5; transfer parent closure equality PASS.
Correction: initial generic runtime_authority_files lookup had0 entries because these manifests use new_rule_files; the actual97/61 sets were verified afterward. No credit based on absent generic key.
Independent protected Git blobs equal main:pointer,matrix,validation manifest,Issue15 plan index,sec_pipeline,old scanner.
Independent main/0bc test blobs both f29e9e4188c61984c5f5bcdb8a9b4a3b88aa2913.
Independent fixed main FAST_TESTS AST:only historical parent fast smoke selected; two old failure methods absent.
Small AST cases:real ticker F; folded Ford Motor Company; real2025-12-31; F+str(index) without kind condition; standalone user_instruction_date dictionary. All syntax exemption False; expected identity/date hits present.
Small actual-selector counterexample with filesystem-state model:successor and policy exists=False,is_symlink=True,is_file=False; _execute_scalability_audit selected old check_no_company_literals.py,not incomplete-installation error. No filesystem write/subprocess/scanner/publication performed.
P2_MAIN_SELECTOR_DANGLING_ALIAS_FALLBACK at publication.py:3071 retained. Current real installed paths normal; no full publication/company false acceptance asserted.
One read-only command exited2 because optional scripts/vnext/token_count.py does not exist; no tests failed, no retries. Relevant CI had already been read from fixed diff; unexecuted tail commands not used as evidence.
No authorized7-suite rerun; no146-suite/long material/real HTTP/model/SEC; no source/snapshot edits/spawn/commit/push.
Parent notified once and required fixed-SHA completion before repair.
Tool accounting including final write/read:29 =11 functions.exec +17 nested tools +1 collaboration.send_message. Ordinary messages3,questions0.
Report write elapsed_seconds=443; ended_at=2026-10-04T12:40:22.731Z.
Verdict CHANGES_REQUESTED_FOR_MAIN_SELECTOR_DANGLING_ALIAS_BOUNDARY; not whole PR/business acceptance/CI/merge or production authority.

