{
  "elapsed_seconds": 2.3064652911853045,
  "status": "RUNTIME_INSTALLED",
  "runtime_root": "/private/tmp/issue28-foundation-83-local-runtime-complete",
  "requirement_id": "issue_54_v4",
  "dispatch_files": [
    "scripts/vnext/requirement_profile.py",
    "scripts/vnext/run_store.py",
    "scripts/vnext/normal_run_v3.py",
    "scripts/vnext/ordinary_source_authority.py",
    "scripts/vnext/records.py",
    "scripts/vnext/capacity_run.py",
    "scripts/vnext/ordinary_update_cycle.py",
    "scripts/vnext/normal_zero_ai_results.py",
    "scripts/vnext/normal_source_authority.py",
    "scripts/vnext/continuous_sec_acquisition.py",
    "config/sec_config.json",
    "config/company_empty_source_baseline_v1.json",
    "config/company_empty_source_seed/config/company_registry.csv",
    "config/company_empty_source_seed/evidence/requests_log.csv",
    "config/company_empty_source_seed/evidence/requests_log_manifest.json"
  ],
  "authority_hash": "sha256:792b50955674f1a1a007f2a1b5f55b7520d5ad4f5b7973e7b102c9e7278aa251",
  "sec_originals_installed": false,
  "new_business_calls": [
    0,
    0,
    0
  ],
  "production_authorized": false
}
