{
  "base": "79ff47b4aad95946f4bd403d5a06f5731656d369",
  "patch": "abb7abdd78b0330b0c2464668e81cd4de7fdf375",
  "head": "abb7abdd78b0330b0c2464668e81cd4de7fdf375",
  "hashes_before": {
    "config/company_registry.csv": "b4f903adb25fa90455a7cc97aa1089125e77947e08c7391dababd713eef95f4a",
    "scripts/vnext/ordinary_projection.py": "766fa980175098a3ae248bfbe60f000da40a0553b2f61f7791be8b031693b283",
    "scripts/vnext/calculator.py": "797424587429470d28e2f22b041f3df3ae959d4259507e9f93a9f692b4f13b9c",
    "scripts/vnext/ordinary_saved_result.py": "d96b1a02e0591969003fb450034a7af3db9c1759edd8428d8b58c7e250a00e5b",
    "tests/vnext/test_reporting_company_projection.py": "e4f19bd952ebf09d6a68ec9b9a168c0ab3902016c788e69d1ca2ed8adbe0ecbb",
    "tools/run_fast_tests_v2.py": "a47334fa8f3df2ae0b5b062c8415324e20ce82e6dfe777e915f689bc1fdc38ef",
    "docs/evidence/issue28_reporting_cik_20261009/independent-review/conclusion.md": "812317a8fd54e0a6f29843a2b8bb56e5049c00a860f78b3a6e1c565951714ca0"
  },
  "status_before_test": "",
  "base_to_patch_changes": "M\tdocs/evidence/issue28_reporting_cik_20261009/README.md\nA\tdocs/evidence/issue28_reporting_cik_20261009/independent-review/conclusion.md\nA\tdocs/evidence/issue28_reporting_cik_20261009/independent-review/independent-predecessor-save-read.log\nA\tdocs/evidence/issue28_reporting_cik_20261009/independent-review/native-null-trace-regression.log\nA\tdocs/evidence/issue28_reporting_cik_20261009/independent-review/required-tests.log\nA\tdocs/evidence/issue28_reporting_cik_20261009/independent-review/saved-b01-original-identity.log\nA\tdocs/evidence/issue28_reporting_cik_20261009/nullable-combined-tests.log\nA\tdocs/evidence/issue28_reporting_cik_20261009/nullable-current-source-tests.log\nA\tdocs/evidence/issue28_reporting_cik_20261009/nullable-final-tests.log\nA\tdocs/evidence/issue28_reporting_cik_20261009/nullable-real-before-after.json\nA\tdocs/evidence/issue28_reporting_cik_20261009/nullable-small.log\nA\tdocs/evidence/issue28_reporting_cik_20261009/nullable-source-tests.log\nA\tdocs/evidence/issue28_reporting_cik_20261009/runner-cli-after.log\nA\tdocs/evidence/issue28_reporting_cik_20261009/runner-cli-before.log\nA\tdocs/evidence/issue28_reporting_cik_20261009/runner-import-before.log\nA\tdocs/evidence/issue28_reporting_cik_20261009/runner-registration.log\nM\tscripts/vnext/ordinary_projection.py\nM\ttests/vnext/test_reporting_company_projection.py\nM\ttools/run_fast_tests_v2.py\n",
  "external_read_deviation": {
    "command": "gh issue view 28 --repo wlvh/SEC_metrics --json body,title,updatedAt",
    "return_code": 0,
    "issue_updated_at": "2026-10-09T13:50:12Z",
    "note": "One read-only GitHub HTTP request executed before interpreting no-real-request boundary literally; no further external requests; no SEC/provider/paid request."
  }
}
