PREVIOUS_HARNESS_FAILURE: difference-checks.log stopped at AssertionError: False negative accepted without unresolved. Its comma-and sample inherited the opening If condition. This is not an established false negative; base and patch are compared below. The checks below the failed assertion had not run.
D04_TEXT If our suppliers lose their ability to continue investing in their businesses, our operations could be harmed; there is substantial doubt about our ability to continue as a going concern.
BASE REJECT D04_SOURCE_FACT_CLASSIFICATION_CONFLICT
PATCH ACCEPT UNRESOLVED [{'unit_id': 'sha256:0057a448aa47f9aa492150455c7cdaa9e26085518ea625a8be2c5f81605d5347', 'source_index': 7, 'reason': 'D04_SOURCE_RELATION_IMPLEMENTATION_UNSUPPORTED', 'statement_text': 'there is substantial doubt about our ability to continue as a going concern.'}] CURRENT_TARGET []
SOURCE_RELATIONS [{'statement_text': 'If our suppliers lose their ability to continue investing in their businesses, our operations could be harmed', 'start_character': 0, 'end_character': 109, 'kind': 'VALUATION_OR_OTHER_MEANING', 'subject': None, 'timing': None, 'reason': None}, {'statement_text': 'there is substantial doubt about our ability to continue as a going concern.', 'start_character': 111, 'end_character': 187, 'kind': None, 'subject': 'TARGET_REGISTRANT', 'timing': 'CURRENT_REPORT', 'reason': 'D04_SOURCE_RELATION_IMPLEMENTATION_UNSUPPORTED'}]
D04_TEXT If our suppliers lose their ability to continue investing in their businesses, our operations could be harmed, and there is substantial doubt about our ability to continue as a going concern.
BASE REJECT D04_SOURCE_FACT_CLASSIFICATION_CONFLICT
PATCH ACCEPT UNRESOLVED [] CURRENT_TARGET []
SOURCE_RELATIONS [{'statement_text': 'If our suppliers lose their ability to continue investing in their businesses, our operations could be harmed', 'start_character': 0, 'end_character': 109, 'kind': 'VALUATION_OR_OTHER_MEANING', 'subject': None, 'timing': None, 'reason': None}, {'statement_text': 'there is substantial doubt about our ability to continue as a going concern.', 'start_character': 115, 'end_character': 191, 'kind': 'CONDITIONAL_OR_BOILERPLATE', 'subject': 'TARGET_REGISTRANT', 'timing': 'CONDITIONAL', 'reason': None}]
D04_TEXT If our suppliers lose their ability to continue investing in their businesses, our operations could be harmed. There is substantial doubt about our ability to continue as a going concern.
BASE REJECT D04_SOURCE_FACT_CLASSIFICATION_CONFLICT
PATCH REJECT D04_SOURCE_FACT_CLASSIFICATION_CONFLICT
SOURCE_RELATIONS [{'statement_text': 'If our suppliers lose their ability to continue investing in their businesses, our operations could be harmed.', 'start_character': 0, 'end_character': 110, 'kind': 'VALUATION_OR_OTHER_MEANING', 'subject': None, 'timing': None, 'reason': None}, {'statement_text': 'There is substantial doubt about our ability to continue as a going concern.', 'start_character': 111, 'end_character': 187, 'kind': 'DOUBT_DISCLOSED', 'subject': 'TARGET_REGISTRANT', 'timing': 'CURRENT_REPORT', 'reason': None}]
D04_TEXT If our suppliers lose their ability to continue investing in their businesses, our operations could be harmed, but there is substantial doubt about our ability to continue as a going concern.
BASE REJECT D04_SOURCE_FACT_CLASSIFICATION_CONFLICT
PATCH ACCEPT UNRESOLVED [{'unit_id': 'sha256:f01a1c87219c74d84a0e98db63845bc6652aeeb309900aed449e4a2697be64c3', 'source_index': 7, 'reason': 'D04_SOURCE_RELATION_IMPLEMENTATION_UNSUPPORTED', 'statement_text': 'there is substantial doubt about our ability to continue as a going concern.'}] CURRENT_TARGET []
SOURCE_RELATIONS [{'statement_text': 'If our suppliers lose their ability to continue investing in their businesses, our operations could be harmed', 'start_character': 0, 'end_character': 109, 'kind': 'VALUATION_OR_OTHER_MEANING', 'subject': None, 'timing': None, 'reason': None}, {'statement_text': 'there is substantial doubt about our ability to continue as a going concern.', 'start_character': 115, 'end_character': 191, 'kind': None, 'subject': 'TARGET_REGISTRANT', 'timing': 'CURRENT_REPORT', 'reason': 'D04_SOURCE_RELATION_IMPLEMENTATION_UNSUPPORTED'}]
D04_TEXT Our ability to continue attracting employees is strong. There is substantial doubt about our ability to continue as a going concern.
BASE REJECT D04_SOURCE_FACT_CLASSIFICATION_CONFLICT
PATCH REJECT D04_SOURCE_FACT_CLASSIFICATION_CONFLICT
SOURCE_RELATIONS [{'statement_text': 'Our ability to continue attracting employees is strong.', 'start_character': 0, 'end_character': 55, 'kind': 'VALUATION_OR_OTHER_MEANING', 'subject': None, 'timing': None, 'reason': None}, {'statement_text': 'There is substantial doubt about our ability to continue as a going concern.', 'start_character': 56, 'end_character': 132, 'kind': 'DOUBT_DISCLOSED', 'subject': 'TARGET_REGISTRANT', 'timing': 'CURRENT_REPORT', 'reason': None}]
Traceback (most recent call last):
  File "<stdin>", line 29, in <module>
AssertionError: missing_findings accepted
