EXACT_PATCH scripts/vnext/capacity_quantity_roles.py 40a5473f061d617af9a547d58d427b9d4eaa2e52a5590a6a921547226528fef2
EXACT_PATCH scripts/vnext/capacity_semantic_review.py db5ab1d2b847dbc2f072a0d0a0b37d2aaa7a6e6fbec1e6b09daf6930c4c014fa
EXACT_PATCH tests/vnext/test_capacity_visible_source_roles.py 7f7fea6a5bc8e7a1b23f56bb958dfe5af71c49f93807ccb4257655b385948554
EXACT_PATCH requirements/issue_28_v14/baseline_manifest.json b4811a0532e539ff377dd1aeeb972d1e146738132b0961601e50ffe293a84f72
BINDINGS_MATCH ['scripts/vnext/capacity_semantic_review.py', 'scripts/vnext/capacity_quantity_roles.py', 'scripts/vnext/capacity_semantic_review.py']
CALL 111 STATUS SUCCEEDED
ORIGINAL_SHA256 111 capacity-assessment.json 6dff5d4dd5c31dfd6b693c33422c8df59858ee9ab2c9a38c90df34158ee5e6b5
ORIGINAL_SHA256 111 execution-rules.json b209a5c6ab6f70ea005608dda4afd47ee54f7ecf295c0f7ee4209aea0ddd06e0
ORIGINAL_SHA256 111 execution-rules.tar.gz 203b0ca404007ae35ecd410830855ec8d48c432c2eab225a55222ba598d7f8d9
ORIGINAL_SHA256 111 intent.json 220333cfb55b57aa043487b245e7df35103c0985d1dd6eee28026d4dab3d4a27
ORIGINAL_SHA256 111 invocation_control/acceptances/72d06922f039c440724059d2f3493fab3ca0f7c566f8e06244bf7ac2ddf93605/receipt.json 2ed195ca76b312da115a7ed64b0da6b24c9364862795ec4be8f106e77e88ebbe
ORIGINAL_SHA256 111 invocation_control/attempts/73d100795fd35b4add3e4093f9ed5fac3d98919cef3c531181f20f911ce40364/01_30000fc052b2e0d8646ca5941cf34300de3e9e08842693dd6a785d0cd6b71280.json 7b74c0e1ee5b1d79cf5a8bbd18ce162254b71daea3832df58f39e3dda0a851b8
ORIGINAL_SHA256 111 invocation_control/egress/73d100795fd35b4add3e4093f9ed5fac3d98919cef3c531181f20f911ce40364/01.json 4f0243339658d76d77d6baae5576630b021bb3ac8746f97fc2a7c4e0ff0e93bf
ORIGINAL_SHA256 111 invocation_control/executions/73d100795fd35b4add3e4093f9ed5fac3d98919cef3c531181f20f911ce40364.json 44e6b574b3783333c5a7ab03578c7ceb35548e091a0d06b455393a9e639b0b99
ORIGINAL_SHA256 111 invocation_control/plans/146423502568efc1cca02653ee04680e18d9d0ad8d40937b4f46d6f6d9665d93.json c77143db228a200764cce2511ea93e218aaf8d63b8271ae1456f00c895e784a5
ORIGINAL_SHA256 111 invocation_control/requests/72d06922f039c440724059d2f3493fab3ca0f7c566f8e06244bf7ac2ddf93605.bin c3ec3698217dcb2e4d8282ca3a5284ff0abf4e66b53cd62fceb69d8b14514f77
ORIGINAL_SHA256 111 invocation_control/reservation_archive/72d06922f039c440724059d2f3493fab3ca0f7c566f8e06244bf7ac2ddf93605/73d100795fd35b4add3e4093f9ed5fac3d98919cef3c531181f20f911ce40364.json 23e2956b278d7bf7c48056e1c265a476e1164959339c191fc5734e861a9cfba4
ORIGINAL_SHA256 111 invocation_control/responses/72d06922f039c440724059d2f3493fab3ca0f7c566f8e06244bf7ac2ddf93605/receipt.json 7af8bb7e19d1b5d99bc0dd01e0ebaf9ee3df4ce46cdd7422d875bb225b84c4c4
ORIGINAL_SHA256 111 invocation_control/responses/72d06922f039c440724059d2f3493fab3ca0f7c566f8e06244bf7ac2ddf93605/response.bin 6bbb7653caa01efc4cc1cd909c2fe935c7afc59a538aa8155dff121514a9ee05
ORIGINAL_SHA256 111 semantic-request.json 8768088b71f7f54779ef4a9af1d4b113f45acc31cb42135961579764bab78af2
ORIGINAL_SHA256 111 source.json 4e0dde89514a0722f92804849148d75115a14b65a3c5a1b29d38afeda8d6e597
ORIGINAL_SHA256 111 terminal.json a492f617abad1065707cb339f82e062837681a553b699caf61294081195d4cb0
ORIGINAL_SHA256 111 wire/assistant-output.bin 6bbb7653caa01efc4cc1cd909c2fe935c7afc59a538aa8155dff121514a9ee05
ORIGINAL_SHA256 111 wire/journal.json c852e70f8407f21276e0aa8797f5c2cbf4d7a464179d5aef6232355796cfa147
ORIGINAL_SHA256 111 wire/raw-response.bin 5852b3c4a73983a7a4f112141b54ab194c26cb9f1fbec6aed4573313f2a432e3
CURRENT_COMPLETE_RESPONSE_CHECK FINDINGS 5 UNRESOLVED [{"unit_id": "sha256:885e215a010679cf5a16dd0d94e1a6bc49f846b7ac4702b9af3f735136afaf57", "source_indices": [1022], "claimed_kind": "PRODUCT_STORAGE_OR_INSTALLED_CAPACITY", "reason": "B13_VISIBLE_SOURCE_ROLE_NOT_ESTABLISHED", "scope": "Necessary source relation missing; not a relabeling or disclosure-absence conclusion"}]
111_B1022_ORIGINAL_DEFINITION Energy storage, installed generating capacity or individual product capability; not manufacturing capacity.
111_B1022_CHECKED_FINDING {"evidence": [{"kind": "VISIBLE_BLOCK", "source_index": 1022, "text": "Inventory is valued at the lower of cost or market. Market is current replacement cost (by purchase or by reproduction, dependent on the type of inventory). In cases where market exceeds net realizable value (i.e., estimated selling price less reasonably predictable costs of completion and disposal), inventories are stated at net realizable value. Market is not considered to be less than net realizable value reduced by an allowance for an approximately normal profit margin. We determine cost on a first-in first-out basis and include both the costs of acquisition and manufacturing in our inventory costs. These costs include direct materials, direct labor, and indirect manufacturing costs, including depreciation and amortization. The capitalization of indirect costs is based on the normal utilization of our manufacturing facility in Texas. If the manufacturing facility utilization is abnormally low, the portion of our indirect manufacturing costs related to the abnormal utilization level is expensed as incurred. Other abnormal manufacturing costs, such as wasted materials or excess yield losses, are also expensed as incurred."}], "kind": "PRODUCT_STORAGE_OR_INSTALLED_CAPACITY", "reason": "Source item 1022 discusses inventory valuation and capitalization of indirect costs based on normal utilization of the Company's manufacturing facility in Texas; the referenced capacity is facility utilization for inventory costing, not a comparable actual-output/capacity pair, and is classified as PRODUCT_STORAGE_OR_INSTALLED_CAPACITY per the supplied category for individual product/facility capability rather than manufacturing capacity.", "subject": "TARGET_REGISTRANT", "timing": "CURRENT_REPORT", "unit_id": "sha256:885e215a010679cf5a16dd0d94e1a6bc49f846b7ac4702b9af3f735136afaf57", "resolved_evidence": [{"kind": "VISIBLE_BLOCK", "source_index": 1022, "text": "Inventory is valued at the lower of cost or market. Market is current replacement cost (by purchase or by reproduction, dependent on the type of inventory). In cases where market exceeds net realizable value (i.e., estimated selling price less reasonably predictable costs of completion and disposal), inventories are stated at net realizable value. Market is not considered to be less than net realizable value reduced by an allowance for an approximately normal profit margin. We determine cost on a first-in first-out basis and include both the costs of acquisition and manufacturing in our inventory costs. These costs include direct materials, direct labor, and indirect manufacturing costs, including depreciation and amortization. The capitalization of indirect costs is based on the normal utilization of our manufacturing facility in Texas. If the manufacturing facility utilization is abnormally low, the portion of our indirect manufacturing costs related to the abnormal utilization level is expensed as incurred. Other abnormal manufacturing costs, such as wasted materials or excess yield losses, are also expensed as incurred.", "start_character": 0, "end_character": 1141}]}
CALL 170 STATUS FAILED_TERMINAL
ORIGINAL_SHA256 170 capacity-assessment.json 0eafa330dae087f380ce0ea551ba2bf5cfd3131137c8f696fe92df7e919ea380
ORIGINAL_SHA256 170 execution-rules.json ee6bfa7e021aa8a54be7f7ee87073688c38f3524bfcb6191ddcd21650fea17c5
ORIGINAL_SHA256 170 execution-rules.tar.gz 818cc5a0826d13ca77796d6ba19cbdffa76ced4c86a17fe1d419e238b7de781b
ORIGINAL_SHA256 170 intent.json 053a7fbc7d0cb9a4e118c53a122febdea17890226407a2f03143f797a7081487
ORIGINAL_SHA256 170 invocation_control/attempts/efb3d325feb2dfee4105c02f5cd99661c400273dd97fea487eb1598cdf3f6910/01_d8f853dab0c2575f4dda0fcb55facf84f3fe1ecd96d0da27edce2af31de790e5.json 2fd597fb6c094c83f75515b1ec434b4afd4bbf945ff9d268d70dc55a235063e4
ORIGINAL_SHA256 170 invocation_control/egress/efb3d325feb2dfee4105c02f5cd99661c400273dd97fea487eb1598cdf3f6910/01.json 937648eb7132ac5737e51b8ea35246cb9bc1c2fd356cd756b733b43fa7e4a9c8
ORIGINAL_SHA256 170 invocation_control/executions/efb3d325feb2dfee4105c02f5cd99661c400273dd97fea487eb1598cdf3f6910.json e4402ceaa57115850877dfb86ac6017fcf5b9af967f2a7281083bc558692c8d2
ORIGINAL_SHA256 170 invocation_control/plans/49837c744b67b3d4e78e2369be3752ae12df1c83602b9b32c27b8d268a2bd62b.json d69a8ea34ffd728890f327efec05b0cf13161a9d511a81a0d1356bfa0f398380
ORIGINAL_SHA256 170 invocation_control/requests/c78122b9f011fb59b7c663e49cdc305c06626699575c065e7d5424979d864dc7.bin 9171ed08b231dc4108b73f29024f537b4ff4973401410369729bf33d9bc7c451
ORIGINAL_SHA256 170 invocation_control/reservation_archive/c78122b9f011fb59b7c663e49cdc305c06626699575c065e7d5424979d864dc7/efb3d325feb2dfee4105c02f5cd99661c400273dd97fea487eb1598cdf3f6910.json 5613a57083e4b327abb72069efc76b4bb21787803042b17ea01b61dc1a759376
ORIGINAL_SHA256 170 semantic-request.json d5f0506cd9980cee7cf1cdc7130d3c5bb314c30341c9972f5cda2b90af5160dc
ORIGINAL_SHA256 170 source.json 4e0dde89514a0722f92804849148d75115a14b65a3c5a1b29d38afeda8d6e597
ORIGINAL_SHA256 170 terminal.json 41b43c1023e595bfc416a378075208d7b653abdac088606330448b7e93603295
ORIGINAL_SHA256 170 wire/assistant-output.bin 068cb9e46e379125cf89eaa8f02ccb03030cf1884bfc6b27bade88ce950b6696
ORIGINAL_SHA256 170 wire/journal.json 312afd3912ee1bbca3fac312ae18820a662788d4d00a16944ce76d0929736f44
ORIGINAL_SHA256 170 wire/raw-response.bin 48479ae5b3d37cc1c2991a853f700593ac5127863906d0485ef223031d0ea153
CURRENT_COMPLETE_RESPONSE_CHECK_REJECTED ValueError B13_REFERENCE_DUPLICATE_FINDING
170_ROW_VERIFIED 1 ['B2011'] CAPACITY_QUALITATIVE NEW_CHECK_UNRESOLVED True
170_ROW_VERIFIED 2 ['B2377'] CAPACITY_QUALITATIVE NEW_CHECK_UNRESOLVED True
170_ROW_VERIFIED 3 ['B2357'] SALES_OR_SHIPMENTS NEW_CHECK_UNRESOLVED False
170_ROW_VERIFIED 4 ['B2301'] SALES_OR_SHIPMENTS NEW_CHECK_UNRESOLVED False
170_ROW_VERIFIED 5 ['B2382'] SALES_OR_SHIPMENTS NEW_CHECK_UNRESOLVED False
170_ROW_VERIFIED 6 ['B2028'] PRODUCT_STORAGE_OR_INSTALLED_CAPACITY NEW_CHECK_UNRESOLVED True
170_ROW_VERIFIED 7 ['B2024'] PRODUCT_STORAGE_OR_INSTALLED_CAPACITY NEW_CHECK_UNRESOLVED True
170_ROW_VERIFIED 8 ['B2022'] PRODUCT_STORAGE_OR_INSTALLED_CAPACITY NEW_CHECK_UNRESOLVED True
170_ROW_VERIFIED 9 ['B2402'] PLANNED_CAPACITY NEW_CHECK_UNRESOLVED True
170_ROW_VERIFIED 10 ['B2017'] PLANNED_CAPACITY NEW_CHECK_UNRESOLVED True
170_ROW_VERIFIED 11 ['B2019'] PLANNED_CAPACITY NEW_CHECK_UNRESOLVED True
170_ROW_VERIFIED 12 ['B2011'] PLANNED_CAPACITY NEW_CHECK_UNRESOLVED True
170_ROW_VERIFIED 13 ['B2282'] PLANNED_CAPACITY NEW_CHECK_UNRESOLVED True
170_ROW_VERIFIED 14 ['B2284'] PLANNED_CAPACITY NEW_CHECK_UNRESOLVED True
170_ROW_VERIFIED 15 ['B2285'] PLANNED_CAPACITY NEW_CHECK_UNRESOLVED True
170_ROW_VERIFIED 16 ['B2400'] PLANNED_CAPACITY NEW_CHECK_UNRESOLVED True
170_ROW_VERIFIED 17 ['B1954'] PLANNED_CAPACITY NEW_CHECK_UNRESOLVED True
170_ROW_VERIFIED 18 ['B1927'] PLANNED_CAPACITY NEW_CHECK_UNRESOLVED True
170_ROW_VERIFIED 19 ['B1939'] PLANNED_CAPACITY NEW_CHECK_UNRESOLVED True
170_ROW_VERIFIED 20 ['B1935'] PLANNED_CAPACITY NEW_CHECK_UNRESOLVED True
170_ROW_VERIFIED 21 ['B1936'] PLANNED_CAPACITY NEW_CHECK_UNRESOLVED True
170_ROW_VERIFIED 22 ['B1948'] PLANNED_CAPACITY NEW_CHECK_UNRESOLVED True
170_ROW_VERIFIED 23 ['B1951'] PLANNED_CAPACITY NEW_CHECK_UNRESOLVED True
170_ROW_VERIFIED 24 ['B1957'] PLANNED_CAPACITY NEW_CHECK_UNRESOLVED True
170_ROW_VERIFIED 25 ['B2018'] PLANNED_CAPACITY NEW_CHECK_UNRESOLVED True
170_ROW_VERIFIED 26 ['B2061'] PLANNED_CAPACITY NEW_CHECK_UNRESOLVED True
170_ROW_VERIFIED 27 ['B2262'] PLANNED_CAPACITY NEW_CHECK_UNRESOLVED True
170_ROW_VERIFIED 28 ['B2266'] PLANNED_CAPACITY NEW_CHECK_UNRESOLVED True
170_ROW_VERIFIED 29 ['B2280'] PLANNED_CAPACITY NEW_CHECK_UNRESOLVED True
170_ROW_VERIFIED 30 ['B2286'] PLANNED_CAPACITY NEW_CHECK_UNRESOLVED True
170_ROW_VERIFIED 31 ['B2293'] PLANNED_CAPACITY NEW_CHECK_UNRESOLVED True
170_ROW_VERIFIED 32 ['B2300'] PLANNED_CAPACITY NEW_CHECK_UNRESOLVED True
170_ROW_VERIFIED 33 ['B2349'] PLANNED_CAPACITY NEW_CHECK_UNRESOLVED True
170_ROW_VERIFIED 34 ['B2398'] PLANNED_CAPACITY NEW_CHECK_UNRESOLVED True
170_ROW_VERIFIED 35 ['B2409'] PLANNED_CAPACITY NEW_CHECK_UNRESOLVED True
170_ROW_VERIFIED 36 ['B2411'] PLANNED_CAPACITY NEW_CHECK_UNRESOLVED True
170_ROW_VERIFIED 37 ['B2413'] PLANNED_CAPACITY NEW_CHECK_UNRESOLVED True
170_ROW_VERIFIED 38 ['B2415'] PLANNED_CAPACITY NEW_CHECK_UNRESOLVED True
170_ROW_VERIFIED 39 ['B2418'] PLANNED_CAPACITY NEW_CHECK_UNRESOLVED True
170_ROW_VERIFIED 40 ['B2420'] PLANNED_CAPACITY NEW_CHECK_UNRESOLVED True
170_ROW_VERIFIED 41 ['B2425'] PLANNED_CAPACITY NEW_CHECK_UNRESOLVED True
170_ROW_VERIFIED 42 ['B2426'] PLANNED_CAPACITY NEW_CHECK_UNRESOLVED True
170_ROW_VERIFIED 43 ['B2427'] PLANNED_CAPACITY NEW_CHECK_UNRESOLVED True
170_ROW_VERIFIED 44 ['B2428'] PLANNED_CAPACITY NEW_CHECK_UNRESOLVED True
170_ROW_VERIFIED 45 ['B2430'] PLANNED_CAPACITY NEW_CHECK_UNRESOLVED True
170_ROW_VERIFIED 46 ['B2432'] PLANNED_CAPACITY NEW_CHECK_UNRESOLVED True
170_ROW_VERIFIED 47 ['B2434'] PLANNED_CAPACITY NEW_CHECK_UNRESOLVED True
170_ROW_VERIFIED 48 ['B2436'] PLANNED_CAPACITY NEW_CHECK_UNRESOLVED True
170_ROW_VERIFIED 49 ['B2438'] PLANNED_CAPACITY NEW_CHECK_UNRESOLVED True
170_ROW_VERIFIED 50 ['B2440'] PLANNED_CAPACITY NEW_CHECK_UNRESOLVED True
170_ROW_VERIFIED 51 ['B2444'] PLANNED_CAPACITY NEW_CHECK_UNRESOLVED True
170_ROW_VERIFIED 52 ['B2448'] PLANNED_CAPACITY NEW_CHECK_UNRESOLVED True
170_ROW_VERIFIED 53 ['B2449'] PLANNED_CAPACITY NEW_CHECK_UNRESOLVED True
170_ROW_VERIFIED 54 ['B2451'] PLANNED_CAPACITY NEW_CHECK_UNRESOLVED True
170_ROW_VERIFIED 55 ['B2670'] PLANNED_CAPACITY NEW_CHECK_UNRESOLVED True
170_ROW_VERIFIED 56 ['B2671'] PLANNED_CAPACITY NEW_CHECK_UNRESOLVED True
170_ROW_VERIFIED 57 ['B2675'] PLANNED_CAPACITY NEW_CHECK_UNRESOLVED True
170_ROW_VERIFIED 58 ['B2684'] PLANNED_CAPACITY NEW_CHECK_UNRESOLVED True
170_ROW_VERIFIED 59 ['B2685'] PLANNED_CAPACITY NEW_CHECK_UNRESOLVED True
170_ROW_VERIFIED 60 ['B2406'] PLANNED_CAPACITY NEW_CHECK_UNRESOLVED True
170_ROW_VERIFIED 61 ['B2402'] PLANNED_CAPACITY NEW_CHECK_UNRESOLVED True
170_ROW_VERIFIED 62 ['B2011'] PLANNED_CAPACITY NEW_CHECK_UNRESOLVED True
170_ROW_VERIFIED 63 ['B2282'] PLANNED_CAPACITY NEW_CHECK_UNRESOLVED True
170_ROW_VERIFIED 64 ['B2284'] PLANNED_CAPACITY NEW_CHECK_UNRESOLVED True
170_ROW_VERIFIED 65 ['B2285'] PLANNED_CAPACITY NEW_CHECK_UNRESOLVED True
170_ROW_VERIFIED 66 ['B2400'] PLANNED_CAPACITY NEW_CHECK_UNRESOLVED True
170_ROW_VERIFIED 67 ['B1954'] PLANNED_CAPACITY NEW_CHECK_UNRESOLVED True
170_ROW_VERIFIED 68 ['B1927'] PLANNED_CAPACITY NEW_CHECK_UNRESOLVED True
170_ROW_VERIFIED 69 ['B1939'] PLANNED_CAPACITY NEW_CHECK_UNRESOLVED True
170_ROW_VERIFIED 70 ['B1935'] PLANNED_CAPACITY NEW_CHECK_UNRESOLVED True
170_ROW_VERIFIED 71 ['B1936'] PLANNED_CAPACITY NEW_CHECK_UNRESOLVED True
170_ROW_VERIFIED 72 ['B1948'] PLANNED_CAPACITY NEW_CHECK_UNRESOLVED True
170_ROW_VERIFIED 73 ['B1951'] PLANNED_CAPACITY NEW_CHECK_UNRESOLVED True
170_ROW_VERIFIED 74 ['B1957'] PLANNED_CAPACITY NEW_CHECK_UNRESOLVED True
170_ROW_VERIFIED 75 ['B2018'] PLANNED_CAPACITY NEW_CHECK_UNRESOLVED True
170_ROW_VERIFIED 76 ['B2061'] PLANNED_CAPACITY NEW_CHECK_UNRESOLVED True
170_ROW_VERIFIED 77 ['B2262'] PLANNED_CAPACITY NEW_CHECK_UNRESOLVED True
170_ROW_VERIFIED 78 ['B2266'] PLANNED_CAPACITY NEW_CHECK_UNRESOLVED True
170_ROW_VERIFIED 79 ['B2280'] PLANNED_CAPACITY NEW_CHECK_UNRESOLVED True
170_ROW_VERIFIED 80 ['B2286'] PLANNED_CAPACITY NEW_CHECK_UNRESOLVED True
170_ROW_VERIFIED 81 ['B2293'] PLANNED_CAPACITY NEW_CHECK_UNRESOLVED True
170_ROW_VERIFIED 82 ['B2300'] PLANNED_CAPACITY NEW_CHECK_UNRESOLVED True
170_ROW_VERIFIED 83 ['B2349'] PLANNED_CAPACITY NEW_CHECK_UNRESOLVED True
170_ROW_VERIFIED 84 ['B2398'] PLANNED_CAPACITY NEW_CHECK_UNRESOLVED True
170_ROW_VERIFIED 85 ['B2409'] PLANNED_CAPACITY NEW_CHECK_UNRESOLVED True
170_ROW_VERIFIED 86 ['B2411'] PLANNED_CAPACITY NEW_CHECK_UNRESOLVED True
170_ROW_VERIFIED 87 ['B2413'] PLANNED_CAPACITY NEW_CHECK_UNRESOLVED True
170_ROW_VERIFIED 88 ['B2415'] PLANNED_CAPACITY NEW_CHECK_UNRESOLVED True
170_ROW_VERIFIED 89 ['B2418'] PLANNED_CAPACITY NEW_CHECK_UNRESOLVED True
170_ROW_VERIFIED 90 ['B2420'] PLANNED_CAPACITY NEW_CHECK_UNRESOLVED True
170_ROW_VERIFIED 91 ['B2425'] PLANNED_CAPACITY NEW_CHECK_UNRESOLVED True
170_ROW_VERIFIED 92 ['B2426'] PLANNED_CAPACITY NEW_CHECK_UNRESOLVED True
170_ROW_VERIFIED 93 ['B2427'] PLANNED_CAPACITY NEW_CHECK_UNRESOLVED True
170_ROW_VERIFIED 94 ['B2428'] PLANNED_CAPACITY NEW_CHECK_UNRESOLVED True
170_ROW_VERIFIED 95 ['B2430'] PLANNED_CAPACITY NEW_CHECK_UNRESOLVED True
170_ROW_VERIFIED 96 ['B2432'] PLANNED_CAPACITY NEW_CHECK_UNRESOLVED True
170_ROW_VERIFIED 97 ['B2434'] PLANNED_CAPACITY NEW_CHECK_UNRESOLVED True
170_ROW_VERIFIED 98 ['B2436'] PLANNED_CAPACITY NEW_CHECK_UNRESOLVED True
170_ROW_VERIFIED 99 ['B2438'] PLANNED_CAPACITY NEW_CHECK_UNRESOLVED True
170_ROW_VERIFIED 100 ['B2440'] PLANNED_CAPACITY NEW_CHECK_UNRESOLVED True
170_ROW_VERIFIED 101 ['B2444'] PLANNED_CAPACITY NEW_CHECK_UNRESOLVED True
170_ROW_VERIFIED 102 ['B2448'] PLANNED_CAPACITY NEW_CHECK_UNRESOLVED True
170_ROW_VERIFIED 103 ['B2449'] PLANNED_CAPACITY NEW_CHECK_UNRESOLVED True
170_ROW_VERIFIED 104 ['B2451'] PLANNED_CAPACITY NEW_CHECK_UNRESOLVED True
170_ROW_VERIFIED 105 ['B2670'] PLANNED_CAPACITY NEW_CHECK_UNRESOLVED True
170_ROW_VERIFIED 106 ['B2671'] PLANNED_CAPACITY NEW_CHECK_UNRESOLVED True
170_ROW_VERIFIED 107 ['B2675'] PLANNED_CAPACITY NEW_CHECK_UNRESOLVED True
170_ROW_VERIFIED 108 ['B2684'] PLANNED_CAPACITY NEW_CHECK_UNRESOLVED True
170_ROW_VERIFIED 109 ['B2685'] PLANNED_CAPACITY NEW_CHECK_UNRESOLVED True
170_ROW_VERIFIED 110 ['B2406'] PLANNED_CAPACITY NEW_CHECK_UNRESOLVED True
170_ALL_110_ROWS_EXACTLY_VERIFIED UNRESOLVED_BY_NEW_CHECK 107
ORIGINAL_INCREMENT_AUDIT_COMPLETE
