Traceback (most recent call last):
  File "/Users/lyuhongwang/Developer/SEC_metrics/scripts/vnext/requirements.py", line 2028, in load_requirement_snapshot
    return load_profile_requirement_snapshot(
        snapshot_dir=snapshot_dir,
        parent_loader=load_requirement_snapshot,
    )
  File "/Users/lyuhongwang/Developer/SEC_metrics/scripts/vnext/requirement_profile.py", line 77, in load_profile_requirement_snapshot
    return engine.load_profile_requirement_snapshot(
           ~~~~~~~~~~~~~~~~~~~~~~~~~~~~~~~~~~~~~~~~^
        snapshot_dir=snapshot_dir, parent_loader=parent_loader,
        ^^^^^^^^^^^^^^^^^^^^^^^^^^^^^^^^^^^^^^^^^^^^^^^^^^^^^^^
    )
    ^
  File "/Users/lyuhongwang/Developer/SEC_metrics/scripts/vnext/requirement_profile_v14.py", line 30, in load_profile_requirement_snapshot
    need(here.read_bytes() == source.read_bytes(), "Normal successor installed snapshot differs: " + name)
    ~~~~^^^^^^^^^^^^^^^^^^^^^^^^^^^^^^^^^^^^^^^^^^^^^^^^^^^^^^^^^^^^^^^^^^^^^^^^^^^^^^^^^^^^^^^^^^^^^^^^^^
  File "/Users/lyuhongwang/Developer/SEC_metrics/scripts/vnext/requirement_profile_v14.py", line 18, in need
    raise v1.RequirementProfileError(reason)
vnext.requirement_profile_v1.RequirementProfileError: Normal successor installed snapshot differs: baseline_manifest.json

The above exception was the direct cause of the following exception:

Traceback (most recent call last):
  File "/Users/lyuhongwang/Developer/SEC_metrics/scripts/vnext/run_store.py", line 1353, in _verify_repository_bindings
    requirement = load_run_requirement_snapshot(
        repo_root=repo_root,
    ...<5 lines>...
        record_type=str(manifest["record_type"]),
    )
  File "/Users/lyuhongwang/Developer/SEC_metrics/scripts/vnext/requirements.py", line 811, in load_run_requirement_snapshot
    requirement = load_requirement_snapshot(snapshot_dir=snapshot_dir)
  File "/Users/lyuhongwang/Developer/SEC_metrics/scripts/vnext/requirements.py", line 2033, in load_requirement_snapshot
    raise RequirementError(str(error)) from error
vnext.requirements.RequirementError: Normal successor installed snapshot differs: baseline_manifest.json

The above exception was the direct cause of the following exception:

Traceback (most recent call last):
  File "/Users/lyuhongwang/Developer/SEC_metrics/docs/evidence/issue28_continuous/c04-southwest-prior-source-20260927/cold_read.py", line 34, in <module>
    result = c04._verify_candidate(STATE, success, configuration)['C04']
             ~~~~~~~~~~~~~~~~~~~~~^^^^^^^^^^^^^^^^^^^^^^^^^^^^^^^
  File "/Users/lyuhongwang/Developer/SEC_metrics/scripts/vnext/c04_update_cycle.py", line 24, in _verify_candidate
    results = cycle._verify_candidate(root, terminal, configuration)
  File "/Users/lyuhongwang/Developer/SEC_metrics/scripts/vnext/ordinary_update_cycle.py", line 151, in _verify_candidate
    manifest,records,_=_mechanically_replay_open_run(run_dir=run,repo_root=data,require_complete_results=True)
                       ~~~~~~~~~~~~~~~~~~~~~~~~~~~~~^^^^^^^^^^^^^^^^^^^^^^^^^^^^^^^^^^^^^^^^^^^^^^^^^^^^^^^^^^
  File "/Users/lyuhongwang/Developer/SEC_metrics/scripts/vnext/run_store.py", line 3477, in _mechanically_replay_open_run
    _verify_repository_bindings(
    ~~~~~~~~~~~~~~~~~~~~~~~~~~~^
        repo_root=repo_root,
        ^^^^^^^^^^^^^^^^^^^^
    ...<3 lines>...
        r4_replay_context=r4_replay_context,
        ^^^^^^^^^^^^^^^^^^^^^^^^^^^^^^^^^^^^
    )
    ^
  File "/Users/lyuhongwang/Developer/SEC_metrics/scripts/vnext/run_store.py", line 1363, in _verify_repository_bindings
    raise RunStoreError("Run Requirement Snapshot is invalid") from error
vnext.run_store.RunStoreError: Run Requirement Snapshot is invalid
