{
  "requests": 111,
  "kind_bytes": {
    "VISIBLE_TEXT": 2415302,
    "NATIVE_FACTS": 4299467,
    "NATIVE_SUPPLEMENTS": 4479766
  },
  "component_bytes": {
    "shared.contexts": 1870822,
    "shared.units": 23040,
    "shared.namespace_environments": 80055,
    "shared.xml_style_attributes": 181066,
    "VISIBLE_TEXT.blocks": 2348576,
    "VISIBLE_TEXT.row_layout": 58664,
    "NATIVE_FACTS.facts": 4200601,
    "NATIVE_FACTS.contexts": 24276,
    "NATIVE_FACTS.units": 912,
    "NATIVE_FACTS.namespace_environments": 3675,
    "NATIVE_FACTS.row_layout": 50560,
    "NATIVE_SUPPLEMENTS.objects": 4459837
  }
}
{
  "fact": {
    "tag": "ix:nonnumeric",
    "qualified_name": "dei:EntityCentralIndexKey",
    "context_ref": "c-1",
    "unit_ref": "",
    "scale": "0",
    "sign": "",
    "ordinal": 1,
    "text": "0000019617"
  },
  "expanded_concept": [
    "http://xbrl.sec.gov/dei/2025",
    "EntityCentralIndexKey"
  ],
  "attributes": {
    "contextref": "c-1",
    "name": "dei:EntityCentralIndexKey",
    "id": "f-57"
  },
  "namespace_environment_id": "sha256:e233d0698aa7d477a631cc0b3754db46e35d88838afbc7ca4b453958f18cd800"
}
