{
  "groups": 29,
  "tokens": [
    158626,
    169653,
    162523,
    169026,
    171100,
    139254,
    179314,
    146437,
    176930,
    141459,
    146604,
    179521,
    171842,
    178467,
    169978,
    178870,
    140758,
    141248,
    139206,
    160036,
    162686,
    177776,
    158531,
    178102,
    169361,
    179010,
    155601,
    179072,
    86189
  ],
  "source_units_preserved": true,
  "experimental_grouping_only": true,
  "candidate_navigation_omitted_from_estimate": true,
  "real_calls": 0,
  "current_runtime_unchanged": true
}
