{"facts":[
{"kind":"board_size","statement":"Paramount's current board has ten members, serving until the next annual meeting or successor election and qualification.","source_blocks":[83,84],"stated_time":"CURRENT_IN_FILING"},
{"kind":"board_membership","statement":"David Ellison is a current director, serving since August 2025.","source_blocks":[84,86,87,89,91,92],"stated_time":"Since August 2025"},
{"kind":"board_membership","statement":"Andrew Brandon-Gordon is a current director, serving since August 2025.","source_blocks":[84,95,97,99,100],"stated_time":"Since August 2025"},
{"kind":"board_membership","statement":"Barbara M. Byrne is a current director, serving since August 2025.","source_blocks":[84,103,105,109,110],"stated_time":"Since August 2025"},
{"kind":"board_membership","statement":"Andrew Campion is a current director, serving since January 2026.","source_blocks":[84,111,113,116,117],"stated_time":"Since January 2026"},
{"kind":"board_membership","statement":"Gerald Cardinale is a current director, serving since August 2025.","source_blocks":[84,120,122,125,126],"stated_time":"Since August 2025"},
{"kind":"board_membership","statement":"Safra A. Catz is a current director, serving since August 2025.","source_blocks":[84,127,129,132,133],"stated_time":"Since August 2025"},
{"kind":"board_membership","statement":"Justin G. Hamill is a current director, serving since August 2025.","source_blocks":[84,136,138,142,143],"stated_time":"Since August 2025"},
{"kind":"board_membership","statement":"Sherry Lansing is a current director, serving since August 2025.","source_blocks":[84,144,146,149,150],"stated_time":"Since August 2025"},
{"kind":"board_membership","statement":"Paul Marinelli is a current director, serving since August 2025.","source_blocks":[84,153,155,158,159],"stated_time":"Since August 2025"},
{"kind":"board_membership","statement":"John L. Thornton is a current director, serving since August 2025.","source_blocks":[84,160,162,165,166],"stated_time":"Since August 2025"},
{"kind":"board_membership","statement":"Dennis Cinelli served on Paramount's board from September 2025 until January 2026.","source_blocks":[211,1256,1267],"stated_time":"September 2025 until January 2026"},
{"kind":"board_leadership","statement":"David Ellison has served as Chairman of the Board since August 2025.","source_blocks":[86,87,91,92,1593,1594,1595],"stated_time":"Since August 2025"},
{"kind":"committee_structure","statement":"The board has three standing committees: Audit, Compensation, and Nominating and Governance.","source_blocks":[84],"stated_time":"CURRENT_IN_FILING"},
{"kind":"committee_membership","statement":"The Audit Committee comprises Barbara M. Byrne, Andrew Campion and Justin G. Hamill; Byrne is Chair.","source_blocks":[84,107,109,115,116,140,142,169,170],"stated_time":"CURRENT_IN_FILING"},
{"kind":"committee_membership","statement":"The Compensation Committee comprises Gerald Cardinale, Safra A. Catz and Justin G. Hamill; Cardinale is Chair.","source_blocks":[84,124,125,131,132,141,142,426,427,664,666,667,668,669,670],"stated_time":"CURRENT_IN_FILING"},
{"kind":"committee_membership","statement":"The Nominating and Governance Committee comprises Barbara M. Byrne, Sherry Lansing, Paul Marinelli and John L. Thornton; Lansing is Chair.","source_blocks":[84,106,108,109,147,148,149,156,157,158,163,164,165],"stated_time":"CURRENT_IN_FILING"},
{"kind":"committee_membership","statement":"David Ellison's and Andrew Brandon-Gordon's director cards each state Committees: N/A.","source_blocks":[90,91,98,99],"stated_time":"CURRENT_IN_FILING"},
{"kind":"member_qualification","statement":"The filing considers David Ellison qualified for his entertainment/media experience and deep Skydance knowledge as its founder and CEO.","source_blocks":[91,92],"stated_time":"CURRENT_IN_FILING"},
{"kind":"member_qualification","statement":"The filing considers Andrew Brandon-Gordon qualified for industry management experience, 35 years of investment banking experience and director experience.","source_blocks":[99,100],"stated_time":"CURRENT_IN_FILING"},
{"kind":"member_qualification","statement":"The filing considers Barbara M. Byrne qualified for over 40 years of financial services experience and extensive business and financial expertise.","source_blocks":[109,110],"stated_time":"CURRENT_IN_FILING"},
{"kind":"member_qualification","statement":"The filing considers Andrew Campion qualified for public company experience, including business growth strategies and enterprise financial management.","source_blocks":[116,117],"stated_time":"CURRENT_IN_FILING"},
{"kind":"member_qualification","statement":"The filing considers Gerald Cardinale qualified for sports/media/entertainment investment and management experience and extensive director experience.","source_blocks":[125,126],"stated_time":"CURRENT_IN_FILING"},
{"kind":"member_qualification","statement":"The filing considers Safra A. Catz qualified for executive and director experience at complex global organizations and technology industry insight.","source_blocks":[132,133],"stated_time":"CURRENT_IN_FILING"},
{"kind":"member_qualification","statement":"The filing considers Justin G. Hamill qualified for expertise advising public companies and boards in high-stakes transactions.","source_blocks":[142,143],"stated_time":"CURRENT_IN_FILING"},
{"kind":"member_qualification","statement":"The filing considers Sherry Lansing qualified for Paramount studio knowledge and creative, executive, leadership and director experience in entertainment/media/content production.","source_blocks":[149,150],"stated_time":"CURRENT_IN_FILING"},
{"kind":"member_qualification","statement":"The filing considers Paul Marinelli qualified for extensive finance and business development experience.","source_blocks":[158,159],"stated_time":"CURRENT_IN_FILING"},
{"kind":"member_qualification","statement":"The filing considers John L. Thornton qualified for extensive investment, management and director experience.","source_blocks":[165,168],"stated_time":"CURRENT_IN_FILING"},
{"kind":"board_independence","statement":"The Board determined four of ten directors independent under Nasdaq rules: Barbara M. Byrne, Sherry Lansing, Justin G. Hamill and Andrew Campion.","source_blocks":[84,1518],"stated_time":"CURRENT_IN_FILING"},
{"kind":"board_independence","statement":"Safra A. Catz, David Ellison, Gerald Cardinale, Andrew Brandon-Gordon, Paul Marinelli and John L. Thornton were not determined independent under Nasdaq rules.","source_blocks":[84,1518],"stated_time":"CURRENT_IN_FILING"},
{"kind":"board_independence","statement":"The Board determined Lansing's Universal Music Group chairmanship and Paramount's commercial relationships with that company were not a bar to her independence.","source_blocks":[149,1518],"stated_time":"CURRENT_IN_FILING"},
{"kind":"board_independence","statement":"The Board considered Latham's services to Skydance during Hamill's employment; he is no longer a Latham partner or active service provider.","source_blocks":[142,1518],"stated_time":"CURRENT_IN_FILING"},
{"kind":"committee_independence","statement":"The Board determined Byrne, Campion and Hamill independent for Audit Committee purposes under applicable Nasdaq and SEC rules.","source_blocks":[84,169,170,188,1519],"stated_time":"CURRENT_IN_FILING"},
{"kind":"member_qualification","statement":"The Board determined all three Audit Committee members, Byrne, Campion and Hamill, financially sophisticated under Nasdaq rules.","source_blocks":[84,169,170,188,1519],"stated_time":"CURRENT_IN_FILING"},
{"kind":"member_qualification","statement":"The Board determined Byrne and Campion each qualifies as an audit committee financial expert under the cited Securities Act regulations.","source_blocks":[84,169,170,188,1519],"stated_time":"CURRENT_IN_FILING"},
{"kind":"committee_independence","statement":"Under the Board's Nasdaq independence determinations, Compensation member Hamill is independent; members Catz and Cardinale were not determined independent.","source_blocks":[427,1518],"stated_time":"CURRENT_IN_FILING"},
{"kind":"committee_independence","statement":"Under the Board's Nasdaq determinations, Nominating and Governance members Byrne and Lansing are independent; Marinelli and Thornton were not determined independent.","source_blocks":[108,109,148,149,157,158,164,165,1518],"stated_time":"CURRENT_IN_FILING"},
{"kind":"board_membership","statement":"David Ellison and Paul Marinelli are Ellison Designees on the Board.","source_blocks":[84,1517],"stated_time":"CURRENT_IN_FILING"},
{"kind":"board_membership","statement":"Safra A. Catz, Andrew Brandon-Gordon and Andrew Campion are Low-Vote Designees on the Board.","source_blocks":[84,1517],"stated_time":"CURRENT_IN_FILING"},
{"kind":"board_membership","statement":"Gerald Cardinale and John L. Thornton are RedBird Designees on the Board.","source_blocks":[84,1517],"stated_time":"CURRENT_IN_FILING"},
{"kind":"committee_structure","statement":"The filing also describes a special committee of the Board that recommended the Equity Syndication terms.","source_blocks":[1464,1465],"stated_time":"CURRENT_IN_FILING"},
{"kind":"membership_change","statement":"Jeffrey Shell ceased to serve as a member of Paramount's Board on April 8, 2026.","source_blocks":[286,287,288,810,813],"stated_time":"April 8, 2026"}
],"unresolved":[
{"source_blocks":[165,166],"reason":"A Paramount lead independent director is not established. Thornton's stated lead independent director roles belong to Ford and Lenovo; they cannot establish that role at Paramount."},
{"source_blocks":[1464,1465],"reason":"The special committee's members, chair and formation or membership dates are not established by these descriptions; its independent advisors are not identified as committee members."}
]}
