{
  "uid": 1000,
  "capabilities": [
    "CapEff:\t0000000000000000"
  ],
  "read_only_program": true,
  "program_writes": false,
  "probe": {
    "status": "PASS",
    "seconds": 1.342,
    "calls": [
      0,
      0,
      0
    ],
    "mode": "RECORDED_TEST_ONLY",
    "empty_financial_sources": true,
    "wrong_company_rejected": true,
    "bound_header_rejected": true,
    "recorded_to_live_rejected": true,
    "receipt": "sha256:8c084da1f2e6cba0451ecf6ffe6e27a18926561d26add0a94e76b4e580095a73"
  }
}
