test_first_install_interruption_never_exposes_uncommitted_source (tests.vnext.test_company_handoff.CompanyImportTest.test_first_install_interruption_never_exposes_uncommitted_source) ... ok
test_import_and_compute_lock_blocks_another_process (tests.vnext.test_company_handoff.CompanyImportTest.test_import_and_compute_lock_blocks_another_process) ... ok
test_interruptions_keep_previous_result_and_source_then_allow_retry (tests.vnext.test_company_handoff.CompanyImportTest.test_interruptions_keep_previous_result_and_source_then_allow_retry) ... ok
test_nonprefix_history_cannot_replace_committed_source (tests.vnext.test_company_handoff.CompanyImportTest.test_nonprefix_history_cannot_replace_committed_source) ... ok
test_nonroot_readonly_packages_install_update_and_recover (tests.vnext.test_company_handoff.CompanyImportTest.test_nonroot_readonly_packages_install_update_and_recover) ... ok
test_symlink_paths_and_unowned_sources_are_refused (tests.vnext.test_company_handoff.CompanyImportTest.test_symlink_paths_and_unowned_sources_are_refused) ... ok
test_wrong_company_cannot_replace_committed_source (tests.vnext.test_company_handoff.CompanyImportTest.test_wrong_company_cannot_replace_committed_source) ... ok
test_saved_native_assessment_is_not_collected_as_a_rule (tests.vnext.test_company_handoff.SourceOnlyRulesTest.test_saved_native_assessment_is_not_collected_as_a_rule) ... ok
test_alias_to_trusted_record_is_refused (tests.vnext.test_company_source_authority.CompanyTrustTest.test_alias_to_trusted_record_is_refused) ... ok
test_cross_company_is_refused_before_source_discovery (tests.vnext.test_company_source_authority.CompanyTrustTest.test_cross_company_is_refused_before_source_discovery) ... ok
test_exact_independent_record_is_accepted (tests.vnext.test_company_source_authority.CompanyTrustTest.test_exact_independent_record_is_accepted) ... ok
test_historical_census_uses_existing_verifier_after_independent_trust_check (tests.vnext.test_company_source_authority.CompanyTrustTest.test_historical_census_uses_existing_verifier_after_independent_trust_check) ... ok
test_matching_id_with_changed_content_is_refused (tests.vnext.test_company_source_authority.CompanyTrustTest.test_matching_id_with_changed_content_is_refused) ... ok
test_memo_trust_dependency_must_be_an_explicit_nonalias_root (tests.vnext.test_company_source_authority.CompanyTrustTest.test_memo_trust_dependency_must_be_an_explicit_nonalias_root) ... ok
test_package_cannot_supply_its_own_trust_directory (tests.vnext.test_company_source_authority.CompanyTrustTest.test_package_cannot_supply_its_own_trust_directory) ... ok
test_rehashing_package_does_not_install_new_authority (tests.vnext.test_company_source_authority.CompanyTrustTest.test_rehashing_package_does_not_install_new_authority) ... ok
test_archive_coordinate_and_wider_measurement_window_stay_distinct (tests.vnext.test_company_results.CompanyResultsTest.test_archive_coordinate_and_wider_measurement_window_stay_distinct) ... ok
test_compute_partial_request_preserves_native_D01_and_exports_both (tests.vnext.test_company_results.CompanyResultsTest.test_compute_partial_request_preserves_native_D01_and_exports_both) ... ok
test_confirmed_defect_keeps_native_but_withholds_company_value (tests.vnext.test_company_results.CompanyResultsTest.test_confirmed_defect_keeps_native_but_withholds_company_value) ... ok
test_failed_metric_keeps_old_result_without_claiming_current_success (tests.vnext.test_company_results.CompanyResultsTest.test_failed_metric_keeps_old_result_without_claiming_current_success) ... ok
test_failed_other_historical_period_remains_visible (tests.vnext.test_company_results.CompanyResultsTest.test_failed_other_historical_period_remains_visible) ... ok
test_historical_two_periods_and_partial_third_request (tests.vnext.test_company_results.CompanyResultsTest.test_historical_two_periods_and_partial_third_request) ... ok
test_legacy_report_subset_does_not_limit_journal_view (tests.vnext.test_company_results.CompanyResultsTest.test_legacy_report_subset_does_not_limit_journal_view) ... ok
test_one_replay_failure_does_not_hide_other_metrics (tests.vnext.test_company_results.CompanyResultsTest.test_one_replay_failure_does_not_hide_other_metrics) ... ok
test_ordinary_prior_year_remains_in_view (tests.vnext.test_company_results.CompanyResultsTest.test_ordinary_prior_year_remains_in_view) ... ok
test_other_runtime_release_explains_hold_without_releasing_current_result (tests.vnext.test_company_results.CompanyResultsTest.test_other_runtime_release_explains_hold_without_releasing_current_result) ... ok
test_processing_arguments_cannot_be_silently_ignored (tests.vnext.test_company_results.CompanyResultsTest.test_processing_arguments_cannot_be_silently_ignored) ... ok
test_processing_result_exposes_original_mode_and_runtime (tests.vnext.test_company_results.CompanyResultsTest.test_processing_result_exposes_original_mode_and_runtime) ... ok
test_source_switch_does_not_claim_untouched_results_match (tests.vnext.test_company_results.CompanyResultsTest.test_source_switch_does_not_claim_untouched_results_match) ... ok
test_successful_pointer_cannot_be_changed_to_an_earlier_candidate (tests.vnext.test_company_results.CompanyResultsTest.test_successful_pointer_cannot_be_changed_to_an_earlier_candidate) ... ok
test_wrong_company_run_rejected (tests.vnext.test_company_results.CompanyResultsTest.test_wrong_company_run_rejected) ... ok
test_acquired_input_requires_actual_original_company_version (tests.vnext.test_company_processing.AcquiredProcessingBoundaryTest.test_acquired_input_requires_actual_original_company_version) ... ok
test_cold_export_rebuilds_equivalence_instead_of_trusting_saved_json (tests.vnext.test_company_processing.AcquiredProcessingBoundaryTest.test_cold_export_rebuilds_equivalence_instead_of_trusting_saved_json) ... ok
test_equivalence_precedes_original_runtime_and_keeps_both_versions (tests.vnext.test_company_processing.AcquiredProcessingBoundaryTest.test_equivalence_precedes_original_runtime_and_keeps_both_versions) ... ok
test_receipt_cannot_nominate_an_unprovided_source_runtime (tests.vnext.test_company_processing.AcquiredProcessingBoundaryTest.test_receipt_cannot_nominate_an_unprovided_source_runtime) ... ok
test_repeat_uses_current_fixed_runtime_without_resigning_original_proof (tests.vnext.test_company_processing.AcquiredProcessingBoundaryTest.test_repeat_uses_current_fixed_runtime_without_resigning_original_proof) ... ok
test_substantive_mismatch_does_not_generate_native_run (tests.vnext.test_company_processing.AcquiredProcessingBoundaryTest.test_substantive_mismatch_does_not_generate_native_run) ... ok
test_changed_original_response_record_rejected (tests.vnext.test_company_processing.SavedProcessingTrustTest.test_changed_original_response_record_rejected) ... ok
test_changed_runtime_rejected (tests.vnext.test_company_processing.SavedProcessingTrustTest.test_changed_runtime_rejected) ... ok
test_exact_trusted_inputs_pass_without_business_calls (tests.vnext.test_company_processing.SavedProcessingTrustTest.test_exact_trusted_inputs_pass_without_business_calls) ... ok
test_nested_input_alias_rejected (tests.vnext.test_company_processing.SavedProcessingTrustTest.test_nested_input_alias_rejected) ... ok
test_sec_or_result_hidden_in_processing_packet_rejected (tests.vnext.test_company_processing.SavedProcessingTrustTest.test_sec_or_result_hidden_in_processing_packet_rejected) ... ok
test_self_rehash_cannot_enroll_or_promote_processing (tests.vnext.test_company_processing.SavedProcessingTrustTest.test_self_rehash_cannot_enroll_or_promote_processing) ... ok
test_worker_cwd_is_external_work_not_development_checkout (tests.vnext.test_company_processing.SavedProcessingTrustTest.test_worker_cwd_is_external_work_not_development_checkout) ... ok
test_wrong_company_rejected (tests.vnext.test_company_processing.SavedProcessingTrustTest.test_wrong_company_rejected) ... ok
test_alias_to_header_is_refused (tests.vnext.test_company_event_census.CompanyEventCensusTest.test_alias_to_header_is_refused) ... ok
test_another_company_is_refused (tests.vnext.test_company_event_census.CompanyEventCensusTest.test_another_company_is_refused) ... ok
test_extra_header_cannot_become_an_installed_census (tests.vnext.test_company_event_census.CompanyEventCensusTest.test_extra_header_cannot_become_an_installed_census) ... ok
test_missing_declared_header_is_refused (tests.vnext.test_company_event_census.CompanyEventCensusTest.test_missing_declared_header_is_refused) ... ok
test_original_window_form_and_predecessor_parsing_is_retained (tests.vnext.test_company_event_census.CompanyEventCensusTest.test_original_window_form_and_predecessor_parsing_is_retained) ... ok
test_rehashed_header_manifest_does_not_enroll_itself (tests.vnext.test_company_event_census.CompanyEventCensusTest.test_rehashed_header_manifest_does_not_enroll_itself) ... ok
test_unauthorized_cik_is_refused (tests.vnext.test_company_event_census.CompanyEventCensusTest.test_unauthorized_cik_is_refused) ... ok
test_changed_period_or_proof_stays_visible_to_strict_checker (tests.vnext.test_company_local.CaptureIdentityTest.test_changed_period_or_proof_stays_visible_to_strict_checker) ... ok
test_changed_text_reference_or_order_receives_no_projection (tests.vnext.test_company_local.CaptureIdentityTest.test_changed_text_reference_or_order_receives_no_projection) ... ok
test_only_observation_identity_changes_with_originals_preserved (tests.vnext.test_company_local.CaptureIdentityTest.test_only_observation_identity_changes_with_originals_preserved) ... ok
test_self_modified_unit_without_valid_identity_is_rejected (tests.vnext.test_company_local.CaptureIdentityTest.test_self_modified_unit_without_valid_identity_is_rejected) ... ok
test_acquire_and_run_keep_the_same_program_and_allowance (tests.vnext.test_company_local.CompanyLocalTest.test_acquire_and_run_keep_the_same_program_and_allowance) ... ok
test_acquire_only_refreshes_once_and_respects_cap (tests.vnext.test_company_local.CompanyLocalTest.test_acquire_only_refreshes_once_and_respects_cap) ... ok
test_acquisition_crash_cannot_be_reported_as_complete (tests.vnext.test_company_local.CompanyLocalTest.test_acquisition_crash_cannot_be_reported_as_complete) ... ok
test_acquisition_failure_exports_old_native_result_without_current_success (tests.vnext.test_company_local.CompanyLocalTest.test_acquisition_failure_exports_old_native_result_without_current_success) ... ok
test_local_reader_selects_only_the_existing_exact_native_specs (tests.vnext.test_company_local.CompanyLocalTest.test_local_reader_selects_only_the_existing_exact_native_specs) ... ok
test_non_latest_period_fails_before_any_egress_or_output (tests.vnext.test_company_local.CompanyLocalTest.test_non_latest_period_fails_before_any_egress_or_output) ... ok
test_relative_alias_rejected_before_resolving (tests.vnext.test_company_local.CompanyLocalTest.test_relative_alias_rejected_before_resolving) ... ok
test_run_has_one_compute_and_complete_status_scope (tests.vnext.test_company_local.CompanyLocalTest.test_run_has_one_compute_and_complete_status_scope) ... ok

----------------------------------------------------------------------
Ran 64 tests in 0.235s

OK
