diff --git a/docs/evidence/issue28_continuous/current-390-d01-integration-20261003/current_view.py b/docs/evidence/issue28_continuous/current-390-d01-integration-20261003/current_view.py
index d8345298..0a2b9f1f 100644
--- a/docs/evidence/issue28_continuous/current-390-d01-integration-20261003/current_view.py
+++ b/docs/evidence/issue28_continuous/current-390-d01-integration-20261003/current_view.py
@@ -11,6 +11,13 @@ from pathlib import Path
 ROOT = Path(__file__).resolve().parents[4]
 BASE = ROOT / 'docs/evidence/issue28_continuous'
 PARENT = BASE / 'd04-remaining-20260922/current-390.json'
+CHECKED_PATH = BASE / 'collab-d01-content-20261002/mechanical-corrected-summary.json'
+REQUIRED_PROOF_PATHS = frozenset({
+    'docs/evidence/issue28_continuous/collab-d01-content-20261002/conclusion.md',
+    str(CHECKED_PATH.relative_to(ROOT)),
+    'docs/evidence/issue28_continuous/collab-d01-content-20261002/mechanical-receipts.md',
+    'docs/evidence/issue28_continuous/collab-d01-page-boundary-20261002/independent-review-865d822/conclusion.md',
+})
 import sys
 sys.path.insert(0, str(ROOT / 'scripts'))
 from vnext.records import validate_record
@@ -24,10 +31,14 @@ def read(path):
     return json.loads(path.read_text())
 
 
-def apply_d01_delta(rows, delta):
+def apply_d01_delta(rows, delta, mechanically_checked):
     if delta['coordinate_count'] != 390 or len(delta['changed_coordinates']) != 2:
         raise ValueError('D01_DELTA_SCOPE_INVALID')
     keys = set()
+    checked = {entry['company_id']: entry for entry in mechanically_checked['results']}
+    if (mechanically_checked['status'] != 'PASS_TWO_EXACT_RUN_COPY_MECHANICAL_RECEIPTS'
+            or len(checked) != 2 or len(mechanically_checked['results']) != 2):
+        raise ValueError('D01_CHECKED_SUMMARY_SCOPE_INVALID')
     for item in delta['changed_coordinates']:
         key = (item['company_id'], item['metric_id'])
         if key in keys or key not in rows or key[1] != 'D01':
@@ -40,11 +51,24 @@ def apply_d01_delta(rows, delta):
         current = deepcopy(item['current_row'])
         native = validate_record(record=item['native_result'])
         receipt = validate_record(record=item['mechanical_receipt'])
+        proof = checked.get(key[0])
+        if proof is None or not proof['original_files_unchanged'] or proof['return_code'] != 0:
+            raise ValueError('D01_CHECKED_SUMMARY_COORDINATE_INVALID')
+        exact = proof['mechanical_result']
         if ((current['company_id'], current['metric_id']) != key
                 or current['implementation_identity']['result_id'] != item['result_id']
                 or item['content_review_result_id'] != item['result_id']
                 or item['mechanical_receipt_status'] != 'PASSED'
                 or native['result_id'] != item['result_id']
+                or (native['company_id'], native['metric_id']) != key
+                or native['period_start'] != current['source_period']['period_start']
+                or native['period_end'] != current['source_period']['period_end']
+                or item['result_id'] != exact['result_id']
+                or current['implementation_identity']['run_id'] != exact['run_id']
+                or current['implementation_identity']['requirement_closure_hash'] != exact['requirement_closure_hash']
+                or current['implementation_identity']['semantic_execution_root'] != proof['installed_code_data_root']
+                or current['implementation_identity']['spec_closure_hash'] != native['spec_closure_hash']
+                or receipt != exact['receipt']
                 or receipt['status'] != 'PASSED'
                 or receipt['validation_receipt_id'] != item['mechanical_receipt_id']
                 or any(current[field] != native[field] for field in
@@ -57,7 +81,7 @@ def apply_d01_delta(rows, delta):
         rows[key] = current
 
 
-def assemble(parent, prior_deltas, d01_delta, defects):
+def assemble(parent, prior_deltas, d01_delta, defects, mechanically_checked):
     rows = {(row['company_id'], row['metric_id']): deepcopy(row) for row in parent['rows']}
     if len(rows) != 390 or parent['coordinate_count'] != 390:
         raise ValueError('CURRENT_INDEX_COORDINATE_SET_INVALID')
@@ -88,7 +112,7 @@ def assemble(parent, prior_deltas, d01_delta, defects):
             row['selected_result_validation_scope'] = 'PRIOR_BOUNDED_DELTA_SCOPE_ONLY'
             row['source_credit'] = 'SEE_SELECTED_BOUNDED_DELTA_ORIGINAL_SCOPE'
             row['selected_evidence'] = {'delta': delta['record_type'], 'coordinate': ':'.join(key)}
-    apply_d01_delta(rows, d01_delta)
+    apply_d01_delta(rows, d01_delta, mechanically_checked)
     withheld = set()
     for defect in defects['defects']:
         key = (defect['company_id'], defect['metric_id'])
@@ -114,6 +138,8 @@ def assemble(parent, prior_deltas, d01_delta, defects):
 
 def load_current_view():
     d01 = read(Path(__file__).with_name('delta.json'))
+    if set(d01['proof_file_sha256']) != REQUIRED_PROOF_PATHS:
+        raise ValueError('D01_REQUIRED_PROOF_SET_CHANGED')
     prior_paths = [BASE / 'current-390-three-coordinate-delta-20260927/delta.json',
                    BASE / 'current-390-southwest-c04-20260927/delta.json']
     for delta in [d01, *map(read, prior_paths)]:
@@ -127,7 +153,7 @@ def load_current_view():
         if digest(ROOT / relative) != expected:
             raise ValueError('D01_CURRENT_PROOF_BYTES_CHANGED:' + relative)
     return assemble(read(PARENT), list(map(read, prior_paths)), d01,
-                    read(BASE / 'known_result_defects.json'))
+                    read(BASE / 'known_result_defects.json'), read(CHECKED_PATH))
 
 
 if __name__ == '__main__':
diff --git a/docs/evidence/issue28_continuous/current-390-d01-integration-20261003/test_current_view.py b/docs/evidence/issue28_continuous/current-390-d01-integration-20261003/test_current_view.py
index 5f844d05..b8466d2b 100644
--- a/docs/evidence/issue28_continuous/current-390-d01-integration-20261003/test_current_view.py
+++ b/docs/evidence/issue28_continuous/current-390-d01-integration-20261003/test_current_view.py
@@ -1,7 +1,9 @@
 from copy import deepcopy
 import unittest
+from unittest.mock import patch
 
-from current_view import BASE, PARENT, assemble, read
+import current_view
+from current_view import BASE, PARENT, CHECKED_PATH, assemble, read
 
 
 class CurrentViewTest(unittest.TestCase):
@@ -10,9 +12,19 @@ class CurrentViewTest(unittest.TestCase):
         self.parent = read(PARENT)
         self.delta = read(Path(__file__).with_name('delta.json'))
         self.defects = read(BASE / 'known_result_defects.json')
+        self.checked = read(CHECKED_PATH)
 
     def view(self, delta=None, defects=None):
-        return assemble(self.parent, [], delta or self.delta, defects or self.defects)
+        return assemble(self.parent, [], delta or self.delta, defects or self.defects, self.checked)
+
+    def real_load(self, changed_delta):
+        from pathlib import Path
+        target = Path(current_view.__file__).with_name('delta.json')
+        original_read = current_view.read
+        def altered_read(path):
+            return changed_delta if path == target else original_read(path)
+        with patch.object(current_view, 'read', side_effect=altered_read):
+            return current_view.load_current_view()
 
     def test_two_fixed_results_selected_without_releasing_original_bad_ids(self):
         result = self.view()
@@ -72,6 +84,39 @@ class CurrentViewTest(unittest.TestCase):
         self.assertIsNone(row['value'])
         self.assertEqual('WITHHELD_KNOWN_RESULT_DEFECT', row['current_display_status'])
 
+    def test_real_reader_refuses_valid_other_company_receipt(self):
+        delta = deepcopy(self.delta)
+        first, other = delta['changed_coordinates']
+        first['mechanical_receipt'] = deepcopy(other['mechanical_receipt'])
+        first['mechanical_receipt_id'] = other['mechanical_receipt_id']
+        with self.assertRaisesRegex(ValueError, 'D01_DELTA_VALIDATION_IDENTITY_INVALID'):
+            self.real_load(delta)
+
+    def test_real_reader_refuses_new_result_paired_with_old_run(self):
+        delta = deepcopy(self.delta)
+        item = delta['changed_coordinates'][0]
+        prior = next(row for row in self.parent['rows'] if row['company_id'] == item['company_id'] and row['metric_id'] == 'D01')
+        item['current_row']['implementation_identity']['run_id'] = prior['implementation_identity']['run_id']
+        with self.assertRaisesRegex(ValueError, 'D01_DELTA_VALIDATION_IDENTITY_INVALID'):
+            self.real_load(delta)
+
+    def test_real_reader_refuses_other_company_native_result(self):
+        delta = deepcopy(self.delta)
+        first, other = delta['changed_coordinates']
+        for field in ('result_id', 'content_review_result_id', 'mechanical_receipt', 'mechanical_receipt_id', 'native_result'):
+            first[field] = deepcopy(other[field])
+        first['current_row']['implementation_identity'] = deepcopy(other['current_row']['implementation_identity'])
+        for field in ('value', 'unit', 'quality', 'applicability', 'reason_code'):
+            first['current_row'][field] = other['current_row'][field]
+        with self.assertRaisesRegex(ValueError, 'D01_DELTA_VALIDATION_IDENTITY_INVALID'):
+            self.real_load(delta)
+
+    def test_required_mechanical_proof_cannot_be_omitted(self):
+        delta = deepcopy(self.delta)
+        del delta['proof_file_sha256'][str(CHECKED_PATH.relative_to(current_view.ROOT))]
+        with self.assertRaisesRegex(ValueError, 'D01_REQUIRED_PROOF_SET_CHANGED'):
+            self.real_load(delta)
+
 
 if __name__ == '__main__':
     unittest.main()
