[current_view.py]
current_matches_reviewed_commit=True; sha256=40552866cd912f605a6b02756014699a7f9172b6c8140c528358613b9257b4c4
"""Read the existing 390 index, its finite deltas and precise defect register.

This is a development evidence view, not a producer, new ledger or publication.
Unchanged coordinates retain their prior scope; no global acceptance is granted.
"""
from copy import deepcopy
import hashlib
import json
from pathlib import Path

ROOT = Path(__file__).resolve().parents[4]
BASE = ROOT / 'docs/evidence/issue28_continuous'
PARENT = BASE / 'd04-remaining-20260922/current-390.json'
CHECKED_PATH = BASE / 'collab-d01-content-20261002/mechanical-corrected-summary.json'
REQUIRED_PROOF_PATHS = frozenset({
    'docs/evidence/issue28_continuous/collab-d01-content-20261002/conclusion.md',
    str(CHECKED_PATH.relative_to(ROOT)),
    'docs/evidence/issue28_continuous/collab-d01-content-20261002/mechanical-receipts.md',
    'docs/evidence/issue28_continuous/collab-d01-page-boundary-20261002/independent-review-865d822/conclusion.md',
})
import sys
sys.path.insert(0, str(ROOT / 'scripts'))
from vnext.records import validate_record


def digest(path):
    return hashlib.sha256(path.read_bytes()).hexdigest()


def read(path):
    return json.loads(path.read_text())


def apply_d01_delta(rows, delta, mechanically_checked):
    if delta['coordinate_count'] != 390 or len(delta['changed_coordinates']) != 2:
        raise ValueError('D01_DELTA_SCOPE_INVALID')
    keys = set()
    checked = {entry['company_id']: entry for entry in mechanically_checked['results']}
    if (mechanically_checked['status'] != 'PASS_TWO_EXACT_RUN_COPY_MECHANICAL_RECEIPTS'
            or len(checked) != 2 or len(mechanically_checked['results']) != 2):
        raise ValueError('D01_CHECKED_SUMMARY_SCOPE_INVALID')
    for item in delta['changed_coordinates']:
        key = (item['company_id'], item['metric_id'])
        if key in keys or key not in rows or key[1] != 'D01':
            raise ValueError('D01_DELTA_COORDINATE_INVALID')
        keys.add(key)
        prior = rows[key]
        if (prior['implementation_identity']['result_id'] != item['prior_result_id']
                or prior['source_period'] != item['current_row']['source_period']):
            raise ValueError('D01_DELTA_PREDECESSOR_OR_PERIOD_CHANGED')
        current = deepcopy(item['current_row'])
        native = validate_record(record=item['native_result'])
        receipt = validate_record(record=item['mechanical_receipt'])
        proof = checked.get(key[0])
        if proof is None or not proof['original_files_unchanged'] or proof['return_code'] != 0:
            raise ValueError('D01_CHECKED_SUMMARY_COORDINATE_INVALID')
        exact = proof['mechanical_result']
        if ((current['company_id'], current['metric_id']) != key
                or current['implementation_identity']['result_id'] != item['result_id']
                or item['content_review_result_id'] != item['result_id']
                or item['mechanical_receipt_status'] != 'PASSED'
                or native['result_id'] != item['result_id']
                or (native['company_id'], native['metric_id']) != key
                or native['period_start'] != current['source_period']['period_start']
                or native['period_end'] != current['source_period']['period_end']
                or item['result_id'] != exact['result_id']
                or current['implementation_identity']['run_id'] != exact['run_id']
                or current['implementation_identity']['requirement_closure_hash'] != exact['requirement_closure_hash']
                or current['implementation_identity']['semantic_execution_root'] != proof['installed_code_data_root']
                or current['implementation_identity']['spec_closure_hash'] != native['spec_closure_hash']
                or receipt != exact['receipt']
                or receipt['status'] != 'PASSED'
                or receipt['validation_receipt_id'] != item['mechanical_receipt_id']
                or any(current[field] != native[field] for field in
                       ('value', 'unit', 'quality', 'applicability', 'reason_code'))
                or current['quality'] != 'EXACT'
                or current['formal_adoption_or_active_credit'] is not False):
            raise ValueError('D01_DELTA_VALIDATION_IDENTITY_INVALID')
        current['evidence_history'] = [*prior['evidence_history'], prior['selected_evidence']]
        current['selected_result_validation_scope'] = 'SAVED_SCOPE_CONTENT_AND_MECHANICAL_RECEIPT_VALIDATED'
        rows[key] = current


def assemble(parent, prior_deltas, d01_delta, defects, mechanically_checked):
    rows = {(row['company_id'], row['metric_id']): deepcopy(row) for row in parent['rows']}
    if len(rows) != 390 or parent['coordinate_count'] != 390:
        raise ValueError('CURRENT_INDEX_COORDINATE_SET_INVALID')
    original_keys = set(rows)
    for delta in prior_deltas:
        if delta['coordinate_count'] != 390:
            raise ValueError('PRIOR_DELTA_COORDINATE_SET_INVALID')
        entries = delta.get('changed_coordinates', [delta])
        for item in entries:
            key = (item['company_id'], item['metric_id'])
            row = rows[key]
            identity = row['implementation_identity']
            previous = item.get('prior_result_id')
            if previous and identity.get('result_id') != previous:
                raise ValueError('PRIOR_DELTA_PREDECESSOR_CHANGED')
            row['prior_implementation_identity'] = deepcopy(identity)
            row['implementation_identity'] = {
                'result_id': item.get('current_result_id', item.get('result_id')),
                # A delta without the new Run's identity cannot inherit the old Run.
                'run_id': item.get('current_run_id', item.get('run_id')),
                'identity_scope': 'ONLY_FIELDS_EXPLICITLY_RECORDED_BY_PRIOR_DELTA',
            }
            row['result_category'] = item['current_category']
            if 'current_value' in item or 'value' in item:
                row['value'] = item.get('current_value', item.get('value'))
            if 'reason_code' in item:
                row['reason_code'] = item['reason_code']
            row['selected_result_validation_scope'] = 'PRIOR_BOUNDED_DELTA_SCOPE_ONLY'
            row['source_credit'] = 'SEE_SELECTED_BOUNDED_DELTA_ORIGINAL_SCOPE'
            row['selected_evidence'] = {'delta': delta['record_type'], 'coordinate': ':'.join(key)}
    apply_d01_delta(rows, d01_delta, mechanically_checked)
    withheld = set()
    for defect in defects['defects']:
        key = (defect['company_id'], defect['metric_id'])
        result_id = rows[key]['implementation_identity'].get('result_id')
        # The register keeps the defective identity; releases describe separately
        # verified successors and cannot clear that original content identity.
        if result_id and result_id == defect.get('result_id'):
            row = rows[key]
            row['value'] = None
            row['current_display_status'] = 'WITHHELD_KNOWN_RESULT_DEFECT'
            row['selected_result_validation_scope'] = 'KNOWN_DEFECT_NO_CURRENT_CREDIT'
            row.setdefault('current_defect_ids', []).append(defect['defect_id'])
            withheld.add(key)
    if set(rows) != original_keys:
        raise ValueError('CURRENT_VIEW_CHANGED_DENOMINATOR')
    return {'record_type': 'ISSUE28_EXISTING_390_DEVELOPMENT_VIEW', 'coordinate_count': 390,
            'rows': list(rows.values()), 'selected_known_defect_coordinate_count': len(withheld),
            'selected_saved_scope_D01_restorations': 2,
            'other_coordinates_newly_validated_by_this_delta': False,
            'full_current_head_reexecution': False, 'all390_acceptance': False,
            'production_authorized': False, 'new_business_calls': [0, 0, 0]}


def load_current_view():
    d01 = read(Path(__file__).with_name('delta.json'))
    if set(d01['proof_file_sha256']) != REQUIRED_PROOF_PATHS:
        raise ValueError('D01_REQUIRED_PROOF_SET_CHANGED')
    prior_paths = [BASE / 'current-390-three-coordinate-delta-20260927/delta.json',
                   BASE / 'current-390-southwest-c04-20260927/delta.json']
    for delta in [d01, *map(read, prior_paths)]:
        if delta['parent_index_sha256'] != digest(PARENT):
            raise ValueError('CURRENT_VIEW_PARENT_BYTES_CHANGED')
        for item in delta.get('changed_coordinates', []):
            for relative, expected in item.get('source_summary_sha256', {}).items():
                if digest(ROOT / relative) != expected:
                    raise ValueError('PRIOR_DELTA_PROOF_BYTES_CHANGED:' + relative)
    for relative, expected in d01['proof_file_sha256'].items():
        if digest(ROOT / relative) != expected:
            raise ValueError('D01_CURRENT_PROOF_BYTES_CHANGED:' + relative)
    return assemble(read(PARENT), list(map(read, prior_paths)), d01,
                    read(BASE / 'known_result_defects.json'), read(CHECKED_PATH))


if __name__ == '__main__':
    import sys
    result = load_current_view()
    output = Path(sys.argv[1])
    if not output.is_absolute() or output == ROOT or ROOT in output.parents:
        raise ValueError('VIEW_OUTPUT_MUST_BE_EXTERNAL')
    output.write_text(json.dumps(result, ensure_ascii=False, indent=2) + '\n')
    print(json.dumps({key: value for key, value in result.items() if key != 'rows'}, indent=2))


[test_current_view.py]
current_matches_reviewed_commit=True; sha256=fed511407f3600aeea3e29c7668247b1c90ca1b85cc15b6508c1532f397247d7
from copy import deepcopy
import unittest
from unittest.mock import patch

import current_view
from current_view import BASE, PARENT, CHECKED_PATH, assemble, read


class CurrentViewTest(unittest.TestCase):
    def setUp(self):
        from pathlib import Path
        self.parent = read(PARENT)
        self.delta = read(Path(__file__).with_name('delta.json'))
        self.defects = read(BASE / 'known_result_defects.json')
        self.checked = read(CHECKED_PATH)

    def view(self, delta=None, defects=None):
        return assemble(self.parent, [], delta or self.delta, defects or self.defects, self.checked)

    def real_load(self, changed_delta):
        from pathlib import Path
        target = Path(current_view.__file__).with_name('delta.json')
        original_read = current_view.read
        def altered_read(path):
            return changed_delta if path == target else original_read(path)
        with patch.object(current_view, 'read', side_effect=altered_read):
            return current_view.load_current_view()

    def test_two_fixed_results_selected_without_releasing_original_bad_ids(self):
        result = self.view()
        self.assertEqual(390, result['coordinate_count'])
        self.assertEqual(17, result['selected_known_defect_coordinate_count'])
        self.assertFalse(result['all390_acceptance'])
        for replacement in self.delta['changed_coordinates']:
            row = next(r for r in result['rows'] if r['company_id'] == replacement['company_id'] and r['metric_id'] == 'D01')
            self.assertEqual(replacement['result_id'], row['implementation_identity']['result_id'])
            self.assertEqual('SAVED_SCOPE_CONTENT_AND_MECHANICAL_RECEIPT_VALIDATED', row['selected_result_validation_scope'])

    def test_known_bad_unchanged_result_is_withheld(self):
        row = next(r for r in self.view()['rows'] if r['company_id'] == 'pfizer' and r['metric_id'] == 'E01')
        self.assertIsNone(row['value'])
        self.assertEqual('WITHHELD_KNOWN_RESULT_DEFECT', row['current_display_status'])

    def test_wrong_content_read_identity_cannot_grant_credit(self):
        delta = deepcopy(self.delta)
        delta['changed_coordinates'][0]['content_review_result_id'] = delta['changed_coordinates'][0]['prior_result_id']
        with self.assertRaisesRegex(ValueError, 'D01_DELTA_VALIDATION_IDENTITY_INVALID'):
            self.view(delta)

    def test_failed_receipt_or_changed_period_cannot_grant_credit(self):
        for kind in ('receipt', 'period'):
            with self.subTest(kind=kind):
                delta = deepcopy(self.delta)
                if kind == 'receipt':
                    delta['changed_coordinates'][0]['mechanical_receipt_status'] = 'NOT_RUN'
                else:
                    delta['changed_coordinates'][0]['current_row']['source_period']['fiscal_year'] = 2024
                with self.assertRaises(ValueError):
                    self.view(delta)

    def test_duplicate_coordinate_does_not_fill_denominator(self):
        delta = deepcopy(self.delta)
        delta['changed_coordinates'][1] = deepcopy(delta['changed_coordinates'][0])
        with self.assertRaisesRegex(ValueError, 'D01_DELTA_COORDINATE_INVALID'):
            self.view(delta)

    def test_changed_display_cannot_keep_native_result_credit(self):
        delta = deepcopy(self.delta)
        delta['changed_coordinates'][0]['current_row']['value'] = 'A made-up risk title'
        with self.assertRaisesRegex(ValueError, 'D01_DELTA_VALIDATION_IDENTITY_INVALID'):
            self.view(delta)

    def test_tampered_native_body_cannot_keep_original_result_identity(self):
        delta = deepcopy(self.delta)
        delta['changed_coordinates'][0]['native_result']['value'] = 'A made-up risk title'
        with self.assertRaises(ValueError):
            self.view(delta)

    def test_successor_release_does_not_clear_selected_original_bad_identity(self):
        defects = deepcopy(self.defects)
        defect = next(d for d in defects['defects'] if d['company_id'] == 'pfizer' and d['metric_id'] == 'E01')
        defect['released'] = [{'result_id': 'sha256:' + 'a' * 64, 'scope': 'separately verified successor'}]
        row = next(r for r in self.view(defects=defects)['rows'] if r['company_id'] == 'pfizer' and r['metric_id'] == 'E01')
        self.assertIsNone(row['value'])
        self.assertEqual('WITHHELD_KNOWN_RESULT_DEFECT', row['current_display_status'])

    def test_real_reader_refuses_valid_other_company_receipt(self):
        delta = deepcopy(self.delta)
        first, other = delta['changed_coordinates']
        first['mechanical_receipt'] = deepcopy(other['mechanical_receipt'])
        first['mechanical_receipt_id'] = other['mechanical_receipt_id']
        with self.assertRaisesRegex(ValueError, 'D01_DELTA_VALIDATION_IDENTITY_INVALID'):
            self.real_load(delta)

    def test_real_reader_refuses_new_result_paired_with_old_run(self):
        delta = deepcopy(self.delta)
        item = delta['changed_coordinates'][0]
        prior = next(row for row in self.parent['rows'] if row['company_id'] == item['company_id'] and row['metric_id'] == 'D01')
        item['current_row']['implementation_identity']['run_id'] = prior['implementation_identity']['run_id']
        with self.assertRaisesRegex(ValueError, 'D01_DELTA_VALIDATION_IDENTITY_INVALID'):
            self.real_load(delta)

    def test_real_reader_refuses_other_company_native_result(self):
        delta = deepcopy(self.delta)
        first, other = delta['changed_coordinates']
        for field in ('result_id', 'content_review_result_id', 'mechanical_receipt', 'mechanical_receipt_id', 'native_result'):
            first[field] = deepcopy(other[field])
        first['current_row']['implementation_identity'] = deepcopy(other['current_row']['implementation_identity'])
        for field in ('value', 'unit', 'quality', 'applicability', 'reason_code'):
            first['current_row'][field] = other['current_row'][field]
        with self.assertRaisesRegex(ValueError, 'D01_DELTA_VALIDATION_IDENTITY_INVALID'):
            self.real_load(delta)

    def test_required_mechanical_proof_cannot_be_omitted(self):
        delta = deepcopy(self.delta)
        del delta['proof_file_sha256'][str(CHECKED_PATH.relative_to(current_view.ROOT))]
        with self.assertRaisesRegex(ValueError, 'D01_REQUIRED_PROOF_SET_CHANGED'):
            self.real_load(delta)


if __name__ == '__main__':
    unittest.main()


[README.md]
current_matches_reviewed_commit=True; sha256=7a1eaa53c27c7eddb6f57e4949c889eb8d4142d00228613517f9fd3f8604e1af
# D01 两个修后结果接入既有390读取视图

只读既有 `d04-remaining-20260922/current-390.json`、此前D04/C04三个坐标及Southwest C04的有限差异，再接本目录两个D01差异；不是重建历史运行、全量重验或另设管理账本。旧390索引与旧Run/Result保持，视图写外部临时文件，不改正式矩阵、active或生产。

Paramount FY2025和Marriott FY2025的当前选择分别从旧a7a52ae7/6077181e改为6795449b/99c76e50。新标题全文直接取原native METRIC_RESULT，其内容ID由既有严格记录验证器重算；限定独立原件复核精确覆盖这两份Result和完整Item1A标题，原安装V1307704504的两份Run副本已通过七项机械检查。原NOT_RUN收据不改，新PASSED收据只在独立副本。build_delta.py逐个核原记录/manifest、各收据绑定的原文件、期间、原件阅读身份及38项文字；不靠公司名、测试预期或Result内部PUBLISHED授信。

读取视图实际选用两份修后结果，其他已登记差异只保留其原有有限范围。此前差异没有提供新Run/规则身份的字段保留null，不继承旧Run来拼接新Result；其他坐标没有从本次检查获得新信用。已确认仍选中旧错误身份的17个坐标在视图中扣留数值，并列确切defect_id；原登记的19个旧坐标/27个旧Result扣留记录没有被删除或“修好”。17是本次选择后的已知错误数，不是全部剩余问题数；未审/未实现和B13/D03等责任仍留在原队列。两个D01完整当前保存来源候选恢复不等于新增39指标公司，不能据此报完整390成功。

正常读取生成完整390视图，分母和坐标集合保持。8项有限正反通过：旧错未选但仍保存、无关错误仍扣留、错阅读身份、失败收据、改期间、重复坐标、假展示、改native正文不能保留成功身份。对本次新来源/算法没有大测试依赖，不运行已通过长材料；current_view.py不在V13/V14的执行/规则绑定中，当前身份和共享接口默认不改。新索引接入的独立差异复核仍须按精确SHA登记，父方测试不冒充独审。

所有动作是读已保存来源/运行及已有证明，无SEC/provider/paid请求、重签、生产采纳或冻结。原件阅读属于原独立报告，本段父方没有再次逐字审阅；机械收据来自本方实际副本执行。记录格式、视图输出和八项检查分别说明，不把相互引用的哈希当成全Issue业务验收。

接收方登记的released列表记录经另行验证的后继，不清除原错误内容ID；新增对照确保该列表非空时旧错仍扣留。实际正反8/8通过，原7项日志保留。

7d1202b限定独审NEEDS_FIX，原结论保留：各对象自身ID有效仍不能证明公司、Run、Result与收据属于同一条。正常读取器现从必须存在且哈希固定的机械汇总读取精确条目，联核原生主体/指标/日期、Run/Result/需求及执行根、收据全对象与显示字段；删去必需证明也拒绝。三个独立反例已加入真实load_current_view入口回归，12/12通过，正常390读取/原native绑定复核通过。修后仅审新增绑定增量，原内容和机械长链不重跑；修后限定独审结论另记，父方12项不冒充独审。


[independent-review-7d1202b/conclusion.md]
current_matches_reviewed_commit=True; sha256=fb90e00e1de29f76b335d96a0cd03a0b2179fecac290b9edd74d100a47fd7813
# 7d1202b D01 两坐标与390读取视图限定独立审阅

结论：**NEEDS_FIX（1项P2，限于新读取器的证据身份接线）**。已提交的两份D01映射实际正确；缺口是正常读取入口仍能给不属于该坐标或Run的有效对象授予“内容和机械收据已验证”状态。本结论不否定此前两个精确保存结果的内容核对或机械收据，不审全部PR，也不授予390整体或生产信用。

- 补丁：`7d1202b06f426ed3fc479c7be4f075327267971e`。
- 增量base：`a31342deb658bc7b1b0b65b5307eb24be4f55e51`。
- UTC开始：`2026-10-02T22:51:49.987910+00:00`。
- UTC结束：`2026-10-02T22:56:54.366510+00:00`。
- 实际工具调用：**16**（outer 6次functions.exec + nested 9次exec_command + 1次collaboration.send_message）；普通消息**3**（开工告知、一次父方进展消息、最终报告），问题0，最终报告1。

## P2：读取器验证对象自身的ID，未共同绑定公司、期间、Run、Result和收据

位置：`current_view.py:41–54`及`119–129`。`validate_record`确认原生Result和收据各自的内容ID；现有条件同时比较了若干数值/质量字段，却没有核对原生Result的company_id/metric_id/期间与行的坐标和期间，也没有将行的run_id、所选Result ID和收据与已哈希固定的`mechanical-corrected-summary.json`条目共同核对。`content_review_result_id`只是delta中另一个自报字符串；证明文件哈希一致并不检查它与具体条目之间的关系。

有限反例均仅在内存中改delta，由正常`load_current_view()`读取，其他证明文件和哈希检查保持；未改仓库产品文件、未伪造对象哈希、未重跑安装验证：

1. Paramount条目的原生Result、行和Run不变，只把`mechanical_receipt`及`mechanical_receipt_id`换为Marriott的真实PASSED收据。读取入口接受并标为`SAVED_SCOPE_CONTENT_AND_MECHANICAL_RECEIPT_VALIDATED`。
2. Paramount的新Result与收据不变，只把行的run_id换为原390里的旧Run `run:ordinary-integrated:3db326b2b92a7d79b139bd291b19a38e5b8c89e1143b8df6905f0b50fff904b3`。入口仍接受并授同一状态。
3. Paramount坐标和前驱保留，换入Marriott的真实原生Result、对应ID/收据和显示字段。入口仍接受，输出的Paramount坐标选中Marriott Result `sha256:99c76e50d0fb19cd6116a80350a6f1ca38924b5731e812695484d28381b348f8`，原生company_id明确仍为`marriott_international`。

因此，八项现有测试通过不证明本入口完整执行了README声称的具体证据接线。最小修复是在正常读取入口使用已固定哈希的机械汇总，逐条绑定公司、精确Result ID、Run ID、收据，以及原生Result的主体/指标/日期；不需要重新执行原安装验证或扩建登记系统。将上述三个短反例加入拒错验证即可。

## 已完成的限定正向核对

- 两个已提交D01条目各自的原生正文，与原attempt的records.jsonl中精确Result逐字段相同；主体、D01、FY2025起止日期、manifest目标期间、Run ID、Result ID、机械汇总和嵌入收据均实际一致。
- Paramount选定`sha256:6795449bafa12651099b226e569ad3b2882f72a89cd317adb559c8096058afdd`，Marriott选定`sha256:99c76e50d0fb19cd6116a80350a6f1ca38924b5731e812695484d28381b348f8`。各38项文字的独立原件阅读身份来自已保存conclusion.md；本次没有再次逐字审阅76条标题。
- `build_delta.py`只读检查通过`PASS_TWO_COORDINATE_NATIVE_PROOF_BINDING`；未执行validate_run或长链。两份原安装收据只读取机械报告与汇总，原件阅读和机械执行的责任边界清楚。
- 已注册defects数组与base逐字段完全相同（当前数组28条、28个不同Result身份、20个坐标；历史19坐标/27旧Result的说明未当作当前全数组计数）。两个旧D01错误身份仍在数组里。release列表非空时旧错误仍扣留的现有反例通过。
- 正常视图正好390行、390个唯一坐标，坐标集合与原索引完全相同。17个当前选中错误身份的坐标逐个与登记相符且value为null；不是全部剩余问题数。
- 相对原索引，367行逐字段不变；其他23行为4个既有有限差异、2个D01替换和17个错误身份扣留，未把其他坐标新授信用。
- Marriott C04后继没有明确新Run时显示run_id=null，未继承旧Run；Southwest C04和两个D04均只使用其delta明确给出的新Run。其scope保持`PRIOR_BOUNDED_DELTA_SCOPE_ONLY`。
- 原390及两个prior delta的实际SHA-256与input-bytes.json逐项一致。显示统计明示all390_acceptance=false、full_current_head_reexecution=false、production_authorized=false；两个恢复不算完整39项公司或新业务调用。

## 操作及短测日志

1. functions.exec + exec_command（累计2）：读取UTC开始、status、固定HEAD和增量stat；轻量检索memory登记只发现旧历史D01/UI条目，本结论未采用它们。
2. functions.exec + 2个exec_command（累计5）：固定SHA读取新四文件和缺陷登记diff；只读实时Issue28，确认本次仍属于既有390准备范围。未向Issue/PR发表评论。
3. functions.exec + exec_command（累计7）：读取本次delta、指定三份D01内容/机械材料、原390引用及两个prior delta，不重读未变长材料。
4. functions.exec + 2个exec_command（累计10）：短单测和三项内存反例。
5. collaboration.send_message（累计11）：向父方报告上述接线缺口，没有外部消息。
6. functions.exec + 2个exec_command（累计14）：只读build_delta检查；从固定SHA装入读取器，核对390集合、defect原数组、原字节摘要、两份实际完整绑定。
7. functions.exec + exec_command（累计16）：只写本文件并核对落盘，未改产品代码。

授权短测：
```text
/private/tmp/issue28-tokenizers-venv/bin/python -B -m unittest -q test_current_view
Ran 8 tests in 0.074s
OK
```

只读生成绑定核对：
```text
/private/tmp/issue28-tokenizers-venv/bin/python -B build_delta.py
PASS_TWO_COORDINATE_NATIVE_PROOF_BINDING
parent_bytes_retained=true
new_calls=[0,0,0]
```

独立反例：
```text
valid_other_company_receipt: ACCEPTED（应拒绝）
new_D01_result_with_old_Run: ACCEPTED（应拒绝）
other_company_native_result: ACCEPTED（应拒绝）
三个输出均为SAVED_SCOPE_CONTENT_AND_MECHANICAL_RECEIPT_VALIDATED
```

独立集合与身份核对：
```text
DENOMINATOR 390 390 390 390; KEY_SET_UNCHANGED=True
REGISTER_DEFECT_ARRAY_UNCHANGED=True
WITHHELD_SELECTED=17; EXACT_SELECTED_DEFECT_ID_MATCH=True
UNTOUCHED_ROWS_EXACT_BYTES_SEMANTICS=367
PRIOR_INPUT_HASH checks: 3/3 True
COMMITTED_D01_ACTUAL_BINDINGS: company/metric/period/run/result/receipt/native_body 全True（两坐标）
FIXED_HEAD=7d1202b06f426ed3fc479c7be4f075327267971e
```

未覆盖：任意新来源、新版式、其他D01内容正确性、390全量重执行、全部PR、CI、provider/SEC业务执行、生产采纳。本次未spawn、commit/push、发业务请求、重跑长材料/全fast或触碰#47/#54现场及账本。开工已有execution-state.json本地修改，本审阅未修改它。


[docs/evidence/issue28_continuous/current-390-d01-integration-20261003/delta.json]
current_matches_reviewed_commit=True; sha256=37b3aa2853874bef0afe4b8d535a63dac2d17780980ef3b931996bb1ded080a5
{
  "record_type": "ISSUE28_CURRENT_390_D01_TWO_COORDINATE_DELTA",
  "parent_index": "docs/evidence/issue28_continuous/d04-remaining-20260922/current-390.json",
  "parent_index_sha256": "d480b0da463ac83d5b7a02fa9b1a89943f65ee1829e7cf31e43050fe0f78661f",
  "coordinate_count": 390,
  "changed_coordinates": [
    {
      "company_id": "paramount_skydance_paramount_global",
      "metric_id": "D01",
      "prior_result_id": "sha256:a7a52ae7df0eb150b4cc6cf66c08b508056febcfbd013ea7a9ec85026c144cca",
      "result_id": "sha256:6795449bafa12651099b226e569ad3b2882f72a89cd317adb559c8096058afdd",
      "content_review_result_id": "sha256:6795449bafa12651099b226e569ad3b2882f72a89cd317adb559c8096058afdd",
      "mechanical_receipt_status": "PASSED",
      "mechanical_receipt_id": "sha256:41c68b06bab8b269ea8fbc85b3e35d57d0004b48d76fe971b926e0cf106d2d65",
      "native_result": {
        "applicability": "APPLICABLE",
        "company_id": "paramount_skydance_paramount_global",
        "metric_id": "D01",
        "period_end": "2025-12-31",
        "period_start": "2025-01-01",
        "publication": "PUBLISHED",
        "quality": "EXACT",
        "reason_code": "PASS",
        "record_type": "METRIC_RESULT",
        "result_id": "sha256:6795449bafa12651099b226e569ad3b2882f72a89cd317adb559c8096058afdd",
        "scope_key": "sha256:f3c8407f8a8d60bfc7a88166339aa7506ff9e37a0df59342f9a62d99ef98c0a6",
        "spec_closure_hash": "sha256:2cf616ccdb70214edf453184505f984279be5cfa9fd0b966993eeb70b767b400",
        "text_payload": {
          "approval_effect_hash": "sha256:c4218caad5575446d3ea670e9f88e429d608538e0f1470578d3e2bb19ca3f041",
          "candidate_hash": "sha256:817401f7905528f2f403baaa065d81b4b360af37b508c2a84a7a20823f492c46",
          "content_kind": "SOURCE_EXCERPTS",
          "coverage_hashes": [
            "sha256:200b342167b20f2d56f734d525a58ac2219e80bf6a6ed2546804d3f6bcefa31a"
          ],
          "items": [
            {
              "observation_id": "sha256:51b20d9ddfa5ec73a576fbbb6b9398a3373ceb4face4d132d2d9a76723f1dc2b",
              "order": 0,
              "role": "excerpt_0",
              "text": "Risks Relating to Our Business and Industry"
            },
            {
              "observation_id": "sha256:a86ca68d2a62dbfd7aaff99864c059c714a9ab8c0611e841ec656c4cabc77f70",
              "order": 1,
              "role": "excerpt_1",
              "text": "If our streaming business is unsuccessful, our business, financial condition or results of operations could be adversely affected."
            },
            {
              "observation_id": "sha256:62693c798cbd56c056da13922779611fb8a1e51d38a055fecfb2c0bc9b27e4cd",
              "order": 2,
              "role": "excerpt_2",
              "text": "Our advertising revenues have been and may continue to be adversely impacted by several factors, including changes in consumer behavior and advertising market conditions."
            },
            {
              "observation_id": "sha256:6922555a36d6fad23d00d60253e6da0218c4375fb1f5e6e3f70db669269bc999",
              "order": 3,
              "role": "excerpt_3",
              "text": "We operate in highly competitive and dynamic industries and our business, financial condition or results of operations could be adversely affected if we do not compete effectively."
            },
            {
              "observation_id": "sha256:f95caa000734dbd7c145db2bf5a3ff065090a6be26cb766c73de7a4f0d77e0c1",
              "order": 4,
              "role": "excerpt_4",
              "text": "The unpredictable and constantly shifting nature of consumer behavior, as well as evolving technologies and distribution models, have affected, and could continue to adversely affect, our business, financial condition or results of operations."
            },
            {
              "observation_id": "sha256:42b6cedf2438cbd063fc849b846255a8ed2bdb867a3af0d028af6965c0f80f04",
              "order": 5,
              "role": "excerpt_5",
              "text": "Decisions to invest in new businesses, products, services and technologies, and the evolution of our business strategy, could adversely affect our business, financial condition or results of operations."
            },
            {
              "observation_id": "sha256:d992433ec354a551e20180faf768a733e258a0525fa592c5bca38e3f78b26e79",
              "order": 6,
              "role": "excerpt_6",
              "text": "The loss of affiliation and distribution agreements, renewals on less favorable terms or adverse interpretations thereof could have an adverse effect on our business, financial condition or results of operations."
            },
            {
              "observation_id": "sha256:8918cf6e3131bd8f481ff1f47482f2c5d02c2f998b984f33f7db7f03b44975d9",
              "order": 7,
              "role": "excerpt_7",
              "text": "Damage to our reputation or brands could adversely affect our business, financial condition or results of operations."
            },
            {
              "observation_id": "sha256:c6f92609a4e037854b6b0cff698775e35d64bdd744f6a94b34a48e1e0f5c0a40",
              "order": 8,
              "role": "excerpt_8",
              "text": "Losses due to asset impairment charges for goodwill, content and long-lived assets, including finite-lived intangible assets, could have an adverse effect on our business, financial condition or results of operations."
            },
            {
              "observation_id": "sha256:4ab34ee1e98bcfc19715650fb61d565f9ddc7bf5c56ca5d87e7c8e1b35191fd5",
              "order": 9,
              "role": "excerpt_9",
              "text": "Our liabilities related to discontinued operations and former businesses could adversely affect our business, financial condition or results of operations."
            },
            {
              "observation_id": "sha256:5947b3688849efc5347b9b12a6d5fe746d13f00ea2eee329e7c73495c3a5e473",
              "order": 10,
              "role": "excerpt_10",
              "text": "Increasing scrutiny of, and evolving expectations for, sustainability initiatives could increase costs, harm our reputation or otherwise adversely impact our business, financial condition or results of operations."
            },
            {
              "observation_id": "sha256:c4b0d5c45a44e29ec66bbf158490e9f2b646bd33aea60f3c0599703889c9610a",
              "order": 11,
              "role": "excerpt_11",
              "text": "Risks Relating to Business Continuity, Cybersecurity and Privacy and Data Protection"
            },
            {
              "observation_id": "sha256:029c950faeb1da97f4a640dfe7d923cd3cb774a5e4a3a62da5fafe69d94d451a",
              "order": 12,
              "role": "excerpt_12",
              "text": "Disruptions or failures of, or attacks on, our or our service providers’ networks, information systems and other technologies could result in the disclosure of business or personal information, disruption of our businesses, damage to our brands and reputation, and legal exposure and financial losses."
            },
            {
              "observation_id": "sha256:debb627efccc09f584a38101ae75b52e7bd8017c2fa9fe8f61e284fd85a5022c",
              "order": 13,
              "role": "excerpt_13",
              "text": "Risks Relating to Intellectual Property"
            },
            {
              "observation_id": "sha256:640be67cb321e41a5cf11bbee6068d9482c3ba3c82c1ad8e84c319cfe359a8a7",
              "order": 14,
              "role": "excerpt_14",
              "text": "Challenges in protecting and maintaining our intellectual property rights could have an adverse effect on our business, financial condition or results of operations."
            },
            {
              "observation_id": "sha256:c35eb73ff0b6bc4bf790982e1a2df3e206a390bcb5e2cc606136ed2e382d8b10",
              "order": 15,
              "role": "excerpt_15",
              "text": "Risks Relating to Macroeconomic and Political Conditions"
            },
            {
              "observation_id": "sha256:65d03fa9d8c896b54d6bf3a23e0130711a07f539ff900d7a7a24fb082932869a",
              "order": 16,
              "role": "excerpt_16",
              "text": "Economic and political conditions in the U.S. and around the world could have an adverse effect on our business, financial condition or results of operations."
            },
            {
              "observation_id": "sha256:2a070d56a80c380e80799bc3b3d04557c5b6d3a11c6d874c8fa4c0e65b015e96",
              "order": 17,
              "role": "excerpt_17",
              "text": "Risks Relating to Legal and Regulatory Matters"
            },
            {
              "observation_id": "sha256:401bd21302385bb78174ae462fc91c1cacdfddb2eeae474d8aacb7bde505bb90",
              "order": 18,
              "role": "excerpt_18",
              "text": "Failures to comply with or changes in U.S. or foreign laws or regulations could have an adverse effect on our business, financial condition or results of operations."
            },
            {
              "observation_id": "sha256:ca96e80d09b0ccfef110f26bc418e73f73e588b2e593d638635bd7817a77bdca",
              "order": 19,
              "role": "excerpt_19",
              "text": "We are subject to complex, often inconsistent and potentially costly laws, regulations, industry standards and contractual obligations relating to privacy and data protection."
            },
            {
              "observation_id": "sha256:37f21a49c951c6803dd8cf2bb4d9b7bbf3aac604720441a1b76fdce37dcb7404",
              "order": 20,
              "role": "excerpt_20",
              "text": "Changes and uncertainties with respect to taxes in the jurisdictions in which we operate may have an adverse effect on our business, financial condition or results of operations."
            },
            {
              "observation_id": "sha256:55673b40927477399661aa8edadeb880576fea525085c31ffcd272db4e200276",
              "order": 21,
              "role": "excerpt_21",
              "text": "Risks Relating to Human Capital"
            },
            {
              "observation_id": "sha256:524d5147658fc1b005672369634f1214b40a4064ef1cfa0d2d9677f1f5e38be0",
              "order": 22,
              "role": "excerpt_22",
              "text": "The inability to hire or retain key employees or secure creative talent could adversely affect our business, financial condition or results of operations."
            },
            {
              "observation_id": "sha256:dafdf649c9c9e2a5c363914f8d44f19d8356c1e98d5a46444b9c359ccc08aad8",
              "order": 23,
              "role": "excerpt_23",
              "text": "Labor disputes could disrupt our operations and adversely affect our business, financial condition or results of operations."
            },
            {
              "observation_id": "sha256:b40f59999a3bad546651f67afef6a767a940e348083f57469a2f17d8404299bb",
              "order": 24,
              "role": "excerpt_24",
              "text": "Risks Relating to the Transactions"
            },
            {
              "observation_id": "sha256:0adef49d7018f41ca02176ec765a0ee247a1830ddad52f3a17fb87058e2b23b9",
              "order": 25,
              "role": "excerpt_25",
              "text": "Combining Paramount Global’s and Skydance’s businesses may be more difficult, time-consuming or costly than expected and the actual benefits of the combination may be less than expected, either or both of which may adversely affect our future results."
            },
            {
              "observation_id": "sha256:bcc03f2671cab9e0734494ba7f73944aebf62f3e0a340759187ed02cbbee1d61",
              "order": 26,
              "role": "excerpt_26",
              "text": "Several lawsuits have been filed in connection with the Transactions and additional lawsuits may be filed in the future challenging the Transactions. An adverse ruling in any such lawsuit could result in substantial costs and otherwise adversely affect our business, financial condition or results of operations."
            },
            {
              "observation_id": "sha256:c06d372fc180f078fa052fa5f4bca3fb7eaf8a0363f2a7a1537ef6ad0ef9a3a7",
              "order": 27,
              "role": "excerpt_27",
              "text": "Risks Relating to Ownership of Our Common Stock"
            },
            {
              "observation_id": "sha256:c1ceb3fb3239e65509e46af9c324d3cdce4510fd286e341c6c43019dffa7ae1f",
              "order": 28,
              "role": "excerpt_28",
              "text": "We have experienced, and may continue to experience, volatility in the price of our Class B Common Stock."
            },
            {
              "observation_id": "sha256:6d8eebe07298a33feeff29e121c7b516c9f5f121993c64a9f1cc014002bdcaa6",
              "order": 29,
              "role": "excerpt_29",
              "text": "Our dual class capital structure and the concentrated control by the entities controlled by the Ellison Family may adversely affect our stock price or business."
            },
            {
              "observation_id": "sha256:21e3dc5f1c9f006c694e823ddfa7f5de1f0052ea12b7f127314dba780329d0d2",
              "order": 30,
              "role": "excerpt_30",
              "text": "If the entities controlled by the Ellison Family sell a controlling interest in our Company to a third party in a private transaction, our stockholders may not realize any change of control premium on shares of our Class B Common Stock and we may become subject to the control of a presently unknown third party."
            },
            {
              "observation_id": "sha256:14e710d2bbc8f8a0d28332587d5b1f8c34e87458e2507fd75efd1036ed4a047c",
              "order": 31,
              "role": "excerpt_31",
              "text": "Risk Factors Relating to Our Organization and Structure"
            },
            {
              "observation_id": "sha256:340287841c4cab5c8dc7c2fe2f9dd036e9e653faa87ed5f37098dccf046c4134",
              "order": 32,
              "role": "excerpt_32",
              "text": "We are exempt from certain corporate governance requirements because we are a “controlled company” within the meaning of Nasdaq rules, and as a result our stockholders do not have the protections afforded by these corporate governance requirements."
            },
            {
              "observation_id": "sha256:4946a9352b9e9d1266bc0387db6e690a2dc18772ad53b83c4501878c2cd24899",
              "order": 33,
              "role": "excerpt_33",
              "text": "Holders of our Class B Common Stock have no voting rights and, as a result, do not have any ability to influence stockholder decisions."
            },
            {
              "observation_id": "sha256:636bc579a2c7bbe5aad421cae0747fab4eed72d1cd63a778bba778a8bf605feb",
              "order": 34,
              "role": "excerpt_34",
              "text": "Anti-takeover provisions contained in our Charter and Bylaws, as well as provisions of Delaware law, could impair a takeover attempt."
            },
            {
              "observation_id": "sha256:e14af4662ef1ecf83b7deb420e32f7d6df68f548602b8d390b5cabe929b93e2f",
              "order": 35,
              "role": "excerpt_35",
              "text": "The provisions of our Charter requiring exclusive venue in the Court of Chancery of the State of Delaware for certain types of lawsuits and the federal district courts of the U.S. for the resolution of any complaint asserting a cause of action under the Securities Act may have the effect of discouraging lawsuits against our directors and officers."
            },
            {
              "observation_id": "sha256:8d0387800a27d383a7a63318fb3ad9b28471d82f624cb483c086a4869459caa0",
              "order": 36,
              "role": "excerpt_36",
              "text": "The competitive opportunity provisions in our Charter could enable certain directors, principals, officers, employees, members and/or equity holders or their respective affiliates to benefit from competitive opportunities that might otherwise be available to us."
            },
            {
              "observation_id": "sha256:35e0ec365ebeb6d01468a23ebe77b568b1252999bc10caa1358c65eebf15f6a1",
              "order": 37,
              "role": "excerpt_37",
              "text": "We are a holding company, and our principal assets are equity interests in our subsidiaries and, accordingly, we are dependent upon distributions from our subsidiaries to pay taxes and other expenses."
            }
          ],
          "renderer": "ORDERED_NEWLINE_V1",
          "review_unit_hash": "sha256:76ad073f05e07ba4d056eb113263832a48686bbf65bca64dc58e64dd79a374f2",
          "version": "TEXT_V1"
        },
        "trace_id": "sha256:f66d084a1e1dff37cdb292a46b2a38d4e75320bbd6138ef43e74b360e9ce322a",
        "unit": "text",
        "value": "Risks Relating to Our Business and Industry\nIf our streaming business is unsuccessful, our business, financial condition or results of operations could be adversely affected.\nOur advertising revenues have been and may continue to be adversely impacted by several factors, including changes in consumer behavior and advertising market conditions.\nWe operate in highly competitive and dynamic industries and our business, financial condition or results of operations could be adversely affected if we do not compete effectively.\nThe unpredictable and constantly shifting nature of consumer behavior, as well as evolving technologies and distribution models, have affected, and could continue to adversely affect, our business, financial condition or results of operations.\nDecisions to invest in new businesses, products, services and technologies, and the evolution of our business strategy, could adversely affect our business, financial condition or results of operations.\nThe loss of affiliation and distribution agreements, renewals on less favorable terms or adverse interpretations thereof could have an adverse effect on our business, financial condition or results of operations.\nDamage to our reputation or brands could adversely affect our business, financial condition or results of operations.\nLosses due to asset impairment charges for goodwill, content and long-lived assets, including finite-lived intangible assets, could have an adverse effect on our business, financial condition or results of operations.\nOur liabilities related to discontinued operations and former businesses could adversely affect our business, financial condition or results of operations.\nIncreasing scrutiny of, and evolving expectations for, sustainability initiatives could increase costs, harm our reputation or otherwise adversely impact our business, financial condition or results of operations.\nRisks Relating to Business Continuity, Cybersecurity and Privacy and Data Protection\nDisruptions or failures of, or attacks on, our or our service providers’ networks, information systems and other technologies could result in the disclosure of business or personal information, disruption of our businesses, damage to our brands and reputation, and legal exposure and financial losses.\nRisks Relating to Intellectual Property\nChallenges in protecting and maintaining our intellectual property rights could have an adverse effect on our business, financial condition or results of operations.\nRisks Relating to Macroeconomic and Political Conditions\nEconomic and political conditions in the U.S. and around the world could have an adverse effect on our business, financial condition or results of operations.\nRisks Relating to Legal and Regulatory Matters\nFailures to comply with or changes in U.S. or foreign laws or regulations could have an adverse effect on our business, financial condition or results of operations.\nWe are subject to complex, often inconsistent and potentially costly laws, regulations, industry standards and contractual obligations relating to privacy and data protection.\nChanges and uncertainties with respect to taxes in the jurisdictions in which we operate may have an adverse effect on our business, financial condition or results of operations.\nRisks Relating to Human Capital\nThe inability to hire or retain key employees or secure creative talent could adversely affect our business, financial condition or results of operations.\nLabor disputes could disrupt our operations and adversely affect our business, financial condition or results of operations.\nRisks Relating to the Transactions\nCombining Paramount Global’s and Skydance’s businesses may be more difficult, time-consuming or costly than expected and the actual benefits of the combination may be less than expected, either or both of which may adversely affect our future results.\nSeveral lawsuits have been filed in connection with the Transactions and additional lawsuits may be filed in the future challenging the Transactions. An adverse ruling in any such lawsuit could result in substantial costs and otherwise adversely affect our business, financial condition or results of operations.\nRisks Relating to Ownership of Our Common Stock\nWe have experienced, and may continue to experience, volatility in the price of our Class B Common Stock.\nOur dual class capital structure and the concentrated control by the entities controlled by the Ellison Family may adversely affect our stock price or business.\nIf the entities controlled by the Ellison Family sell a controlling interest in our Company to a third party in a private transaction, our stockholders may not realize any change of control premium on shares of our Class B Common Stock and we may become subject to the control of a presently unknown third party.\nRisk Factors Relating to Our Organization and Structure\nWe are exempt from certain corporate governance requirements because we are a “controlled company” within the meaning of Nasdaq rules, and as a result our stockholders do not have the protections afforded by these corporate governance requirements.\nHolders of our Class B Common Stock have no voting rights and, as a result, do not have any ability to influence stockholder decisions.\nAnti-takeover provisions contained in our Charter and Bylaws, as well as provisions of Delaware law, could impair a takeover attempt.\nThe provisions of our Charter requiring exclusive venue in the Court of Chancery of the State of Delaware for certain types of lawsuits and the federal district courts of the U.S. for the resolution of any complaint asserting a cause of action under the Securities Act may have the effect of discouraging lawsuits against our directors and officers.\nThe competitive opportunity provisions in our Charter could enable certain directors, principals, officers, employees, members and/or equity holders or their respective affiliates to benefit from competitive opportunities that might otherwise be available to us.\nWe are a holding company, and our principal assets are equity interests in our subsidiaries and, accordingly, we are dependent upon distributions from our subsidiaries to pay taxes and other expenses.",
        "value_kind": "TEXT_V1"
      },
      "mechanical_receipt": {
        "status": "PASSED",
        "view_id": "run:sha256:885bb3a0fd063aa385dd66b705a6d74002048826572f2b0fab7ddc8271bcd95d",
        "checks": [
          {
            "check": "REVIEW_BINDINGS",
            "status": "PASS"
          },
          {
            "check": "REVIEW_ASSETS",
            "status": "PASS"
          },
          {
            "check": "REPOSITORY_BINDINGS",
            "status": "PASS"
          },
          {
            "check": "RESULT_EXACT_SET",
            "status": "PASS"
          },
          {
            "check": "RECORD_GRAPH_REPLAY",
            "status": "PASS"
          },
          {
            "check": "EXECUTION_SEMANTICS",
            "status": "PASS"
          },
          {
            "check": "ARTIFACT_EXACT_SET",
            "status": "PASS"
          }
        ],
        "artifact_hashes": {
          "records.jsonl": {
            "sha256": "b3e8b306d197444b1c98ab65d8e04e980e13534ab70dac3031edcff11f4809d4",
            "size": 181523
          },
          "review/sha256:76ad073f05e07ba4d056eb113263832a48686bbf65bca64dc58e64dd79a374f2/review.md": {
            "sha256": "0f6bd71132c6485112f5d64dbeee8b03ca7bcb9fc6818510d872875d990496f9",
            "size": 14116
          },
          "review/sha256:76ad073f05e07ba4d056eb113263832a48686bbf65bca64dc58e64dd79a374f2/review_context.json": {
            "sha256": "a498c5843fc50d2c9a2c555931b17393fa1d76607db46c0cea13092d16ba8b7b",
            "size": 41227
          },
          "review_decisions.jsonl": {
            "sha256": "c9ab28a42ddfbbaba74dc6eb8648e088fbb255aefb33533a85c7a7818b5fb0f1",
            "size": 1573
          }
        },
        "record_type": "VALIDATION_RECEIPT",
        "validation_receipt_id": "sha256:41c68b06bab8b269ea8fbc85b3e35d57d0004b48d76fe971b926e0cf106d2d65"
      },
      "current_row": {
        "company_id": "paramount_skydance_paramount_global",
        "metric_id": "D01",
        "result_category": "TEXT_RESULT",
        "quality": "EXACT",
        "applicability": "APPLICABLE",
        "value": "Risks Relating to Our Business and Industry\nIf our streaming business is unsuccessful, our business, financial condition or results of operations could be adversely affected.\nOur advertising revenues have been and may continue to be adversely impacted by several factors, including changes in consumer behavior and advertising market conditions.\nWe operate in highly competitive and dynamic industries and our business, financial condition or results of operations could be adversely affected if we do not compete effectively.\nThe unpredictable and constantly shifting nature of consumer behavior, as well as evolving technologies and distribution models, have affected, and could continue to adversely affect, our business, financial condition or results of operations.\nDecisions to invest in new businesses, products, services and technologies, and the evolution of our business strategy, could adversely affect our business, financial condition or results of operations.\nThe loss of affiliation and distribution agreements, renewals on less favorable terms or adverse interpretations thereof could have an adverse effect on our business, financial condition or results of operations.\nDamage to our reputation or brands could adversely affect our business, financial condition or results of operations.\nLosses due to asset impairment charges for goodwill, content and long-lived assets, including finite-lived intangible assets, could have an adverse effect on our business, financial condition or results of operations.\nOur liabilities related to discontinued operations and former businesses could adversely affect our business, financial condition or results of operations.\nIncreasing scrutiny of, and evolving expectations for, sustainability initiatives could increase costs, harm our reputation or otherwise adversely impact our business, financial condition or results of operations.\nRisks Relating to Business Continuity, Cybersecurity and Privacy and Data Protection\nDisruptions or failures of, or attacks on, our or our service providers’ networks, information systems and other technologies could result in the disclosure of business or personal information, disruption of our businesses, damage to our brands and reputation, and legal exposure and financial losses.\nRisks Relating to Intellectual Property\nChallenges in protecting and maintaining our intellectual property rights could have an adverse effect on our business, financial condition or results of operations.\nRisks Relating to Macroeconomic and Political Conditions\nEconomic and political conditions in the U.S. and around the world could have an adverse effect on our business, financial condition or results of operations.\nRisks Relating to Legal and Regulatory Matters\nFailures to comply with or changes in U.S. or foreign laws or regulations could have an adverse effect on our business, financial condition or results of operations.\nWe are subject to complex, often inconsistent and potentially costly laws, regulations, industry standards and contractual obligations relating to privacy and data protection.\nChanges and uncertainties with respect to taxes in the jurisdictions in which we operate may have an adverse effect on our business, financial condition or results of operations.\nRisks Relating to Human Capital\nThe inability to hire or retain key employees or secure creative talent could adversely affect our business, financial condition or results of operations.\nLabor disputes could disrupt our operations and adversely affect our business, financial condition or results of operations.\nRisks Relating to the Transactions\nCombining Paramount Global’s and Skydance’s businesses may be more difficult, time-consuming or costly than expected and the actual benefits of the combination may be less than expected, either or both of which may adversely affect our future results.\nSeveral lawsuits have been filed in connection with the Transactions and additional lawsuits may be filed in the future challenging the Transactions. An adverse ruling in any such lawsuit could result in substantial costs and otherwise adversely affect our business, financial condition or results of operations.\nRisks Relating to Ownership of Our Common Stock\nWe have experienced, and may continue to experience, volatility in the price of our Class B Common Stock.\nOur dual class capital structure and the concentrated control by the entities controlled by the Ellison Family may adversely affect our stock price or business.\nIf the entities controlled by the Ellison Family sell a controlling interest in our Company to a third party in a private transaction, our stockholders may not realize any change of control premium on shares of our Class B Common Stock and we may become subject to the control of a presently unknown third party.\nRisk Factors Relating to Our Organization and Structure\nWe are exempt from certain corporate governance requirements because we are a “controlled company” within the meaning of Nasdaq rules, and as a result our stockholders do not have the protections afforded by these corporate governance requirements.\nHolders of our Class B Common Stock have no voting rights and, as a result, do not have any ability to influence stockholder decisions.\nAnti-takeover provisions contained in our Charter and Bylaws, as well as provisions of Delaware law, could impair a takeover attempt.\nThe provisions of our Charter requiring exclusive venue in the Court of Chancery of the State of Delaware for certain types of lawsuits and the federal district courts of the U.S. for the resolution of any complaint asserting a cause of action under the Securities Act may have the effect of discouraging lawsuits against our directors and officers.\nThe competitive opportunity provisions in our Charter could enable certain directors, principals, officers, employees, members and/or equity holders or their respective affiliates to benefit from competitive opportunities that might otherwise be available to us.\nWe are a holding company, and our principal assets are equity interests in our subsidiaries and, accordingly, we are dependent upon distributions from our subsidiaries to pay taxes and other expenses.",
        "unit": "text",
        "reason_code": "PASS",
        "source_period": {
          "fiscal_year": 2025,
          "period_start": "2025-01-01",
          "period_end": "2025-12-31"
        },
        "source_period_basis": "BOUND_NATIVE_RESULT_AND_RECORDED_TARGET_PERIOD",
        "implementation_identity": {
          "run_id": "run:ordinary-integrated:0c47fd3d513d8536c0c39fee98226859436653a98868ffa31d60155b594765f0",
          "result_id": "sha256:6795449bafa12651099b226e569ad3b2882f72a89cd317adb559c8096058afdd",
          "spec_closure_hash": "sha256:2cf616ccdb70214edf453184505f984279be5cfa9fd0b966993eeb70b767b400",
          "requirement_closure_hash": "sha256:077045046fba0570952f76f1b6b7ad812b41a412137c947a243162cf26066308",
          "semantic_execution_root": "/private/tmp/issue28-d01-emphasis-paramount-20261002-final/metrics/D01/attempts/2bf85d7f0f6a4cf9b43447c3e018408a/data"
        },
        "evidence_type": "SAVED_SEC_D01_NATIVE_RESULT_WITH_EXACT_CONTENT_REVIEW_AND_MECHANICAL_COPY_RECEIPT",
        "source_credit": "SAVED_ORIGINAL_SEC_SOURCE_NO_NEW_ACQUISITION",
        "selected_evidence": {
          "path": "docs/evidence/issue28_continuous/current-390-d01-integration-20261003/delta.json",
          "selector": "paramount_skydance_paramount_global/D01"
        },
        "evidence_history": [],
        "run_status": "OPEN",
        "public_row_status": "TEXT_QUAL",
        "historical_native_record_retained": true,
        "new_real_result_this_review": false,
        "current_head_full_revalidated": false,
        "formal_adoption_or_active_credit": false,
        "real_disclosure_limitation_established": false,
        "remaining_responsibility": "Two saved FY2025 outcomes verified; automatic new inputs, full390 and production remain separate obligations"
      }
    },
    {
      "company_id": "marriott_international",
      "metric_id": "D01",
      "prior_result_id": "sha256:6077181e489edc0859d6420a2fea7d1d6384daab5f391fdfc4ee7597008b7762",
      "result_id": "sha256:99c76e50d0fb19cd6116a80350a6f1ca38924b5731e812695484d28381b348f8",
      "content_review_result_id": "sha256:99c76e50d0fb19cd6116a80350a6f1ca38924b5731e812695484d28381b348f8",
      "mechanical_receipt_status": "PASSED",
      "mechanical_receipt_id": "sha256:607b09802ef3d29c29667b85cf94e1a2faa689c87713debc131c170889c50943",
      "native_result": {
        "applicability": "APPLICABLE",
        "company_id": "marriott_international",
        "metric_id": "D01",
        "period_end": "2025-12-31",
        "period_start": "2025-01-01",
        "publication": "PUBLISHED",
        "quality": "EXACT",
        "reason_code": "PASS",
        "record_type": "METRIC_RESULT",
        "result_id": "sha256:99c76e50d0fb19cd6116a80350a6f1ca38924b5731e812695484d28381b348f8",
        "scope_key": "sha256:f3c8407f8a8d60bfc7a88166339aa7506ff9e37a0df59342f9a62d99ef98c0a6",
        "spec_closure_hash": "sha256:2cf616ccdb70214edf453184505f984279be5cfa9fd0b966993eeb70b767b400",
        "text_payload": {
          "approval_effect_hash": "sha256:0319df09e3a1e777550a3e0bcddc2b6c417cf087f0008ee48aaf667f0abb7020",
          "candidate_hash": "sha256:5e41cbfad234ed939d4c4792a7f35a427728ad406259a1dae05517acc4922662",
          "content_kind": "SOURCE_EXCERPTS",
          "coverage_hashes": [
            "sha256:8c5141d3695725dbde923fa7c98bdf56dbc521b728b8aa51b341652017aa74ce"
          ],
          "items": [
            {
              "observation_id": "sha256:656812077ec6ee8b6afaec75181590a998176242e7bec5fb32a9dfb4b1437c9e",
              "order": 0,
              "role": "excerpt_0",
              "text": "Risks Relating to Our Industry"
            },
            {
              "observation_id": "sha256:afad4d110708a194be2fa5c949e3815ed614a774e583e6365a09db8159fc71c2",
              "order": 1,
              "role": "excerpt_1",
              "text": "Our industry is highly competitive, which may impact our ability to compete successfully for guests"
            },
            {
              "observation_id": "sha256:6e8d915a935d348adfa62b8875a8e99d53e38bd06765cbd59ab80631b622bd50",
              "order": 2,
              "role": "excerpt_2",
              "text": "Economic and other global, national, and regional conditions and events have in the past materially impacted, and could in the future materially impact, our business, operations, financial results, and growth"
            },
            {
              "observation_id": "sha256:32e1897de76b00dde92a1f9c58fada2fa58ee9b03a061d2505e630d0e98b76b5",
              "order": 3,
              "role": "excerpt_3",
              "text": "Risks Relating to Our Business"
            },
            {
              "observation_id": "sha256:30845c8a3ba6e2067e33aa499a2319276c935a6a8397346f862efb9cd323928b",
              "order": 4,
              "role": "excerpt_4",
              "text": "Operational Risks"
            },
            {
              "observation_id": "sha256:d36952902c6dfa82d5512227499af5ed7c82c7bca03036a0f4e6aff23c3fdec4",
              "order": 5,
              "role": "excerpt_5",
              "text": "Premature termination of our agreements with hotel owners could materially hurt our financial performance"
            },
            {
              "observation_id": "sha256:6c613e55f3803893280eb5b009fef6a6ff7b87f1ff0f7720915ad04b398f2438",
              "order": 6,
              "role": "excerpt_6",
              "text": "Disagreements with hotel owners and other counterparties could materially impact our business, operations, financial results, and growth."
            },
            {
              "observation_id": "sha256:2363397a2f48ea2fab591a65b835b6bc787585cfa0fea00bb77970167457e4a2",
              "order": 7,
              "role": "excerpt_7",
              "text": "Changes in the way hotel rooms are booked could adversely impact our business"
            },
            {
              "observation_id": "sha256:7874a85b90d53bf3a1b786629340d9c1d0a732fd3c9744d735248543f8a863e6",
              "order": 8,
              "role": "excerpt_8",
              "text": "Our growth strategy depends upon attracting hotel owners to our platform, and future arrangements with these third parties may be less favorable to us, depending on the terms offered by our competitors"
            },
            {
              "observation_id": "sha256:d1401eddb22ad02606f5abf2c2954859c6f80002bf70196e20982d03647c7c1e",
              "order": 9,
              "role": "excerpt_9",
              "text": "The effects of, or our failure to comply with, applicable laws, regulations, and government policies may disrupt our business, lower our revenues, increase our costs, reduce our profits, limit our growth, or damage our reputation."
            },
            {
              "observation_id": "sha256:8b7909bed7f2a8a01cac230e84c1a263b8b5f8d122f92458f7db55d20ce62411",
              "order": 10,
              "role": "excerpt_10",
              "text": "Third-party claims that we infringe the intellectual property rights of others or our failure to defend our own intellectual property rights could materially adversely affect our business."
            },
            {
              "observation_id": "sha256:d54455a5143c53f652f13dbaccaba0352f797d6dbfc84ba2901874243e8544c6",
              "order": 11,
              "role": "excerpt_11",
              "text": "If our brands, goodwill, or other intangible assets become impaired, we may be required to record significant non-cash charges to earnings."
            },
            {
              "observation_id": "sha256:ccada730022f800abfe66d06a20c3c20534b59ee9635484db5b5565770c56ae9",
              "order": 12,
              "role": "excerpt_12",
              "text": "Our business depends on the quality and reputation of our Company and our brands, and any deterioration could adversely impact our market share, reputation, business, financial condition, or results of operations"
            },
            {
              "observation_id": "sha256:3f0479776bb06886106d8fafaa17fa06cadcc64e2cf4882b2ed1b0d9189c28ba",
              "order": 13,
              "role": "excerpt_13",
              "text": "Actions by our hotel owners or others could materially adversely affect our image and reputation"
            },
            {
              "observation_id": "sha256:2153391abcffa5650c10eaf80303be068e919e3771e764c13aea0724781643f9",
              "order": 14,
              "role": "excerpt_14",
              "text": "Collective bargaining activity and strikes could materially disrupt hotel operations, increase labor costs, and interfere with the ability of our management to focus on executing our business strategies"
            },
            {
              "observation_id": "sha256:077e84002fc3d5fed15e0db712d418d97f2c096c8064c702265e01bf0692948e",
              "order": 15,
              "role": "excerpt_15",
              "text": "Our business could suffer if we or the hotels in our system cannot attract and retain associates or as the result of the loss of the services of our senior executives"
            },
            {
              "observation_id": "sha256:2568d4939b8de5ff5231b3fab6000c478c15cfeb46823c7b998bf0f64c3e8e08",
              "order": 16,
              "role": "excerpt_16",
              "text": "Extreme weather, natural disasters, climate change, and sustainability-related concerns have impacted our business in the past and could in the future have a material adverse effect on our business and results of operations."
            },
            {
              "observation_id": "sha256:7bbd37b128457ae726579cc536a579688833c98bce466a4321028f8d720623d3",
              "order": 17,
              "role": "excerpt_17",
              "text": "Insurance may not cover damage to, or losses involving, hotels in our system or other aspects of our business, and the cost of such insurance could increase"
            },
            {
              "observation_id": "sha256:03326989dd23ff7f6ce40ce7fb4a1e18b626abf1b4548aaf06db37e52039ddc1",
              "order": 18,
              "role": "excerpt_18",
              "text": "Our Loyalty Program plays a significant role in our business, and unfavorable developments affecting the program could adversely affect our business and results of operations."
            },
            {
              "observation_id": "sha256:73e49a4a26df4fbf62b446078f02b0d25740240c34a9475ded3502f23a3e9910",
              "order": 19,
              "role": "excerpt_19",
              "text": "Exchange rate fluctuations could result in significant foreign currency gains and losses and affect our business results"
            },
            {
              "observation_id": "sha256:81f686e7dc1c529b687a0081dcf898f89d8a53c8ba15b1817b5e414c2f813736",
              "order": 20,
              "role": "excerpt_20",
              "text": "Development and Financing Risks"
            },
            {
              "observation_id": "sha256:0b8e6a86670dc3dc7ab674852fc72f3ed9c66954ec96e5c30d95032bb4d3479a",
              "order": 21,
              "role": "excerpt_21",
              "text": "Our hotel owners depend on capital to buy, develop, and improve hotels, and they may be unable to access capital when necessary"
            },
            {
              "observation_id": "sha256:09384d23836345b115f9fc1aa26fda2516d6e855d44da4d8de7a931e0d7c2da0",
              "order": 22,
              "role": "excerpt_22",
              "text": "Our ability to grow our system is subject to the range of risks associated with real estate investments"
            },
            {
              "observation_id": "sha256:d143c1ec975907a106ffdf2b6cd7ee702822562c01b3aff5e9dab2b1154cf019",
              "order": 23,
              "role": "excerpt_23",
              "text": "Our owned properties and other real estate investments subject us to numerous risks"
            },
            {
              "observation_id": "sha256:32401511f277853a4413d08a11aecebc098f7b6c27e32db2a586bec42fbc46ef",
              "order": 24,
              "role": "excerpt_24",
              "text": "Risks associated with development and sale of residential properties associated with our lodging properties or brands may reduce our profits"
            },
            {
              "observation_id": "sha256:3d5f1bdb392f532d92ace8927e7593ff47b4a75fbb4a166cb17475e4b88a2d8a",
              "order": 25,
              "role": "excerpt_25",
              "text": "More hotel projects in our development pipeline may be cancelled or delayed in opening, which could adversely affect our growth prospects"
            },
            {
              "observation_id": "sha256:e5cfac2aabf7a5cafa31e62d659e1d5aaf4e0288656b8b4853e53667042a7afb",
              "order": 26,
              "role": "excerpt_26",
              "text": "Losses on loans or guarantees that we have made to third parties impact our profits"
            },
            {
              "observation_id": "sha256:4e6ab9701c609f81e262977ff549e76ac7abcaa569eba098da896aaa6156b190",
              "order": 27,
              "role": "excerpt_27",
              "text": "If hotel owners cannot repay or refinance mortgage loans secured by their properties, default under property leases, or experience other financial difficulties, our revenues and profits could materially decrease and our business could be significantly harmed"
            },
            {
              "observation_id": "sha256:26daaa1420ff0383629f3c4b1d72110f436dc8b09eca0939302d1baab7eac94a",
              "order": 28,
              "role": "excerpt_28",
              "text": "Technology, Information Protection, and Privacy Risks"
            },
            {
              "observation_id": "sha256:29da20765156033d741716a38642defaf62c4840d765495a650b70df101e72ab",
              "order": 29,
              "role": "excerpt_29",
              "text": "Disruption in the functioning of our reservation, Loyalty Program, or other core operational systems, or our use of certain new technologies, could adversely affect our business"
            },
            {
              "observation_id": "sha256:c186c44dc446887b764ff0ba895288576c912a72b112b5c352f2dd7584231a8b",
              "order": 30,
              "role": "excerpt_30",
              "text": "A failure to keep pace with developments in technology could impair our operations or competitive position"
            },
            {
              "observation_id": "sha256:9ef8a4dc5c6af02e176a30c29bafebc236de457e63c1e3790ed5b5261bb421d7",
              "order": 31,
              "role": "excerpt_31",
              "text": "We are exposed to risks and costs associated with protecting the integrity and security of data"
            },
            {
              "observation_id": "sha256:5c3a835ea637fef1345708d82ba8f29aae4b0d40667d4e5190138c7b1587dfd7",
              "order": 32,
              "role": "excerpt_32",
              "text": "The Data Security Incident, and other information security incidents, could have numerous adverse effects on our business"
            },
            {
              "observation_id": "sha256:3269bfb87d8a801065f6cbaba2210ce52cd20053bd497d110ec5d3b54f2b5289",
              "order": 33,
              "role": "excerpt_33",
              "text": "Additional cybersecurity incidents could have adverse effects on our business."
            },
            {
              "observation_id": "sha256:4dc2fd9d8b75993fd37744b16e07cc0cec4595e5bb3c948f71b55d20745897db",
              "order": 34,
              "role": "excerpt_34",
              "text": "Changes in privacy and data security laws could increase our operating costs and increase our exposure to payment obligations and litigation."
            },
            {
              "observation_id": "sha256:b4a0664ed81b6bb403b8ef9a11af093c150fd861d0dbf01190d31f8f6ce7648e",
              "order": 35,
              "role": "excerpt_35",
              "text": "General Risk Factors"
            },
            {
              "observation_id": "sha256:cc2cfc05da1aee30ad369632c45a6be644e9658a04d4baa43e49ad17d1742827",
              "order": 36,
              "role": "excerpt_36",
              "text": "Delaware law and our governing corporate documents contain, and our Board of Directors could implement, anti-takeover provisions that could deter takeover attempts."
            },
            {
              "observation_id": "sha256:ca3c6968eda5df464f772c412ef58a0bc0c86ce5a3907a6252a6a8656380091e",
              "order": 37,
              "role": "excerpt_37",
              "text": "Changes in tax law, interpretations of existing tax law, or agreements or disputes with tax authorities could increase our tax costs."
            }
          ],
          "renderer": "ORDERED_NEWLINE_V1",
          "review_unit_hash": "sha256:1a05fe4146a61ffb26aefe4a5c99cbd9a43f96d11a4642df072aefd3da3e1894",
          "version": "TEXT_V1"
        },
        "trace_id": "sha256:5ea3e3736405aef57ccea266036178cc258c781ddaf91a419d33d62ed595f412",
        "unit": "text",
        "value": "Risks Relating to Our Industry\nOur industry is highly competitive, which may impact our ability to compete successfully for guests\nEconomic and other global, national, and regional conditions and events have in the past materially impacted, and could in the future materially impact, our business, operations, financial results, and growth\nRisks Relating to Our Business\nOperational Risks\nPremature termination of our agreements with hotel owners could materially hurt our financial performance\nDisagreements with hotel owners and other counterparties could materially impact our business, operations, financial results, and growth.\nChanges in the way hotel rooms are booked could adversely impact our business\nOur growth strategy depends upon attracting hotel owners to our platform, and future arrangements with these third parties may be less favorable to us, depending on the terms offered by our competitors\nThe effects of, or our failure to comply with, applicable laws, regulations, and government policies may disrupt our business, lower our revenues, increase our costs, reduce our profits, limit our growth, or damage our reputation.\nThird-party claims that we infringe the intellectual property rights of others or our failure to defend our own intellectual property rights could materially adversely affect our business.\nIf our brands, goodwill, or other intangible assets become impaired, we may be required to record significant non-cash charges to earnings.\nOur business depends on the quality and reputation of our Company and our brands, and any deterioration could adversely impact our market share, reputation, business, financial condition, or results of operations\nActions by our hotel owners or others could materially adversely affect our image and reputation\nCollective bargaining activity and strikes could materially disrupt hotel operations, increase labor costs, and interfere with the ability of our management to focus on executing our business strategies\nOur business could suffer if we or the hotels in our system cannot attract and retain associates or as the result of the loss of the services of our senior executives\nExtreme weather, natural disasters, climate change, and sustainability-related concerns have impacted our business in the past and could in the future have a material adverse effect on our business and results of operations.\nInsurance may not cover damage to, or losses involving, hotels in our system or other aspects of our business, and the cost of such insurance could increase\nOur Loyalty Program plays a significant role in our business, and unfavorable developments affecting the program could adversely affect our business and results of operations.\nExchange rate fluctuations could result in significant foreign currency gains and losses and affect our business results\nDevelopment and Financing Risks\nOur hotel owners depend on capital to buy, develop, and improve hotels, and they may be unable to access capital when necessary\nOur ability to grow our system is subject to the range of risks associated with real estate investments\nOur owned properties and other real estate investments subject us to numerous risks\nRisks associated with development and sale of residential properties associated with our lodging properties or brands may reduce our profits\nMore hotel projects in our development pipeline may be cancelled or delayed in opening, which could adversely affect our growth prospects\nLosses on loans or guarantees that we have made to third parties impact our profits\nIf hotel owners cannot repay or refinance mortgage loans secured by their properties, default under property leases, or experience other financial difficulties, our revenues and profits could materially decrease and our business could be significantly harmed\nTechnology, Information Protection, and Privacy Risks\nDisruption in the functioning of our reservation, Loyalty Program, or other core operational systems, or our use of certain new technologies, could adversely affect our business\nA failure to keep pace with developments in technology could impair our operations or competitive position\nWe are exposed to risks and costs associated with protecting the integrity and security of data\nThe Data Security Incident, and other information security incidents, could have numerous adverse effects on our business\nAdditional cybersecurity incidents could have adverse effects on our business.\nChanges in privacy and data security laws could increase our operating costs and increase our exposure to payment obligations and litigation.\nGeneral Risk Factors\nDelaware law and our governing corporate documents contain, and our Board of Directors could implement, anti-takeover provisions that could deter takeover attempts.\nChanges in tax law, interpretations of existing tax law, or agreements or disputes with tax authorities could increase our tax costs.",
        "value_kind": "TEXT_V1"
      },
      "mechanical_receipt": {
        "status": "PASSED",
        "view_id": "run:sha256:80bafa787e653db4f6deef900ca7c6d98ec1e87f47f9d1cec86958dc13a096c4",
        "checks": [
          {
            "check": "REVIEW_BINDINGS",
            "status": "PASS"
          },
          {
            "check": "REVIEW_ASSETS",
            "status": "PASS"
          },
          {
            "check": "REPOSITORY_BINDINGS",
            "status": "PASS"
          },
          {
            "check": "RESULT_EXACT_SET",
            "status": "PASS"
          },
          {
            "check": "RECORD_GRAPH_REPLAY",
            "status": "PASS"
          },
          {
            "check": "EXECUTION_SEMANTICS",
            "status": "PASS"
          },
          {
            "check": "ARTIFACT_EXACT_SET",
            "status": "PASS"
          }
        ],
        "artifact_hashes": {
          "records.jsonl": {
            "sha256": "409d3a909e4f64488e15677539bb9bf5a124b1b0fedd5cc8da0bb21c5c595d33",
            "size": 170425
          },
          "review/sha256:1a05fe4146a61ffb26aefe4a5c99cbd9a43f96d11a4642df072aefd3da3e1894/review.md": {
            "sha256": "1ebd141b145fdbd37a7b41ae8efd66f849f2fc4d56363d2678f6f8c2c24d3839",
            "size": 12780
          },
          "review/sha256:1a05fe4146a61ffb26aefe4a5c99cbd9a43f96d11a4642df072aefd3da3e1894/review_context.json": {
            "sha256": "3697822beed9e07e9d525a456b6804a7f4b3d8910b31c227a08615004ac70903",
            "size": 38581
          },
          "review_decisions.jsonl": {
            "sha256": "c7838d2ddd3d141e1215a229fad2de54e1c579e8d7daede788643aa9a30fc754",
            "size": 1558
          }
        },
        "record_type": "VALIDATION_RECEIPT",
        "validation_receipt_id": "sha256:607b09802ef3d29c29667b85cf94e1a2faa689c87713debc131c170889c50943"
      },
      "current_row": {
        "company_id": "marriott_international",
        "metric_id": "D01",
        "result_category": "TEXT_RESULT",
        "quality": "EXACT",
        "applicability": "APPLICABLE",
        "value": "Risks Relating to Our Industry\nOur industry is highly competitive, which may impact our ability to compete successfully for guests\nEconomic and other global, national, and regional conditions and events have in the past materially impacted, and could in the future materially impact, our business, operations, financial results, and growth\nRisks Relating to Our Business\nOperational Risks\nPremature termination of our agreements with hotel owners could materially hurt our financial performance\nDisagreements with hotel owners and other counterparties could materially impact our business, operations, financial results, and growth.\nChanges in the way hotel rooms are booked could adversely impact our business\nOur growth strategy depends upon attracting hotel owners to our platform, and future arrangements with these third parties may be less favorable to us, depending on the terms offered by our competitors\nThe effects of, or our failure to comply with, applicable laws, regulations, and government policies may disrupt our business, lower our revenues, increase our costs, reduce our profits, limit our growth, or damage our reputation.\nThird-party claims that we infringe the intellectual property rights of others or our failure to defend our own intellectual property rights could materially adversely affect our business.\nIf our brands, goodwill, or other intangible assets become impaired, we may be required to record significant non-cash charges to earnings.\nOur business depends on the quality and reputation of our Company and our brands, and any deterioration could adversely impact our market share, reputation, business, financial condition, or results of operations\nActions by our hotel owners or others could materially adversely affect our image and reputation\nCollective bargaining activity and strikes could materially disrupt hotel operations, increase labor costs, and interfere with the ability of our management to focus on executing our business strategies\nOur business could suffer if we or the hotels in our system cannot attract and retain associates or as the result of the loss of the services of our senior executives\nExtreme weather, natural disasters, climate change, and sustainability-related concerns have impacted our business in the past and could in the future have a material adverse effect on our business and results of operations.\nInsurance may not cover damage to, or losses involving, hotels in our system or other aspects of our business, and the cost of such insurance could increase\nOur Loyalty Program plays a significant role in our business, and unfavorable developments affecting the program could adversely affect our business and results of operations.\nExchange rate fluctuations could result in significant foreign currency gains and losses and affect our business results\nDevelopment and Financing Risks\nOur hotel owners depend on capital to buy, develop, and improve hotels, and they may be unable to access capital when necessary\nOur ability to grow our system is subject to the range of risks associated with real estate investments\nOur owned properties and other real estate investments subject us to numerous risks\nRisks associated with development and sale of residential properties associated with our lodging properties or brands may reduce our profits\nMore hotel projects in our development pipeline may be cancelled or delayed in opening, which could adversely affect our growth prospects\nLosses on loans or guarantees that we have made to third parties impact our profits\nIf hotel owners cannot repay or refinance mortgage loans secured by their properties, default under property leases, or experience other financial difficulties, our revenues and profits could materially decrease and our business could be significantly harmed\nTechnology, Information Protection, and Privacy Risks\nDisruption in the functioning of our reservation, Loyalty Program, or other core operational systems, or our use of certain new technologies, could adversely affect our business\nA failure to keep pace with developments in technology could impair our operations or competitive position\nWe are exposed to risks and costs associated with protecting the integrity and security of data\nThe Data Security Incident, and other information security incidents, could have numerous adverse effects on our business\nAdditional cybersecurity incidents could have adverse effects on our business.\nChanges in privacy and data security laws could increase our operating costs and increase our exposure to payment obligations and litigation.\nGeneral Risk Factors\nDelaware law and our governing corporate documents contain, and our Board of Directors could implement, anti-takeover provisions that could deter takeover attempts.\nChanges in tax law, interpretations of existing tax law, or agreements or disputes with tax authorities could increase our tax costs.",
        "unit": "text",
        "reason_code": "PASS",
        "source_period": {
          "fiscal_year": 2025,
          "period_start": "2025-01-01",
          "period_end": "2025-12-31"
        },
        "source_period_basis": "BOUND_NATIVE_RESULT_AND_RECORDED_TARGET_PERIOD",
        "implementation_identity": {
          "run_id": "run:ordinary-integrated:12a7737eba94c1b1ca16d847ce635db114c182e3cf373798ee3d0eb27bb103ce",
          "result_id": "sha256:99c76e50d0fb19cd6116a80350a6f1ca38924b5731e812695484d28381b348f8",
          "spec_closure_hash": "sha256:2cf616ccdb70214edf453184505f984279be5cfa9fd0b966993eeb70b767b400",
          "requirement_closure_hash": "sha256:077045046fba0570952f76f1b6b7ad812b41a412137c947a243162cf26066308",
          "semantic_execution_root": "/private/tmp/issue28-d01-emphasis-marriott-20261002-final/metrics/D01/attempts/5fa26e4007ef4ce1aee75cd5869d836b/data"
        },
        "evidence_type": "SAVED_SEC_D01_NATIVE_RESULT_WITH_EXACT_CONTENT_REVIEW_AND_MECHANICAL_COPY_RECEIPT",
        "source_credit": "SAVED_ORIGINAL_SEC_SOURCE_NO_NEW_ACQUISITION",
        "selected_evidence": {
          "path": "docs/evidence/issue28_continuous/current-390-d01-integration-20261003/delta.json",
          "selector": "marriott_international/D01"
        },
        "evidence_history": [],
        "run_status": "OPEN",
        "public_row_status": "TEXT_QUAL",
        "historical_native_record_retained": true,
        "new_real_result_this_review": false,
        "current_head_full_revalidated": false,
        "formal_adoption_or_active_credit": false,
        "real_disclosure_limitation_established": false,
        "remaining_responsibility": "Two saved FY2025 outcomes verified; automatic new inputs, full390 and production remain separate obligations"
      }
    }
  ],
  "proof_file_sha256": {
    "docs/evidence/issue28_continuous/collab-d01-content-20261002/conclusion.md": "9d937ac113c947d4315846ec0684a6fa9a9055564ce62f5fe0eedac26b12f4c2",
    "docs/evidence/issue28_continuous/collab-d01-content-20261002/mechanical-corrected-summary.json": "aadcada304884e7e443d376e1ac376088934207cab524d049036b1b2e8894d06",
    "docs/evidence/issue28_continuous/collab-d01-content-20261002/mechanical-receipts.md": "c685015a08ff6a3aed0e24e1e498cc5b508b311641744f49882059c2ae45c0b1",
    "docs/evidence/issue28_continuous/collab-d01-page-boundary-20261002/independent-review-865d822/conclusion.md": "46faa74dea2260c96815f62fca3b651eb3e52cc1af3c876421e65f6335da02a8"
  },
  "all390_acceptance": false,
  "production_authorized": false,
  "new_calls": [
    0,
    0,
    0
  ]
}

[docs/evidence/issue28_continuous/collab-d01-content-20261002/mechanical-corrected-summary.json]
current_matches_reviewed_commit=True; sha256=aadcada304884e7e443d376e1ac376088934207cab524d049036b1b2e8894d06
{
  "code_head": "51f9cd7cccf5814cc1219c467f902aca271d8692",
  "results": [
    {
      "company_id": "paramount_skydance_paramount_global",
      "original_attempt": "/private/tmp/issue28-d01-emphasis-paramount-20261002-final/metrics/D01/attempts/2bf85d7f0f6a4cf9b43447c3e018408a",
      "installed_code_data_root": "/private/tmp/issue28-d01-emphasis-paramount-20261002-final/metrics/D01/attempts/2bf85d7f0f6a4cf9b43447c3e018408a/data",
      "run_copy": "/private/tmp/issue28-d01-validation-copies-20261003-final/paramount_skydance/run",
      "return_code": 0,
      "seconds": 13.896,
      "original_files_unchanged": true,
      "mechanical_result": {
        "status": "PASSED_MECHANICAL_COPY_ONLY",
        "receipt": {
          "status": "PASSED",
          "view_id": "run:sha256:885bb3a0fd063aa385dd66b705a6d74002048826572f2b0fab7ddc8271bcd95d",
          "checks": [
            {
              "check": "REVIEW_BINDINGS",
              "status": "PASS"
            },
            {
              "check": "REVIEW_ASSETS",
              "status": "PASS"
            },
            {
              "check": "REPOSITORY_BINDINGS",
              "status": "PASS"
            },
            {
              "check": "RESULT_EXACT_SET",
              "status": "PASS"
            },
            {
              "check": "RECORD_GRAPH_REPLAY",
              "status": "PASS"
            },
            {
              "check": "EXECUTION_SEMANTICS",
              "status": "PASS"
            },
            {
              "check": "ARTIFACT_EXACT_SET",
              "status": "PASS"
            }
          ],
          "artifact_hashes": {
            "records.jsonl": {
              "sha256": "b3e8b306d197444b1c98ab65d8e04e980e13534ab70dac3031edcff11f4809d4",
              "size": 181523
            },
            "review/sha256:76ad073f05e07ba4d056eb113263832a48686bbf65bca64dc58e64dd79a374f2/review.md": {
              "sha256": "0f6bd71132c6485112f5d64dbeee8b03ca7bcb9fc6818510d872875d990496f9",
              "size": 14116
            },
            "review/sha256:76ad073f05e07ba4d056eb113263832a48686bbf65bca64dc58e64dd79a374f2/review_context.json": {
              "sha256": "a498c5843fc50d2c9a2c555931b17393fa1d76607db46c0cea13092d16ba8b7b",
              "size": 41227
            },
            "review_decisions.jsonl": {
              "sha256": "c9ab28a42ddfbbaba74dc6eb8648e088fbb255aefb33533a85c7a7818b5fb0f1",
              "size": 1573
            }
          },
          "record_type": "VALIDATION_RECEIPT",
          "validation_receipt_id": "sha256:41c68b06bab8b269ea8fbc85b3e35d57d0004b48d76fe971b926e0cf106d2d65"
        },
        "run_id": "run:ordinary-integrated:0c47fd3d513d8536c0c39fee98226859436653a98868ffa31d60155b594765f0",
        "requirement_id": "issue_28_v13",
        "requirement_closure_hash": "sha256:077045046fba0570952f76f1b6b7ad812b41a412137c947a243162cf26066308",
        "runtime_module": "/private/tmp/issue28-d01-emphasis-paramount-20261002-final/metrics/D01/attempts/2bf85d7f0f6a4cf9b43447c3e018408a/data/scripts/vnext/run_store.py",
        "result_id": "sha256:6795449bafa12651099b226e569ad3b2882f72a89cd317adb559c8096058afdd",
        "frozen": false,
        "new_calls": [
          0,
          0,
          0
        ]
      },
      "changed_copy_files": [
        "validation.json"
      ],
      "driver_label": "paramount_skydance",
      "company_id_from_exact_manifest": true
    },
    {
      "company_id": "marriott_international",
      "original_attempt": "/private/tmp/issue28-d01-emphasis-marriott-20261002-final/metrics/D01/attempts/5fa26e4007ef4ce1aee75cd5869d836b",
      "installed_code_data_root": "/private/tmp/issue28-d01-emphasis-marriott-20261002-final/metrics/D01/attempts/5fa26e4007ef4ce1aee75cd5869d836b/data",
      "run_copy": "/private/tmp/issue28-d01-validation-copies-20261003-final/marriott_international/run",
      "return_code": 0,
      "seconds": 8.408,
      "original_files_unchanged": true,
      "mechanical_result": {
        "status": "PASSED_MECHANICAL_COPY_ONLY",
        "receipt": {
          "status": "PASSED",
          "view_id": "run:sha256:80bafa787e653db4f6deef900ca7c6d98ec1e87f47f9d1cec86958dc13a096c4",
          "checks": [
            {
              "check": "REVIEW_BINDINGS",
              "status": "PASS"
            },
            {
              "check": "REVIEW_ASSETS",
              "status": "PASS"
            },
            {
              "check": "REPOSITORY_BINDINGS",
              "status": "PASS"
            },
            {
              "check": "RESULT_EXACT_SET",
              "status": "PASS"
            },
            {
              "check": "RECORD_GRAPH_REPLAY",
              "status": "PASS"
            },
            {
              "check": "EXECUTION_SEMANTICS",
              "status": "PASS"
            },
            {
              "check": "ARTIFACT_EXACT_SET",
              "status": "PASS"
            }
          ],
          "artifact_hashes": {
            "records.jsonl": {
              "sha256": "409d3a909e4f64488e15677539bb9bf5a124b1b0fedd5cc8da0bb21c5c595d33",
              "size": 170425
            },
            "review/sha256:1a05fe4146a61ffb26aefe4a5c99cbd9a43f96d11a4642df072aefd3da3e1894/review.md": {
              "sha256": "1ebd141b145fdbd37a7b41ae8efd66f849f2fc4d56363d2678f6f8c2c24d3839",
              "size": 12780
            },
            "review/sha256:1a05fe4146a61ffb26aefe4a5c99cbd9a43f96d11a4642df072aefd3da3e1894/review_context.json": {
              "sha256": "3697822beed9e07e9d525a456b6804a7f4b3d8910b31c227a08615004ac70903",
              "size": 38581
            },
            "review_decisions.jsonl": {
              "sha256": "c7838d2ddd3d141e1215a229fad2de54e1c579e8d7daede788643aa9a30fc754",
              "size": 1558
            }
          },
          "record_type": "VALIDATION_RECEIPT",
          "validation_receipt_id": "sha256:607b09802ef3d29c29667b85cf94e1a2faa689c87713debc131c170889c50943"
        },
        "run_id": "run:ordinary-integrated:12a7737eba94c1b1ca16d847ce635db114c182e3cf373798ee3d0eb27bb103ce",
        "requirement_id": "issue_28_v13",
        "requirement_closure_hash": "sha256:077045046fba0570952f76f1b6b7ad812b41a412137c947a243162cf26066308",
        "runtime_module": "/private/tmp/issue28-d01-emphasis-marriott-20261002-final/metrics/D01/attempts/5fa26e4007ef4ce1aee75cd5869d836b/data/scripts/vnext/run_store.py",
        "result_id": "sha256:99c76e50d0fb19cd6116a80350a6f1ca38924b5731e812695484d28381b348f8",
        "frozen": false,
        "new_calls": [
          0,
          0,
          0
        ]
      },
      "changed_copy_files": [
        "validation.json"
      ],
      "driver_label": "marriott_international",
      "company_id_from_exact_manifest": true
    }
  ],
  "new_calls": [
    0,
    0,
    0
  ],
  "production_authorized": false,
  "status": "PASS_TWO_EXACT_RUN_COPY_MECHANICAL_RECEIPTS",
  "report_correction": "Original driver used a Paramount shorthand as directory label; authoritative company_id now read from exact validated manifest. No logs/Run/results modified or tests rerun.",
  "original_summary_sha256": "818bd25a6466fe730faf664496d3bdc33490b5cc4d49bab03def651d77e9b12a"
}
