E
======================================================================
ERROR: test_scoped_interpretation_stops_after_saved_scan (tests.vnext.test_capacity_two_stage_material.CapacityTwoStageMaterialTest.test_scoped_interpretation_stops_after_saved_scan)
----------------------------------------------------------------------
Traceback (most recent call last):
  File "/Users/lyuhongwang/Developer/SEC_metrics/tests/vnext/test_capacity_two_stage_material.py", line 37, in test_scoped_interpretation_stops_after_saved_scan
    prepared = prepare_requests(company_id='enphase_energy', metric_id='B13',
               ~~~~~~~~~~~~~~~~^^^^^^^^^^^^^^^^^^^^^^^^^^^^^^^^^^^^^^^^^^^^^^
        reference_context=True, program_quantity_roles=True)[1]
        ^^^^^^^^^^^^^^^^^^^^^^^^^^^^^^^^^^^^^^^^^^^^^^^^^^^^
  File "/Users/lyuhongwang/Developer/SEC_metrics/scripts/vnext/continuous_semantic_calls.py", line 358, in prepare_requests
    _json(request['response_protocol']),requirement,authority,data_root,source_ledger) for request in source_requests(source)]
                                                                                                      ~~~~~~~~~~~~~~~^^^^^^^^
  File "/Users/lyuhongwang/Developer/SEC_metrics/scripts/vnext/continuous_semantic_calls.py", line 157, in source_requests
    return reuse_source_requests(source,_construct_source_requests)
  File "/Users/lyuhongwang/Developer/SEC_metrics/scripts/vnext/native_request_construction.py", line 135, in reuse_source_requests
    return construct(source)
  File "/Users/lyuhongwang/Developer/SEC_metrics/scripts/vnext/continuous_semantic_calls.py", line 170, in _construct_source_requests
    return requests_from_source(source)
  File "/Users/lyuhongwang/Developer/SEC_metrics/scripts/vnext/capacity_semantic_review.py", line 244, in requests_from_source
    measured_groups(source['units'], request_for_group))
    ~~~~~~~~~~~~~~~^^^^^^^^^^^^^^^^^^^^^^^^^^^^^^^^^^^^
  File "/Users/lyuhongwang/Developer/SEC_metrics/scripts/vnext/continuous_request_context.py", line 133, in measured_groups
    _need(fits([unit]), 'CONTINUOUS_CONTEXT_SINGLE_SOURCE_UNIT_EXCEEDS_BOUND:' + unit['unit_id'])
          ~~~~^^^^^^^^
  File "/Users/lyuhongwang/Developer/SEC_metrics/scripts/vnext/continuous_request_context.py", line 126, in fits
    return measure_request(body, require_reference=True)['fits']
           ~~~~~~~~~~~~~~~^^^^^^^^^^^^^^^^^^^^^^^^^^^^^^
  File "/Users/lyuhongwang/Developer/SEC_metrics/scripts/vnext/continuous_request_context.py", line 90, in measure_request
    _need(not require_reference or tokenizer is not None,
    ~~~~~^^^^^^^^^^^^^^^^^^^^^^^^^^^^^^^^^^^^^^^^^^^^^^^^
          'CONTINUOUS_CONTEXT_REFERENCE_REQUIRED:' + str(fallback))
          ^^^^^^^^^^^^^^^^^^^^^^^^^^^^^^^^^^^^^^^^^^^^^^^^^^^^^^^^^
  File "/Users/lyuhongwang/Developer/SEC_metrics/scripts/vnext/continuous_request_context.py", line 29, in _need
    raise ValueError(reason)
ValueError: CONTINUOUS_CONTEXT_REFERENCE_REQUIRED:TOKENIZER_DEPENDENCY_UNAVAILABLE

----------------------------------------------------------------------
Ran 1 test in 10.183s

FAILED (errors=1)
