## Paramount
source=/private/tmp/issue28-d01-emphasis-paramount-20261002-final/metrics/D01/attempts/2bf85d7f0f6a4cf9b43447c3e018408a/data/evidence/request_attempts/4c/4cf3d42c0ba1129dadd58d9c1ffdc4f35e2a81cec7bab3763e2a3bbecfea135d/psky-20251231.htm
source_sha256=4cf3d42c0ba1129dadd58d9c1ffdc4f35e2a81cec7bab3763e2a3bbecfea135d
identity={'accession': '0002041610-26-000011', 'company_id': 'paramount_skydance_paramount_global', 'entity': '2041610', 'period_end': '2025-12-31', 'period_start': '2025-01-01', 'scope': {'entity_scope': 'registrant'}, 'scope_key': 'sha256:f3c8407f8a8d60bfc7a88166339aa7506ff9e37a0df59342f9a62d99ef98c0a6'} registrant_names=['Paramount Skydance Corporation'] form=10-K
Item1A_raw_byte_range=541354:643428 heading='Item 1A.' closing='Item 1B.'
candidate_hash=sha256:817401f7905528f2f403baaa065d81b4b360af37b508c2a84a7a20823f492c46 result_id=sha256:6795449bafa12651099b226e569ad3b2882f72a89cd317adb559c8096058afdd value_equals_38_titles=True
claim 00 542366:542409 hash=17d7405cfb780b51bd0f4326664b1c991d964fccd57a858215fbf0a6f66a54af hash_ok=True decoded_ok=True title='Risks Relating to Our Business and Industry'
claim 01 542603:542853 hash=7b066858ffde60a4b96ba462c9772f8656b0b6f8a6901e24e2877ccfc312e2e9 hash_ok=True decoded_ok=True title='If our streaming business is unsuccessful, our business, financial condition or results of operations could be adversely affected.'
claim 02 546100:546270 hash=c8b68032b19cea6bbc6d5e63606898e1d6c0d3b8f8b015bc54b48e9a61016f29 hash_ok=True decoded_ok=True title='Our advertising revenues have been and may continue to be adversely impacted by several factors, including changes in consumer behavior and advertising market conditions.'
claim 03 552902:553082 hash=74754635e998d61c90d1bf9c2215c25a5e3aaa1c78d7bbf77fc5c54c3103bfa0 hash_ok=True decoded_ok=True title='We operate in highly competitive and dynamic industries and our business, financial condition or results of operations could be adversely affected if we do not compete effectively.'
claim 04 557454:557697 hash=a67a54c7fada4e10f14eedba8fda5e7761a18df1a3611f8150b3a59b20ec22cd hash_ok=True decoded_ok=True title='The unpredictable and constantly shifting nature of consumer behavior, as well as evolving technologies and distribution models, have affected, and could continue to adversely affect, our business, financial condition or results of operations.'
claim 05 562066:562268 hash=283b5810f1a8e457f30752ade533d7ab3031fd5143bc19b9be12d33760aa3537 hash_ok=True decoded_ok=True title='Decisions to invest in new businesses, products, services and technologies, and the evolution of our business strategy, could adversely affect our business, financial condition or results of operations.'
claim 06 564674:564886 hash=eca90916ce0ab14ab11f5baaf1a7767dca0d3d146c8f5a08fb0f7027d1f89f34 hash_ok=True decoded_ok=True title='The loss of affiliation and distribution agreements, renewals on less favorable terms or adverse interpretations thereof could have an adverse effect on our business, financial condition or results of operations.'
claim 07 568910:569027 hash=c92332e233b7bbb139f45036a33a8d39421944643e2ecfce5cb8d3b6639fc91a hash_ok=True decoded_ok=True title='Damage to our reputation or brands could adversely affect our business, financial condition or results of operations.'
claim 08 570776:570993 hash=9c87771ff4f7210fecb6792b0b5fc8e831a2512de1c6b17bb6880f79d8bf618d hash_ok=True decoded_ok=True title='Losses due to asset impairment charges for goodwill, content and long-lived assets, including finite-lived intangible assets, could have an adverse effect on our business, financial condition or results of operations.'
claim 09 572635:572790 hash=6b78ae14e159def82ea282dbb0c2ce421d5ec44e399483d0b1f12962da6f3408 hash_ok=True decoded_ok=True title='Our liabilities related to discontinued operations and former businesses could adversely affect our business, financial condition or results of operations.'
claim 10 573836:574049 hash=999aa2cf528255bcd129e0829ab90da478faf5e25f987397f2be2163e256921d hash_ok=True decoded_ok=True title='Increasing scrutiny of, and evolving expectations for, sustainability initiatives could increase costs, harm our reputation or otherwise adversely impact our business, financial condition or results of operations.'
claim 11 577203:577287 hash=7611b7d24657ec5ad26b8c69eab5c374d1bd4cf1c7f03ed74d7eb736ef94e26a hash_ok=True decoded_ok=True title='Risks Relating to Business Continuity, Cybersecurity and Privacy and Data Protection'
claim 12 577481:577908 hash=2072c029dde26f469e14572e71027d2a1856ae697252526525467ee5e3245035 hash_ok=True decoded_ok=True title='Disruptions or failures of, or attacks on, our or our service providers’ networks, information systems and other technologies could result in the disclosure of business or personal information, disruption of our businesses, damage to our brands and reputation, and legal exposure and financial losses.'
claim 13 584203:584242 hash=414c97c317537ad8a73d83232ed2cc6bbecb570f8094f3dd93f575709bedc8e0 hash_ok=True decoded_ok=True title='Risks Relating to Intellectual Property'
claim 14 584436:584601 hash=bc79d4642eb9867057ae625c478433e60e30943bcb7b1bd305ab7a97ee79c337 hash_ok=True decoded_ok=True title='Challenges in protecting and maintaining our intellectual property rights could have an adverse effect on our business, financial condition or results of operations.'
claim 15 589526:589582 hash=f415b08215e2cb32c3dc81b626b4e8d01d076c560fb17cdc1c1dbffde94e4947 hash_ok=True decoded_ok=True title='Risks Relating to Macroeconomic and Political Conditions'
claim 16 589776:589934 hash=89654bc6859a97d4de4ac0922d808150b47ff342fcd24e4c8c325e0893a5e395 hash_ok=True decoded_ok=True title='Economic and political conditions in the U.S. and around the world could have an adverse effect on our business, financial condition or results of operations.'
claim 17 593009:593055 hash=61b1a6e407832c5b7a6064104d1d2c03aabec7f1a2eae6353788fd710a10647d hash_ok=True decoded_ok=True title='Risks Relating to Legal and Regulatory Matters'
claim 18 593249:593962 hash=fa3c8a1c8a0f733e59365dc68dcd0a693f25d23855b598f97a1d443cb47b5e98 hash_ok=True decoded_ok=True title='Failures to comply with or changes in U.S. or foreign laws or regulations could have an adverse effect on our business, financial condition or results of operations.'
claim 19 597585:597760 hash=5ba0ea8b2c4b13a4aa8b2de997fa9a0742e36d47657f60bf405e9d2dc4d7f6ac hash_ok=True decoded_ok=True title='We are subject to complex, often inconsistent and potentially costly laws, regulations, industry standards and contractual obligations relating to privacy and data protection.'
claim 20 603423:603601 hash=4178235b6a5da6471b01df6a4e16bb6fc3c3955b9b93d4e357d786dcee96e190 hash_ok=True decoded_ok=True title='Changes and uncertainties with respect to taxes in the jurisdictions in which we operate may have an adverse effect on our business, financial condition or results of operations.'
claim 21 605266:605297 hash=152e09c3d76cc88c626938a5802189fd91c1e5c55a192a9bae963189cc126e10 hash_ok=True decoded_ok=True title='Risks Relating to Human Capital'
claim 22 605491:605645 hash=ac28bb51c3af1be56ffe7841a26f2b6822d2957d98c6ddb5e8b54746389c3733 hash_ok=True decoded_ok=True title='The inability to hire or retain key employees or secure creative talent could adversely affect our business, financial condition or results of operations.'
claim 23 607449:607573 hash=dace1d785783d21482cc881ebc97865189b6d2b488bd8d7078f56b8eb070c330 hash_ok=True decoded_ok=True title='Labor disputes could disrupt our operations and adversely affect our business, financial condition or results of operations.'
claim 24 609855:609889 hash=fce651ca7fad0b70b643a892c1ff73f4aa018adf0dbc06dd669a247a84cd68e1 hash_ok=True decoded_ok=True title='Risks Relating to the Transactions'
claim 25 610083:610346 hash=e7094be8aa70cbfbaeb6bf9fc4d52e0b8e927234ce8c455fd74a7e8731fafc13 hash_ok=True decoded_ok=True title='Combining Paramount Global’s and Skydance’s businesses may be more difficult, time-consuming or costly than expected and the actual benefits of the combination may be less than expected, either or both of which may adversely affect our future results.'
claim 26 619336:619649 hash=91d133c7e49bb7220184d6ca7c775a319d094478b2a8fd6b65d13cf662b8f9eb hash_ok=True decoded_ok=True title='Several lawsuits have been filed in connection with the Transactions and additional lawsuits may be filed in the future challenging the Transactions. An adverse ruling in any such lawsuit could result in substantial costs and otherwise adversely affect our business, financial condition or results of operations.'
claim 27 621066:621113 hash=19b4133bb6f0f8b0b49d68016d5683c4e049f656002d755d147cd2ac1f121638 hash_ok=True decoded_ok=True title='Risks Relating to Ownership of Our Common Stock'
claim 28 621307:621412 hash=e5030bfe38e6876a6331c32fd227de98cc3a9e5621f444960547ce4a4c166d33 hash_ok=True decoded_ok=True title='We have experienced, and may continue to experience, volatility in the price of our Class B Common Stock.'
claim 29 622974:623134 hash=ec46006dabc29207b4dad5889b160aa7d8151d6340e2f3bb3f427b8ac352a8fe hash_ok=True decoded_ok=True title='Our dual class capital structure and the concentrated control by the entities controlled by the Ellison Family may adversely affect our stock price or business.'
claim 30 625192:625504 hash=c0d3be24118f87506d49d3ee4c1044b669eccfe8234493eae3350a4f5a7d6479 hash_ok=True decoded_ok=True title='If the entities controlled by the Ellison Family sell a controlling interest in our Company to a third party in a private transaction, our stockholders may not realize any change of control premium on shares of our Class B Common Stock and we may become subject to the control of a presently unknown third party.'
claim 31 626592:626647 hash=c1cae9c4e1ea52099389dc0147b8bc243a1277e0beb919cc1140147174880263 hash_ok=True decoded_ok=True title='Risk Factors Relating to Our Organization and Structure'
claim 32 626841:627101 hash=fe097b05a369d2265bfa9df931d5c445e0611d2e7325b84662bf14faa440c842 hash_ok=True decoded_ok=True title='We are exempt from certain corporate governance requirements because we are a “controlled company” within the meaning of Nasdaq rules, and as a result our stockholders do not have the protections afforded by these corporate governance requirements.'
claim 33 629219:629354 hash=2f86af0672047ec11a2ee3382020ba81dac95ce7f67cf5342887c624d5f21db9 hash_ok=True decoded_ok=True title='Holders of our Class B Common Stock have no voting rights and, as a result, do not have any ability to influence stockholder decisions.'
claim 34 630975:631108 hash=f627b6410ac97163973c5689d965a164d3b5f973e54f6ff5d0752da821694aa2 hash_ok=True decoded_ok=True title='Anti-takeover provisions contained in our Charter and Bylaws, as well as provisions of Delaware law, could impair a takeover attempt.'
claim 35 636356:636705 hash=7cf6168b0a5caa2108632fbadad57f1b0b5ac5f8242b1cf20dad3fe79e8e397a hash_ok=True decoded_ok=True title='The provisions of our Charter requiring exclusive venue in the Court of Chancery of the State of Delaware for certain types of lawsuits and the federal district courts of the U.S. for the resolution of any complaint asserting a cause of action under the Securities Act may have the effect of discouraging lawsuits against our directors and officers.'
claim 36 639804:640066 hash=81f7ce05263e69ccd809443e1c5a930767bf231af6f6612b0103ef5d0700517d hash_ok=True decoded_ok=True title='The competitive opportunity provisions in our Charter could enable certain directors, principals, officers, employees, members and/or equity holders or their respective affiliates to benefit from competitive opportunities that might otherwise be available to us.'
claim 37 641725:641925 hash=4b31b55ae595c9c874f199d3a0251543081054f67ec37bee932e6b789c1f27de hash_ok=True decoded_ok=True title='We are a holding company, and our principal assets are equity interests in our subsidiaries and, accordingly, we are dependent upon distributions from our subsidiaries to pay taxes and other expenses.'
emphasis_style_spans=43 unmatched_nonempty=2
UNMATCHED_STYLE byte=541639 type=B text='Risk Factors.'
UNMATCHED_STYLE byte=643428 type=B text='Item 1B.'
issues=[]

## Marriott
source=/private/tmp/issue28-d01-emphasis-marriott-20261002-final/metrics/D01/attempts/5fa26e4007ef4ce1aee75cd5869d836b/data/evidence/request_attempts/c3/c372495ac4ad3e62399040675f490315db137e17cd9a9a4a8c10cb1d09312547/mar-20251231.htm
source_sha256=c372495ac4ad3e62399040675f490315db137e17cd9a9a4a8c10cb1d09312547
identity={'accession': '0001048286-26-000007', 'company_id': 'marriott_international', 'entity': '1048286', 'period_end': '2025-12-31', 'period_start': '2025-01-01', 'scope': {'entity_scope': 'registrant'}, 'scope_key': 'sha256:f3c8407f8a8d60bfc7a88166339aa7506ff9e37a0df59342f9a62d99ef98c0a6'} registrant_names=['MARRIOTT INTERNATIONAL INC /MD/'] form=10-K
Item1A_raw_byte_range=421133:505239 heading='Item 1A. Risk Factors.' closing='Item 1B. Unresolved Staff Comments.'
candidate_hash=sha256:5e41cbfad234ed939d4c4792a7f35a427728ad406259a1dae05517acc4922662 result_id=sha256:99c76e50d0fb19cd6116a80350a6f1ca38924b5731e812695484d28381b348f8 value_equals_38_titles=True
claim 00 423629:423659 hash=dcc3056d8bd47ca0ebe0573e8c74d4af134e3a55c90542427c802d00853635a8 hash_ok=True decoded_ok=True title='Risks Relating to Our Industry'
claim 01 423849:423948 hash=17bbcc68ea906a630b7416e1ee5f27bffba384a68925daf8dea26c8ff847a1b4 hash_ok=True decoded_ok=True title='Our industry is highly competitive, which may impact our ability to compete successfully for guests'
claim 02 425580:425788 hash=08d66c616c0cd0aaaa610bfef9a31357cc8bd78d5c03122ef5e11f6f6c4e01fe hash_ok=True decoded_ok=True title='Economic and other global, national, and regional conditions and events have in the past materially impacted, and could in the future materially impact, our business, operations, financial results, and growth'
claim 03 432587:432617 hash=0054f721713a7a57f1acfe6e4c99a81823dcd87f6e736cc713085c1475108d58 hash_ok=True decoded_ok=True title='Risks Relating to Our Business'
claim 04 432815:432832 hash=6283b349df9ccf3d130afc8b6176585ab28a995d5de4a49990c0662acabd2c2e hash_ok=True decoded_ok=True title='Operational Risks'
claim 05 433022:433127 hash=3edee5180b9f193e59ed9704a3283f9e5a5d36cd3449ac7ce9c6b58e12d119a2 hash_ok=True decoded_ok=True title='Premature termination of our agreements with hotel owners could materially hurt our financial performance'
claim 06 436048:436185 hash=d51635e1427d34928d23d817f24813f2faff745539b66b74d46d43029f8913b8 hash_ok=True decoded_ok=True title='Disagreements with hotel owners and other counterparties could materially impact our business, operations, financial results, and growth.'
claim 07 437537:437614 hash=2466b81260e65502c909d702f83ec5a867631832561e85489608e6496db5846d hash_ok=True decoded_ok=True title='Changes in the way hotel rooms are booked could adversely impact our business'
claim 08 440132:440333 hash=690f3e34cec6863c64e5eb6ada1dd481ca3831ee70274044f91da3c5b01705d9 hash_ok=True decoded_ok=True title='Our growth strategy depends upon attracting hotel owners to our platform, and future arrangements with these third parties may be less favorable to us, depending on the terms offered by our competitors'
claim 09 441469:441700 hash=f05f97815828f911bc5ecb12eff634fa16deb607a0326bdd0b6b4eae7f6f7c83 hash_ok=True decoded_ok=True title='The effects of, or our failure to comply with, applicable laws, regulations, and government policies may disrupt our business, lower our revenues, increase our costs, reduce our profits, limit our growth, or damage our reputation.'
claim 10 445128:445435 hash=3135a037e4ed899f8f169b63d577f93b1514ef7cdea5cbe7d156cdc150d441af hash_ok=True decoded_ok=True title='Third-party claims that we infringe the intellectual property rights of others or our failure to defend our own intellectual property rights could materially adversely affect our business.'
claim 11 449363:449503 hash=1bb3c6ecfafed69da817211eb8b6b407fffaa6ba90fc43b243eb6da02e206837 hash_ok=True decoded_ok=True title='If our brands, goodwill, or other intangible assets become impaired, we may be required to record significant non-cash charges to earnings.'
claim 12 450738:450950 hash=87b7027586769a7a43bf0009bc22cb967e1ddce372c4ac28be4ba8fb2a98bea6 hash_ok=True decoded_ok=True title='Our business depends on the quality and reputation of our Company and our brands, and any deterioration could adversely impact our market share, reputation, business, financial condition, or results of operations'
claim 13 453294:453390 hash=cf563fcab18bc95087d59d7d1806fd049889b4524b629e5df6cce25fe001359e hash_ok=True decoded_ok=True title='Actions by our hotel owners or others could materially adversely affect our image and reputation'
claim 14 456568:456770 hash=6026f85ce052edca8e43b0547bebd1c7bab9ca4c687b1c7e3e93f418438049de hash_ok=True decoded_ok=True title='Collective bargaining activity and strikes could materially disrupt hotel operations, increase labor costs, and interfere with the ability of our management to focus on executing our business strategies'
claim 15 459475:459641 hash=62d4b186ac3e8de130e0bf2b858c69b961f781bfadd06e5851b8662bf3c6c99b hash_ok=True decoded_ok=True title='Our business could suffer if we or the hotels in our system cannot attract and retain associates or as the result of the loss of the services of our senior executives'
claim 16 461357:461701 hash=0de8b8501fd0e1ea48fc85c8a6588a3bf0e9292d79dc27ecc6900a1b0a91ceef hash_ok=True decoded_ok=True title='Extreme weather, natural disasters, climate change, and sustainability-related concerns have impacted our business in the past and could in the future have a material adverse effect on our business and results of operations.'
claim 17 465071:465227 hash=c26628f73980544ff83b14f29b179c4001ba747fb1a7321a72958837138a6b24 hash_ok=True decoded_ok=True title='Insurance may not cover damage to, or losses involving, hotels in our system or other aspects of our business, and the cost of such insurance could increase'
claim 18 467223:467399 hash=6b383bd4e7447ac19635108b9e409e9cb4cb1d535e4c3e40582a6f56bba916eb hash_ok=True decoded_ok=True title='Our Loyalty Program plays a significant role in our business, and unfavorable developments affecting the program could adversely affect our business and results of operations.'
claim 19 469054:469174 hash=4629bcc85d877abda6c69fea4f5ce31beca225cdcc5cfca80903e8965c9392d7 hash_ok=True decoded_ok=True title='Exchange rate fluctuations could result in significant foreign currency gains and losses and affect our business results'
claim 20 470821:470852 hash=d435387f431ab9db19f958de327fdfa15699d27b2d72e44bb9cd2f211c0355b1 hash_ok=True decoded_ok=True title='Development and Financing Risks'
claim 21 471042:471169 hash=d86237f960bc334c48fc5a68f73eb13acb9b270ba7b4134db21bb343f82252d3 hash_ok=True decoded_ok=True title='Our hotel owners depend on capital to buy, develop, and improve hotels, and they may be unable to access capital when necessary'
claim 22 471982:472085 hash=8f7b681dc18966253778d3ef131d4345d82833026b5f7c9717af4bf9233d297d hash_ok=True decoded_ok=True title='Our ability to grow our system is subject to the range of risks associated with real estate investments'
claim 23 474331:474414 hash=223b5ff0b914f41786a6d695b3a4c036ae35026b5a3ef1991e669ce029e20c12 hash_ok=True decoded_ok=True title='Our owned properties and other real estate investments subject us to numerous risks'
claim 24 476150:476290 hash=d0cbbb14748a69a32c2458b1eab7e7edbb21e73de603d75ffe78ea1756d94f44 hash_ok=True decoded_ok=True title='Risks associated with development and sale of residential properties associated with our lodging properties or brands may reduce our profits'
claim 25 477385:477522 hash=874479f21ce6749b6af09866b47d54360c4442e46ba5251d51ee179a16eb4619 hash_ok=True decoded_ok=True title='More hotel projects in our development pipeline may be cancelled or delayed in opening, which could adversely affect our growth prospects'
claim 26 478658:478741 hash=4ad3d137e5d5e1a0d5c967bef5e02ffcfa171cba091814a21e5fa133602c8290 hash_ok=True decoded_ok=True title='Losses on loans or guarantees that we have made to third parties impact our profits'
claim 27 479417:479675 hash=e6f4d230a0ffca5f902b164f521162c60c908824234d8d9ea071d1c81d3b7c82 hash_ok=True decoded_ok=True title='If hotel owners cannot repay or refinance mortgage loans secured by their properties, default under property leases, or experience other financial difficulties, our revenues and profits could materially decrease and our business could be significantly harmed'
claim 28 481153:481206 hash=f30757f2b95da5d9544971c6d32373cf7edd3c99ac9040738d79e8c4f2e9d62b hash_ok=True decoded_ok=True title='Technology, Information Protection, and Privacy Risks'
claim 29 481396:481573 hash=a733e9b0b7d65654c7493f61db5f3ab09d19c1e64fa18e63e34e7d557d1d73d2 hash_ok=True decoded_ok=True title='Disruption in the functioning of our reservation, Loyalty Program, or other core operational systems, or our use of certain new technologies, could adversely affect our business'
claim 30 485268:485374 hash=367520b5376cfaecce5dede8652fb918103b54ca19f0af4552726e62345db085 hash_ok=True decoded_ok=True title='A failure to keep pace with developments in technology could impair our operations or competitive position'
claim 31 487191:487286 hash=96da2058f8067086a31c052ad983cdce978610ddbdbf9d6e4703414bbd41263c hash_ok=True decoded_ok=True title='We are exposed to risks and costs associated with protecting the integrity and security of data'
claim 32 489540:489661 hash=a55eff13733dcbef2b2898a5a251196af86ad2a7e8ea226f1c4cb857117fddd8 hash_ok=True decoded_ok=True title='The Data Security Incident, and other information security incidents, could have numerous adverse effects on our business'
claim 33 493537:493615 hash=e8fcf3db508461602f51192632904f8897a23b2defb3ae8ada159698b7d1ca52 hash_ok=True decoded_ok=True title='Additional cybersecurity incidents could have adverse effects on our business.'
claim 34 499258:499518 hash=1f6683cca9c285315955e76e1fc6215341d2902cb78bf4660975ee39b6730bbb hash_ok=True decoded_ok=True title='Changes in privacy and data security laws could increase our operating costs and increase our exposure to payment obligations and litigation.'
claim 35 502720:502740 hash=cde1d22a490a307e02203142da435f684665b039ded25664d5612cb503e06771 hash_ok=True decoded_ok=True title='General Risk Factors'
claim 36 502930:503095 hash=e5383fc645a9d7abc426876f18a4110dd148d6c7c08db2b80fffb090b52aded1 hash_ok=True decoded_ok=True title='Delaware law and our governing corporate documents contain, and our Board of Directors could implement, anti-takeover provisions that could deter takeover attempts.'
claim 37 503973:504107 hash=897b610adca09f1e746415592bdcc978d084574970066278b9add7f4cf3538c9 hash_ok=True decoded_ok=True title='Changes in tax law, interpretations of existing tax law, or agreements or disputes with tax authorities could increase our tax costs.'
emphasis_style_spans=51 unmatched_nonempty=10
UNMATCHED_STYLE byte=422222 type=U text='Table of Contents'
UNMATCHED_STYLE byte=434506 type=U text='Table of Contents'
UNMATCHED_STYLE byte=443833 type=U text='Table of Contents'
UNMATCHED_STYLE byte=454932 type=U text='Table of Contents'
UNMATCHED_STYLE byte=464196 type=U text='Table of Contents'
UNMATCHED_STYLE byte=473456 type=U text='Table of Contents'
UNMATCHED_STYLE byte=483064 type=U text='Table of Contents'
UNMATCHED_STYLE byte=492235 type=U text='Table of Contents'
UNMATCHED_STYLE byte=501373 type=U text='Table of Contents'
UNMATCHED_STYLE byte=505239 type=B text='Item 1B. Unresolved Staff Comments.'
issues=[]


## Independent raw-markup coverage check
Paramount: distinct_claims_with_raw_emphasis_style=38/38, unmatched_claim_orders=[], style_span_total=43, b_or_strong_tags=0, heading_tags=0, div_font_weight_tags=0
Marriott: distinct_claims_with_raw_emphasis_style=38/38, unmatched_claim_orders=[], style_span_total=51, b_or_strong_tags=0, heading_tags=0, div_font_weight_tags=0
