## Paramount
file=/private/tmp/issue28-d01-emphasis-paramount-20261002-final/metrics/D01/attempts/2bf85d7f0f6a4cf9b43447c3e018408a/data/evidence/request_attempts/4c/4cf3d42c0ba1129dadd58d9c1ffdc4f35e2a81cec7bab3763e2a3bbecfea135d/psky-20251231.htm
raw_sha256=4cf3d42c0ba1129dadd58d9c1ffdc4f35e2a81cec7bab3763e2a3bbecfea135d doc_form=10-K registrant_names=['Paramount Skydance Corporation'] period_end=2025-12-31
source_state=COMPLETE_LOCAL_DOCUMENT reasons=[]
Item1A={'section_id': 'ITEM_1A', 'start_block': 232, 'end_block_exclusive': 357, 'heading': {'item': '1A', 'block_index': 230, 'heading_end_index': 231}, 'closing_heading': {'item': '1B', 'block_index': 357, 'heading_end_index': 358}}
heading_block='Item 1A.'
closing_block='Item 1B.'
--- block=232 bytes=541852:542190 linked=False text='A wide range of risks may affect our business, financial condition or results of operations, now and in the future. We consider the risks described below to be the most significant. There may be other currently unknown or unpredictable factors that c'
C00 block=233 bytes=542366:542409 linked=False lead='Risks Relating to Our Business and Industry' text='Risks Relating to Our Business and Industry'
C01 block=234 bytes=542603:542853 linked=False lead='If our streaming business is unsuccessful, our business, financial condition or results of operations could be adversely affected.' text='If our streaming business is unsuccessful, our business, financial condition or results of operations could be adversely affected.'
--- block=235 bytes=543029:544308 linked=False text='Streaming is intensely competitive and capital intensive and our streaming business may not be profitable or otherwise successful. Our ability to continue to attract, engage and retain streaming subscribers and active users (together, “users”), as we'
--- block=236 bytes=544484:545906 linked=False text='In addition to attracting new users, we must also meaningfully engage existing users to minimize “churn” and maximize our advertising and subscription revenues. If consumers do not perceive our streaming services to be of value compared to competing '
C02 block=237 bytes=546100:546270 linked=False lead='Our advertising revenues have been and may continue to be adversely impacted by several factors, including changes in consumer behavior and advertising market conditions.' text='Our advertising revenues have been and may continue to be adversely impacted by several factors, including changes in consumer behavior and advertising market conditions.'
--- block=238 bytes=546446:546664 linked=False text='We generate substantial revenues from the sale of advertising, and a decline in advertising revenues has had, and could continue to have, an adverse effect on our business, financial condition or results of operations.'
--- block=239 bytes=546840:547752 linked=False text='The evolution of consumer preferences toward streaming and other digital services, and the increasing number of entertainment choices available to consumers, have intensified audience fragmentation and reduced viewership through traditional linear di'
--- block=240 bytes=548013:548017 linked=False text='I-11'
--- block=241 bytes=548317:548447 linked=False text='advertising revenues we generate in that market will offset declines in advertising revenues from our traditional linear business.'
--- block=242 bytes=548623:549348 linked=False text='Our advertising business is sensitive to general macroeconomic conditions as well as the economic prospects and spending priorities of specific advertisers or industries. Our ability to generate advertising revenues also depends on demand for our con'
--- block=243 bytes=549524:550042 linked=False text='Major sports events, such as the Super Bowl and the NCAA Division I Men’s Basketball Tournament, and state, congressional and presidential election cycles, may cause our advertising revenues to vary substantially from year to year. Political advertis'
--- block=244 bytes=550218:551582 linked=False text='Advertising sales are also largely dependent on audience measurement and could be negatively affected if measurement methodologies do not accurately reflect viewership levels. In addition, if advertising buyers require the use of specific television '
--- block=245 bytes=551758:552708 linked=False text='Our ability to generate advertising revenues can also be impacted, and in certain circumstances has already been impacted, by an increasing number of global laws and regulations, including limitations on how we deliver to, target or measure audiences'
C03 block=246 bytes=552902:553082 linked=False lead='We operate in highly competitive and dynamic industries and our business, financial condition or results of operations could be adversely affected if we do not compete effectively.' text='We operate in highly competitive and dynamic industries and our business, financial condition or results of operations could be adversely affected if we do not compete effectively.'
--- block=247 bytes=553258:553997 linked=False text='We face substantial and increasing competition to attract creative talent, to produce and acquire the rights to high-quality content, acquire, engage and retain audiences and users, and distribute our content and services across a range of third-part'
--- block=248 bytes=554173:554760 linked=False text='Our competitors include companies with interests across multiple media and entertainment businesses that are often vertically integrated, as well as companies in adjacent sectors with significant financial, marketing and other resources, greater effi'
--- block=249 bytes=555021:555025 linked=False text='I-12'
--- block=250 bytes=555325:555752 linked=False text='competitors may also consolidate or enter into business combinations or alliances that strengthen their competitive position. We also rely on third-party platforms with which we compete to make our content available to users, and if these third parti'
--- block=251 bytes=555928:556625 linked=False text='These increased competitive pressures have resulted in, and may continue to result in, increased costs, including with respect to talent and intellectual property rights. We invest significant resources to produce, market and distribute original cont'
--- block=252 bytes=556801:557260 linked=False text='This competition could result in a decrease in audiences and users, lower ratings and advertising revenues, lower affiliate and other revenues, and increased content and promotional costs, which could negatively affect our ability to generate revenue'
C04 block=253 bytes=557454:557697 linked=False lead='The unpredictable and constantly shifting nature of consumer behavior, as well as evolving technologies and distribution models, have affected, and could continue to adversely affe' text='The unpredictable and constantly shifting nature of consumer behavior, as well as evolving technologies and distribution models, have affected, and could continue to adversely affect, our business, financial condition or results of operations.'
--- block=254 bytes=557873:558020 linked=False text='Our success depends on our ability to anticipate and adapt to shifting content consumption patterns, evolving technologies and distribution models.'
--- block=255 bytes=558196:559197 linked=False text='Our ability to maintain attractive brands and to create, distribute and/or license popular content is key to our success and ability to generate revenues. The revenues we generate primarily depend on our ability to consistently anticipate and satisfy'
--- block=256 bytes=559373:560273 linked=False text='Evolving technologies, including AI Technologies, and distribution models, as well as the overall size of the entertainment and content market, affect demand for our content; how our content is generated, distributed and consumed; the sources and nat'
--- block=257 bytes=560449:560877 linked=False text='Shifts in consumer behavior may also be exacerbated by events outside our control, including prolonged disruptions to our ability to create content caused by global events such as pandemics or industry-wide labor actions similar to what we experience'
--- block=258 bytes=561053:561483 linked=False text='To respond to these developments, we regularly evaluate and adopt new technologies and business strategies, including our increased investment in streaming. However, we may not successfully anticipate or respond to these developments and may experien'
--- block=259 bytes=561744:561748 linked=False text='I-13'
C05 block=260 bytes=562066:562268 linked=False lead='Decisions to invest in new businesses, products, services and technologies, and the evolution of our business strategy, could adversely affect our business, financial condition or ' text='Decisions to invest in new businesses, products, services and technologies, and the evolution of our business strategy, could adversely affect our business, financial condition or results of operations.'
--- block=261 bytes=562444:564480 linked=False text='To effectively respond to market and consumer changes, we have made, and expect to continue to make, changes to our business strategy that are subject to execution risk, and they may not produce anticipated benefits. As part of the evolution of our b'
C06 block=262 bytes=564674:564886 linked=False lead='The loss of affiliation and distribution agreements, renewals on less favorable terms or adverse interpretations thereof could have an adverse effect on our business, financial con' text='The loss of affiliation and distribution agreements, renewals on less favorable terms or adverse interpretations thereof could have an adverse effect on our business, financial condition or results of operations.'
--- block=263 bytes=565062:566236 linked=False text='A significant portion of our revenue is attributable to agreements with a limited number of distributors. There can be no assurance these agreements will be renewed, or renewed on favorable terms, including terms related to pricing, programming tiers'
--- block=264 bytes=566412:567261 linked=False text='Consolidation and vertical integration among distributors in the cable and broadcast network businesses has provided more leverage to these distributors and could adversely affect our ability to maintain or obtain distribution for our network program'
--- block=265 bytes=567437:568327 linked=False text='Our revenues also depend on the compliance of major distributors with the terms of our affiliation or distribution agreements. As these agreements have grown in complexity, disputes regarding their interpretation and validity have increased, resultin'
--- block=266 bytes=568588:568592 linked=False text='I-14'
C07 block=267 bytes=568910:569027 linked=False lead='Damage to our reputation or brands could adversely affect our business, financial condition or results of operations.' text='Damage to our reputation or brands could adversely affect our business, financial condition or results of operations.'
--- block=268 bytes=569203:570582 linked=False text='Our reputation and globally recognized brands are critical to our success. Our reputation depends on a number of factors, including the quality of our content, services and other offerings, the level of trust we maintain with our consumers and our ab'
C08 block=269 bytes=570776:570993 linked=False lead='Losses due to asset impairment charges for goodwill, content and long-lived assets, including finite-lived intangible assets, could have an adverse effect on our business, financia' text='Losses due to asset impairment charges for goodwill, content and long-lived assets, including finite-lived intangible assets, could have an adverse effect on our business, financial condition or results of operations.'
--- block=270 bytes=571169:572441 linked=False text='Certain events and circumstances can result in a decline in the values of our reporting units, content, or asset groups containing our finite-lived intangible assets, which could result in noncash impairment charges. Deterioration of market condition'
C09 block=271 bytes=572635:572790 linked=False lead='Our liabilities related to discontinued operations and former businesses could adversely affect our business, financial condition or results of operations.' text='Our liabilities related to discontinued operations and former businesses could adversely affect our business, financial condition or results of operations.'
--- block=272 bytes=572966:573642 linked=False text='We have both recognized and potential liabilities and costs related to discontinued operations and former businesses, certain of which are unrelated to our existing business, including leases, guarantees, environmental liabilities, liabilities relate'
C10 block=273 bytes=573836:574049 linked=False lead='Increasing scrutiny of, and evolving expectations for, sustainability initiatives could increase costs, harm our reputation or otherwise adversely impact our business, financial co' text='Increasing scrutiny of, and evolving expectations for, sustainability initiatives could increase costs, harm our reputation or otherwise adversely impact our business, financial condition or results of operations.'
--- block=274 bytes=574225:575047 linked=False text='A number of disclosure requirements relating to sustainability matters have taken effect or are expected to take effect in the next several years in the U.S. and Europe, including the Climate Corporate Data Accountability Act and the Climate-Related '
--- block=275 bytes=575308:575312 linked=False text='I-15'
--- block=276 bytes=575612:575782 linked=False text='requirements and a lack of harmonization of legal and regulatory environments across the jurisdictions in which we operate may create enhanced compliance risks and costs.'
--- block=277 bytes=575958:577046 linked=False text='We have also faced, and may continue to face, increasing scrutiny from our consumers, advertisers, distributors, suppliers, licensors, creative talent, employees and other stakeholders relating to the appropriate role of sustainability-related practi'
C11 block=278 bytes=577203:577287 linked=False lead='Risks Relating to Business Continuity, Cybersecurity and Privacy and Data Protection' text='Risks Relating to Business Continuity, Cybersecurity and Privacy and Data Protection'
C12 block=279 bytes=577481:577908 linked=False lead='Disruptions or failures of, or attacks on, our or our service providers’ networks, information systems and other technologies could result in the disclosure of business or personal' text='Disruptions or failures of, or attacks on, our or our service providers’ networks, information systems and other technologies could result in the disclosure of business or personal information, disruption of our businesses, damage to our brands and r'
--- block=280 bytes=578084:581886 linked=False text='Cloud services, networks, software, information systems and other technologies we use or that are used by our third-party service providers and our product suppliers (“Providers”), including technology systems used by us and our Providers in connecti'
--- block=281 bytes=582147:582151 linked=False text='I-16'
--- block=282 bytes=582451:584027 linked=False text='and third-party technologies to optimize operations across certain areas of our business. The use of these technologies may lead to unintentional disclosure of sensitive, confidential, proprietary or personal information of ours and of our employees '
C13 block=283 bytes=584203:584242 linked=False lead='Risks Relating to Intellectual Property' text='Risks Relating to Intellectual Property'
C14 block=284 bytes=584436:584601 linked=False lead='Challenges in protecting and maintaining our intellectual property rights could have an adverse effect on our business, financial condition or results of operations.' text='Challenges in protecting and maintaining our intellectual property rights could have an adverse effect on our business, financial condition or results of operations.'
--- block=285 bytes=584777:588366 linked=False text='Our success depends in part on our ability to maintain and monetize our intellectual property rights. We are fundamentally a content company and infringement of our content adversely affects the value of our content. Copyright infringement is particu'
--- block=286 bytes=588627:588631 linked=False text='I-17'
--- block=287 bytes=588931:589350 linked=False text='rights could result in increased costs or reduced revenues. In addition, we are on occasion subject to claims that we are infringing third-party rights. For example, our streaming platforms and technology are subject to patent infringement litigation'
C15 block=288 bytes=589526:589582 linked=False lead='Risks Relating to Macroeconomic and Political Conditions' text='Risks Relating to Macroeconomic and Political Conditions'
C16 block=289 bytes=589776:589934 linked=False lead='Economic and political conditions in the U.S. and around the world could have an adverse effect on our business, financial condition or results of operations.' text='Economic and political conditions in the U.S. and around the world could have an adverse effect on our business, financial condition or results of operations.'
--- block=290 bytes=590110:592833 linked=False text='Our businesses operate and have audiences, customers and partners worldwide. Accordingly, economic conditions in the U.S. and around the world affect various aspects of our business. The global financial markets have experienced significant recent vo'
C17 block=291 bytes=593009:593055 linked=False lead='Risks Relating to Legal and Regulatory Matters' text='Risks Relating to Legal and Regulatory Matters'
C18 block=292 bytes=593249:593962 linked=False lead='Failures to comply with or changes in U.S. or foreign laws or regulations could have an adverse effect on our business, financial condition or results of operations.' text='Failures to comply with or changes in U.S. or foreign laws or regulations could have an adverse effect on our business, financial condition or results of operations.'
--- block=293 bytes=594138:595601 linked=False text='We are subject to a wide range of laws and regulations in the U.S. and in the foreign jurisdictions in which we or our partners operate, including laws and regulations relating to intellectual property, advertising and content regulation, consumer pr'
--- block=294 bytes=595862:595866 linked=False text='I-18'
--- block=295 bytes=596166:597391 linked=False text='stations, and on the operation of both our television stations and the CBS Network in the U.S. In addition, there has been consideration from time to time as to whether virtual MVPDs should be considered MVPDs as defined and regulated by the FCC. Our'
C19 block=296 bytes=597585:597760 linked=False lead='We are subject to complex, often inconsistent and potentially costly laws, regulations, industry standards and contractual obligations relating to privacy and data protection.' text='We are subject to complex, often inconsistent and potentially costly laws, regulations, industry standards and contractual obligations relating to privacy and data protection.'
--- block=297 bytes=597936:602275 linked=False text='We are subject to laws, regulations, industry standards and contractual obligations in the U.S. and in other countries relating to privacy and the collection, use, processing, transfer, storage and security of personal data. In the E.U., for example,'
--- block=298 bytes=602536:602540 linked=False text='I-19'
--- block=299 bytes=602840:603229 linked=False text='comply, which raises both costs of compliance and the likelihood that we will fail to satisfy all of our legal requirements. Any actual or perceived noncompliance could result in regulatory investigations and enforcement, investigation and remediatio'
C20 block=300 bytes=603423:603601 linked=False lead='Changes and uncertainties with respect to taxes in the jurisdictions in which we operate may have an adverse effect on our business, financial condition or results of operations.' text='Changes and uncertainties with respect to taxes in the jurisdictions in which we operate may have an adverse effect on our business, financial condition or results of operations.'
--- block=301 bytes=603777:605090 linked=False text='We and our subsidiaries conduct business globally and are subject to tax in multiple U.S. federal, state and local and non-U.S. jurisdictions. Our tax position could be materially adversely affected by several factors, including: new or changing tax '
C21 block=302 bytes=605266:605297 linked=False lead='Risks Relating to Human Capital' text='Risks Relating to Human Capital'
C22 block=303 bytes=605491:605645 linked=False lead='The inability to hire or retain key employees or secure creative talent could adversely affect our business, financial condition or results of operations.' text='The inability to hire or retain key employees or secure creative talent could adversely affect our business, financial condition or results of operations.'
--- block=304 bytes=605821:607255 linked=False text='Our business depends on the continued efforts, abilities and expertise of our executives and other employees and the creative talent with whom we work. We compete for executives in highly specialized and rapidly evolving industries and our ability to'
C23 block=305 bytes=607449:607573 linked=False lead='Labor disputes could disrupt our operations and adversely affect our business, financial condition or results of operations.' text='Labor disputes could disrupt our operations and adversely affect our business, financial condition or results of operations.'
--- block=306 bytes=607749:608972 linked=False text='We and our business partners engage the services of writers, directors, actors, musicians and other creative talent, production crew members, trade employees, professional athletes and others who are subject to collective bargaining agreements. Any l'
--- block=307 bytes=609233:609237 linked=False text='I-20'
--- block=308 bytes=609537:609679 linked=False text='unionization and strikes. There can be no assurance we will renew collective bargaining agreements on favorable terms or avoid work stoppages.'
C24 block=309 bytes=609855:609889 linked=False lead='Risks Relating to the Transactions' text='Risks Relating to the Transactions'
C25 block=310 bytes=610083:610346 linked=False lead='Combining Paramount Global’s and Skydance’s businesses may be more difficult, time-consuming or costly than expected and the actual benefits of the combination may be less than exp' text='Combining Paramount Global’s and Skydance’s businesses may be more difficult, time-consuming or costly than expected and the actual benefits of the combination may be less than expected, either or both of which may adversely affect our future results'
--- block=311 bytes=610547:610871 linked=False text='We may not be able to integrate Paramount Global’s and Skydance’s businesses in a manner that facilitates growth opportunities and achieves certain cost savings, operating synergies and revenue growth trends identified by each company without adverse'
--- block=312 bytes=611072:612405 linked=False text='The combination of two independent businesses is complex, costly and time-consuming and may divert significant management attention and resources toward integration planning at the expense of Paramount Global’s and Skydance’s ordinary-course business'
--- block=313 bytes=612642:612906 linked=False text='•the diversion of management attention to integration matters and/or litigation matters brought against the companies;'
--- block=314 bytes=613118:613487 linked=False text='•difficulties in integrating operations and systems, including intellectual property and communications systems, administrative and information technology infrastructure and financial reporting and internal control systems;'
--- block=315 bytes=613699:613982 linked=False text='•challenges in conforming business cultures, standards, controls, procedures and accounting and other policies between the two companies;'
--- block=316 bytes=614194:614469 linked=False text='•difficulties in integrating employees and compensation structures, and attracting and retaining key personnel, including talent;'
--- block=317 bytes=614681:615098 linked=False text='•challenges in retaining existing, and obtaining new customers, viewers, suppliers, distributors, licensors, lessors, employees, business associates and others, including material content providers, writers, producers, directors, actors and other tal'
--- block=318 bytes=615310:615602 linked=False text='•difficulties in achieving anticipated cost savings, synergies, business opportunities, financing plans and growth prospects from the combination;'
--- block=319 bytes=615814:616048 linked=False text='•difficulties in managing the expanded operations of a larger and more complex company;'
--- block=320 bytes=616260:616498 linked=False text='•challenges in continuing to develop valuable and widely accepted content and technologies;'
--- block=321 bytes=616710:616914 linked=False text='•contingent liabilities that are larger than expected; and'
--- block=322 bytes=617126:617393 linked=False text='•potential unknown liabilities, adverse consequences and unforeseen increased expenses associated with the Transactions.'
--- block=323 bytes=617654:617658 linked=False text='I-21'
--- block=324 bytes=617983:619142 linked=False text='Many of these factors are outside our control and any one of them could result in lower revenues, higher costs and diversion of management time and energy, which could materially and adversely impact our business, financial condition or results of op'
C26 block=325 bytes=619336:619649 linked=False lead='Several lawsuits have been filed in connection with the Transactions and additional lawsuits may be filed in the future challenging the Transactions. An adverse ruling in any such ' text='Several lawsuits have been filed in connection with the Transactions and additional lawsuits may be filed in the future challenging the Transactions. An adverse ruling in any such lawsuit could result in substantial costs and otherwise adversely affe'
--- block=326 bytes=619850:620890 linked=False text='Several lawsuits have been filed in connection with the Transactions and additional lawsuits may be filed in the future challenging the Transactions. These matters could subject us to significant defense costs and potential liability, regardless of t'
C27 block=327 bytes=621066:621113 linked=False lead='Risks Relating to Ownership of Our Common Stock' text='Risks Relating to Ownership of Our Common Stock'
C28 block=328 bytes=621307:621412 linked=False lead='We have experienced, and may continue to experience, volatility in the price of our Class B Common Stock.' text='We have experienced, and may continue to experience, volatility in the price of our Class B Common Stock.'
--- block=329 bytes=621588:622780 linked=False text='We have experienced, and may continue to experience, volatility in the price of our Class B Common Stock. Various factors have impacted, and may continue to impact, the price of our Class B Common Stock, including variations in our operating results;'
C29 block=330 bytes=622974:623134 linked=False lead='Our dual class capital structure and the concentrated control by the entities controlled by the Ellison Family may adversely affect our stock price or business.' text='Our dual class capital structure and the concentrated control by the entities controlled by the Ellison Family may adversely affect our stock price or business.'
--- block=331 bytes=623310:624216 linked=False text='Our dual class capital structure, combined with the concentrated control of our Company by entities controlled by the Ellison Family, may result in a lower trading price or greater fluctuations in the price of our Class B Common Stock, adverse public'
--- block=332 bytes=624477:624481 linked=False text='I-22'
--- block=333 bytes=624781:624998 linked=False text='these funds and make our Class B Common Stock less attractive to investors. As a result, the market price and liquidity of our Class B Common Stock, as well as public sentiment, could be materially adversely affected.'
C30 block=334 bytes=625192:625504 linked=False lead='If the entities controlled by the Ellison Family sell a controlling interest in our Company to a third party in a private transaction, our stockholders may not realize any change o' text='If the entities controlled by the Ellison Family sell a controlling interest in our Company to a third party in a private transaction, our stockholders may not realize any change of control premium on shares of our Class B Common Stock and we may bec'
--- block=335 bytes=625680:626416 linked=False text='Entities controlled by the Ellison Family indirectly own a controlling interest in our Company. Subject to our organizational documents, the entities controlled by the Ellison Family have the ability, should they choose to do so, to sell, or cause th'
C31 block=336 bytes=626592:626647 linked=False lead='Risk Factors Relating to Our Organization and Structure' text='Risk Factors Relating to Our Organization and Structure'
C32 block=337 bytes=626841:627101 linked=False lead='We are exempt from certain corporate governance requirements because we are a “controlled company” within the meaning of Nasdaq rules, and as a result our stockholders do not have ' text='We are exempt from certain corporate governance requirements because we are a “controlled company” within the meaning of Nasdaq rules, and as a result our stockholders do not have the protections afforded by these corporate governance requirements.'
--- block=338 bytes=627277:629025 linked=False text='Harbor Lights and its applicable subsidiaries control 100% of our combined voting power for the election of our Board of Directors. As a result, we are considered a “controlled company” for the purposes of Nasdaq listing standards, and, therefore, ar'
C33 block=339 bytes=629219:629354 linked=False lead='Holders of our Class B Common Stock have no voting rights and, as a result, do not have any ability to influence stockholder decisions.' text='Holders of our Class B Common Stock have no voting rights and, as a result, do not have any ability to influence stockholder decisions.'
--- block=340 bytes=629530:630392 linked=False text='Except as required by applicable law, holders of our Class B Common Stock have no voting rights. Accordingly, all matters submitted to our stockholders are decided by the vote of holders of our Class A Common Stock, each share of which is entitled to'
--- block=341 bytes=630653:630657 linked=False text='I-23'
C34 block=342 bytes=630975:631108 linked=False lead='Anti-takeover provisions contained in our Charter and Bylaws, as well as provisions of Delaware law, could impair a takeover attempt.' text='Anti-takeover provisions contained in our Charter and Bylaws, as well as provisions of Delaware law, could impair a takeover attempt.'
--- block=343 bytes=631284:631646 linked=False text='Provisions of our amended and restated certificate of incorporation (“Charter”) and amended and restated bylaws (“Bylaws”), in addition to those relating to the voting rights of our Common Stock, may have the effect of delaying, deferring or preventi'
--- block=344 bytes=631858:632358 linked=False text='•authorize our Board of Directors to provide for the issuance, without stockholder approval, of up to 100 million shares of preferred stock with rights, powers and preferences fixed by our Board of Directors (subject to certain limitations set forth '
--- block=345 bytes=632570:632962 linked=False text='•provide that each Specified Reserved Matter Designee (as defined in our Charter) will have the right to consent to entrance into a binding agreement contemplating, or otherwise consummating, a Change of Control Event (as defined in our Charter);'
--- block=346 bytes=633174:633961 linked=False text='•provide that each director (except for the Ellison Designees (as defined in our Charter), but including any Low-Vote Designee (as defined in our Charter)) will be entitled to one vote for so long as Ellison (as defined in our Charter) holds an Origi'
--- block=347 bytes=634173:634769 linked=False text='•provide that each Specified Stockholder (as defined in our Charter) will have the exclusive right to (i) remove at any time, with or without cause, its respective designee from our Board of Directors and (ii) subject to the rights of holders of any '
--- block=348 bytes=634945:636162 linked=False text='These provisions, alone or together, could delay or prevent hostile takeovers and changes in control or changes in our management and reduce the price that investors might be willing to pay for shares of our Class B Common Stock in the future, which '
C35 block=349 bytes=636356:636705 linked=False lead='The provisions of our Charter requiring exclusive venue in the Court of Chancery of the State of Delaware for certain types of lawsuits and the federal district courts of the U.S. ' text='The provisions of our Charter requiring exclusive venue in the Court of Chancery of the State of Delaware for certain types of lawsuits and the federal district courts of the U.S. for the resolution of any complaint asserting a cause of action under '
--- block=350 bytes=636881:637686 linked=False text='Our Charter provides that unless our Board of Directors consents in writing to the selection of an alternative forum, (A) the Court of Chancery of the State of Delaware be the sole and exclusive forum for (i) any derivative action or proceeding broug'
--- block=351 bytes=637947:637951 linked=False text='I-24'
--- block=352 bytes=638251:639610 linked=False text='indispensable parties named as defendants therein or, if such court does not have subject matter jurisdiction thereof, the federal district court located in the State of Delaware; and (B) the federal district courts of the U.S. shall be the exclusive'
C36 block=353 bytes=639804:640066 linked=False lead='The competitive opportunity provisions in our Charter could enable certain directors, principals, officers, employees, members and/or equity holders or their respective affiliates ' text='The competitive opportunity provisions in our Charter could enable certain directors, principals, officers, employees, members and/or equity holders or their respective affiliates to benefit from competitive opportunities that might otherwise be avai'
--- block=354 bytes=640242:641531 linked=False text='Our Charter provides that, to the fullest extent permitted by law, we renounce any interest or expectancy in a transaction or matter that may be a competitive opportunity for certain directors, principals, officers, employees, members, equity holders'
C37 block=355 bytes=641725:641925 linked=False lead='We are a holding company, and our principal assets are equity interests in our subsidiaries and, accordingly, we are dependent upon distributions from our subsidiaries to pay taxes' text='We are a holding company, and our principal assets are equity interests in our subsidiaries and, accordingly, we are dependent upon distributions from our subsidiaries to pay taxes and other expenses.'
--- block=356 bytes=642101:642785 linked=False text='We are a holding company, and our principal assets are our ownership interests in our subsidiaries. We do not have independent means of generating revenue. Each of our subsidiaries is a distinct legal entity, and under certain circumstances legal and'

## Marriott
file=/private/tmp/issue28-d01-emphasis-marriott-20261002-final/metrics/D01/attempts/5fa26e4007ef4ce1aee75cd5869d836b/data/evidence/request_attempts/c3/c372495ac4ad3e62399040675f490315db137e17cd9a9a4a8c10cb1d09312547/mar-20251231.htm
raw_sha256=c372495ac4ad3e62399040675f490315db137e17cd9a9a4a8c10cb1d09312547 doc_form=10-K registrant_names=['MARRIOTT INTERNATIONAL INC /MD/'] period_end=2025-12-31
source_state=COMPLETE_LOCAL_DOCUMENT reasons=[]
Item1A={'section_id': 'ITEM_1A', 'start_block': 343, 'end_block_exclusive': 430, 'heading': {'item': '1A', 'block_index': 342, 'heading_end_index': 342}, 'closing_heading': {'item': '1B', 'block_index': 430, 'heading_end_index': 430}}
heading_block='Item 1A. Risk Factors.'
closing_block='Item 1B. Unresolved Staff Comments.'
--- block=343 bytes=421327:421708 linked=False text='We are subject to various risks that make an investment in our securities risky. The events and consequences discussed in these risk factors could, in circumstances we may or may not be able to accurately predict, recognize, or control, have a materi'
--- block=344 bytes=421972:421974 linked=False text='10'
--- block=345 bytes=422402:422901 linked=True lead='Table of Contents' text='Table of Contents'
--- block=346 bytes=423060:423457 linked=False text='results to differ materially from those we express in forward-looking statements contained in this report or in other Company communications. These risk factors do not identify all risks that we face, and our business could also be affected by factor'
C00 block=347 bytes=423629:423659 linked=False lead='Risks Relating to Our Industry' text='Risks Relating to Our Industry'
C01 block=348 bytes=423849:425390 linked=False lead='Our industry is highly competitive, which may impact our ability to compete successfully for guests' text='Our industry is highly competitive, which may impact our ability to compete successfully for guests. We operate in markets that contain many competitors. Our hotel brands and other lodging offerings generally compete with regional, national, and inte'
C02 block=349 bytes=425580:427015 linked=False lead='Economic and other global, national, and regional conditions and events have in the past materially impacted, and could in the future materially impact, our business, operations, f' text='Economic and other global, national, and regional conditions and events have in the past materially impacted, and could in the future materially impact, our business, operations, financial results, and growth. Because we conduct our business on a glo'
--- block=350 bytes=427204:427496 linked=False text='•reducing revenues at hotels in our system, impacting our fees and the ability of hotels to meet expenses, including payment of amounts owed to us;'
--- block=351 bytes=427670:427879 linked=False text='•reducing revenues we receive from other programs and offerings;'
--- block=352 bytes=428053:428279 linked=False text='•adversely affecting the value of our owned and leased properties or investments;'
--- block=353 bytes=428453:428794 linked=False text='•affecting the ability or willingness of hotel owners to service, repay or refinance existing indebtedness or similar obligations, including loans or guaranty advances we have made to or for them;'
--- block=354 bytes=428968:429220 linked=False text='•making it more difficult for hotel owners to obtain financing on commercially acceptable terms, or at all;'
--- block=355 bytes=429394:429599 linked=False text='•causing hotel construction, opening, and renovation delays;'
--- block=356 bytes=429773:429980 linked=False text='•decreasing the rate at which new projects enter our pipeline;'
--- block=357 bytes=430154:430334 linked=False text='•causing hotels to exit our system;'
--- block=358 bytes=430508:430681 linked=False text='•increasing operating costs;'
--- block=359 bytes=430855:431163 linked=False text='•requiring us to borrow or otherwise raise a significant amount of cash in order to preserve financial flexibility, repay maturing debt and manage debt maturities;'
--- block=360 bytes=431337:431563 linked=False text='•causing the terms of our borrowing to be more expensive or more restrictive; and'
--- block=361 bytes=431737:431934 linked=False text='•adversely affecting associate hiring and retention.'
--- block=362 bytes=432106:432415 linked=False text='The conditions and events discussed in this risk factor could also give rise to, aggravate, and impact our ability to allocate resources to mitigate the other risks that we identify below, which in turn could materially adversely affect our business,'
C03 block=363 bytes=432587:432617 linked=False lead='Risks Relating to Our Business' text='Risks Relating to Our Business'
C04 block=364 bytes=432815:432832 linked=False lead='Operational Risks' text='Operational Risks'
C05 block=365 bytes=433022:433992 linked=False lead='Premature termination of our agreements with hotel owners could materially hurt our financial performance' text='Premature termination of our agreements with hotel owners could materially hurt our financial performance. Our agreements with hotel owners may be subject to premature termination in certain circumstances, such as the bankruptcy of a hotel owner, the'
--- block=366 bytes=434256:434258 linked=False text='11'
--- block=367 bytes=434686:435185 linked=True lead='Table of Contents' text='Table of Contents'
--- block=368 bytes=435344:435858 linked=False text='contract and related claims, which may cause us to incur significant legal fees and expenses. We have in the past had, and could in the future have, difficulty collecting damages from the hotel owner, and any damages we ultimately collect could be le'
C06 block=369 bytes=436048:437347 linked=False lead='Disagreements with hotel owners and other counterparties could materially impact our business, operations, financial results, and growth.' text='Disagreements with hotel owners and other counterparties could materially impact our business, operations, financial results, and growth. Consistent with our focus on franchising, management, and licensing, we own very few of our lodging properties. '
C07 block=370 bytes=437537:439942 linked=False lead='Changes in the way hotel rooms are booked could adversely impact our business' text='Changes in the way hotel rooms are booked could adversely impact our business. Some of our hotel rooms are booked through Internet travel intermediaries. In addition to their focus on leisure travel, these intermediaries also provide offerings for co'
C08 block=371 bytes=440132:441279 linked=False lead='Our growth strategy depends upon attracting hotel owners to our platform, and future arrangements with these third parties may be less favorable to us, depending on the terms offer' text='Our growth strategy depends upon attracting hotel owners to our platform, and future arrangements with these third parties may be less favorable to us, depending on the terms offered by our competitors. Adding properties to our system entails enterin'
C09 block=372 bytes=441469:443319 linked=False lead='The effects of, or our failure to comply with, applicable laws, regulations, and government policies may disrupt our business, lower our revenues, increase our costs, reduce our pr' text='The effects of, or our failure to comply with, applicable laws, regulations, and government policies may disrupt our business, lower our revenues, increase our costs, reduce our profits, limit our growth, or damage our reputation. We, the hotels in o'
--- block=373 bytes=443583:443585 linked=False text='12'
--- block=374 bytes=444013:444512 linked=True lead='Table of Contents' text='Table of Contents'
--- block=375 bytes=444671:444938 linked=False text='(including investigations and publicity resulting from actual or alleged failures), or actions we take to comply with such requirements or investigations could have significant adverse effects on our results of operations, reputation, or ability to g'
C10 block=376 bytes=445128:445975 linked=False lead='Third-party claims that we infringe the intellectual property rights of others or our failure to defend our own intellectual property rights could materially adversely affect our b' text='Third-party claims that we infringe the intellectual property rights of others or our failure to defend our own intellectual property rights could materially adversely affect our business. Third parties sometimes make claims against us for infringing'
--- block=377 bytes=446164:446352 linked=False text='•be expensive and time consuming to defend;'
--- block=378 bytes=446526:446737 linked=False text='•require or result in significant monetary payments to claimants;'
--- block=379 bytes=446911:447156 linked=False text='•require or result in the limitation or cessation of our use of the intellectual property at issue;'
--- block=380 bytes=447330:447536 linked=False text='•force us to redesign or rebrand our products or services; or'
--- block=381 bytes=447710:447919 linked=False text='•result in other adverse effects on our business or reputation.'
--- block=382 bytes=448091:448387 linked=False text='We may also be required to indemnify hotel owners, service providers, and other parties with whom we do business for losses they incur as a result of any infringement claims against them related to our intellectual property or as a result of our use '
--- block=383 bytes=448559:449173 linked=False text='In addition, if third parties copy or use our intellectual property without authorization, the value of our brands, our competitive advantages, or our goodwill could be harmed. The steps we take to secure, protect, and defend our intellectual propert'
C11 block=384 bytes=449363:450548 linked=False lead='If our brands, goodwill, or other intangible assets become impaired, we may be required to record significant non-cash charges to earnings.' text='If our brands, goodwill, or other intangible assets become impaired, we may be required to record significant non-cash charges to earnings. We hold a significant amount of goodwill and other intangible assets on our Balance Sheets. We review goodwill'
C12 block=385 bytes=450738:453104 linked=False lead='Our business depends on the quality and reputation of our Company and our brands, and any deterioration could adversely impact our market share, reputation, business, financial con' text='Our business depends on the quality and reputation of our Company and our brands, and any deterioration could adversely impact our market share, reputation, business, financial condition, or results of operations. Many factors can affect the reputati'
C13 block=386 bytes=453294:454418 linked=False lead='Actions by our hotel owners or others could materially adversely affect our image and reputation' text='Actions by our hotel owners or others could materially adversely affect our image and reputation. We franchise and license many of our brand names and trademarks to third parties for lodging, timeshare, and residential properties, and with respect to'
--- block=387 bytes=454682:454684 linked=False text='13'
--- block=388 bytes=455112:455611 linked=True lead='Table of Contents' text='Table of Contents'
--- block=389 bytes=455770:456378 linked=False text='with recourse and remedies in the event of a breach, including termination of the agreements under certain circumstances, certain actions by these third parties may not give rise to recourse or remedies, and for those that do, it could be expensive o'
C14 block=390 bytes=456568:458465 linked=False lead='Collective bargaining activity and strikes could materially disrupt hotel operations, increase labor costs, and interfere with the ability of our management to focus on executing o' text='Collective bargaining activity and strikes could materially disrupt hotel operations, increase labor costs, and interfere with the ability of our management to focus on executing our business strategies. A significant number of associates at our mana'
--- block=391 bytes=458637:459285 linked=False text='In addition, labor regulation and the negotiation of new or existing collective bargaining agreements could, as we have seen in the past, lead to higher wage and benefit costs, changes in work rules that raise operating expenses and legal costs, and '
C15 block=392 bytes=459475:461167 linked=False lead='Our business could suffer if we or the hotels in our system cannot attract and retain associates or as the result of the loss of the services of our senior executives' text='Our business could suffer if we or the hotels in our system cannot attract and retain associates or as the result of the loss of the services of our senior executives. We and the hotels in our system compete with other companies both within and outsi'
C16 block=393 bytes=461357:463682 linked=False lead='Extreme weather, natural disasters, climate change, and sustainability-related concerns have impacted our business in the past and could in the future have a material adverse effec' text='Extreme weather, natural disasters, climate change, and sustainability-related concerns have impacted our business in the past and could in the future have a material adverse effect on our business and results of operations. We, the hotels in our sys'
--- block=394 bytes=463946:463948 linked=False text='14'
--- block=395 bytes=464376:464875 linked=True lead='Table of Contents' text='Table of Contents'
C17 block=396 bytes=465071:467033 linked=False lead='Insurance may not cover damage to, or losses involving, hotels in our system or other aspects of our business, and the cost of such insurance could increase' text='Insurance may not cover damage to, or losses involving, hotels in our system or other aspects of our business, and the cost of such insurance could increase. We require comprehensive property and liability insurance policies for hotels in our system '
C18 block=397 bytes=467223:468864 linked=False lead='Our Loyalty Program plays a significant role in our business, and unfavorable developments affecting the program could adversely affect our business and results of operations.' text='Our Loyalty Program plays a significant role in our business, and unfavorable developments affecting the program could adversely affect our business and results of operations. Our Loyalty Program is an important aspect of our business. Our Loyalty Pr'
C19 block=398 bytes=469054:470623 linked=False lead='Exchange rate fluctuations could result in significant foreign currency gains and losses and affect our business results' text='Exchange rate fluctuations could result in significant foreign currency gains and losses and affect our business results. We earn revenues and incur expenses in foreign currencies in connection with our operations outside of the U.S. Accordingly, flu'
C20 block=399 bytes=470821:470852 linked=False lead='Development and Financing Risks' text='Development and Financing Risks'
C21 block=400 bytes=471042:471792 linked=False lead='Our hotel owners depend on capital to buy, develop, and improve hotels, and they may be unable to access capital when necessary' text='Our hotel owners depend on capital to buy, develop, and improve hotels, and they may be unable to access capital when necessary. Current and potential hotel owners must periodically spend money to fund new hotel investments, as well as to refurbish a'
C22 block=401 bytes=471982:472942 linked=False lead='Our ability to grow our system is subject to the range of risks associated with real estate investments' text='Our ability to grow our system is subject to the range of risks associated with real estate investments. Our ability to sustain continued growth through franchise, management, or license agreements with hotel owners is affected, and may potentially b'
--- block=402 bytes=473206:473208 linked=False text='15'
--- block=403 bytes=473636:474135 linked=True lead='Table of Contents' text='Table of Contents'
C23 block=404 bytes=474331:475960 linked=False lead='Our owned properties and other real estate investments subject us to numerous risks' text='Our owned properties and other real estate investments subject us to numerous risks. We have a number of owned and leased properties and investments in joint ventures that own properties, which are each subject to the risks that generally relate to i'
C24 block=405 bytes=476150:477195 linked=False lead='Risks associated with development and sale of residential properties associated with our lodging properties or brands may reduce our profits' text='Risks associated with development and sale of residential properties associated with our lodging properties or brands may reduce our profits. We license many of our brands for use in connection with the development and sale of residential properties.'
C25 block=406 bytes=477385:478468 linked=False lead='More hotel projects in our development pipeline may be cancelled or delayed in opening, which could adversely affect our growth prospects' text='More hotel projects in our development pipeline may be cancelled or delayed in opening, which could adversely affect our growth prospects. We report a significant number of hotels in our development pipeline, including hotels under construction, hote'
C26 block=407 bytes=478658:479227 linked=False lead='Losses on loans or guarantees that we have made to third parties impact our profits' text='Losses on loans or guarantees that we have made to third parties impact our profits. From time to time, we make loans to hotel owners as described in Note 12 and provide guarantees to hotel owners or lenders as described in Note 7. We have suffered l'
C27 block=408 bytes=479417:480955 linked=False lead='If hotel owners cannot repay or refinance mortgage loans secured by their properties, default under property leases, or experience other financial difficulties, our revenues and pr' text='If hotel owners cannot repay or refinance mortgage loans secured by their properties, default under property leases, or experience other financial difficulties, our revenues and profits could materially decrease and our business could be significantl'
C28 block=409 bytes=481153:481206 linked=False lead='Technology, Information Protection, and Privacy Risks' text='Technology, Information Protection, and Privacy Risks'
C29 block=410 bytes=481396:482550 linked=False lead='Disruption in the functioning of our reservation, Loyalty Program, or other core operational systems, or our use of certain new technologies, could adversely affect our business' text='Disruption in the functioning of our reservation, Loyalty Program, or other core operational systems, or our use of certain new technologies, could adversely affect our business. In the operation of our business, we manage or use sophisticated techno'
--- block=411 bytes=482814:482816 linked=False text='16'
--- block=412 bytes=483244:483743 linked=True lead='Table of Contents' text='Table of Contents'
--- block=413 bytes=483921:485078 linked=False text='We are incorporating AI and other emerging technologies into certain of our processes, offerings, and services, and these technologies may become increasingly important in our operations over time. The introduction of these technologies, particularly'
C30 block=414 bytes=485268:487001 linked=False lead='A failure to keep pace with developments in technology could impair our operations or competitive position' text='A failure to keep pace with developments in technology could impair our operations or competitive position. The lodging industry continues to demand the use of sophisticated technology and systems, including those used for our reservation, customer r'
C31 block=415 bytes=487191:489350 linked=False lead='We are exposed to risks and costs associated with protecting the integrity and security of data' text='We are exposed to risks and costs associated with protecting the integrity and security of data. In the operation of our business, we collect, store, use, and transmit large volumes of personal data regarding associates, guests, customers, hotel owne'
C32 block=416 bytes=489540:491302 linked=False lead='The Data Security Incident, and other information security incidents, could have numerous adverse effects on our business' text='The Data Security Incident, and other information security incidents, could have numerous adverse effects on our business. As a result of the data security incident involving unauthorized access to the Starwood Hotels & Resorts Worldwide, LLC, former'
--- block=417 bytes=491474:491721 linked=False text='Insurance coverage designed to limit our exposure to losses such as those related to the Data Security Incident is costly and may not be sufficient or available to cover all of our expenses or other losses (including payments, fines, or penalties'
--- block=418 bytes=491985:491987 linked=False text='17'
--- block=419 bytes=492415:492914 linked=True lead='Table of Contents' text='Table of Contents'
--- block=420 bytes=493073:493347 linked=False text='resulting from legal proceedings or investigations) related to the Data Security Incident, and certain expenses by their nature (such as, for example, expenses related to enhancing our data privacy and information security programs) are not covered b'
C33 block=421 bytes=493537:497400 linked=False lead='Additional cybersecurity incidents could have adverse effects on our business.' text='Additional cybersecurity incidents could have adverse effects on our business. We have enhanced our security measures to safeguard our information systems and data, and we intend to continue implementing additional measures in the future, but, as we '
--- block=422 bytes=497572:499068 linked=False text='Because we have experienced cybersecurity incidents in the past, additional cybersecurity incidents or the failure to detect and appropriately respond to additional cybersecurity incidents could magnify the severity of the adverse effects on our busi'
C34 block=423 bytes=499258:500859 linked=False lead='Changes in privacy and data security laws could increase our operating costs and increase our exposure to payment obligations and litigation.' text='Changes in privacy and data security laws could increase our operating costs and increase our exposure to payment obligations and litigation. We are subject to numerous, complex, and frequently changing laws, regulations, and contractual obligations '
--- block=424 bytes=501123:501125 linked=False text='18'
--- block=425 bytes=501553:502052 linked=True lead='Table of Contents' text='Table of Contents'
--- block=426 bytes=502211:502522 linked=False text='alleged noncompliance. In addition, uncertainty around cross-border data transfers, including from the U.S., may require us to restrict certain data transfers, cease doing business with certain third parties, or change how data flows throughout our b'
C35 block=427 bytes=502720:502740 linked=False lead='General Risk Factors' text='General Risk Factors'
C36 block=428 bytes=502930:503783 linked=False lead='Delaware law and our governing corporate documents contain, and our Board of Directors could implement, anti-takeover provisions that could deter takeover attempts.' text='Delaware law and our governing corporate documents contain, and our Board of Directors could implement, anti-takeover provisions that could deter takeover attempts. Under the Delaware business combination statute, a stockholder holding 15 percent or '
C37 block=429 bytes=503973:505033 linked=False lead='Changes in tax law, interpretations of existing tax law, or agreements or disputes with tax authorities could increase our tax costs.' text='Changes in tax law, interpretations of existing tax law, or agreements or disputes with tax authorities could increase our tax costs. Determination of our worldwide provision for income taxes and other tax liabilities requires estimation and signific'

