{
  "first_seconds": 3.409298916114494,
  "repeat_seconds": 1.1592326250392944,
  "independent_read_seconds": 0.0055777078960090876,
  "real_factory_calls": [
    null,
    null
  ],
  "old_files_unchanged": 12,
  "repeat_statuses": [
    "NO_SOURCE_CONTENT_CHANGE",
    "NO_SOURCE_CONTENT_CHANGE"
  ],
  "new_business_calls": {
    "provider": 0,
    "paid": 0,
    "sec": 0
  },
  "source_root": "/Users/lyuhongwang/.local/state/sec_metrics/issue28-development-evidence/company-online-recorded-no-network-20261009/task/sources",
  "input_role": "unchanged complete stored SEC source and recorded HTTP; no old Result used as answer",
  "current_values": {
    "B01": {
      "value": "26186000000",
      "unit": "USD",
      "fiscal_year": "2025",
      "status": "OK"
    },
    "B02": {
      "value": "0.04326693227091633466135458167",
      "unit": "ratio",
      "fiscal_year": "2025",
      "status": "OK"
    }
  }
}
PASS_REAL_CLI_OLD_RECORDED_TASK_CONTINUATION
