{
  "supplement_start_utc": "2026-10-07T22:57:09Z",
  "capture_utc": "2026-10-07T22:57:28.042111+00:00",
  "head": "89d2d64960e895dc52466af5dedd1f71b1ed7cd9",
  "initial_status": "",
  "old_output_hashes": {
    "initial-byte-verification.log": "0d38543c9f0f70afde577aea35d896f8aaf8ca7b1840a36bc56aeb9cd878d2b7",
    "independent-unit-controls.log": "e16aeb5d03a7c1ff45a38dbbe6c1ccb6496dd818d9bc415386588c03cd8303ea",
    "conclusion.md": "4f326253269514f7090ee0bc1c3acd09a7fa04ffa6037741afdfc0e004177632",
    "saved-currency-control-setup-error.log": "309cb746bc9b95150e3ad87a4ccc8abe214309bb69612e4c3404693bbe30698d",
    "saved-introduction-control.log": "5c484813de1126fe0910d5bc850478e57582acd0a454c8e059856cf3b1c95f1b",
    "base-versus-patch-controls.log": "26417b75eeb1c1209ef185fa271e3d4b1634c663b2e2e7e0804fd5b7c2b71661",
    "unit-tests.log": "01ae4df67ccb4c947db6c1ac337c5db6d3e7a6ddbdc8646befd977faa86c3849",
    "final-byte-and-resource-verification.log": "ab01d8af480e7bff10b6c89632fa122fe7bbbede2f68412a5223c1ef9a240e82",
    "saved-explicit-currency-control.log": "fcd0384f6f11f44aae9d8a49d49773ea773ba12c33cfbdb4b96621dabd41d957"
  },
  "source_hashes": {
    "scripts/vnext/industrial_lease_relation.py": "ebf9d46aad2db899e8b00300bd143d117af066dfdd31d6148199055b610fad4d",
    "tests/vnext/test_industrial_lease_relation.py": "29f8c17b18fd1cdf6eea4862cc7253cf1d7658b7b8cf4e4d82f3e8f00884b578",
    "docs/evidence/issue28_b06_relations_20261008/verify_table_unit_scope.py": "65b2402069e0edf13654ae8ec40b15ae4afe092036c476c2fe1dd9f3d0c946f6"
  },
  "old_conclusion_length": 6579
}
