test_equality_guard_does_not_coerce_field_types (tests.vnext.test_evidence_checker.EvidenceCheckerTest.test_equality_guard_does_not_coerce_field_types)
Keep integer and text identities distinct at guard boundaries. ... ok
test_invalid_identity_ast_fails_fast (tests.vnext.test_evidence_checker.EvidenceCheckerTest.test_invalid_identity_ast_fails_fast)
Reject unknown executable operations rather than infer semantics. ... ok
test_local_scope_label_mismatch_is_not_semantically_repaired (tests.vnext.test_evidence_checker.EvidenceCheckerTest.test_local_scope_label_mismatch_is_not_semantically_repaired)
Reject a bad local label while making no economic scope decision. ... ok
test_malformed_grouping_and_conflicting_suffix_fail_closed (tests.vnext.test_evidence_checker.EvidenceCheckerTest.test_malformed_grouping_and_conflicting_suffix_fail_closed)
Reject ambiguous cell text instead of manufacturing a value. ... ok
test_one_percent_relative_boundary_is_inclusive (tests.vnext.test_evidence_checker.EvidenceCheckerTest.test_one_percent_relative_boundary_is_inclusive)
Pass 0.99% and 1.00%, then fail 1.01% generically. ... ok
test_valid_selected_and_competing_claims_are_replayed (tests.vnext.test_evidence_checker.EvidenceCheckerTest.test_valid_selected_and_competing_claims_are_replayed)
Re-read selected and competing cells from supplied locators. ... ok
test_wrong_claim_is_rejected_even_if_value_exists_elsewhere (tests.vnext.test_evidence_checker.EvidenceCheckerTest.test_wrong_claim_is_rejected_even_if_value_exists_elsewhere)
Never search another cell to repair an AI locator/value mismatch. ... ok
test_all_four_zero_call_classes_cannot_prepare_requests (tests.vnext.test_scoped_reader.ScopedReaderTest.test_all_four_zero_call_classes_cannot_prepare_requests) ... ok
test_complete_attempt_tamper_matrix_rejects_even_after_content_id_rebind (tests.vnext.test_scoped_reader.ScopedReaderTest.test_complete_attempt_tamper_matrix_rejects_even_after_content_id_rebind) ... ok
test_full_disk_subtypes_reject_partial_identity_and_self_rebound_tamper (tests.vnext.test_scoped_reader.ScopedReaderTest.test_full_disk_subtypes_reject_partial_identity_and_self_rebound_tamper) ... ok
test_full_four_file_disk_replay_and_exact_directory_set (tests.vnext.test_scoped_reader.ScopedReaderTest.test_full_four_file_disk_replay_and_exact_directory_set) ... ok
test_native_evidence_rejection_is_retained_not_repaired (tests.vnext.test_scoped_reader.ScopedReaderTest.test_native_evidence_rejection_is_retained_not_repaired) ... ok
test_native_pass_for_wrong_in_window_cell_unit_or_period_is_not_certified (tests.vnext.test_scoped_reader.ScopedReaderTest.test_native_pass_for_wrong_in_window_cell_unit_or_period_is_not_certified) ... ok
test_plan_request_attempt_native_evidence_link_is_complete (tests.vnext.test_scoped_reader.ScopedReaderTest.test_plan_request_attempt_native_evidence_link_is_complete) ... ok
test_request_data_contains_only_certified_tables_not_full_source_or_audit (tests.vnext.test_scoped_reader.ScopedReaderTest.test_request_data_contains_only_certified_tables_not_full_source_or_audit) ... ok
test_request_or_attempt_rebinding_cannot_bypass_full_replay (tests.vnext.test_scoped_reader.ScopedReaderTest.test_request_or_attempt_rebinding_cannot_bypass_full_replay) ... ok
test_scoped_request_keeps_full_authority_without_leaking_audit_answers (tests.vnext.test_scoped_reader.ScopedReaderTest.test_scoped_request_keeps_full_authority_without_leaking_audit_answers) ... ok
test_scoped_response_cannot_move_any_locator_outside_the_certified_window (tests.vnext.test_scoped_reader.ScopedReaderTest.test_scoped_response_cannot_move_any_locator_outside_the_certified_window) ... ok
test_two_windows_do_not_authorize_cross_table_scope_locators (tests.vnext.test_scoped_reader.ScopedReaderTest.test_two_windows_do_not_authorize_cross_table_scope_locators) ... ok
test_byte_owned_factory_preserves_full_inputs_with_one_actual_asset_decode (tests.vnext.test_composite_scope.OfflineEvidenceContextTest.test_byte_owned_factory_preserves_full_inputs_with_one_actual_asset_decode) ... ok
test_byte_owned_factory_rejects_source_asset_task_and_mutable_input_drift (tests.vnext.test_composite_scope.OfflineEvidenceContextTest.test_byte_owned_factory_rejects_source_asset_task_and_mutable_input_drift) ... ok
test_context_owns_immutable_graph_and_native_evidence_bytes_match (tests.vnext.test_composite_scope.OfflineEvidenceContextTest.test_context_owns_immutable_graph_and_native_evidence_bytes_match) ... ok
test_context_retains_native_locator_and_evidence_rejection (tests.vnext.test_composite_scope.OfflineEvidenceContextTest.test_context_retains_native_locator_and_evidence_rejection) ... ok
test_full_session_pipeline_is_byte_identical_and_detects_scope_file_drift (tests.vnext.test_composite_scope.OfflineEvidenceContextTest.test_full_session_pipeline_is_byte_identical_and_detects_scope_file_drift) ... ok
test_original_factory_still_rejects_manifest_or_full_transport_tamper (tests.vnext.test_composite_scope.OfflineEvidenceContextTest.test_original_factory_still_rejects_manifest_or_full_transport_tamper) ... ok
test_complete_derived_summary_control_passes (tests.vnext.test_r4_qualification_recovery.R4AggregateSummaryTest.test_complete_derived_summary_control_passes) ... ok
test_rebound_summary_observability_and_credit_fields_are_not_ignored (tests.vnext.test_r4_qualification_recovery.R4AggregateSummaryTest.test_rebound_summary_observability_and_credit_fields_are_not_ignored) ... ok
test_structured_writer_rejects_a_symlink_in_every_runtime_ancestor (tests.vnext.test_r4_qualification_recovery.R4StructuredNamespaceTest.test_structured_writer_rejects_a_symlink_in_every_runtime_ancestor) ... ok
test_forged_requirement_hashes_and_artifact_file_path_are_rejected (tests.vnext.test_r4_run_store.R4RunSchemaTest.test_forged_requirement_hashes_and_artifact_file_path_are_rejected) ... ok
test_full_native_artifact_subtypes_require_the_complete_identity (tests.vnext.test_r4_run_store.R4RunSchemaTest.test_full_native_artifact_subtypes_require_the_complete_identity) ... ok
test_six_execution_artifacts_and_no_legacy_qualification_are_required (tests.vnext.test_r4_run_store.R4RunSchemaTest.test_six_execution_artifacts_and_no_legacy_qualification_are_required) ... ok
test_legacy_and_each_successor_retain_the_exact_seven_d06_obligations (tests.vnext.test_r4_run_store.R4InheritedReviewPolicyTest.test_legacy_and_each_successor_retain_the_exact_seven_d06_obligations) ... ok
test_parent_presence_alone_or_partial_forged_carry_forward_is_insufficient (tests.vnext.test_r4_run_store.R4InheritedReviewPolicyTest.test_parent_presence_alone_or_partial_forged_carry_forward_is_insufficient) ... ok

----------------------------------------------------------------------
Ran 33 tests in 1.624s

OK
