test_old_processing_files_remain_old_and_unrelated_drift_blocks (tests.vnext.test_c04_source_only_install.C04SourceOnlyInstallTest.test_old_processing_files_remain_old_and_unrelated_drift_blocks) ... ERROR

======================================================================
ERROR: test_old_processing_files_remain_old_and_unrelated_drift_blocks (tests.vnext.test_c04_source_only_install.C04SourceOnlyInstallTest.test_old_processing_files_remain_old_and_unrelated_drift_blocks)
----------------------------------------------------------------------
Traceback (most recent call last):
  File "/Users/lyuhongwang/Developer/SEC_metrics/scripts/vnext/requirements.py", line 2028, in load_requirement_snapshot
    return load_profile_requirement_snapshot(
        snapshot_dir=snapshot_dir,
        parent_loader=load_requirement_snapshot,
    )
  File "/Users/lyuhongwang/Developer/SEC_metrics/scripts/vnext/requirement_profile.py", line 77, in load_profile_requirement_snapshot
    return engine.load_profile_requirement_snapshot(
           ~~~~~~~~~~~~~~~~~~~~~~~~~~~~~~~~~~~~~~~~^
        snapshot_dir=snapshot_dir, parent_loader=parent_loader,
        ^^^^^^^^^^^^^^^^^^^^^^^^^^^^^^^^^^^^^^^^^^^^^^^^^^^^^^^
    )
    ^
  File "/Users/lyuhongwang/Developer/SEC_metrics/scripts/vnext/requirement_profile_v15.py", line 52, in load_profile_requirement_snapshot
    need({'sha256':sha256_file(path=path),'size':path.stat().st_size} == binding
    ~~~~^^^^^^^^^^^^^^^^^^^^^^^^^^^^^^^^^^^^^^^^^^^^^^^^^^^^^^^^^^^^^^^^^^^^^^^^
         and sha256_file(path=installed/relative) == binding['sha256'], 'Continuous rule bytes differ: ' + relative)
         ^^^^^^^^^^^^^^^^^^^^^^^^^^^^^^^^^^^^^^^^^^^^^^^^^^^^^^^^^^^^^^^^^^^^^^^^^^^^^^^^^^^^^^^^^^^^^^^^^^^^^^^^^^^
  File "/Users/lyuhongwang/Developer/SEC_metrics/scripts/vnext/requirement_profile_v15.py", line 15, in need
    if not condition:raise v1.RequirementProfileError(reason)
                     ^^^^^^^^^^^^^^^^^^^^^^^^^^^^^^^^^^^^^^^^
vnext.requirement_profile_v1.RequirementProfileError: Continuous rule bytes differ: scripts/vnext/continuous_sec_acquisition.py

The above exception was the direct cause of the following exception:

Traceback (most recent call last):
  File "/Users/lyuhongwang/Developer/SEC_metrics/tests/vnext/test_c04_source_only_install.py", line 16, in test_old_processing_files_remain_old_and_unrelated_drift_blocks
    session = recorded_sec_session(root=root/'ledger', response=b'RECORDED_ONLY')
  File "/Users/lyuhongwang/Developer/SEC_metrics/scripts/vnext/continuous_sec_acquisition.py", line 292, in recorded_sec_session
    requirement=load_requirement_snapshot(snapshot_dir=ROOT/'requirements'/REQUIREMENT_ID)
  File "/Users/lyuhongwang/Developer/SEC_metrics/scripts/vnext/requirements.py", line 2033, in load_requirement_snapshot
    raise RequirementError(str(error)) from error
vnext.requirements.RequirementError: Continuous rule bytes differ: scripts/vnext/continuous_sec_acquisition.py

----------------------------------------------------------------------
Ran 1 test in 1.296s

FAILED (errors=1)
