{
  "selected_block_start_byte": 2116059,
  "selected_block_end_byte": 2122486,
  "selected_block_tail": "ide the U.S. were $623 million at year-end 2021 and $679 million at year-end 2020. Our gross depreciation expense included impairment charges for property and equipment, including ",
  "following_continuation": {
    "start_byte": 2123709,
    "end_byte": 2124005,
    "tag": "div",
    "attributes": [
      [
        "style",
        "margin-top:9pt"
      ]
    ],
    "inside_table": false,
    "structure_path": [
      "html:1",
      "body:1",
      "div:669"
    ],
    "visible_text": "leasehold improvements, and right-of-use assets on several U.S. & Canada leased hotels in 2020 and 2019, which we discussed in Note 8.",
    "span_sha256": "56637c5bb47d3c91e78c48ad1ca3dc92b8f6754d206ab5bf4cffa1373ccb149e"
  },
  "continuation_in_candidates": false,
  "impact": "The inventory retains fact-containing structural blocks, not complete disclosure paragraphs. The read-only original is still addressable; no current-year impairment conclusion was made."
}
