{
  "elapsed_seconds": 38.0745563339442,
  "status": "EXPORTED",
  "company_id": "jpmorgan_chase",
  "output_root": "/Users/lyuhongwang/.local/state/sec_metrics/issue28-development-evidence/company-c02-output-held-20261006",
  "native_candidates": [
    {
      "metric_id": "C02",
      "period": {
        "fiscal_year": 2025,
        "period_start": "2025-01-01",
        "period_end": "2025-12-31"
      },
      "attempt_id": "bae4f5b1dd7d46ecb1dcd7fb0184b6bf",
      "run_id": "run:ordinary-integrated:b92605d4483d71511b17c2d679dc68149657d9f2ae18d47e2e1a7ab37b023f69",
      "requirement_id": "issue_54_v1",
      "requirement_closure_hash": "sha256:4931983d1429a31af8bb9ab113478bb6a368e6c7748066f89934f01081df7eed",
      "native_path": "native/C02/bae4f5b1dd7d46ecb1dcd7fb0184b6bf",
      "result_validity": "CONFIRMED_INVALID"
    }
  ],
  "failed_candidates": [],
  "bytes": 88260972
}
