{
  "elapsed_seconds": 2.2576443750876933,
  "status": "RUNTIME_INSTALLED",
  "runtime_root": "/Users/lyuhongwang/.local/state/sec_metrics/issue28-development-evidence/company-c02-protocol-current-20261006",
  "requirement_id": "issue_54_v1",
  "dispatch_files": [
    "scripts/vnext/requirement_profile.py",
    "scripts/vnext/run_store.py",
    "scripts/vnext/normal_run_v3.py",
    "scripts/vnext/ordinary_source_authority.py",
    "scripts/vnext/records.py",
    "scripts/vnext/normal_zero_ai_results.py"
  ],
  "authority_hash": "sha256:e9b93ccb4dd864f3c800a927166af7fa01f9b23f9677f16f446fd626b97d3166",
  "sec_originals_installed": false,
  "new_business_calls": [
    0,
    0,
    0
  ],
  "production_authorized": false
}
