A01 CANDIDATE_READY
A02 CANDIDATE_READY
A03 CANDIDATE_READY
A04 CANDIDATE_READY
A05 CANDIDATE_READY
A06 CANDIDATE_READY
A07 CANDIDATE_READY
A08 CANDIDATE_READY
A09 CANDIDATE_READY
A10 CANDIDATE_READY
A11 CANDIDATE_READY
A12 CANDIDATE_READY
A13 CANDIDATE_READY
B01 CANDIDATE_READY
B02 CANDIDATE_READY
B03 EXECUTION_FAILED
B04 CANDIDATE_READY
B05 CANDIDATE_READY
B06 CANDIDATE_WITHHELD
B07 CANDIDATE_READY
B08 CANDIDATE_READY
B09 CANDIDATE_READY
B10 CANDIDATE_READY
B11 CANDIDATE_READY
B12 CANDIDATE_READY
C01 CANDIDATE_READY
C02 CANDIDATE_READY
C03 CANDIDATE_READY
C04 CANDIDATE_READY
D01 CANDIDATE_READY
D02 CANDIDATE_READY
E01 CANDIDATE_READY
E02 CANDIDATE_READY
E03 CANDIDATE_READY
E04 CANDIDATE_READY
E05 CANDIDATE_READY
{"calls": [0, 0, 0], "replayed": 36, "status_counts": {"CANDIDATE_READY": 34, "CANDIDATE_WITHHELD": 1, "EXECUTION_FAILED": 1}}
