{
  "checked_utc": "2026-10-07T00:00:32.563503+00:00",
  "delta_hashes": [
    {
      "path": ".github/workflows/company-current-records.yml",
      "matches_recorded_delta": true
    },
    {
      "path": "docs/evidence/issue28_continuous/known_result_defects.json",
      "matches_recorded_delta": true
    },
    {
      "path": "scripts/vnext/annual_amendment_scope.py",
      "matches_recorded_delta": true
    },
    {
      "path": "scripts/vnext/instant_balance_amendment.py",
      "matches_recorded_delta": true
    },
    {
      "path": "scripts/vnext/normal_candidates.py",
      "matches_recorded_delta": true
    },
    {
      "path": "scripts/vnext/normal_companyfacts_results.py",
      "matches_recorded_delta": true
    },
    {
      "path": "scripts/vnext/normal_governance_input.py",
      "matches_recorded_delta": true
    },
    {
      "path": "scripts/vnext/normal_run_inputs.py",
      "matches_recorded_delta": true
    },
    {
      "path": "scripts/vnext/normal_zero_ai_results.py",
      "matches_recorded_delta": true
    },
    {
      "path": "scripts/vnext/ordinary_current_update.py",
      "matches_recorded_delta": true
    },
    {
      "path": "scripts/vnext/ordinary_income_input.py",
      "matches_recorded_delta": true
    },
    {
      "path": "scripts/vnext/ordinary_saved_result.py",
      "matches_recorded_delta": true
    },
    {
      "path": "tests/vnext/test_separate_rule_root.py",
      "matches_recorded_delta": true
    },
    {
      "path": "scripts/vnext/ordinary_da_scope_v1.py",
      "matches_recorded_delta": true
    },
    {
      "path": "scripts/vnext/ordinary_b03_input_scope.py",
      "matches_recorded_delta": true
    },
    {
      "path": "tests/vnext/test_b03_current_input_scope.py",
      "matches_recorded_delta": true
    }
  ],
  "peer_copy": {
    "git_object_available": true,
    "consumer_bytes_equal": true
  },
  "tracked_tree_clean": true,
  "current_head": "b9228566e24ec8bd175c3f47a4bfc3a6f044bb51"
}
