WITHHELD
[
  {
    "record_type": "INSTANT_BALANCE_AMENDMENT_SCOPE",
    "company_id": "paramount_skydance_paramount_global",
    "input_class": "ORIGINAL_CURRENT_INSTANT_BALANCES",
    "metric_ids": [
      "B08",
      "B09"
    ],
    "decision": "WITHHELD",
    "original_scope_id": "sha256:745f92495cb8f16ef1dc58f177b5a85196af17c42b5b9d19cda0b2f085ec1b2a",
    "original_accession": "0002041610-26-000011",
    "amendment_accession": "0001140361-26-016758",
    "details": {},
    "issues": [
      {
        "reason": "INSTANT_AMENDMENT_NOTE_ALIAS_LIST_UNSUPPORTED",
        "error_type": "InstantAmendmentError"
      }
    ],
    "policy_sha256": "3ce70c7a37c884073700d69fb948c82b281e1703ab66a0ef2422b68aead2d124",
    "source_acquisition_credit": false,
    "annual_continuity_proven": false,
    "debt_completeness_proven": false,
    "metric_result_created": false,
    "production_authorized": false,
    "instant_scope_id": "sha256:4fc8c111bde135cd4c343b573138abae2e48003b69e83b6404b9853cd2d7340e"
  }
]
