{
  "company_id": "marriott_international",
  "status": "PENDING",
  "candidate_hash": "sha256:92dcda707632a0fbf661cd0704661e70ec5b8391bd6519fcb5cb55a3040b0cec",
  "review_unit_hash": "sha256:7d4d085ed67f317e6f2e78a11be1751fd1b60f1cfe4d5096942ebc4154e2e705",
  "request_count": 6,
  "native_result_created": false,
  "native_run_created": false,
  "provider_attempt_created": false,
  "calls": [
    0,
    0,
    0
  ],
  "production_authorized": false,
  "seconds": 4.155,
  "network_subprocess_forbidden": true,
  "original_package_unchanged": true,
  "file_count": 17
}
