vNext saved-source material	Set up job	﻿2026-09-12T04:40:12.5078017Z Current runner version: '2.337.0'
vNext saved-source material	Set up job	2026-09-12T04:40:12.5101320Z ##[group]Runner Image Provisioner
vNext saved-source material	Set up job	2026-09-12T04:40:12.5102093Z Hosted Compute Agent
vNext saved-source material	Set up job	2026-09-12T04:40:12.5102604Z Version: 20260828.587
vNext saved-source material	Set up job	2026-09-12T04:40:12.5103148Z Commit: abac92662cab4cc7352de4f9f9d2e2419aad9c29
vNext saved-source material	Set up job	2026-09-12T04:40:12.5103801Z Build Date: 2026-08-28T16:44:25Z
vNext saved-source material	Set up job	2026-09-12T04:40:12.5104396Z Worker ID: {903eab8d-d858-460a-a510-be908a85c52e}
vNext saved-source material	Set up job	2026-09-12T04:40:12.5105015Z Azure Region: eastus
vNext saved-source material	Set up job	2026-09-12T04:40:12.5105492Z ##[endgroup]
vNext saved-source material	Set up job	2026-09-12T04:40:12.5107111Z ##[group]Operating System
vNext saved-source material	Set up job	2026-09-12T04:40:12.5107687Z Ubuntu
vNext saved-source material	Set up job	2026-09-12T04:40:12.5108136Z 24.04.5
vNext saved-source material	Set up job	2026-09-12T04:40:12.5108554Z LTS
vNext saved-source material	Set up job	2026-09-12T04:40:12.5108977Z ##[endgroup]
vNext saved-source material	Set up job	2026-09-12T04:40:12.5109439Z ##[group]Runner Image
vNext saved-source material	Set up job	2026-09-12T04:40:12.5110280Z Image: ubuntu-24.04
vNext saved-source material	Set up job	2026-09-12T04:40:12.5110767Z Version: 20260907.300.1
vNext saved-source material	Set up job	2026-09-12T04:40:12.5111738Z Included Software: https://github.com/actions/runner-images/blob/ubuntu24/20260907.300/images/ubuntu/Ubuntu2404-Readme.md
vNext saved-source material	Set up job	2026-09-12T04:40:12.5113229Z Image Release: https://github.com/actions/runner-images/releases/tag/ubuntu24%2F20260907.300
vNext saved-source material	Set up job	2026-09-12T04:40:12.5114118Z ##[endgroup]
vNext saved-source material	Set up job	2026-09-12T04:40:12.5115071Z ##[group]GITHUB_TOKEN Permissions
vNext saved-source material	Set up job	2026-09-12T04:40:12.5117143Z Contents: read
vNext saved-source material	Set up job	2026-09-12T04:40:12.5117684Z Metadata: read
vNext saved-source material	Set up job	2026-09-12T04:40:12.5118152Z ##[endgroup]
vNext saved-source material	Set up job	2026-09-12T04:40:12.5120906Z Secret source: Actions
vNext saved-source material	Set up job	2026-09-12T04:40:12.5121767Z Cache mode: write
vNext saved-source material	Set up job	2026-09-12T04:40:12.5122736Z Prepare workflow directory
vNext saved-source material	Set up job	2026-09-12T04:40:12.5442412Z Prepare all required actions
vNext saved-source material	Set up job	2026-09-12T04:40:12.5490391Z Getting action download info
vNext saved-source material	Set up job	2026-09-12T04:40:12.7612832Z Download action repository 'actions/checkout@de0fac2e4500dabe0009e67214ff5f5447ce83dd' (SHA:de0fac2e4500dabe0009e67214ff5f5447ce83dd)
vNext saved-source material	Set up job	2026-09-12T04:40:12.8888183Z Download action repository 'actions/setup-python@a309ff8b426b58ec0e2a45f0f869d46889d02405' (SHA:a309ff8b426b58ec0e2a45f0f869d46889d02405)
vNext saved-source material	Set up job	2026-09-12T04:40:13.0929005Z Complete job name: vNext saved-source material
vNext saved-source material	Check out repository	﻿2026-09-12T04:40:13.1800097Z ##[group]Run actions/checkout@de0fac2e4500dabe0009e67214ff5f5447ce83dd
vNext saved-source material	Check out repository	2026-09-12T04:40:13.1801947Z with:
vNext saved-source material	Check out repository	2026-09-12T04:40:13.1802793Z   persist-credentials: false
vNext saved-source material	Check out repository	2026-09-12T04:40:13.1803776Z   repository: wlvh/SEC_metrics
vNext saved-source material	Check out repository	2026-09-12T04:40:13.1812343Z   token: ***
vNext saved-source material	Check out repository	2026-09-12T04:40:13.1813177Z   ssh-strict: true
vNext saved-source material	Check out repository	2026-09-12T04:40:13.1813959Z   ssh-user: git
vNext saved-source material	Check out repository	2026-09-12T04:40:13.1814706Z   clean: true
vNext saved-source material	Check out repository	2026-09-12T04:40:13.1815503Z   sparse-checkout-cone-mode: true
vNext saved-source material	Check out repository	2026-09-12T04:40:13.1816487Z   fetch-depth: 1
vNext saved-source material	Check out repository	2026-09-12T04:40:13.1817303Z   fetch-tags: false
vNext saved-source material	Check out repository	2026-09-12T04:40:13.1818123Z   show-progress: true
vNext saved-source material	Check out repository	2026-09-12T04:40:13.1818895Z   lfs: false
vNext saved-source material	Check out repository	2026-09-12T04:40:13.1819958Z   submodules: false
vNext saved-source material	Check out repository	2026-09-12T04:40:13.1820644Z   set-safe-directory: true
vNext saved-source material	Check out repository	2026-09-12T04:40:13.1821557Z ##[endgroup]
vNext saved-source material	Check out repository	2026-09-12T04:40:13.2838564Z Syncing repository: wlvh/SEC_metrics
vNext saved-source material	Check out repository	2026-09-12T04:40:13.2841418Z ##[group]Getting Git version info
vNext saved-source material	Check out repository	2026-09-12T04:40:13.2842625Z Working directory is '/home/runner/work/SEC_metrics/SEC_metrics'
vNext saved-source material	Check out repository	2026-09-12T04:40:13.2844401Z [command]/usr/bin/git version
vNext saved-source material	Check out repository	2026-09-12T04:40:13.2892732Z git version 2.55.0
vNext saved-source material	Check out repository	2026-09-12T04:40:13.2916465Z ##[endgroup]
vNext saved-source material	Check out repository	2026-09-12T04:40:13.2932136Z Temporarily overriding HOME='/home/runner/work/_temp/b08e4e25-050a-47e5-a784-098f099c3d55' before making global git config changes
vNext saved-source material	Check out repository	2026-09-12T04:40:13.2934425Z Adding repository directory to the temporary git global config as a safe directory
vNext saved-source material	Check out repository	2026-09-12T04:40:13.2938308Z [command]/usr/bin/git config --global --add safe.directory /home/runner/work/SEC_metrics/SEC_metrics
vNext saved-source material	Check out repository	2026-09-12T04:40:13.2993540Z Deleting the contents of '/home/runner/work/SEC_metrics/SEC_metrics'
vNext saved-source material	Check out repository	2026-09-12T04:40:13.2997703Z ##[group]Initializing the repository
vNext saved-source material	Check out repository	2026-09-12T04:40:13.3003757Z [command]/usr/bin/git init /home/runner/work/SEC_metrics/SEC_metrics
vNext saved-source material	Check out repository	2026-09-12T04:40:13.3113967Z hint: Using 'master' as the name for the initial branch. This default branch name
vNext saved-source material	Check out repository	2026-09-12T04:40:13.3115734Z hint: will change to "main" in Git 3.0. To configure the initial branch name
vNext saved-source material	Check out repository	2026-09-12T04:40:13.3117716Z hint: to use in all of your new repositories, which will suppress this warning,
vNext saved-source material	Check out repository	2026-09-12T04:40:13.3118916Z hint: call:
vNext saved-source material	Check out repository	2026-09-12T04:40:13.3119552Z hint:
vNext saved-source material	Check out repository	2026-09-12T04:40:13.3120652Z hint: 	git config --global init.defaultBranch <name>
vNext saved-source material	Check out repository	2026-09-12T04:40:13.3121701Z hint:
vNext saved-source material	Check out repository	2026-09-12T04:40:13.3122675Z hint: Names commonly chosen instead of 'master' are 'main', 'trunk' and
vNext saved-source material	Check out repository	2026-09-12T04:40:13.3124240Z hint: 'development'. The just-created branch can be renamed via this command:
vNext saved-source material	Check out repository	2026-09-12T04:40:13.3125442Z hint:
vNext saved-source material	Check out repository	2026-09-12T04:40:13.3126090Z hint: 	git branch -m <name>
vNext saved-source material	Check out repository	2026-09-12T04:40:13.3126861Z hint:
vNext saved-source material	Check out repository	2026-09-12T04:40:13.3127916Z hint: Disable this message with "git config set advice.defaultBranchName false"
vNext saved-source material	Check out repository	2026-09-12T04:40:13.3129858Z Initialized empty Git repository in /home/runner/work/SEC_metrics/SEC_metrics/.git/
vNext saved-source material	Check out repository	2026-09-12T04:40:13.3132575Z [command]/usr/bin/git remote add origin https://github.com/wlvh/SEC_metrics
vNext saved-source material	Check out repository	2026-09-12T04:40:13.3180316Z ##[endgroup]
vNext saved-source material	Check out repository	2026-09-12T04:40:13.3182022Z ##[group]Disabling automatic garbage collection
vNext saved-source material	Check out repository	2026-09-12T04:40:13.3183506Z [command]/usr/bin/git config --local gc.auto 0
vNext saved-source material	Check out repository	2026-09-12T04:40:13.3215964Z ##[endgroup]
vNext saved-source material	Check out repository	2026-09-12T04:40:13.3217390Z ##[group]Setting up auth
vNext saved-source material	Check out repository	2026-09-12T04:40:13.3218477Z Removing SSH command configuration
vNext saved-source material	Check out repository	2026-09-12T04:40:13.3222410Z [command]/usr/bin/git config --local --name-only --get-regexp core\.sshCommand
vNext saved-source material	Check out repository	2026-09-12T04:40:13.3257455Z [command]/usr/bin/git submodule foreach --recursive sh -c "git config --local --name-only --get-regexp 'core\.sshCommand' && git config --local --unset-all 'core.sshCommand' || :"
vNext saved-source material	Check out repository	2026-09-12T04:40:13.3625745Z Removing HTTP extra header
vNext saved-source material	Check out repository	2026-09-12T04:40:13.3635120Z [command]/usr/bin/git config --local --name-only --get-regexp http\.https\:\/\/github\.com\/\.extraheader
vNext saved-source material	Check out repository	2026-09-12T04:40:13.3676355Z [command]/usr/bin/git submodule foreach --recursive sh -c "git config --local --name-only --get-regexp 'http\.https\:\/\/github\.com\/\.extraheader' && git config --local --unset-all 'http.https://github.com/.extraheader' || :"
vNext saved-source material	Check out repository	2026-09-12T04:40:13.3911183Z Removing includeIf entries pointing to credentials config files
vNext saved-source material	Check out repository	2026-09-12T04:40:13.3918520Z [command]/usr/bin/git config --local --name-only --get-regexp ^includeIf\.gitdir:
vNext saved-source material	Check out repository	2026-09-12T04:40:13.3957565Z [command]/usr/bin/git submodule foreach --recursive git config --local --show-origin --name-only --get-regexp remote.origin.url
vNext saved-source material	Check out repository	2026-09-12T04:40:13.4186353Z [command]/usr/bin/git config --file /home/runner/work/_temp/git-credentials-7cbd5b72-e01e-4584-a216-ef286f4f1607.config http.https://github.com/.extraheader AUTHORIZATION: basic ***
vNext saved-source material	Check out repository	2026-09-12T04:40:13.4233668Z [command]/usr/bin/git config --local includeIf.gitdir:/home/runner/work/SEC_metrics/SEC_metrics/.git.path /home/runner/work/_temp/git-credentials-7cbd5b72-e01e-4584-a216-ef286f4f1607.config
vNext saved-source material	Check out repository	2026-09-12T04:40:13.4266913Z [command]/usr/bin/git config --local includeIf.gitdir:/home/runner/work/SEC_metrics/SEC_metrics/.git/worktrees/*.path /home/runner/work/_temp/git-credentials-7cbd5b72-e01e-4584-a216-ef286f4f1607.config
vNext saved-source material	Check out repository	2026-09-12T04:40:13.4304631Z [command]/usr/bin/git config --local includeIf.gitdir:/github/workspace/.git.path /github/runner_temp/git-credentials-7cbd5b72-e01e-4584-a216-ef286f4f1607.config
vNext saved-source material	Check out repository	2026-09-12T04:40:13.4340410Z [command]/usr/bin/git config --local includeIf.gitdir:/github/workspace/.git/worktrees/*.path /github/runner_temp/git-credentials-7cbd5b72-e01e-4584-a216-ef286f4f1607.config
vNext saved-source material	Check out repository	2026-09-12T04:40:13.4370416Z ##[endgroup]
vNext saved-source material	Check out repository	2026-09-12T04:40:13.4371799Z ##[group]Fetching the repository
vNext saved-source material	Check out repository	2026-09-12T04:40:13.4380480Z [command]/usr/bin/git -c protocol.version=2 fetch --no-tags --prune --no-recurse-submodules --depth=1 origin +ea2161a95b45c8f826c77445ae1f29dac395ef34:refs/remotes/pull/43/merge
vNext saved-source material	Check out repository	2026-09-12T04:40:23.5677442Z From https://github.com/wlvh/SEC_metrics
vNext saved-source material	Check out repository	2026-09-12T04:40:23.5679039Z  * [new ref]         ea2161a95b45c8f826c77445ae1f29dac395ef34 -> pull/43/merge
vNext saved-source material	Check out repository	2026-09-12T04:40:23.5683296Z ##[endgroup]
vNext saved-source material	Check out repository	2026-09-12T04:40:23.5685123Z ##[group]Determining the checkout info
vNext saved-source material	Check out repository	2026-09-12T04:40:23.5686886Z ##[endgroup]
vNext saved-source material	Check out repository	2026-09-12T04:40:23.5690214Z [command]/usr/bin/git sparse-checkout disable
vNext saved-source material	Check out repository	2026-09-12T04:40:23.5741309Z [command]/usr/bin/git config --local --unset-all extensions.worktreeConfig
vNext saved-source material	Check out repository	2026-09-12T04:40:23.5772023Z ##[group]Checking out the ref
vNext saved-source material	Check out repository	2026-09-12T04:40:23.5775166Z [command]/usr/bin/git checkout --progress --force refs/remotes/pull/43/merge
vNext saved-source material	Check out repository	2026-09-12T04:40:24.6127783Z Updating files:  59% (4248/7169)
vNext saved-source material	Check out repository	2026-09-12T04:40:24.6597722Z Updating files:  60% (4302/7169)
vNext saved-source material	Check out repository	2026-09-12T04:40:24.7298260Z Updating files:  61% (4374/7169)
vNext saved-source material	Check out repository	2026-09-12T04:40:24.7538793Z Updating files:  62% (4445/7169)
vNext saved-source material	Check out repository	2026-09-12T04:40:24.7763976Z Updating files:  63% (4517/7169)
vNext saved-source material	Check out repository	2026-09-12T04:40:24.7908480Z Updating files:  64% (4589/7169)
vNext saved-source material	Check out repository	2026-09-12T04:40:25.0056379Z Updating files:  65% (4660/7169)
vNext saved-source material	Check out repository	2026-09-12T04:40:25.0084752Z Updating files:  66% (4732/7169)
vNext saved-source material	Check out repository	2026-09-12T04:40:25.0223958Z Updating files:  67% (4804/7169)
vNext saved-source material	Check out repository	2026-09-12T04:40:25.0313803Z Updating files:  68% (4875/7169)
vNext saved-source material	Check out repository	2026-09-12T04:40:25.0410763Z Updating files:  69% (4947/7169)
vNext saved-source material	Check out repository	2026-09-12T04:40:25.0540793Z Updating files:  70% (5019/7169)
vNext saved-source material	Check out repository	2026-09-12T04:40:25.0616980Z Updating files:  71% (5090/7169)
vNext saved-source material	Check out repository	2026-09-12T04:40:25.0771195Z Updating files:  72% (5162/7169)
vNext saved-source material	Check out repository	2026-09-12T04:40:25.0913760Z Updating files:  73% (5234/7169)
vNext saved-source material	Check out repository	2026-09-12T04:40:25.1020371Z Updating files:  74% (5306/7169)
vNext saved-source material	Check out repository	2026-09-12T04:40:25.1102106Z Updating files:  75% (5377/7169)
vNext saved-source material	Check out repository	2026-09-12T04:40:25.1269141Z Updating files:  76% (5449/7169)
vNext saved-source material	Check out repository	2026-09-12T04:40:25.1529505Z Updating files:  77% (5521/7169)
vNext saved-source material	Check out repository	2026-09-12T04:40:25.1910554Z Updating files:  78% (5592/7169)
vNext saved-source material	Check out repository	2026-09-12T04:40:25.2009951Z Updating files:  79% (5664/7169)
vNext saved-source material	Check out repository	2026-09-12T04:40:25.2134278Z Updating files:  80% (5736/7169)
vNext saved-source material	Check out repository	2026-09-12T04:40:25.2343476Z Updating files:  81% (5807/7169)
vNext saved-source material	Check out repository	2026-09-12T04:40:25.2531801Z Updating files:  82% (5879/7169)
vNext saved-source material	Check out repository	2026-09-12T04:40:25.2700712Z Updating files:  83% (5951/7169)
vNext saved-source material	Check out repository	2026-09-12T04:40:25.2762424Z Updating files:  84% (6022/7169)
vNext saved-source material	Check out repository	2026-09-12T04:40:25.2803793Z Updating files:  85% (6094/7169)
vNext saved-source material	Check out repository	2026-09-12T04:40:25.2863880Z Updating files:  86% (6166/7169)
vNext saved-source material	Check out repository	2026-09-12T04:40:25.2906127Z Updating files:  87% (6238/7169)
vNext saved-source material	Check out repository	2026-09-12T04:40:25.3064983Z Updating files:  88% (6309/7169)
vNext saved-source material	Check out repository	2026-09-12T04:40:25.3260794Z Updating files:  89% (6381/7169)
vNext saved-source material	Check out repository	2026-09-12T04:40:25.3443892Z Updating files:  90% (6453/7169)
vNext saved-source material	Check out repository	2026-09-12T04:40:25.3493021Z Updating files:  91% (6524/7169)
vNext saved-source material	Check out repository	2026-09-12T04:40:25.3622248Z Updating files:  92% (6596/7169)
vNext saved-source material	Check out repository	2026-09-12T04:40:25.3686840Z Updating files:  93% (6668/7169)
vNext saved-source material	Check out repository	2026-09-12T04:40:25.3775422Z Updating files:  94% (6739/7169)
vNext saved-source material	Check out repository	2026-09-12T04:40:25.3861148Z Updating files:  95% (6811/7169)
vNext saved-source material	Check out repository	2026-09-12T04:40:25.3941596Z Updating files:  96% (6883/7169)
vNext saved-source material	Check out repository	2026-09-12T04:40:25.4010524Z Updating files:  97% (6954/7169)
vNext saved-source material	Check out repository	2026-09-12T04:40:25.4076865Z Updating files:  98% (7026/7169)
vNext saved-source material	Check out repository	2026-09-12T04:40:25.4148003Z Updating files:  99% (7098/7169)
vNext saved-source material	Check out repository	2026-09-12T04:40:25.4148559Z Updating files: 100% (7169/7169)
vNext saved-source material	Check out repository	2026-09-12T04:40:25.4148994Z Updating files: 100% (7169/7169), done.
vNext saved-source material	Check out repository	2026-09-12T04:40:25.4329278Z Note: switching to 'refs/remotes/pull/43/merge'.
vNext saved-source material	Check out repository	2026-09-12T04:40:25.4333612Z 
vNext saved-source material	Check out repository	2026-09-12T04:40:25.4333862Z You are in 'detached HEAD' state. You can look around, make experimental
vNext saved-source material	Check out repository	2026-09-12T04:40:25.4334402Z changes and commit them, and you can discard any commits you make in this
vNext saved-source material	Check out repository	2026-09-12T04:40:25.4334902Z state without impacting any branches by switching back to a branch.
vNext saved-source material	Check out repository	2026-09-12T04:40:25.4335208Z 
vNext saved-source material	Check out repository	2026-09-12T04:40:25.4335407Z If you want to create a new branch to retain commits you create, you may
vNext saved-source material	Check out repository	2026-09-12T04:40:25.4335888Z do so (now or later) by using -c with the switch command. Example:
vNext saved-source material	Check out repository	2026-09-12T04:40:25.4336165Z 
vNext saved-source material	Check out repository	2026-09-12T04:40:25.4336280Z   git switch -c <new-branch-name>
vNext saved-source material	Check out repository	2026-09-12T04:40:25.4336457Z 
vNext saved-source material	Check out repository	2026-09-12T04:40:25.4336616Z Or undo this operation with:
vNext saved-source material	Check out repository	2026-09-12T04:40:25.4336829Z 
vNext saved-source material	Check out repository	2026-09-12T04:40:25.4336915Z   git switch -
vNext saved-source material	Check out repository	2026-09-12T04:40:25.4337043Z 
vNext saved-source material	Check out repository	2026-09-12T04:40:25.4337261Z Turn off this advice by setting config variable advice.detachedHead to false
vNext saved-source material	Check out repository	2026-09-12T04:40:25.4337982Z 
vNext saved-source material	Check out repository	2026-09-12T04:40:25.4338338Z HEAD is now at ea2161a Merge ffeaed317f3350de954b6bc2a0f1f16de9fafe1e into 92fdd0e30c5f05db9d3d0136424934037dcff66e
vNext saved-source material	Check out repository	2026-09-12T04:40:25.4393406Z ##[endgroup]
vNext saved-source material	Check out repository	2026-09-12T04:40:25.4444124Z [command]/usr/bin/git log -1 --format=%H
vNext saved-source material	Check out repository	2026-09-12T04:40:25.4476755Z ea2161a95b45c8f826c77445ae1f29dac395ef34
vNext saved-source material	Check out repository	2026-09-12T04:40:25.4487294Z ##[group]Removing auth
vNext saved-source material	Check out repository	2026-09-12T04:40:25.4487618Z Removing SSH command configuration
vNext saved-source material	Check out repository	2026-09-12T04:40:25.4493903Z [command]/usr/bin/git config --local --name-only --get-regexp core\.sshCommand
vNext saved-source material	Check out repository	2026-09-12T04:40:25.4530288Z [command]/usr/bin/git submodule foreach --recursive sh -c "git config --local --name-only --get-regexp 'core\.sshCommand' && git config --local --unset-all 'core.sshCommand' || :"
vNext saved-source material	Check out repository	2026-09-12T04:40:25.4768062Z Removing HTTP extra header
vNext saved-source material	Check out repository	2026-09-12T04:40:25.4773199Z [command]/usr/bin/git config --local --name-only --get-regexp http\.https\:\/\/github\.com\/\.extraheader
vNext saved-source material	Check out repository	2026-09-12T04:40:25.4807042Z [command]/usr/bin/git submodule foreach --recursive sh -c "git config --local --name-only --get-regexp 'http\.https\:\/\/github\.com\/\.extraheader' && git config --local --unset-all 'http.https://github.com/.extraheader' || :"
vNext saved-source material	Check out repository	2026-09-12T04:40:25.5045882Z Removing includeIf entries pointing to credentials config files
vNext saved-source material	Check out repository	2026-09-12T04:40:25.5051224Z [command]/usr/bin/git config --local --name-only --get-regexp ^includeIf\.gitdir:
vNext saved-source material	Check out repository	2026-09-12T04:40:25.5079882Z includeif.gitdir:/home/runner/work/SEC_metrics/SEC_metrics/.git.path
vNext saved-source material	Check out repository	2026-09-12T04:40:25.5081097Z includeif.gitdir:/home/runner/work/SEC_metrics/SEC_metrics/.git/worktrees/*.path
vNext saved-source material	Check out repository	2026-09-12T04:40:25.5081609Z includeif.gitdir:/github/workspace/.git.path
vNext saved-source material	Check out repository	2026-09-12T04:40:25.5081976Z includeif.gitdir:/github/workspace/.git/worktrees/*.path
vNext saved-source material	Check out repository	2026-09-12T04:40:25.5089895Z [command]/usr/bin/git config --local --get-all includeif.gitdir:/home/runner/work/SEC_metrics/SEC_metrics/.git.path
vNext saved-source material	Check out repository	2026-09-12T04:40:25.5115915Z /home/runner/work/_temp/git-credentials-7cbd5b72-e01e-4584-a216-ef286f4f1607.config
vNext saved-source material	Check out repository	2026-09-12T04:40:25.5126268Z [command]/usr/bin/git config --local --unset includeif.gitdir:/home/runner/work/SEC_metrics/SEC_metrics/.git.path /home/runner/work/_temp/git-credentials-7cbd5b72-e01e-4584-a216-ef286f4f1607.config
vNext saved-source material	Check out repository	2026-09-12T04:40:25.5164482Z [command]/usr/bin/git config --local --get-all includeif.gitdir:/home/runner/work/SEC_metrics/SEC_metrics/.git/worktrees/*.path
vNext saved-source material	Check out repository	2026-09-12T04:40:25.5198310Z /home/runner/work/_temp/git-credentials-7cbd5b72-e01e-4584-a216-ef286f4f1607.config
vNext saved-source material	Check out repository	2026-09-12T04:40:25.5206757Z [command]/usr/bin/git config --local --unset includeif.gitdir:/home/runner/work/SEC_metrics/SEC_metrics/.git/worktrees/*.path /home/runner/work/_temp/git-credentials-7cbd5b72-e01e-4584-a216-ef286f4f1607.config
vNext saved-source material	Check out repository	2026-09-12T04:40:25.5246920Z [command]/usr/bin/git config --local --get-all includeif.gitdir:/github/workspace/.git.path
vNext saved-source material	Check out repository	2026-09-12T04:40:25.5268918Z /github/runner_temp/git-credentials-7cbd5b72-e01e-4584-a216-ef286f4f1607.config
vNext saved-source material	Check out repository	2026-09-12T04:40:25.5276580Z [command]/usr/bin/git config --local --unset includeif.gitdir:/github/workspace/.git.path /github/runner_temp/git-credentials-7cbd5b72-e01e-4584-a216-ef286f4f1607.config
vNext saved-source material	Check out repository	2026-09-12T04:40:25.5318362Z [command]/usr/bin/git config --local --get-all includeif.gitdir:/github/workspace/.git/worktrees/*.path
vNext saved-source material	Check out repository	2026-09-12T04:40:25.5344166Z /github/runner_temp/git-credentials-7cbd5b72-e01e-4584-a216-ef286f4f1607.config
vNext saved-source material	Check out repository	2026-09-12T04:40:25.5353259Z [command]/usr/bin/git config --local --unset includeif.gitdir:/github/workspace/.git/worktrees/*.path /github/runner_temp/git-credentials-7cbd5b72-e01e-4584-a216-ef286f4f1607.config
vNext saved-source material	Check out repository	2026-09-12T04:40:25.5386502Z [command]/usr/bin/git submodule foreach --recursive git config --local --show-origin --name-only --get-regexp remote.origin.url
vNext saved-source material	Check out repository	2026-09-12T04:40:25.5620766Z Removing credentials config '/home/runner/work/_temp/git-credentials-7cbd5b72-e01e-4584-a216-ef286f4f1607.config'
vNext saved-source material	Check out repository	2026-09-12T04:40:25.5629336Z ##[endgroup]
vNext saved-source material	Set up Python 3.14	﻿2026-09-12T04:40:25.5927466Z ##[group]Run actions/setup-python@a309ff8b426b58ec0e2a45f0f869d46889d02405
vNext saved-source material	Set up Python 3.14	2026-09-12T04:40:25.5928133Z with:
vNext saved-source material	Set up Python 3.14	2026-09-12T04:40:25.5928349Z   python-version: 3.14
vNext saved-source material	Set up Python 3.14	2026-09-12T04:40:25.5928590Z   check-latest: false
vNext saved-source material	Set up Python 3.14	2026-09-12T04:40:25.5931543Z   token: ***
vNext saved-source material	Set up Python 3.14	2026-09-12T04:40:25.5931773Z   update-environment: true
vNext saved-source material	Set up Python 3.14	2026-09-12T04:40:25.5932033Z   allow-prereleases: false
vNext saved-source material	Set up Python 3.14	2026-09-12T04:40:25.5932264Z   freethreaded: false
vNext saved-source material	Set up Python 3.14	2026-09-12T04:40:25.5932480Z ##[endgroup]
vNext saved-source material	Set up Python 3.14	2026-09-12T04:40:25.7199872Z ##[group]Installed versions
vNext saved-source material	Set up Python 3.14	2026-09-12T04:40:25.7287395Z Successfully set up CPython (3.14.7)
vNext saved-source material	Set up Python 3.14	2026-09-12T04:40:25.7288200Z ##[endgroup]
vNext saved-source material	Run complete saved-source material tests	﻿2026-09-12T04:40:25.7418347Z ##[group]Run python3 tools/run_fast_tests_v2.py --suite source-material --jobs 2
vNext saved-source material	Run complete saved-source material tests	2026-09-12T04:40:25.7419019Z [36;1mpython3 tools/run_fast_tests_v2.py --suite source-material --jobs 2[0m
vNext saved-source material	Run complete saved-source material tests	2026-09-12T04:40:25.7469265Z shell: /usr/bin/bash -e {0}
vNext saved-source material	Run complete saved-source material tests	2026-09-12T04:40:25.7469761Z env:
vNext saved-source material	Run complete saved-source material tests	2026-09-12T04:40:25.7470229Z   pythonLocation: /opt/hostedtoolcache/Python/3.14.7/x64
vNext saved-source material	Run complete saved-source material tests	2026-09-12T04:40:25.7470715Z   PKG_CONFIG_PATH: /opt/hostedtoolcache/Python/3.14.7/x64/lib/pkgconfig
vNext saved-source material	Run complete saved-source material tests	2026-09-12T04:40:25.7471145Z   Python_ROOT_DIR: /opt/hostedtoolcache/Python/3.14.7/x64
vNext saved-source material	Run complete saved-source material tests	2026-09-12T04:40:25.7471543Z   Python2_ROOT_DIR: /opt/hostedtoolcache/Python/3.14.7/x64
vNext saved-source material	Run complete saved-source material tests	2026-09-12T04:40:25.7471948Z   Python3_ROOT_DIR: /opt/hostedtoolcache/Python/3.14.7/x64
vNext saved-source material	Run complete saved-source material tests	2026-09-12T04:40:25.7472332Z   LD_LIBRARY_PATH: /opt/hostedtoolcache/Python/3.14.7/x64/lib
vNext saved-source material	Run complete saved-source material tests	2026-09-12T04:40:25.7472672Z   PYTHONDONTWRITEBYTECODE: 1
vNext saved-source material	Run complete saved-source material tests	2026-09-12T04:40:25.7472924Z ##[endgroup]
vNext saved-source material	Run complete saved-source material tests	2026-09-12T04:48:28.8780582Z {"duration_seconds": 482.983, "evidence_tier": "SOURCE_MATERIAL_LOCAL_ONLY", "jobs": 2, "per_case_timeout_seconds": 240, "selector_generation": 2, "status": "PASSED", "suite": "source-material", "tests": [{"duration_seconds": 16.436, "return_code": 0, "stderr_tail": "----------------------------------------------------------------------\nRan 1 test in 15.965s\n\nOK\n", "stdout_tail": "", "test": "tests.vnext.test_b06_disclosure_v2.B06DisclosureV2Test.test_borrowing_keyword_and_explicit_past_issuance_do_not_block"}, {"duration_seconds": 5.845, "return_code": 0, "stderr_tail": "----------------------------------------------------------------------\nRan 1 test in 5.375s\n\nOK\n", "stdout_tail": "", "test": "tests.vnext.test_b06_disclosure_v2.B06DisclosureV2Test.test_current_balance_cannot_inherit_an_unspecified_date"}, {"duration_seconds": 19.47, "return_code": 0, "stderr_tail": "----------------------------------------------------------------------\nRan 1 test in 19.005s\n\nOK\n", "stdout_tail": "", "test": "tests.vnext.test_b06_disclosure_v2.B06DisclosureV2Test.test_current_named_carrying_total_is_reconciled_but_unknown_balance_is_not"}, {"duration_seconds": 19.229, "return_code": 0, "stderr_tail": "----------------------------------------------------------------------\nRan 1 test in 18.762s\n\nOK\n", "stdout_tail": "", "test": "tests.vnext.test_b06_disclosure_v2.B06DisclosureV2Test.test_explicit_additional_current_borrowing_blocks_both_modes"}, {"duration_seconds": 13.655, "return_code": 0, "stderr_tail": "----------------------------------------------------------------------\nRan 1 test in 13.176s\n\nOK\n", "stdout_tail": "", "test": "tests.vnext.test_b06_disclosure_v2.B06DisclosureV2Test.test_newer_disclosed_credit_group_is_derived_from_table_members"}, {"duration_seconds": 19.286, "return_code": 0, "stderr_tail": "----------------------------------------------------------------------\nRan 1 test in 18.818s\n\nOK\n", "stdout_tail": "", "test": "tests.vnext.test_b06_disclosure_v2.B06DisclosureV2Test.test_original_two_modes_keep_amounts_and_explain_different_measurements"}, {"duration_seconds": 17.342, "return_code": 0, "stderr_tail": "----------------------------------------------------------------------\nRan 1 test in 16.873s\n\nOK\n", "stdout_tail": "", "test": "tests.vnext.test_b06_disclosure_v2.B06DisclosureV2Test.test_primary_equity_amount_sign_scale_and_unit_conflicts_reject"}, {"duration_seconds": 19.733, "return_code": 0, "stderr_tail": "----------------------------------------------------------------------\nRan 1 test in 19.259s\n\nOK\n", "stdout_tail": "", "test": "tests.vnext.test_b06_disclosure_v2.B06DisclosureV2Test.test_same_xml_and_primary_alternate_total_still_needs_its_own_arithmetic"}, {"duration_seconds": 9.549, "return_code": 0, "stderr_tail": "----------------------------------------------------------------------\nRan 1 test in 9.052s\n\nOK\n", "stdout_tail": "", "test": "tests.vnext.test_b06_disclosure_v2.B06DisclosureV2Test.test_unconsumed_known_concept_must_agree_with_primary"}, {"duration_seconds": 16.51, "return_code": 0, "stderr_tail": "----------------------------------------------------------------------\nRan 1 test in 16.042s\n\nOK\n", "stdout_tail": "", "test": "tests.vnext.test_b06_disclosure_v2.B06DisclosureV2Test.test_zero_clause_cannot_hide_a_positive_balance_or_unsupported_amount"}, {"duration_seconds": 28.086, "return_code": 0, "stderr_tail": "----------------------------------------------------------------------\nRan 1 test in 26.948s\n\nOK\n", "stdout_tail": "", "test": "tests.vnext.test_financial_balance_scope.AumClientFastTest.test_but_not_clients"}, {"duration_seconds": 28.254, "return_code": 0, "stderr_tail": "----------------------------------------------------------------------\nRan 1 test in 27.101s\n\nOK\n", "stdout_tail": "", "test": "tests.vnext.test_financial_balance_scope.AumClientFastTest.test_excluding_clients"}, {"duration_seconds": 28.567, "return_code": 0, "stderr_tail": "----------------------------------------------------------------------\nRan 1 test in 27.441s\n\nOK\n", "stdout_tail": "", "test": "tests.vnext.test_financial_balance_scope.AumClientFastTest.test_only_institutional_and_retail_clients"}, {"duration_seconds": 28.369, "return_code": 0, "stderr_tail": "----------------------------------------------------------------------\nRan 1 test in 27.203s\n\nOK\n", "stdout_tail": "", "test": "tests.vnext.test_financial_balance_scope.AumClientFastTest.test_only_private_clients"}, {"duration_seconds": 28.44, "return_code": 0, "stderr_tail": "----------------------------------------------------------------------\nRan 1 test in 27.281s\n\nOK\n", "stdout_tail": "", "test": "tests.vnext.test_financial_balance_scope.AumClientFastTest.test_selected_clients"}, {"duration_seconds": 28.637, "return_code": 0, "stderr_tail": "----------------------------------------------------------------------\nRan 1 test in 27.505s\n\nOK\n", "stdout_tail": "", "test": "tests.vnext.test_financial_balance_scope.AumClientFastTest.test_unrelated_exclusion_does_not_change_aum_scope"}, {"duration_seconds": 28.185, "return_code": 0, "stderr_tail": "----------------------------------------------------------------------\nRan 1 test in 27.060s\n\nOK\n", "stdout_tail": "", "test": "tests.vnext.test_financial_balance_scope.VarReportingFastTest.test_hypothetical_table_is_rejected"}, {"duration_seconds": 27.91, "return_code": 0, "stderr_tail": "----------------------------------------------------------------------\nRan 1 test in 26.777s\n\nOK\n", "stdout_tail": "", "test": "tests.vnext.test_financial_balance_scope.VarReportingFastTest.test_illustrative_table_is_rejected"}, {"duration_seconds": 27.961, "return_code": 0, "stderr_tail": "----------------------------------------------------------------------\nRan 1 test in 26.838s\n\nOK\n", "stdout_tail": "", "test": "tests.vnext.test_financial_balance_scope.VarReportingFastTest.test_unrelated_hypothetical_example_preserves_reported_var"}, {"duration_seconds": 40.708, "return_code": 0, "stderr_tail": "----------------------------------------------------------------------\nRan 1 test in 40.216s\n\nOK\n", "stdout_tail": "", "test": "tests.vnext.test_financial_candidates.LcrEntityFastTest.test_explicit_subsidiaries_keep_their_original_definition"}, {"duration_seconds": 45.149, "return_code": 0, "stderr_tail": "----------------------------------------------------------------------\nRan 1 test in 44.594s\n\nOK\n", "stdout_tail": "", "test": "tests.vnext.test_financial_candidates.LcrEntityFastTest.test_unidentified_consolidated_group_is_rejected"}, {"duration_seconds": 44.795, "return_code": 0, "stderr_tail": "----------------------------------------------------------------------\nRan 1 test in 44.298s\n\nOK\n", "stdout_tail": "", "test": "tests.vnext.test_financial_candidates.LcrEntityFastTest.test_unidentified_named_holding_is_rejected"}, {"duration_seconds": 22.159, "return_code": 0, "stderr_tail": "----------------------------------------------------------------------\nRan 17 tests in 21.885s\n\nOK\n", "stdout_tail": "", "test": "tests.vnext.test_financial_duration"}, {"duration_seconds": 45.528, "return_code": 0, "stderr_tail": "----------------------------------------------------------------------\nRan 1 test in 44.395s\n\nOK\n", "stdout_tail": "", "test": "tests.vnext.test_financial_structured.FinancialStructuredTest.test_native_tags_do_not_override_an_explicit_non_reported_table_declaration"}, {"duration_seconds": 26.512, "return_code": 0, "stderr_tail": "----------------------------------------------------------------------\nRan 7 tests in 25.260s\n\nOK\n", "stdout_tail": "", "test": "tests.vnext.test_fiscal_year_labels"}, {"duration_seconds": 28.071, "return_code": 0, "stderr_tail": "----------------------------------------------------------------------\nRan 18 tests in 27.057s\n\nOK\n", "stdout_tail": "", "test": "tests.vnext.test_going_concern_source"}, {"duration_seconds": 85.217, "return_code": 0, "stderr_tail": "----------------------------------------------------------------------\nRan 6 tests in 83.935s\n\nOK\n", "stdout_tail": "", "test": "tests.vnext.test_normal_accession_results"}, {"duration_seconds": 46.377, "return_code": 0, "stderr_tail": "----------------------------------------------------------------------\nRan 7 tests in 45.125s\n\nOK\n", "stdout_tail": "", "test": "tests.vnext.test_normal_companyfacts_results"}, {"duration_seconds": 122.025, "return_code": 0, "stderr_tail": "----------------------------------------------------------------------\nRan 10 tests in 120.757s\n\nOK\n", "stdout_tail": "", "test": "tests.vnext.test_normal_zero_ai_results"}, {"duration_seconds": 20.612, "return_code": 0, "stderr_tail": "----------------------------------------------------------------------\nRan 5 tests in 19.532s\n\nOK\n", "stdout_tail": "", "test": "tests.vnext.test_risk_signals"}, {"duration_seconds": 23.447, "return_code": 0, "stderr_tail": "----------------------------------------------------------------------\nRan 15 tests in 22.911s\n\nOK\n", "stdout_tail": "", "test": "tests.vnext.test_text_results"}, {"duration_seconds": 1.493, "return_code": 0, "stderr_tail": "----------------------------------------------------------------------\nRan 20 tests in 0.925s\n\nOK\n", "stdout_tail": "", "test": "tests.vnext.test_text_results_v2"}]}
vNext saved-source material	Post Set up Python 3.14	﻿2026-09-12T04:48:28.8967567Z Post job cleanup.
vNext saved-source material	Post Check out repository	﻿2026-09-12T04:48:29.0350241Z Post job cleanup.
vNext saved-source material	Post Check out repository	2026-09-12T04:48:29.1292909Z [command]/usr/bin/git version
vNext saved-source material	Post Check out repository	2026-09-12T04:48:29.1338503Z git version 2.55.0
vNext saved-source material	Post Check out repository	2026-09-12T04:48:29.1385038Z Temporarily overriding HOME='/home/runner/work/_temp/bd611f4b-3ad1-457b-a757-41653592261b' before making global git config changes
vNext saved-source material	Post Check out repository	2026-09-12T04:48:29.1386077Z Adding repository directory to the temporary git global config as a safe directory
vNext saved-source material	Post Check out repository	2026-09-12T04:48:29.1391734Z [command]/usr/bin/git config --global --add safe.directory /home/runner/work/SEC_metrics/SEC_metrics
vNext saved-source material	Post Check out repository	2026-09-12T04:48:29.1424980Z Removing SSH command configuration
vNext saved-source material	Post Check out repository	2026-09-12T04:48:29.1432601Z [command]/usr/bin/git config --local --name-only --get-regexp core\.sshCommand
vNext saved-source material	Post Check out repository	2026-09-12T04:48:29.1468521Z [command]/usr/bin/git submodule foreach --recursive sh -c "git config --local --name-only --get-regexp 'core\.sshCommand' && git config --local --unset-all 'core.sshCommand' || :"
vNext saved-source material	Post Check out repository	2026-09-12T04:48:29.1732383Z Removing HTTP extra header
vNext saved-source material	Post Check out repository	2026-09-12T04:48:29.1738622Z [command]/usr/bin/git config --local --name-only --get-regexp http\.https\:\/\/github\.com\/\.extraheader
vNext saved-source material	Post Check out repository	2026-09-12T04:48:29.1781181Z [command]/usr/bin/git submodule foreach --recursive sh -c "git config --local --name-only --get-regexp 'http\.https\:\/\/github\.com\/\.extraheader' && git config --local --unset-all 'http.https://github.com/.extraheader' || :"
vNext saved-source material	Post Check out repository	2026-09-12T04:48:29.2111836Z Removing includeIf entries pointing to credentials config files
vNext saved-source material	Post Check out repository	2026-09-12T04:48:29.2120534Z [command]/usr/bin/git config --local --name-only --get-regexp ^includeIf\.gitdir:
vNext saved-source material	Post Check out repository	2026-09-12T04:48:29.2192585Z [command]/usr/bin/git submodule foreach --recursive git config --local --show-origin --name-only --get-regexp remote.origin.url
vNext saved-source material	Complete job	﻿2026-09-12T04:48:29.2707480Z Cleaning up orphan processes
vNext fast suite	Set up job	﻿2026-09-12T04:40:12.9557022Z Current runner version: '2.337.0'
vNext fast suite	Set up job	2026-09-12T04:40:12.9585197Z ##[group]Runner Image Provisioner
vNext fast suite	Set up job	2026-09-12T04:40:12.9586458Z Hosted Compute Agent
vNext fast suite	Set up job	2026-09-12T04:40:12.9587184Z Version: 20260828.587
vNext fast suite	Set up job	2026-09-12T04:40:12.9587812Z Commit: abac92662cab4cc7352de4f9f9d2e2419aad9c29
vNext fast suite	Set up job	2026-09-12T04:40:12.9588669Z Build Date: 2026-08-28T16:44:25Z
vNext fast suite	Set up job	2026-09-12T04:40:12.9589358Z Worker ID: {d69b5ca9-2d99-4d31-aa56-d248c5b85724}
vNext fast suite	Set up job	2026-09-12T04:40:12.9590108Z Azure Region: eastus
vNext fast suite	Set up job	2026-09-12T04:40:12.9590692Z ##[endgroup]
vNext fast suite	Set up job	2026-09-12T04:40:12.9592756Z ##[group]Operating System
vNext fast suite	Set up job	2026-09-12T04:40:12.9593548Z Ubuntu
vNext fast suite	Set up job	2026-09-12T04:40:12.9594088Z 24.04.5
vNext fast suite	Set up job	2026-09-12T04:40:12.9594677Z LTS
vNext fast suite	Set up job	2026-09-12T04:40:12.9595335Z ##[endgroup]
vNext fast suite	Set up job	2026-09-12T04:40:12.9595929Z ##[group]Runner Image
vNext fast suite	Set up job	2026-09-12T04:40:12.9596823Z Image: ubuntu-24.04
vNext fast suite	Set up job	2026-09-12T04:40:12.9597406Z Version: 20260907.300.1
vNext fast suite	Set up job	2026-09-12T04:40:12.9598540Z Included Software: https://github.com/actions/runner-images/blob/ubuntu24/20260907.300/images/ubuntu/Ubuntu2404-Readme.md
vNext fast suite	Set up job	2026-09-12T04:40:12.9600363Z Image Release: https://github.com/actions/runner-images/releases/tag/ubuntu24%2F20260907.300
vNext fast suite	Set up job	2026-09-12T04:40:12.9601421Z ##[endgroup]
vNext fast suite	Set up job	2026-09-12T04:40:12.9602557Z ##[group]GITHUB_TOKEN Permissions
vNext fast suite	Set up job	2026-09-12T04:40:12.9604846Z Contents: read
vNext fast suite	Set up job	2026-09-12T04:40:12.9605484Z Metadata: read
vNext fast suite	Set up job	2026-09-12T04:40:12.9606477Z ##[endgroup]
vNext fast suite	Set up job	2026-09-12T04:40:12.9608825Z Secret source: Actions
vNext fast suite	Set up job	2026-09-12T04:40:12.9609939Z Cache mode: write
vNext fast suite	Set up job	2026-09-12T04:40:12.9610917Z Prepare workflow directory
vNext fast suite	Set up job	2026-09-12T04:40:12.9952991Z Prepare all required actions
vNext fast suite	Set up job	2026-09-12T04:40:13.0002684Z Getting action download info
vNext fast suite	Set up job	2026-09-12T04:40:13.2294161Z Download action repository 'actions/checkout@de0fac2e4500dabe0009e67214ff5f5447ce83dd' (SHA:de0fac2e4500dabe0009e67214ff5f5447ce83dd)
vNext fast suite	Set up job	2026-09-12T04:40:13.3470445Z Download action repository 'actions/setup-python@a309ff8b426b58ec0e2a45f0f869d46889d02405' (SHA:a309ff8b426b58ec0e2a45f0f869d46889d02405)
vNext fast suite	Set up job	2026-09-12T04:40:13.5901144Z Complete job name: vNext fast suite
vNext fast suite	Check out repository	﻿2026-09-12T04:40:13.6699667Z ##[group]Run actions/checkout@de0fac2e4500dabe0009e67214ff5f5447ce83dd
vNext fast suite	Check out repository	2026-09-12T04:40:13.6700865Z with:
vNext fast suite	Check out repository	2026-09-12T04:40:13.6701381Z   persist-credentials: false
vNext fast suite	Check out repository	2026-09-12T04:40:13.6701917Z   repository: wlvh/SEC_metrics
vNext fast suite	Check out repository	2026-09-12T04:40:13.6705917Z   token: ***
vNext fast suite	Check out repository	2026-09-12T04:40:13.6706583Z   ssh-strict: true
vNext fast suite	Check out repository	2026-09-12T04:40:13.6707025Z   ssh-user: git
vNext fast suite	Check out repository	2026-09-12T04:40:13.6707450Z   clean: true
vNext fast suite	Check out repository	2026-09-12T04:40:13.6707899Z   sparse-checkout-cone-mode: true
vNext fast suite	Check out repository	2026-09-12T04:40:13.6708423Z   fetch-depth: 1
vNext fast suite	Check out repository	2026-09-12T04:40:13.6708847Z   fetch-tags: false
vNext fast suite	Check out repository	2026-09-12T04:40:13.6709290Z   show-progress: true
vNext fast suite	Check out repository	2026-09-12T04:40:13.6709733Z   lfs: false
vNext fast suite	Check out repository	2026-09-12T04:40:13.6710162Z   submodules: false
vNext fast suite	Check out repository	2026-09-12T04:40:13.6710617Z   set-safe-directory: true
vNext fast suite	Check out repository	2026-09-12T04:40:13.6711359Z ##[endgroup]
vNext fast suite	Check out repository	2026-09-12T04:40:13.7736507Z Syncing repository: wlvh/SEC_metrics
vNext fast suite	Check out repository	2026-09-12T04:40:13.7738502Z ##[group]Getting Git version info
vNext fast suite	Check out repository	2026-09-12T04:40:13.7739463Z Working directory is '/home/runner/work/SEC_metrics/SEC_metrics'
vNext fast suite	Check out repository	2026-09-12T04:40:13.7740616Z [command]/usr/bin/git version
vNext fast suite	Check out repository	2026-09-12T04:40:13.7829645Z git version 2.55.0
vNext fast suite	Check out repository	2026-09-12T04:40:13.7849591Z ##[endgroup]
vNext fast suite	Check out repository	2026-09-12T04:40:13.7867292Z Temporarily overriding HOME='/home/runner/work/_temp/a1fdc788-feea-4fc4-8960-58a37b940b5a' before making global git config changes
vNext fast suite	Check out repository	2026-09-12T04:40:13.7869933Z Adding repository directory to the temporary git global config as a safe directory
vNext fast suite	Check out repository	2026-09-12T04:40:13.7874500Z [command]/usr/bin/git config --global --add safe.directory /home/runner/work/SEC_metrics/SEC_metrics
vNext fast suite	Check out repository	2026-09-12T04:40:13.7938956Z Deleting the contents of '/home/runner/work/SEC_metrics/SEC_metrics'
vNext fast suite	Check out repository	2026-09-12T04:40:13.7944081Z ##[group]Initializing the repository
vNext fast suite	Check out repository	2026-09-12T04:40:13.7951221Z [command]/usr/bin/git init /home/runner/work/SEC_metrics/SEC_metrics
vNext fast suite	Check out repository	2026-09-12T04:40:13.8090838Z hint: Using 'master' as the name for the initial branch. This default branch name
vNext fast suite	Check out repository	2026-09-12T04:40:13.8092296Z hint: will change to "main" in Git 3.0. To configure the initial branch name
vNext fast suite	Check out repository	2026-09-12T04:40:13.8093661Z hint: to use in all of your new repositories, which will suppress this warning,
vNext fast suite	Check out repository	2026-09-12T04:40:13.8094953Z hint: call:
vNext fast suite	Check out repository	2026-09-12T04:40:13.8095670Z hint:
vNext fast suite	Check out repository	2026-09-12T04:40:13.8097187Z hint: 	git config --global init.defaultBranch <name>
vNext fast suite	Check out repository	2026-09-12T04:40:13.8098294Z hint:
vNext fast suite	Check out repository	2026-09-12T04:40:13.8099303Z hint: Names commonly chosen instead of 'master' are 'main', 'trunk' and
vNext fast suite	Check out repository	2026-09-12T04:40:13.8101074Z hint: 'development'. The just-created branch can be renamed via this command:
vNext fast suite	Check out repository	2026-09-12T04:40:13.8102134Z hint:
vNext fast suite	Check out repository	2026-09-12T04:40:13.8102570Z hint: 	git branch -m <name>
vNext fast suite	Check out repository	2026-09-12T04:40:13.8103227Z hint:
vNext fast suite	Check out repository	2026-09-12T04:40:13.8104391Z hint: Disable this message with "git config set advice.defaultBranchName false"
vNext fast suite	Check out repository	2026-09-12T04:40:13.8105828Z Initialized empty Git repository in /home/runner/work/SEC_metrics/SEC_metrics/.git/
vNext fast suite	Check out repository	2026-09-12T04:40:13.8113520Z [command]/usr/bin/git remote add origin https://github.com/wlvh/SEC_metrics
vNext fast suite	Check out repository	2026-09-12T04:40:13.8169741Z ##[endgroup]
vNext fast suite	Check out repository	2026-09-12T04:40:13.8171010Z ##[group]Disabling automatic garbage collection
vNext fast suite	Check out repository	2026-09-12T04:40:13.8176015Z [command]/usr/bin/git config --local gc.auto 0
vNext fast suite	Check out repository	2026-09-12T04:40:13.8229175Z ##[endgroup]
vNext fast suite	Check out repository	2026-09-12T04:40:13.8230953Z ##[group]Setting up auth
vNext fast suite	Check out repository	2026-09-12T04:40:13.8232263Z Removing SSH command configuration
vNext fast suite	Check out repository	2026-09-12T04:40:13.8233572Z [command]/usr/bin/git config --local --name-only --get-regexp core\.sshCommand
vNext fast suite	Check out repository	2026-09-12T04:40:13.8269298Z [command]/usr/bin/git submodule foreach --recursive sh -c "git config --local --name-only --get-regexp 'core\.sshCommand' && git config --local --unset-all 'core.sshCommand' || :"
vNext fast suite	Check out repository	2026-09-12T04:40:13.8647553Z Removing HTTP extra header
vNext fast suite	Check out repository	2026-09-12T04:40:13.8653988Z [command]/usr/bin/git config --local --name-only --get-regexp http\.https\:\/\/github\.com\/\.extraheader
vNext fast suite	Check out repository	2026-09-12T04:40:13.8691833Z [command]/usr/bin/git submodule foreach --recursive sh -c "git config --local --name-only --get-regexp 'http\.https\:\/\/github\.com\/\.extraheader' && git config --local --unset-all 'http.https://github.com/.extraheader' || :"
vNext fast suite	Check out repository	2026-09-12T04:40:13.8912887Z Removing includeIf entries pointing to credentials config files
vNext fast suite	Check out repository	2026-09-12T04:40:13.8920135Z [command]/usr/bin/git config --local --name-only --get-regexp ^includeIf\.gitdir:
vNext fast suite	Check out repository	2026-09-12T04:40:13.8958226Z [command]/usr/bin/git submodule foreach --recursive git config --local --show-origin --name-only --get-regexp remote.origin.url
vNext fast suite	Check out repository	2026-09-12T04:40:13.9199173Z [command]/usr/bin/git config --file /home/runner/work/_temp/git-credentials-36423ea6-f8a4-4cbb-bc4b-46dbb45bd6ba.config http.https://github.com/.extraheader AUTHORIZATION: basic ***
vNext fast suite	Check out repository	2026-09-12T04:40:13.9250697Z [command]/usr/bin/git config --local includeIf.gitdir:/home/runner/work/SEC_metrics/SEC_metrics/.git.path /home/runner/work/_temp/git-credentials-36423ea6-f8a4-4cbb-bc4b-46dbb45bd6ba.config
vNext fast suite	Check out repository	2026-09-12T04:40:13.9283748Z [command]/usr/bin/git config --local includeIf.gitdir:/home/runner/work/SEC_metrics/SEC_metrics/.git/worktrees/*.path /home/runner/work/_temp/git-credentials-36423ea6-f8a4-4cbb-bc4b-46dbb45bd6ba.config
vNext fast suite	Check out repository	2026-09-12T04:40:13.9319901Z [command]/usr/bin/git config --local includeIf.gitdir:/github/workspace/.git.path /github/runner_temp/git-credentials-36423ea6-f8a4-4cbb-bc4b-46dbb45bd6ba.config
vNext fast suite	Check out repository	2026-09-12T04:40:13.9355010Z [command]/usr/bin/git config --local includeIf.gitdir:/github/workspace/.git/worktrees/*.path /github/runner_temp/git-credentials-36423ea6-f8a4-4cbb-bc4b-46dbb45bd6ba.config
vNext fast suite	Check out repository	2026-09-12T04:40:13.9386590Z ##[endgroup]
vNext fast suite	Check out repository	2026-09-12T04:40:13.9388144Z ##[group]Fetching the repository
vNext fast suite	Check out repository	2026-09-12T04:40:13.9395208Z [command]/usr/bin/git -c protocol.version=2 fetch --no-tags --prune --no-recurse-submodules --depth=1 origin +ea2161a95b45c8f826c77445ae1f29dac395ef34:refs/remotes/pull/43/merge
vNext fast suite	Check out repository	2026-09-12T04:40:23.5982118Z From https://github.com/wlvh/SEC_metrics
vNext fast suite	Check out repository	2026-09-12T04:40:23.5984045Z  * [new ref]         ea2161a95b45c8f826c77445ae1f29dac395ef34 -> pull/43/merge
vNext fast suite	Check out repository	2026-09-12T04:40:23.5987975Z ##[endgroup]
vNext fast suite	Check out repository	2026-09-12T04:40:23.5989546Z ##[group]Determining the checkout info
vNext fast suite	Check out repository	2026-09-12T04:40:23.5991193Z ##[endgroup]
vNext fast suite	Check out repository	2026-09-12T04:40:23.5994760Z [command]/usr/bin/git sparse-checkout disable
vNext fast suite	Check out repository	2026-09-12T04:40:23.6051262Z [command]/usr/bin/git config --local --unset-all extensions.worktreeConfig
vNext fast suite	Check out repository	2026-09-12T04:40:23.6087268Z ##[group]Checking out the ref
vNext fast suite	Check out repository	2026-09-12T04:40:23.6091477Z [command]/usr/bin/git checkout --progress --force refs/remotes/pull/43/merge
vNext fast suite	Check out repository	2026-09-12T04:40:24.6650477Z Updating files:  59% (4236/7169)
vNext fast suite	Check out repository	2026-09-12T04:40:24.7134492Z Updating files:  60% (4302/7169)
vNext fast suite	Check out repository	2026-09-12T04:40:24.7858548Z Updating files:  61% (4374/7169)
vNext fast suite	Check out repository	2026-09-12T04:40:24.8104973Z Updating files:  62% (4445/7169)
vNext fast suite	Check out repository	2026-09-12T04:40:24.8332994Z Updating files:  63% (4517/7169)
vNext fast suite	Check out repository	2026-09-12T04:40:24.8479636Z Updating files:  64% (4589/7169)
vNext fast suite	Check out repository	2026-09-12T04:40:25.0667843Z Updating files:  65% (4660/7169)
vNext fast suite	Check out repository	2026-09-12T04:40:25.0697421Z Updating files:  66% (4732/7169)
vNext fast suite	Check out repository	2026-09-12T04:40:25.0837607Z Updating files:  67% (4804/7169)
vNext fast suite	Check out repository	2026-09-12T04:40:25.0927265Z Updating files:  68% (4875/7169)
vNext fast suite	Check out repository	2026-09-12T04:40:25.1025257Z Updating files:  69% (4947/7169)
vNext fast suite	Check out repository	2026-09-12T04:40:25.1156408Z Updating files:  70% (5019/7169)
vNext fast suite	Check out repository	2026-09-12T04:40:25.1233012Z Updating files:  71% (5090/7169)
vNext fast suite	Check out repository	2026-09-12T04:40:25.1391549Z Updating files:  72% (5162/7169)
vNext fast suite	Check out repository	2026-09-12T04:40:25.1536449Z Updating files:  73% (5234/7169)
vNext fast suite	Check out repository	2026-09-12T04:40:25.1641440Z Updating files:  74% (5306/7169)
vNext fast suite	Check out repository	2026-09-12T04:40:25.1723986Z Updating files:  75% (5377/7169)
vNext fast suite	Check out repository	2026-09-12T04:40:25.1898378Z Updating files:  76% (5449/7169)
vNext fast suite	Check out repository	2026-09-12T04:40:25.2183333Z Updating files:  77% (5521/7169)
vNext fast suite	Check out repository	2026-09-12T04:40:25.2574171Z Updating files:  78% (5592/7169)
vNext fast suite	Check out repository	2026-09-12T04:40:25.2679009Z Updating files:  79% (5664/7169)
vNext fast suite	Check out repository	2026-09-12T04:40:25.2778818Z Updating files:  80% (5736/7169)
vNext fast suite	Check out repository	2026-09-12T04:40:25.2986705Z Updating files:  81% (5807/7169)
vNext fast suite	Check out repository	2026-09-12T04:40:25.3153293Z Updating files:  82% (5879/7169)
vNext fast suite	Check out repository	2026-09-12T04:40:25.3321975Z Updating files:  83% (5951/7169)
vNext fast suite	Check out repository	2026-09-12T04:40:25.3383075Z Updating files:  84% (6022/7169)
vNext fast suite	Check out repository	2026-09-12T04:40:25.3426953Z Updating files:  85% (6094/7169)
vNext fast suite	Check out repository	2026-09-12T04:40:25.3485985Z Updating files:  86% (6166/7169)
vNext fast suite	Check out repository	2026-09-12T04:40:25.3527632Z Updating files:  87% (6238/7169)
vNext fast suite	Check out repository	2026-09-12T04:40:25.3694947Z Updating files:  88% (6309/7169)
vNext fast suite	Check out repository	2026-09-12T04:40:25.3893396Z Updating files:  89% (6381/7169)
vNext fast suite	Check out repository	2026-09-12T04:40:25.4077879Z Updating files:  90% (6453/7169)
vNext fast suite	Check out repository	2026-09-12T04:40:25.4130107Z Updating files:  91% (6524/7169)
vNext fast suite	Check out repository	2026-09-12T04:40:25.4260037Z Updating files:  92% (6596/7169)
vNext fast suite	Check out repository	2026-09-12T04:40:25.4322945Z Updating files:  93% (6668/7169)
vNext fast suite	Check out repository	2026-09-12T04:40:25.4451806Z Updating files:  94% (6739/7169)
vNext fast suite	Check out repository	2026-09-12T04:40:25.4555681Z Updating files:  95% (6811/7169)
vNext fast suite	Check out repository	2026-09-12T04:40:25.4636720Z Updating files:  96% (6883/7169)
vNext fast suite	Check out repository	2026-09-12T04:40:25.4737976Z Updating files:  97% (6954/7169)
vNext fast suite	Check out repository	2026-09-12T04:40:25.4808504Z Updating files:  98% (7026/7169)
vNext fast suite	Check out repository	2026-09-12T04:40:25.4874178Z Updating files:  99% (7098/7169)
vNext fast suite	Check out repository	2026-09-12T04:40:25.4875099Z Updating files: 100% (7169/7169)
vNext fast suite	Check out repository	2026-09-12T04:40:25.4875710Z Updating files: 100% (7169/7169), done.
vNext fast suite	Check out repository	2026-09-12T04:40:25.7384978Z Note: switching to 'refs/remotes/pull/43/merge'.
vNext fast suite	Check out repository	2026-09-12T04:40:25.7385645Z 
vNext fast suite	Check out repository	2026-09-12T04:40:25.7386570Z You are in 'detached HEAD' state. You can look around, make experimental
vNext fast suite	Check out repository	2026-09-12T04:40:25.7387882Z changes and commit them, and you can discard any commits you make in this
vNext fast suite	Check out repository	2026-09-12T04:40:25.7389059Z state without impacting any branches by switching back to a branch.
vNext fast suite	Check out repository	2026-09-12T04:40:25.7389685Z 
vNext fast suite	Check out repository	2026-09-12T04:40:25.7390266Z If you want to create a new branch to retain commits you create, you may
vNext fast suite	Check out repository	2026-09-12T04:40:25.7391343Z do so (now or later) by using -c with the switch command. Example:
vNext fast suite	Check out repository	2026-09-12T04:40:25.7391970Z 
vNext fast suite	Check out repository	2026-09-12T04:40:25.7392217Z   git switch -c <new-branch-name>
vNext fast suite	Check out repository	2026-09-12T04:40:25.7392767Z 
vNext fast suite	Check out repository	2026-09-12T04:40:25.7393098Z Or undo this operation with:
vNext fast suite	Check out repository	2026-09-12T04:40:25.7393572Z 
vNext fast suite	Check out repository	2026-09-12T04:40:25.7393785Z   git switch -
vNext fast suite	Check out repository	2026-09-12T04:40:25.7394221Z 
vNext fast suite	Check out repository	2026-09-12T04:40:25.7395467Z Turn off this advice by setting config variable advice.detachedHead to false
vNext fast suite	Check out repository	2026-09-12T04:40:25.7397262Z 
vNext fast suite	Check out repository	2026-09-12T04:40:25.7398079Z HEAD is now at ea2161a Merge ffeaed317f3350de954b6bc2a0f1f16de9fafe1e into 92fdd0e30c5f05db9d3d0136424934037dcff66e
vNext fast suite	Check out repository	2026-09-12T04:40:25.7459555Z ##[endgroup]
vNext fast suite	Check out repository	2026-09-12T04:40:25.7871432Z [command]/usr/bin/git log -1 --format=%H
vNext fast suite	Check out repository	2026-09-12T04:40:25.7903424Z ea2161a95b45c8f826c77445ae1f29dac395ef34
vNext fast suite	Check out repository	2026-09-12T04:40:25.7914625Z ##[group]Removing auth
vNext fast suite	Check out repository	2026-09-12T04:40:25.7915186Z Removing SSH command configuration
vNext fast suite	Check out repository	2026-09-12T04:40:25.7919526Z [command]/usr/bin/git config --local --name-only --get-regexp core\.sshCommand
vNext fast suite	Check out repository	2026-09-12T04:40:25.7978527Z [command]/usr/bin/git submodule foreach --recursive sh -c "git config --local --name-only --get-regexp 'core\.sshCommand' && git config --local --unset-all 'core.sshCommand' || :"
vNext fast suite	Check out repository	2026-09-12T04:40:25.8218603Z Removing HTTP extra header
vNext fast suite	Check out repository	2026-09-12T04:40:25.8222468Z [command]/usr/bin/git config --local --name-only --get-regexp http\.https\:\/\/github\.com\/\.extraheader
vNext fast suite	Check out repository	2026-09-12T04:40:25.8259055Z [command]/usr/bin/git submodule foreach --recursive sh -c "git config --local --name-only --get-regexp 'http\.https\:\/\/github\.com\/\.extraheader' && git config --local --unset-all 'http.https://github.com/.extraheader' || :"
vNext fast suite	Check out repository	2026-09-12T04:40:25.8506725Z Removing includeIf entries pointing to credentials config files
vNext fast suite	Check out repository	2026-09-12T04:40:25.8511221Z [command]/usr/bin/git config --local --name-only --get-regexp ^includeIf\.gitdir:
vNext fast suite	Check out repository	2026-09-12T04:40:25.8852487Z includeif.gitdir:/home/runner/work/SEC_metrics/SEC_metrics/.git.path
vNext fast suite	Check out repository	2026-09-12T04:40:25.8854958Z includeif.gitdir:/home/runner/work/SEC_metrics/SEC_metrics/.git/worktrees/*.path
vNext fast suite	Check out repository	2026-09-12T04:40:25.8858300Z includeif.gitdir:/github/workspace/.git.path
vNext fast suite	Check out repository	2026-09-12T04:40:25.8859366Z includeif.gitdir:/github/workspace/.git/worktrees/*.path
vNext fast suite	Check out repository	2026-09-12T04:40:25.8864437Z [command]/usr/bin/git config --local --get-all includeif.gitdir:/home/runner/work/SEC_metrics/SEC_metrics/.git.path
vNext fast suite	Check out repository	2026-09-12T04:40:25.8893946Z /home/runner/work/_temp/git-credentials-36423ea6-f8a4-4cbb-bc4b-46dbb45bd6ba.config
vNext fast suite	Check out repository	2026-09-12T04:40:25.8904832Z [command]/usr/bin/git config --local --unset includeif.gitdir:/home/runner/work/SEC_metrics/SEC_metrics/.git.path /home/runner/work/_temp/git-credentials-36423ea6-f8a4-4cbb-bc4b-46dbb45bd6ba.config
vNext fast suite	Check out repository	2026-09-12T04:40:25.9481347Z [command]/usr/bin/git config --local --get-all includeif.gitdir:/home/runner/work/SEC_metrics/SEC_metrics/.git/worktrees/*.path
vNext fast suite	Check out repository	2026-09-12T04:40:25.9511294Z /home/runner/work/_temp/git-credentials-36423ea6-f8a4-4cbb-bc4b-46dbb45bd6ba.config
vNext fast suite	Check out repository	2026-09-12T04:40:25.9522230Z [command]/usr/bin/git config --local --unset includeif.gitdir:/home/runner/work/SEC_metrics/SEC_metrics/.git/worktrees/*.path /home/runner/work/_temp/git-credentials-36423ea6-f8a4-4cbb-bc4b-46dbb45bd6ba.config
vNext fast suite	Check out repository	2026-09-12T04:40:25.9741314Z [command]/usr/bin/git config --local --get-all includeif.gitdir:/github/workspace/.git.path
vNext fast suite	Check out repository	2026-09-12T04:40:25.9770316Z /github/runner_temp/git-credentials-36423ea6-f8a4-4cbb-bc4b-46dbb45bd6ba.config
vNext fast suite	Check out repository	2026-09-12T04:40:25.9783591Z [command]/usr/bin/git config --local --unset includeif.gitdir:/github/workspace/.git.path /github/runner_temp/git-credentials-36423ea6-f8a4-4cbb-bc4b-46dbb45bd6ba.config
vNext fast suite	Check out repository	2026-09-12T04:40:25.9951128Z [command]/usr/bin/git config --local --get-all includeif.gitdir:/github/workspace/.git/worktrees/*.path
vNext fast suite	Check out repository	2026-09-12T04:40:25.9986459Z /github/runner_temp/git-credentials-36423ea6-f8a4-4cbb-bc4b-46dbb45bd6ba.config
vNext fast suite	Check out repository	2026-09-12T04:40:26.0002154Z [command]/usr/bin/git config --local --unset includeif.gitdir:/github/workspace/.git/worktrees/*.path /github/runner_temp/git-credentials-36423ea6-f8a4-4cbb-bc4b-46dbb45bd6ba.config
vNext fast suite	Check out repository	2026-09-12T04:40:26.0438937Z [command]/usr/bin/git submodule foreach --recursive git config --local --show-origin --name-only --get-regexp remote.origin.url
vNext fast suite	Check out repository	2026-09-12T04:40:26.0700911Z Removing credentials config '/home/runner/work/_temp/git-credentials-36423ea6-f8a4-4cbb-bc4b-46dbb45bd6ba.config'
vNext fast suite	Check out repository	2026-09-12T04:40:26.0710018Z ##[endgroup]
vNext fast suite	Set up Python 3.14	﻿2026-09-12T04:40:26.1049427Z ##[group]Run actions/setup-python@a309ff8b426b58ec0e2a45f0f869d46889d02405
vNext fast suite	Set up Python 3.14	2026-09-12T04:40:26.1050041Z with:
vNext fast suite	Set up Python 3.14	2026-09-12T04:40:26.1050244Z   python-version: 3.14
vNext fast suite	Set up Python 3.14	2026-09-12T04:40:26.1050473Z   check-latest: false
vNext fast suite	Set up Python 3.14	2026-09-12T04:40:26.1053356Z   token: ***
vNext fast suite	Set up Python 3.14	2026-09-12T04:40:26.1053572Z   update-environment: true
vNext fast suite	Set up Python 3.14	2026-09-12T04:40:26.1053816Z   allow-prereleases: false
vNext fast suite	Set up Python 3.14	2026-09-12T04:40:26.1054042Z   freethreaded: false
vNext fast suite	Set up Python 3.14	2026-09-12T04:40:26.1054251Z ##[endgroup]
vNext fast suite	Set up Python 3.14	2026-09-12T04:40:26.2350785Z ##[group]Installed versions
vNext fast suite	Set up Python 3.14	2026-09-12T04:40:26.3047345Z Successfully set up CPython (3.14.7)
vNext fast suite	Set up Python 3.14	2026-09-12T04:40:26.3048260Z ##[endgroup]
vNext fast suite	Run fast suite	﻿2026-09-12T04:40:26.3220118Z ##[group]Run python3 tools/run_fast_tests_v2.py --jobs 2
vNext fast suite	Run fast suite	2026-09-12T04:40:26.3220854Z [36;1mpython3 tools/run_fast_tests_v2.py --jobs 2[0m
vNext fast suite	Run fast suite	2026-09-12T04:40:26.3280787Z shell: /usr/bin/bash -e {0}
vNext fast suite	Run fast suite	2026-09-12T04:40:26.3281202Z env:
vNext fast suite	Run fast suite	2026-09-12T04:40:26.3281620Z   pythonLocation: /opt/hostedtoolcache/Python/3.14.7/x64
vNext fast suite	Run fast suite	2026-09-12T04:40:26.3282351Z   PKG_CONFIG_PATH: /opt/hostedtoolcache/Python/3.14.7/x64/lib/pkgconfig
vNext fast suite	Run fast suite	2026-09-12T04:40:26.3283089Z   Python_ROOT_DIR: /opt/hostedtoolcache/Python/3.14.7/x64
vNext fast suite	Run fast suite	2026-09-12T04:40:26.3283720Z   Python2_ROOT_DIR: /opt/hostedtoolcache/Python/3.14.7/x64
vNext fast suite	Run fast suite	2026-09-12T04:40:26.3284356Z   Python3_ROOT_DIR: /opt/hostedtoolcache/Python/3.14.7/x64
vNext fast suite	Run fast suite	2026-09-12T04:40:26.3285002Z   LD_LIBRARY_PATH: /opt/hostedtoolcache/Python/3.14.7/x64/lib
vNext fast suite	Run fast suite	2026-09-12T04:40:26.3285578Z   PYTHONDONTWRITEBYTECODE: 1
vNext fast suite	Run fast suite	2026-09-12T04:40:26.3285968Z ##[endgroup]
vNext fast suite	Run fast suite	2026-09-12T04:43:55.0447940Z {"duration_seconds": 207.736, "evidence_tier": "FAST_LOCAL_ONLY", "jobs": 2, "per_case_timeout_seconds": 30, "selector_generation": 2, "status": "PASSED", "suite": "fast", "tests": [{"duration_seconds": 1.139, "return_code": 0, "stderr_tail": "----------------------------------------------------------------------\nRan 1 test in 0.001s\n\nOK\n", "stdout_tail": "", "test": "tests.vnext.test_acceptance_runner.AcceptanceRunnerTest.test_r4_plan_uses_fast_runner_without_full_discovery"}, {"duration_seconds": 0.937, "return_code": 0, "stderr_tail": "----------------------------------------------------------------------\nRan 1 test in 0.013s\n\nOK\n", "stdout_tail": "", "test": "tests.vnext.test_ai_reader_contract.AiReaderContractTest.test_deepseek_chat_envelope_is_json_and_tool_free"}, {"duration_seconds": 1.136, "return_code": 0, "stderr_tail": "----------------------------------------------------------------------\nRan 4 tests in 0.002s\n\nOK\n", "stdout_tail": "", "test": "tests.vnext.test_annual_continuity.AnnualContinuationPermissionTest"}, {"duration_seconds": 4.889, "return_code": 0, "stderr_tail": "----------------------------------------------------------------------\nRan 14 tests in 3.733s\n\nOK\n", "stdout_tail": "SEC retry exhausted for https://data.sec.gov/submissions/CIK0001048286.json; status=500; error=HTTP Error 500: SIMULATED_HTTP_FAILURE\n", "test": "tests.vnext.test_annual_continuity.AnnualContinuityBoundaryTest"}, {"duration_seconds": 12.941, "return_code": 0, "stderr_tail": "----------------------------------------------------------------------\nRan 3 tests in 11.808s\n\nOK\n", "stdout_tail": "", "test": "tests.vnext.test_annual_continuity.AnnualModelConfigurationTest"}, {"duration_seconds": 12.235, "return_code": 0, "stderr_tail": "----------------------------------------------------------------------\nRan 1 test in 11.096s\n\nOK\n", "stdout_tail": "", "test": "tests.vnext.test_annual_group_prompt.AnnualGroupPromptTest.test_no_requirement_and_other_task_retain_original_prompt"}, {"duration_seconds": 12.223, "return_code": 0, "stderr_tail": "----------------------------------------------------------------------\nRan 1 test in 11.090s\n\nOK\n", "stdout_tail": "", "test": "tests.vnext.test_annual_group_prompt.AnnualGroupPromptTest.test_prompt_changes_only_instruction_and_its_task_identities"}, {"duration_seconds": 8.079, "return_code": 0, "stderr_tail": "----------------------------------------------------------------------\nRan 1 test in 6.947s\n\nOK\n", "stdout_tail": "", "test": "tests.vnext.test_annual_group_prompt.AnnualGroupPromptTest.test_prompt_file_tamper_is_rejected_without_rewriting_repository"}, {"duration_seconds": 1.148, "return_code": 0, "stderr_tail": "----------------------------------------------------------------------\nRan 1 test in 0.000s\n\nOK\n", "stdout_tail": "", "test": "tests.vnext.test_annual_group_prompt.AnnualGroupPromptTest.test_stage_three_counts_two_closed_attempts_before_new_slots"}, {"duration_seconds": 3.523, "return_code": 0, "stderr_tail": "----------------------------------------------------------------------\nRan 4 tests in 2.570s\n\nOK\n", "stdout_tail": "", "test": "tests.vnext.test_annual_publication"}, {"duration_seconds": 6.202, "return_code": 0, "stderr_tail": "----------------------------------------------------------------------\nRan 6 tests in 5.073s\n\nOK\n", "stdout_tail": "", "test": "tests.vnext.test_annual_publication_authority"}, {"duration_seconds": 5.39, "return_code": 0, "stderr_tail": "----------------------------------------------------------------------\nRan 1 test in 4.282s\n\nOK\n", "stdout_tail": "", "test": "tests.vnext.test_annual_repair.AnnualLabelRegressionTest.test_policy_selects_new_requirement_only"}, {"duration_seconds": 3.764, "return_code": 0, "stderr_tail": "----------------------------------------------------------------------\nRan 1 test in 2.691s\n\nOK\n", "stdout_tail": "", "test": "tests.vnext.test_annual_update.AnnualUpdateTest.test_candidate_leading_publication_survives_discovery_failure"}, {"duration_seconds": 3.749, "return_code": 0, "stderr_tail": "----------------------------------------------------------------------\nRan 1 test in 2.681s\n\nOK\n", "stdout_tail": "", "test": "tests.vnext.test_annual_update.AnnualUpdateTest.test_publication_progress_is_explicit_and_run_specific"}, {"duration_seconds": 2.022, "return_code": 0, "stderr_tail": "----------------------------------------------------------------------\nRan 7 tests in 0.125s\n\nOK\n", "stdout_tail": "", "test": "tests.vnext.test_b06_guarded_result_v3.B06GuardSourceTest"}, {"duration_seconds": 5.414, "return_code": 0, "stderr_tail": "----------------------------------------------------------------------\nRan 1 test in 4.315s\n\nOK\n", "stdout_tail": "", "test": "tests.vnext.test_b06_new_source.B06NewSourceTest.test_added_balance_sheet_financing_row_cannot_inherit_coverage"}, {"duration_seconds": 3.606, "return_code": 0, "stderr_tail": "----------------------------------------------------------------------\nRan 1 test in 2.520s\n\nOK\n", "stdout_tail": "", "test": "tests.vnext.test_b06_new_source.B06NewSourceTest.test_approval_fields_and_duplicate_formula_not_part_of_proposal"}, {"duration_seconds": 8.98, "return_code": 0, "stderr_tail": "----------------------------------------------------------------------\nRan 1 test in 7.885s\n\nOK\n", "stdout_tail": "", "test": "tests.vnext.test_b06_new_source.B06NewSourceTest.test_asset_payment_wrong_year_and_entity_do_not_become_liability"}, {"duration_seconds": 5.396, "return_code": 0, "stderr_tail": "----------------------------------------------------------------------\nRan 1 test in 4.316s\n\nOK\n", "stdout_tail": "", "test": "tests.vnext.test_b06_new_source.B06NewSourceTest.test_custom_outside_calculation_allowlist_cannot_disappear"}, {"duration_seconds": 8.838, "return_code": 0, "stderr_tail": "----------------------------------------------------------------------\nRan 1 test in 7.737s\n\nOK\n", "stdout_tail": "", "test": "tests.vnext.test_b06_new_source.B06NewSourceTest.test_custom_tax_loan_and_credit_facility_remain_unresolved"}, {"duration_seconds": 13.886, "return_code": 0, "stderr_tail": "----------------------------------------------------------------------\nRan 1 test in 12.797s\n\nOK\n", "stdout_tail": "", "test": "tests.vnext.test_b06_new_source.B06NewSourceTest.test_development_modes_rebuild_real_source_relations"}, {"duration_seconds": 9.654, "return_code": 0, "stderr_tail": "----------------------------------------------------------------------\nRan 1 test in 8.547s\n\nOK\n", "stdout_tail": "", "test": "tests.vnext.test_b06_new_source.B06NewSourceTest.test_dynamic_amounts_are_reread_with_new_test_identity"}, {"duration_seconds": 2.196, "return_code": 0, "stderr_tail": "----------------------------------------------------------------------\nRan 1 test in 1.096s\n\nOK\n", "stdout_tail": "", "test": "tests.vnext.test_b06_new_source.B06NewSourceTest.test_forged_matching_ledger_has_no_admission"}, {"duration_seconds": 5.335, "return_code": 0, "stderr_tail": "----------------------------------------------------------------------\nRan 1 test in 4.234s\n\nOK\n", "stdout_tail": "", "test": "tests.vnext.test_b06_new_source.B06NewSourceTest.test_missing_primary_or_note_is_not_zero"}, {"duration_seconds": 5.382, "return_code": 0, "stderr_tail": "----------------------------------------------------------------------\nRan 1 test in 4.289s\n\nOK\n", "stdout_tail": "", "test": "tests.vnext.test_b06_new_source.B06NewSourceTest.test_primary_only_sign_conflict_is_not_whitespace"}, {"duration_seconds": 10.021, "return_code": 0, "stderr_tail": "----------------------------------------------------------------------\nRan 1 test in 8.916s\n\nOK\n", "stdout_tail": "", "test": "tests.vnext.test_b06_new_source.B06NewSourceTest.test_reverse_subject_exclusion_and_inclusion_are_conflicts"}, {"duration_seconds": 5.794, "return_code": 0, "stderr_tail": "----------------------------------------------------------------------\nRan 1 test in 4.680s\n\nOK\n", "stdout_tail": "", "test": "tests.vnext.test_b06_new_source.B06NewSourceTest.test_same_arithmetic_but_explicit_lease_exclusion_rejects_at_relation"}, {"duration_seconds": 8.504, "return_code": 0, "stderr_tail": "----------------------------------------------------------------------\nRan 1 test in 7.398s\n\nOK\n", "stdout_tail": "", "test": "tests.vnext.test_b06_new_source.B06NewSourceTest.test_selected_model_cannot_grant_inclusion_or_nonoverlap"}, {"duration_seconds": 1.223, "return_code": 0, "stderr_tail": "----------------------------------------------------------------------\nRan 1 test in 0.000s\n\nOK\n", "stdout_tail": "", "test": "tests.vnext.test_cutover_qualification.CutoverQualificationTest.test_layout_terminal_requires_approval_publish_and_validation"}, {"duration_seconds": 0.726, "return_code": 0, "stderr_tail": "----------------------------------------------------------------------\nRan 1 test in 0.009s\n\nOK\n", "stdout_tail": "", "test": "tests.vnext.test_deterministic_router.DeterministicRouterTest.test_e01_matched_event_key_set_has_exact_legacy_parity"}, {"duration_seconds": 0.646, "return_code": 0, "stderr_tail": "----------------------------------------------------------------------\nRan 14 tests in 0.238s\n\nOK\n", "stdout_tail": "", "test": "tests.vnext.test_governance_compensation_table"}, {"duration_seconds": 0.65, "return_code": 0, "stderr_tail": "----------------------------------------------------------------------\nRan 22 tests in 0.262s\n\nOK\n", "stdout_tail": "", "test": "tests.vnext.test_governance_signals"}, {"duration_seconds": 10.211, "return_code": 0, "stderr_tail": "----------------------------------------------------------------------\nRan 25 tests in 9.070s\n\nOK\n", "stdout_tail": "", "test": "tests.vnext.test_invocation_control"}, {"duration_seconds": 1.557, "return_code": 0, "stderr_tail": "----------------------------------------------------------------------\nRan 1 test in 0.705s\n\nOK\n", "stdout_tail": "", "test": "tests.vnext.test_issue15_authority.Issue15AuthorityTest.test_reusable_producer_scopes_match_exact_base_call_graph"}, {"duration_seconds": 1.547, "return_code": 0, "stderr_tail": "----------------------------------------------------------------------\nRan 1 test in 0.579s\n\nOK\n", "stdout_tail": "", "test": "tests.vnext.test_issue28_requirement_transition.Issue28RequirementTransitionFastTest.test_profile_snapshot_loads_with_historical_parent_fast_smoke"}, {"duration_seconds": 1.209, "return_code": 0, "stderr_tail": "----------------------------------------------------------------------\nRan 1 test in 0.570s\n\nOK\n", "stdout_tail": "", "test": "tests.vnext.test_issue28_v2.Issue28V2FastTest.test_real_five_file_revision_has_exact_parent_and_no_activation"}, {"duration_seconds": 0.667, "return_code": 0, "stderr_tail": "----------------------------------------------------------------------\nRan 1 test in 0.001s\n\nOK\n", "stdout_tail": "", "test": "tests.vnext.test_legacy_projector.LegacyProjectorTest.test_legacy_inventory_binds_frozen_commit_and_source_blobs"}, {"duration_seconds": 2.007, "return_code": 0, "stderr_tail": "----------------------------------------------------------------------\nRan 11 tests in 1.170s\n\nOK\n", "stdout_tail": "", "test": "tests.vnext.test_live_scoped_reader.LiveScopedEnvelopeTest"}, {"duration_seconds": 1.1, "return_code": 0, "stderr_tail": "----------------------------------------------------------------------\nRan 1 test in 0.007s\n\nOK\n", "stdout_tail": "", "test": "tests.vnext.test_normal_annual_input.NormalAnnualInputTest.test_ambiguous_columns_dates_and_relevant_shards_are_not_no_change"}, {"duration_seconds": 4.885, "return_code": 0, "stderr_tail": "----------------------------------------------------------------------\nRan 1 test in 3.798s\n\nOK\n", "stdout_tail": "", "test": "tests.vnext.test_normal_annual_input.NormalAnnualInputTest.test_amendment_keeps_original_and_does_not_claim_current_success"}, {"duration_seconds": 19.413, "return_code": 0, "stderr_tail": "----------------------------------------------------------------------\nRan 1 test in 18.332s\n\nOK\n", "stdout_tail": "", "test": "tests.vnext.test_normal_annual_input.NormalAnnualInputTest.test_invalid_source_fiscal_label_and_cik_are_integrity_failures"}, {"duration_seconds": 1.087, "return_code": 0, "stderr_tail": "----------------------------------------------------------------------\nRan 1 test in 0.003s\n\nOK\n", "stdout_tail": "", "test": "tests.vnext.test_normal_annual_input.NormalAnnualInputTest.test_later_source_failure_is_not_relabelled_as_old_success"}, {"duration_seconds": 1.078, "return_code": 0, "stderr_tail": "----------------------------------------------------------------------\nRan 1 test in 0.002s\n\nOK\n", "stdout_tail": "", "test": "tests.vnext.test_normal_annual_input.NormalAnnualInputTest.test_latest_period_cannot_fall_back_when_only_amendment_is_present"}, {"duration_seconds": 2.514, "return_code": 0, "stderr_tail": "----------------------------------------------------------------------\nRan 1 test in 1.428s\n\nOK\n", "stdout_tail": "", "test": "tests.vnext.test_normal_annual_input.NormalAnnualInputTest.test_period_rechecks_entity_and_does_not_promote_quarter_to_year"}, {"duration_seconds": 3.97, "return_code": 0, "stderr_tail": "----------------------------------------------------------------------\nRan 1 test in 2.872s\n\nOK\n", "stdout_tail": "", "test": "tests.vnext.test_normal_annual_input.NormalAnnualInputTest.test_registry_company_00"}, {"duration_seconds": 4.89, "return_code": 0, "stderr_tail": "----------------------------------------------------------------------\nRan 1 test in 3.804s\n\nOK\n", "stdout_tail": "", "test": "tests.vnext.test_normal_annual_input.NormalAnnualInputTest.test_registry_company_01"}, {"duration_seconds": 7.115, "return_code": 0, "stderr_tail": "----------------------------------------------------------------------\nRan 1 test in 6.038s\n\nOK\n", "stdout_tail": "", "test": "tests.vnext.test_normal_annual_input.NormalAnnualInputTest.test_registry_company_02"}, {"duration_seconds": 7.483, "return_code": 0, "stderr_tail": "----------------------------------------------------------------------\nRan 1 test in 6.403s\n\nOK\n", "stdout_tail": "", "test": "tests.vnext.test_normal_annual_input.NormalAnnualInputTest.test_registry_company_03"}, {"duration_seconds": 16.402, "return_code": 0, "stderr_tail": "----------------------------------------------------------------------\nRan 1 test in 15.310s\n\nOK\n", "stdout_tail": "", "test": "tests.vnext.test_normal_annual_input.NormalAnnualInputTest.test_registry_company_04"}, {"duration_seconds": 4.757, "return_code": 0, "stderr_tail": "----------------------------------------------------------------------\nRan 1 test in 3.683s\n\nOK\n", "stdout_tail": "", "test": "tests.vnext.test_normal_annual_input.NormalAnnualInputTest.test_registry_company_05"}, {"duration_seconds": 5.798, "return_code": 0, "stderr_tail": "----------------------------------------------------------------------\nRan 1 test in 4.709s\n\nOK\n", "stdout_tail": "", "test": "tests.vnext.test_normal_annual_input.NormalAnnualInputTest.test_registry_company_06"}, {"duration_seconds": 4.28, "return_code": 0, "stderr_tail": "----------------------------------------------------------------------\nRan 1 test in 3.198s\n\nOK\n", "stdout_tail": "", "test": "tests.vnext.test_normal_annual_input.NormalAnnualInputTest.test_registry_company_07"}, {"duration_seconds": 6.064, "return_code": 0, "stderr_tail": "----------------------------------------------------------------------\nRan 1 test in 4.980s\n\nOK\n", "stdout_tail": "", "test": "tests.vnext.test_normal_annual_input.NormalAnnualInputTest.test_registry_company_08"}, {"duration_seconds": 4.827, "return_code": 0, "stderr_tail": "----------------------------------------------------------------------\nRan 1 test in 3.747s\n\nOK\n", "stdout_tail": "", "test": "tests.vnext.test_normal_annual_input.NormalAnnualInputTest.test_registry_company_09"}, {"duration_seconds": 7.927, "return_code": 0, "stderr_tail": "----------------------------------------------------------------------\nRan 1 test in 6.835s\n\nOK\n", "stdout_tail": "", "test": "tests.vnext.test_normal_annual_input.NormalAnnualInputTest.test_saved_noncalendar_inputs_use_dei_fiscal_label"}, {"duration_seconds": 4.829, "return_code": 0, "stderr_tail": "----------------------------------------------------------------------\nRan 1 test in 3.740s\n\nOK\n", "stdout_tail": "", "test": "tests.vnext.test_normal_annual_input.NormalAnnualInputTest.test_unknown_subject_policy_isolated_without_using_predecessor"}, {"duration_seconds": 3.618, "return_code": 0, "stderr_tail": "----------------------------------------------------------------------\nRan 2 tests in 3.278s\n\nOK\n", "stdout_tail": "", "test": "tests.vnext.test_normal_candidate_authority"}, {"duration_seconds": 1.029, "return_code": 0, "stderr_tail": "----------------------------------------------------------------------\nRan 2 tests in 0.035s\n\nOK\n", "stdout_tail": "", "test": "tests.vnext.test_normal_candidate_semantics"}, {"duration_seconds": 1.154, "return_code": 0, "stderr_tail": "----------------------------------------------------------------------\nRan 2 tests in 0.019s\n\nOK\n", "stdout_tail": "", "test": "tests.vnext.test_normal_governance_input.AuditorV2InputTest"}, {"duration_seconds": 1.261, "return_code": 0, "stderr_tail": "----------------------------------------------------------------------\nRan 1 test in 0.171s\n\nOK\n", "stdout_tail": "", "test": "tests.vnext.test_normal_governance_input.NormalGovernanceBoundaryTest.test_actual_legacy_attempt_is_pinned_without_inventing_id"}, {"duration_seconds": 1.123, "return_code": 0, "stderr_tail": "----------------------------------------------------------------------\nRan 1 test in 0.002s\n\nOK\n", "stdout_tail": "", "test": "tests.vnext.test_normal_governance_input.NormalGovernanceBoundaryTest.test_imported_registry_cannot_relabel_a_different_subject"}, {"duration_seconds": 1.137, "return_code": 0, "stderr_tail": "----------------------------------------------------------------------\nRan 1 test in 0.020s\n\nOK\n", "stdout_tail": "", "test": "tests.vnext.test_normal_governance_input.NormalGovernanceBoundaryTest.test_later_failed_get_never_falls_back_to_success"}, {"duration_seconds": 3.835, "return_code": 0, "stderr_tail": "----------------------------------------------------------------------\nRan 1 test in 2.727s\n\nOK\n", "stdout_tail": "", "test": "tests.vnext.test_normal_governance_input.NormalGovernanceBoundaryTest.test_preparation_reads_original_proofs_without_derived_inventories"}, {"duration_seconds": 1.107, "return_code": 0, "stderr_tail": "----------------------------------------------------------------------\nRan 8 tests in 0.002s\n\nOK\n", "stdout_tail": "", "test": "tests.vnext.test_normal_governance_input.NormalGovernanceMetadataTest"}, {"duration_seconds": 0.919, "return_code": 0, "stderr_tail": "----------------------------------------------------------------------\nRan 4 tests in 0.006s\n\nOK\n", "stdout_tail": "", "test": "tests.vnext.test_normal_run_authority"}, {"duration_seconds": 2.219, "return_code": 0, "stderr_tail": "----------------------------------------------------------------------\nRan 1 test in 1.266s\n\nOK\n", "stdout_tail": "", "test": "tests.vnext.test_normal_source_authority"}, {"duration_seconds": 10.088, "return_code": 0, "stderr_tail": "----------------------------------------------------------------------\nRan 11 tests in 8.723s\n\nOK\n", "stdout_tail": "", "test": "tests.vnext.test_normal_text_input_v2"}, {"duration_seconds": 1.574, "return_code": 0, "stderr_tail": "----------------------------------------------------------------------\nRan 1 test in 0.213s\n\nOK\n", "stdout_tail": "", "test": "tests.vnext.test_offline_execution_session.OfflineExecutionSessionTest.test_unknown_is_terminal_and_cannot_be_retried"}, {"duration_seconds": 1.273, "return_code": 0, "stderr_tail": "----------------------------------------------------------------------\nRan 6 tests in 0.526s\n\nOK\n", "stdout_tail": "", "test": "tests.vnext.test_r4_live_authority.R4ExecutionPrefixTest"}, {"duration_seconds": 1.213, "return_code": 0, "stderr_tail": "----------------------------------------------------------------------\nRan 10 tests in 0.467s\n\nOK\n", "stdout_tail": "", "test": "tests.vnext.test_r4_live_authority.R4LiveAuthorityShapeTest"}, {"duration_seconds": 0.9, "return_code": 0, "stderr_tail": "----------------------------------------------------------------------\nRan 5 tests in 0.168s\n\nOK\n", "stdout_tail": "", "test": "tests.vnext.test_r4_live_plan.R4DraftPlanRiskTest"}, {"duration_seconds": 0.727, "return_code": 0, "stderr_tail": "----------------------------------------------------------------------\nRan 1 test in 0.030s\n\nOK\n", "stdout_tail": "", "test": "tests.vnext.test_r4_projection.R4ProjectionBoundaryTest.test_complete_grid_rejects_missing_duplicate_extra_and_false_applicability"}, {"duration_seconds": 1.398, "return_code": 0, "stderr_tail": "----------------------------------------------------------------------\nRan 8 tests in 0.554s\n\nOK\n", "stdout_tail": "", "test": "tests.vnext.test_r4_publication_boundaries"}, {"duration_seconds": 0.888, "return_code": 0, "stderr_tail": "----------------------------------------------------------------------\nRan 3 tests in 0.018s\n\nOK\n", "stdout_tail": "", "test": "tests.vnext.test_r4_release_gate.R4ReleaseAggregateGateTest"}, {"duration_seconds": 0.792, "return_code": 0, "stderr_tail": "----------------------------------------------------------------------\nRan 9 tests in 0.020s\n\nOK\n", "stdout_tail": "", "test": "tests.vnext.test_r5_b06.B06PrimaryTest"}, {"duration_seconds": 4.84, "return_code": 0, "stderr_tail": "----------------------------------------------------------------------\nRan 10 tests in 4.429s\n\nOK\n", "stdout_tail": "", "test": "tests.vnext.test_r5_b06_followup"}, {"duration_seconds": 14.138, "return_code": 0, "stderr_tail": "----------------------------------------------------------------------\nRan 11 tests in 13.543s\n\nOK\n", "stdout_tail": "", "test": "tests.vnext.test_r5_b06_scope"}, {"duration_seconds": 0.749, "return_code": 0, "stderr_tail": "----------------------------------------------------------------------\nRan 23 tests in 0.344s\n\nOK\n", "stdout_tail": "", "test": "tests.vnext.test_regulatory_investigation_candidates"}, {"duration_seconds": 1.503, "return_code": 0, "stderr_tail": "----------------------------------------------------------------------\nRan 1 test in 0.667s\n\nOK\n", "stdout_tail": "", "test": "tests.vnext.test_replay.ReplayTest.test_validate_and_freeze_replays_run_before_pass"}, {"duration_seconds": 0.384, "return_code": 0, "stderr_tail": "----------------------------------------------------------------------\nRan 1 test in 0.042s\n\nOK\n", "stdout_tail": "", "test": "tests.vnext.test_review_binding.ReviewBindingTest.test_optional_system_decision_is_auditable"}, {"duration_seconds": 1.733, "return_code": 0, "stderr_tail": "----------------------------------------------------------------------\nRan 1 test in 0.505s\n\nOK\n", "stdout_tail": "", "test": "tests.vnext.test_scoped_reader.ScopedReaderTest.test_all_four_zero_call_classes_cannot_prepare_requests"}, {"duration_seconds": 1.692, "return_code": 0, "stderr_tail": "----------------------------------------------------------------------\nRan 1 test in 0.483s\n\nOK\n", "stdout_tail": "", "test": "tests.vnext.test_source_scope.SourceScopeTest.test_complete_native_candidate_and_evidence_are_bound"}, {"duration_seconds": 1.837, "return_code": 0, "stderr_tail": "----------------------------------------------------------------------\nRan 1 test in 0.872s\n\nOK\n", "stdout_tail": "", "test": "tests.vnext.test_source_strategy_registry.SourceStrategyRegistryTest.test_registry_covers_exact_39_without_migration_state"}, {"duration_seconds": 0.607, "return_code": 0, "stderr_tail": "----------------------------------------------------------------------\nRan 1 test in 0.002s\n\nOK\n", "stdout_tail": "", "test": "tests.vnext.test_stage_c_context_packet.StageCContextPacketFastTest.test_current_packet_persists_no_credit_and_zero_current_egress"}, {"duration_seconds": 0.606, "return_code": 0, "stderr_tail": "----------------------------------------------------------------------\nRan 1 test in 0.002s\n\nOK\n", "stdout_tail": "", "test": "tests.vnext.test_stage_c_context_packet.StageCContextPacketFastTest.test_current_packet_persists_sibling_and_financial_blockers"}, {"duration_seconds": 0.624, "return_code": 0, "stderr_tail": "----------------------------------------------------------------------\nRan 1 test in 0.001s\n\nOK\n", "stdout_tail": "", "test": "tests.vnext.test_stage_c_context_packet.StageCContextPacketFastTest.test_historical_stage_c_b_packet_remains_content_addressed"}, {"duration_seconds": 2.481, "return_code": 0, "stderr_tail": "----------------------------------------------------------------------\nRan 7 tests in 1.276s\n\nOK\n", "stdout_tail": "", "test": "tests.vnext.test_successor_invocation_control"}, {"duration_seconds": 5.835, "return_code": 0, "stderr_tail": "----------------------------------------------------------------------\nRan 1 test in 4.968s\n\nOK\n", "stdout_tail": "", "test": "tests.vnext.test_table_context_attestation.TableContextAttestationTest.test_historical_occupancy_request_has_no_current_credit"}, {"duration_seconds": 10.108, "return_code": 0, "stderr_tail": "----------------------------------------------------------------------\nRan 1 test in 9.292s\n\nOK\n", "stdout_tail": "", "test": "tests.vnext.test_table_context_attestation.TableContextAttestationTest.test_historical_revpar_request_has_no_current_credit"}, {"duration_seconds": 1.277, "return_code": 0, "stderr_tail": "----------------------------------------------------------------------\nRan 1 test in 0.433s\n\nOK\n", "stdout_tail": "", "test": "tests.vnext.test_table_context_measurement.TableContextMeasurementTerminalTest.test_revpar_terminal_is_consumed_exact_and_non_credit"}, {"duration_seconds": 20.424, "return_code": 0, "stderr_tail": "----------------------------------------------------------------------\nRan 1 test in 19.294s\n\nOK\n", "stdout_tail": "", "test": "tests.vnext.test_table_context_qualification_guard.TableContextQualificationGuardTest.test_missing_or_excess_usage_is_terminal_and_skips_ordinal_two"}, {"duration_seconds": 0.62, "return_code": 0, "stderr_tail": "----------------------------------------------------------------------\nRan 1 test in 0.001s\n\nOK\n", "stdout_tail": "", "test": "tests.vnext.test_table_stage_c_a_packet.TableStageCAPacketTest.test_packet_sections_preserve_stage_c_a_claim_boundaries"}, {"duration_seconds": 0.412, "return_code": 0, "stderr_tail": "----------------------------------------------------------------------\nRan 3 tests in 0.065s\n\nOK\n", "stdout_tail": "", "test": "tests.vnext.test_table_stage_c_financial_materialization"}, {"duration_seconds": 0.454, "return_code": 0, "stderr_tail": "----------------------------------------------------------------------\nRan 13 tests in 0.061s\n\nOK\n", "stdout_tail": "", "test": "tests.vnext.test_text_coverage"}, {"duration_seconds": 0.996, "return_code": 0, "stderr_tail": "----------------------------------------------------------------------\nRan 1 test in 0.034s\n\nOK\n", "stdout_tail": "", "test": "tests.vnext.test_zero_ai_release.ZeroAiReleaseFastTest.test_r2_predecessor_bundle_fast_smoke"}]}
vNext fast suite	Post Set up Python 3.14	﻿2026-09-12T04:43:55.0649190Z Post job cleanup.
vNext fast suite	Post Check out repository	﻿2026-09-12T04:43:55.2044260Z Post job cleanup.
vNext fast suite	Post Check out repository	2026-09-12T04:43:55.2946930Z [command]/usr/bin/git version
vNext fast suite	Post Check out repository	2026-09-12T04:43:55.2997282Z git version 2.55.0
vNext fast suite	Post Check out repository	2026-09-12T04:43:55.3038191Z Temporarily overriding HOME='/home/runner/work/_temp/1f146e04-5db4-41eb-8b63-1ec526da9404' before making global git config changes
vNext fast suite	Post Check out repository	2026-09-12T04:43:55.3039514Z Adding repository directory to the temporary git global config as a safe directory
vNext fast suite	Post Check out repository	2026-09-12T04:43:55.3070615Z [command]/usr/bin/git config --global --add safe.directory /home/runner/work/SEC_metrics/SEC_metrics
vNext fast suite	Post Check out repository	2026-09-12T04:43:55.3091818Z Removing SSH command configuration
vNext fast suite	Post Check out repository	2026-09-12T04:43:55.3094921Z [command]/usr/bin/git config --local --name-only --get-regexp core\.sshCommand
vNext fast suite	Post Check out repository	2026-09-12T04:43:55.3134823Z [command]/usr/bin/git submodule foreach --recursive sh -c "git config --local --name-only --get-regexp 'core\.sshCommand' && git config --local --unset-all 'core.sshCommand' || :"
vNext fast suite	Post Check out repository	2026-09-12T04:43:55.3423717Z Removing HTTP extra header
vNext fast suite	Post Check out repository	2026-09-12T04:43:55.3431277Z [command]/usr/bin/git config --local --name-only --get-regexp http\.https\:\/\/github\.com\/\.extraheader
vNext fast suite	Post Check out repository	2026-09-12T04:43:55.3470811Z [command]/usr/bin/git submodule foreach --recursive sh -c "git config --local --name-only --get-regexp 'http\.https\:\/\/github\.com\/\.extraheader' && git config --local --unset-all 'http.https://github.com/.extraheader' || :"
vNext fast suite	Post Check out repository	2026-09-12T04:43:55.3745917Z Removing includeIf entries pointing to credentials config files
vNext fast suite	Post Check out repository	2026-09-12T04:43:55.3757208Z [command]/usr/bin/git config --local --name-only --get-regexp ^includeIf\.gitdir:
vNext fast suite	Post Check out repository	2026-09-12T04:43:55.3804598Z [command]/usr/bin/git submodule foreach --recursive git config --local --show-origin --name-only --get-regexp remote.origin.url
vNext fast suite	Complete job	﻿2026-09-12T04:43:55.4220168Z Cleaning up orphan processes
