{
  "status": "TEMPLATES_ONLY_NO_AUTHORITY",
  "plan_id": "sha256:6b6c9d2a552fe39392ecf1c72afb0b9b6fe36a61b1a1fd406106b115cc7f0339",
  "requirement_transition": {
    "decision": "APPROVE_REQUIREMENT_TRANSITION",
    "exact_head": "8ca50dd7342e5132e888abe58620c38a8cd994be",
    "requirement_id": "issue_28_v7",
    "requirement_closure_hash": "sha256:83bd7bb783da24b500e31aa27f1e2ceac2767d2af5bd76dca347733b96b75671",
    "scope": "TRANSITION_ONLY",
    "provider_paid_sec_authorized": false
  },
  "publication_decision": {
    "decision": "AUTHORIZE_CANDIDATE_SPECIFIC_PUBLICATION",
    "plan_id": "sha256:6b6c9d2a552fe39392ecf1c72afb0b9b6fe36a61b1a1fd406106b115cc7f0339",
    "requirement_id": "issue_28_v7",
    "requirement_closure_hash": "sha256:83bd7bb783da24b500e31aa27f1e2ceac2767d2af5bd76dca347733b96b75671",
    "policy_id": "annual_candidate_adoption_v2",
    "policy_hash": "sha256:159044d6584ec288e25841e8e5a458d83ceb6d738a787178973390aee354540f",
    "exact_head": "8ca50dd7342e5132e888abe58620c38a8cd994be",
    "environment": "PRODUCTION",
    "new_provider_paid_sec_calls": [
      0,
      0,
      0
    ]
  }
}
