{
  "base_commit": "3d6030b1bc5e1e7b22833a0101fbeb8f88341498",
  "company_id": "marriott_international",
  "period": {
    "fiscal_year": 2025,
    "period_start": "2025-01-01",
    "period_end": "2025-12-31"
  },
  "claims_same": true,
  "manifests_same": true,
  "filings_same": true,
  "request_proofs_same": true,
  "event_filing_count": 10,
  "claim_count": 20,
  "proof_count": 21,
  "independently_read_item_502_accessions": [
    "0001193125-25-009110",
    "0001193125-25-118861",
    "0001193125-25-158742"
  ],
  "original_preparation_and_walk_seconds": 1.049648833926767,
  "selected_walk_and_proof_seconds": 0.9437914590816945,
  "no_catalog_or_program_in_source": true,
  "request_ledger_unchanged": true,
  "source_root_kind": "ISOLATED_COPY_OF_SELECTED_SAVED_ORIGINALS",
  "new_calls": {
    "provider": 0,
    "paid": 0,
    "sec": 0
  },
  "native_run_status": "NOT_CREATED"
}
