{
  "start_utc": "2026-10-04 12:48:15 UTC",
  "end_utc": "2026-10-04 12:55:29 UTC",
  "verdict": "PASS",
  "patch_sha": "26ad04fbbc84f3316b927f349955e6a365d22c5c",
  "baseline_sha": "058c80b198cde14a05077c9e448048f895a117c8",
  "branch": "task/b06-new-source",
  "head_at_completion": "26ad04fbbc84f3316b927f349955e6a365d22c5c",
  "tool_count": 26,
  "tool_count_method": "10 functions.exec wrappers + 16 nested tool calls; no spawn, no extra tool calls after this writer",
  "ordinary_messages": 2,
  "ordinary_message_method": "opening + final; no problem question or routine progress",
  "business_calls": [
    0,
    0,
    0
  ],
  "runtime_measurement_repeated": false,
  "real_packet_replay_count": 1,
  "finite_synthetic_checks": 15,
  "unit_tests": 4,
  "initial_unrelated_dirty_path": "docs/evidence/issue28_continuous/execution-state.json",
  "final_git_status_before_conclusion_write": " M docs/evidence/issue28_continuous/execution-state.json\n?? docs/evidence/issue28_continuous/d03-logical-continuation-preflight-20261004/independent-review/\n",
  "mandatory_issue_28_read": "gh issue view 28 --repo wlvh/SEC_metrics --json body; read only",
  "memory_quick_pass": "MEMORY.md registry search only; no previous D03 answer, semantic review or rollout read; substantive verdict derived from pinned files and bounded checks",
  "pinned_file_proof": [
    {
      "path": "docs/evidence/issue28_continuous/d03-logical-continuation-preflight-20261004/logical_source.py",
      "sha256": "b339c74a5d9cd11c574ddd87803b5368d1496c447e6ae8073559c487c14f9cb0",
      "pinned_equal": true
    },
    {
      "path": "docs/evidence/issue28_continuous/d03-logical-continuation-preflight-20261004/test_logical_source.py",
      "sha256": "240865bd4fa1928e328e9463ce2a5f3da392a86ad7115c34b66037e15a6691c9",
      "pinned_equal": true
    },
    {
      "path": "docs/evidence/issue28_continuous/d03-logical-continuation-preflight-20261004/measure_preflight.py",
      "sha256": "1dfe1a7336823230c7ec2d60ea0981f63ff934f55a3621575868ef01ce40adf7",
      "pinned_equal": true
    },
    {
      "path": "docs/evidence/issue28_continuous/d03-logical-continuation-preflight-20261004/actual-preflight.json",
      "sha256": "13e3a843da120bd894b37d80da23db7f7da048227dc5ec36c06bacccd63f5105",
      "pinned_equal": true
    },
    {
      "path": "docs/evidence/issue28_continuous/d03-logical-continuation-preflight-20261004/README.md",
      "sha256": "93f78864433a651dbfe0ca210b2125cd61433890a90ae2a6818d80b05c29ab07",
      "pinned_equal": true
    },
    {
      "path": "scripts/vnext/d03_context_requests.py",
      "sha256": "38feef0857c92fa1ba3d7ee7b7bf94017cf4fc7a6c9ac64951659e925a1d8654",
      "pinned_equal": true,
      "unchanged_from_baseline": true
    },
    {
      "path": "tests/vnext/test_d03_context_requests.py",
      "sha256": "e6885dc4e9e772112b1f77221d0a987e39fc73b35bdbb2e301a488e9d7845fe1",
      "pinned_equal": true,
      "unchanged_from_baseline": true
    }
  ],
  "commands": [
    "PYTHONDONTWRITEBYTECODE=1 PYTHONPATH=scripts:.:docs/evidence/issue28_continuous/d03-logical-continuation-preflight-20261004 /private/tmp/issue28-tokenizers-venv/bin/python -m unittest test_logical_source.LogicalContinuationTest -v",
    "PYTHONDONTWRITEBYTECODE=1 PYTHONPATH=scripts:.:docs/evidence/issue28_continuous/d03-logical-continuation-preflight-20261004 /private/tmp/issue28-tokenizers-venv/bin/python docs/evidence/issue28_continuous/d03-logical-continuation-preflight-20261004/measure_preflight.py --check",
    "Finite synthetic controls via Python stdin, sockets/subprocesses forbidden; results in finite-controls.log",
    "Direct original-source/saved-packet identity and byte inspection via Python stdin; no tokenizer measurement; results in packet-identity-inspection.log"
  ]
}
