test_ambiguous_governance_source_is_not_silently_selected (tests.vnext.test_c02_table_development_input.C02TableDevelopmentInputTest.test_ambiguous_governance_source_is_not_silently_selected) ... ok
test_block_text_or_omitted_table_is_rejected (tests.vnext.test_c02_table_development_input.C02TableDevelopmentInputTest.test_block_text_or_omitted_table_is_rejected) ... ok
test_blocked_ordinary_source_is_not_substituted (tests.vnext.test_c02_table_development_input.C02TableDevelopmentInputTest.test_blocked_ordinary_source_is_not_substituted) ... ok
test_complete_rows_columns_spans_and_duplicate_block_ids (tests.vnext.test_c02_table_development_input.C02TableDevelopmentInputTest.test_complete_rows_columns_spans_and_duplicate_block_ids) ... ok
test_incomplete_document_is_rejected (tests.vnext.test_c02_table_development_input.C02TableDevelopmentInputTest.test_incomplete_document_is_rejected) ... ok
test_over_limit_is_retained_not_trimmed_or_accepted (tests.vnext.test_c02_table_development_input.C02TableDevelopmentInputTest.test_over_limit_is_retained_not_trimmed_or_accepted) ... ok
test_overlapping_spans_are_rejected (tests.vnext.test_c02_table_development_input.C02TableDevelopmentInputTest.test_overlapping_spans_are_rejected) ... ok
test_request_has_complete_view_and_actual_reporting_interval (tests.vnext.test_c02_table_development_input.C02TableDevelopmentInputTest.test_request_has_complete_view_and_actual_reporting_interval) ... ok
test_swapping_committee_columns_is_not_equivalent (tests.vnext.test_c02_table_development_input.C02TableDevelopmentInputTest.test_swapping_committee_columns_is_not_equivalent) ... ok
test_wrong_raw_parent_is_rejected (tests.vnext.test_c02_table_development_input.C02TableDevelopmentInputTest.test_wrong_raw_parent_is_rejected) ... ok
test_changed_original_bytes_are_not_only_checked_against_view (tests.vnext.test_c02_table_model_processing.C02TableModelProcessingTest.test_changed_original_bytes_are_not_only_checked_against_view) ... ok
test_configured_ledger_guard_is_not_a_fixed_fiscal_period (tests.vnext.test_c02_table_model_processing.C02TableModelProcessingTest.test_configured_ledger_guard_is_not_a_fixed_fiscal_period) ... ok
test_external_identity_and_saved_response_cannot_self_reseal (tests.vnext.test_c02_table_model_processing.C02TableModelProcessingTest.test_external_identity_and_saved_response_cannot_self_reseal) ... ok
test_external_wire_hash_and_real_origin_refused (tests.vnext.test_c02_table_model_processing.C02TableModelProcessingTest.test_external_wire_hash_and_real_origin_refused) ... ok
test_interruption_records_absent_and_exact_resume (tests.vnext.test_c02_table_model_processing.C02TableModelProcessingTest.test_interruption_records_absent_and_exact_resume) ... ok
test_nonempty_native_pending_keeps_real_wire_grid_and_uncertainty (tests.vnext.test_c02_table_model_processing.C02TableModelProcessingTest.test_nonempty_native_pending_keeps_real_wire_grid_and_uncertainty) ... ok
test_output_limit_and_dictionary_index_not_a_block (tests.vnext.test_c02_table_model_processing.C02TableModelProcessingTest.test_output_limit_and_dictionary_index_not_a_block) ... ok
test_plain_block_or_changed_table_wire_cannot_be_rebound (tests.vnext.test_c02_table_model_processing.C02TableModelProcessingTest.test_plain_block_or_changed_table_wire_cannot_be_rebound) ... ok
test_protected_and_relative_outputs_are_refused (tests.vnext.test_c02_table_model_processing.C02TableModelProcessingTest.test_protected_and_relative_outputs_are_refused) ... ok
test_resource_failure_preserves_no_native_credit (tests.vnext.test_c02_table_model_processing.C02TableModelProcessingTest.test_resource_failure_preserves_no_native_credit) ... ok
test_save_repeat_read_then_changed_display_is_refused (tests.vnext.test_c02_table_model_processing.C02TableModelProcessingTest.test_save_repeat_read_then_changed_display_is_refused) ... ok
test_saved_grid_change_and_source_output_overlap_are_refused (tests.vnext.test_c02_table_model_processing.C02TableModelProcessingTest.test_saved_grid_change_and_source_output_overlap_are_refused) ... ok
test_all_eleven_sources_round_trip_every_expanded_field (tests.vnext.test_compact_table_payload.CompactTablePayloadTest.test_all_eleven_sources_round_trip_every_expanded_field)
Recover every table and every cell from compact transport exactly. ... ok
test_mutated_compact_transport_fails_before_any_evidence_use (tests.vnext.test_compact_table_payload.CompactTablePayloadTest.test_mutated_compact_transport_fails_before_any_evidence_use)
Reject a compact payload whose canonical byte identity was changed. ... ok

----------------------------------------------------------------------
Ran 24 tests in 7.876s

OK
