marriott_international prior None
A05 N_A_STRUCTURAL None None
A06 N_A_STRUCTURAL None None
A07 N_A_STRUCTURAL None None
A08 N_A_STRUCTURAL None None
A10 N_A_STRUCTURAL None None
B02 APPLICABLE 0.04326693227091633466135458167 None
B04 APPLICABLE 2601000000 None
B05 APPLICABLE 2608000000 None
B07 APPLICABLE 5.118665018541409147095179234 None
B08 APPLICABLE 0.4267682781614670159561800429 None
B09 APPLICABLE 358000000 None
jpmorgan_chase prior {'error_type': 'NormalCompanyfactsError', 'reason': 'NORMAL_COMPANYFACTS_PRIOR_HISTORY_SNAPSHOT_CONFLICT'}
A05 APPLICABLE None {'category': 'SOURCE_OR_IMPLEMENTATION_UNRESOLVED', 'error_type': 'NormalCompanyfactsError', 'reason': 'NORMAL_COMPANYFACTS_PRIOR_HISTORY_SNAPSHOT_CONFLICT'}
A06 APPLICABLE None {'category': 'SOURCE_OR_IMPLEMENTATION_UNRESOLVED', 'error_type': 'NormalCompanyfactsError', 'reason': 'NORMAL_COMPANYFACTS_PRIOR_HISTORY_SNAPSHOT_CONFLICT'}
A07 APPLICABLE None {'category': 'SOURCE_OR_IMPLEMENTATION_UNRESOLVED', 'error_type': 'NormalCompanyfactsError', 'reason': 'NORMAL_COMPANYFACTS_PRIOR_HISTORY_SNAPSHOT_CONFLICT'}
A08 APPLICABLE 0.9115807340506899405928145595 None
A10 APPLICABLE 0.01828725144704575539159843992 None
B02 N_A_STRUCTURAL None None
B04 N_A_STRUCTURAL None None
B05 N_A_STRUCTURAL None None
B07 N_A_STRUCTURAL None None
B08 N_A_STRUCTURAL None None
B09 N_A_STRUCTURAL None None
macys prior {'error_type': 'NormalGovernanceInputError', 'reason': 'SAVED_SOURCE_MISSING:https://www.sec.gov/Archives/edgar/data/794367/000162828025014315/m-20250201.htm'}
A05 N_A_STRUCTURAL None None
A06 N_A_STRUCTURAL None None
A07 N_A_STRUCTURAL None None
A08 N_A_STRUCTURAL None None
A10 N_A_STRUCTURAL None None
B02 APPLICABLE None {'category': 'SOURCE_OR_IMPLEMENTATION_UNRESOLVED', 'error_type': 'NormalCompanyfactsError', 'reason': 'SAVED_SOURCE_MISSING:https://www.sec.gov/Archives/edgar/data/794367/000162828025014315/m-20250201.htm'}
B04 APPLICABLE 642000000 None
B05 APPLICABLE 1057000000 None
B07 APPLICABLE 7.410071942446043165467625899 None
B08 APPLICABLE 1.485199198753616737146672602 None
B09 APPLICABLE 1246000000 None
salesforce prior {'error_type': 'NormalGovernanceInputError', 'reason': 'SAVED_SOURCE_MISSING:https://www.sec.gov/Archives/edgar/data/1108524/000110852425000006/crm-20250131.htm'}
A05 N_A_STRUCTURAL None None
A06 N_A_STRUCTURAL None None
A07 N_A_STRUCTURAL None None
A08 N_A_STRUCTURAL None None
A10 N_A_STRUCTURAL None None
B02 APPLICABLE None {'category': 'SOURCE_OR_IMPLEMENTATION_UNRESOLVED', 'error_type': 'NormalCompanyfactsError', 'reason': 'SAVED_SOURCE_MISSING:https://www.sec.gov/Archives/edgar/data/1108524/000110852425000006/crm-20250131.htm'}
B04 APPLICABLE 7457000000 None
B05 APPLICABLE 14402000000 None
B07 APPLICABLE 25.71296296296296296296296296 None
B08 APPLICABLE 0.7603319144350449916482569104 None
B09 APPLICABLE 7327000000 None
