marriott_international B01 PUBLISHED 26186000000
marriott_international B03 PUBLISHED 0.1756281982738868097456656229
marriott_international C01 PUBLISHED 3
marriott_international E01 PUBLISHED 0
marriott_international E02 PUBLISHED 0
marriott_international E03 PUBLISHED 3
marriott_international E04 PUBLISHED 0
marriott_international E05 PUBLISHED 0
southwest_airlines B01 WITHHELD None
southwest_airlines B03 WITHHELD None
southwest_airlines C01 WITHHELD None
southwest_airlines E01 WITHHELD None
southwest_airlines E02 WITHHELD None
southwest_airlines E03 WITHHELD None
southwest_airlines E04 WITHHELD None
southwest_airlines E05 WITHHELD None
ford_motor_company B01 PUBLISHED 187267000000
ford_motor_company B03 PUBLISHED 0.0363384899635280108080975292
ford_motor_company C01 PUBLISHED 3
ford_motor_company E01 PUBLISHED 2
ford_motor_company E02 PUBLISHED 0
ford_motor_company E03 PUBLISHED 3
ford_motor_company E04 PUBLISHED 0
ford_motor_company E05 PUBLISHED 2
pfizer B01 PUBLISHED 62579000000
pfizer B03 PUBLISHED 0.3329551446971028619824541779
pfizer C01 PUBLISHED 0
pfizer E01 PUBLISHED 0
pfizer E02 PUBLISHED 0
pfizer E03 PUBLISHED 0
pfizer E04 PUBLISHED 0
pfizer E05 PUBLISHED 0
jpmorgan_chase B01 PUBLISHED None
jpmorgan_chase B03 PUBLISHED None
jpmorgan_chase C01 WITHHELD None
jpmorgan_chase E01 WITHHELD None
jpmorgan_chase E02 WITHHELD None
jpmorgan_chase E03 WITHHELD None
jpmorgan_chase E04 WITHHELD None
jpmorgan_chase E05 WITHHELD None
salesforce B01 PUBLISHED 41525000000
salesforce B03 PUBLISHED 0.2295243829018663455749548465
salesforce C01 WITHHELD None
salesforce E01 WITHHELD None
salesforce E02 WITHHELD None
salesforce E03 WITHHELD None
salesforce E04 WITHHELD None
salesforce E05 WITHHELD None
lumen_technologies B01 PUBLISHED 11331000000
lumen_technologies B03 PUBLISHED 0.1709469596681669755537904863
lumen_technologies C01 PUBLISHED 2
lumen_technologies E01 PUBLISHED 7
lumen_technologies E02 PUBLISHED 0
lumen_technologies E03 PUBLISHED 2
lumen_technologies E04 PUBLISHED 0
lumen_technologies E05 PUBLISHED 7
macys B01 PUBLISHED 21764000000
macys B03 PUBLISHED 0.08840286712001470317956258041
macys C01 PUBLISHED 2
macys E01 PUBLISHED 2
macys E02 PUBLISHED 0
macys E03 PUBLISHED 2
macys E04 PUBLISHED 0
macys E05 PUBLISHED 2
paramount_skydance_paramount_global B01 WITHHELD None
paramount_skydance_paramount_global B03 WITHHELD None
paramount_skydance_paramount_global C01 WITHHELD None
paramount_skydance_paramount_global E01 WITHHELD None
paramount_skydance_paramount_global E02 WITHHELD None
paramount_skydance_paramount_global E03 WITHHELD None
paramount_skydance_paramount_global E04 WITHHELD None
paramount_skydance_paramount_global E05 WITHHELD None
enphase_energy B01 PUBLISHED 1472985000
enphase_energy B03 PUBLISHED 0.1616927531509146393208349033
enphase_energy C01 PUBLISHED 1
enphase_energy E01 PUBLISHED 0
enphase_energy E02 PUBLISHED 0
enphase_energy E03 PUBLISHED 1
enphase_energy E04 PUBLISHED 0
enphase_energy E05 PUBLISHED 0
